--------- beginning of system
02-23 12:50:57.054  2028  3296 D ShortcutService: Getting shortcuts for launcher= androiduser=0 pkg=org.telegram.messenger
--------- beginning of main
02-23 12:50:57.054  2028  3528 D NotificationService--OplusNavigationManager: Notification--isSuppressedByDriveMode--userId:0,mode:false
02-23 12:50:57.055  2028  3528 D NotificationService--OplusNotificationTrackHelper: PostNotification : {channel_name=Internal notifications, notification_type=message, app_name=bccbfaa58e31db9bd7a80cd6abe84f0bec81a5ddf43f36c6a2000a192d3d9c85, push_id=null, importance=3, notification_id=-269163574, system_state=5|7, channel_id=Other3, pkg=62f1568dc19af452e8a655af7593a513cff0b34856cb5ff1c4c2603ca514df0f, post_time=2026-02-23 12:50:57, notification_source=local}
02-23 12:50:57.055  2028  3296 D ShortcutService: rescanPackageIfNeeded 0@org.telegram.messenger, forceRescan=false , isNewApp=false
02-23 12:50:57.058  2028  3296 D ShortcutService: rescanPackageIfNeeded 0@org.telegram.messenger, forceRescan=false , isNewApp=false
02-23 12:50:57.062  2028  4118 D ShortcutService: rescanPackageIfNeeded 0@org.telegram.messenger, forceRescan=false , isNewApp=false
02-23 12:50:57.062 22971 25488 I Finsky  : [838] Skipping a request to /bulkAcquire since cache has all the records.
02-23 12:50:57.068 25399 25462 W Notification: Bubbles work best with icons of TYPE_URI or TYPE_URI_ADAPTIVE_BITMAP. In the future, using an icon of this type will be required.
02-23 12:50:57.071  2028  3296 D NotificationService--NotificationRecord: isSupportRearLight , isRearLight = false mLedRM = false isMultilLed = false
02-23 12:50:57.071  2028  3296 D ShortcutService: Getting shortcuts for launcher= androiduser=0 pkg=org.telegram.messenger
02-23 12:50:57.072  2028  3528 D NotificationService--OplusNavigationManager: Notification--isSuppressedByDriveMode--userId:0,mode:false
02-23 12:50:57.072  2028  3528 D NotificationService--OplusNotificationTrackHelper: PostNotification : {channel_name=Internal notifications, notification_type=message, app_name=bccbfaa58e31db9bd7a80cd6abe84f0bec81a5ddf43f36c6a2000a192d3d9c85, push_id=null, importance=3, notification_id=-80986433, system_state=5|7, channel_id=Other3, pkg=62f1568dc19af452e8a655af7593a513cff0b34856cb5ff1c4c2603ca514df0f, post_time=2026-02-23 12:50:57, notification_source=local}
02-23 12:50:57.076  2028  5007 D ShortcutService: rescanPackageIfNeeded 0@org.telegram.messenger, forceRescan=false , isNewApp=false
02-23 12:50:57.077 25491 25514 I cr_LibraryLoader: Loading monochrome_64 from within /data/app/~~4ZLG4_6Id-rfLtkwyUHGJg==/com.android.chrome-6bywOn2uas0ezDmH5SqzGQ==/base.apk
02-23 12:50:57.084  2028  4118 D ShortcutService: rescanPackageIfNeeded 0@org.telegram.messenger, forceRescan=false , isNewApp=false
02-23 12:50:57.095  2028  4118 D ShortcutService: rescanPackageIfNeeded 0@org.telegram.messenger, forceRescan=false , isNewApp=false
02-23 12:50:57.098 25399 25462 W Notification: Bubbles work best with icons of TYPE_URI or TYPE_URI_ADAPTIVE_BITMAP. In the future, using an icon of this type will be required.
02-23 12:50:57.101  2028  4118 D NotificationService--NotificationRecord: isSupportRearLight , isRearLight = false mLedRM = false isMultilLed = false
02-23 12:50:57.102  2028  4118 D ShortcutService: Getting shortcuts for launcher= androiduser=0 pkg=org.telegram.messenger
02-23 12:50:57.102 25491 25514 D nativeloader: Load /data/app/~~4ZLG4_6Id-rfLtkwyUHGJg==/com.android.chrome-6bywOn2uas0ezDmH5SqzGQ==/base.apk!/lib/arm64-v8a/libchromium_android_linker.so using class loader ns clns-8 (caller=/data/app/~~4ZLG4_6Id-rfLtkwyUHGJg==/com.android.chrome-6bywOn2uas0ezDmH5SqzGQ==/base.apk): ok
02-23 12:50:57.102 25491 25514 I cr_Linker: loadLibraryImplLocked: monochrome_64, relroMode=1
02-23 12:50:57.102  2028  3528 D NotificationService--OplusNavigationManager: Notification--isSuppressedByDriveMode--userId:0,mode:false
02-23 12:50:57.102  2028  3528 D NotificationService--OplusNotificationTrackHelper: PostNotification : {channel_name=Internal notifications, notification_type=message, app_name=bccbfaa58e31db9bd7a80cd6abe84f0bec81a5ddf43f36c6a2000a192d3d9c85, push_id=null, importance=3, notification_id=-220007017, system_state=5|7, channel_id=Other3, pkg=62f1568dc19af452e8a655af7593a513cff0b34856cb5ff1c4c2603ca514df0f, post_time=2026-02-23 12:50:57, notification_source=local}
02-23 12:50:57.103  2028  4118 D ShortcutService: rescanPackageIfNeeded 0@org.telegram.messenger, forceRescan=false , isNewApp=false
02-23 12:50:57.107  2028  4118 D ShortcutService: rescanPackageIfNeeded 0@org.telegram.messenger, forceRescan=false , isNewApp=false
02-23 12:50:57.112  2028  4118 D ShortcutService: rescanPackageIfNeeded 0@org.telegram.messenger, forceRescan=false , isNewApp=false
02-23 12:50:57.113  2028  4118 I ActivityManager: Flag disabled. Ignoring finishAttachApplication from uid: 10131. pid: 25491
02-23 12:50:57.115 25399 25462 W Notification: Bubbles work best with icons of TYPE_URI or TYPE_URI_ADAPTIVE_BITMAP. In the future, using an icon of this type will be required.
02-23 12:50:57.117  2028  4118 D NotificationService--NotificationRecord: isSupportRearLight , isRearLight = false mLedRM = false isMultilLed = false
02-23 12:50:57.118  2028  4118 D ShortcutService: Getting shortcuts for launcher= androiduser=0 pkg=org.telegram.messenger
02-23 12:50:57.118  2028  3528 D NotificationService--OplusNavigationManager: Notification--isSuppressedByDriveMode--userId:0,mode:false
02-23 12:50:57.118  2028  3528 D NotificationService--OplusNotificationTrackHelper: PostNotification : {channel_name=Internal notifications, notification_type=message, app_name=bccbfaa58e31db9bd7a80cd6abe84f0bec81a5ddf43f36c6a2000a192d3d9c85, push_id=null, importance=3, notification_id=-450988007, system_state=5|7, channel_id=Other3, pkg=62f1568dc19af452e8a655af7593a513cff0b34856cb5ff1c4c2603ca514df0f, post_time=2026-02-23 12:50:57, notification_source=local}
02-23 12:50:57.120  2028  3296 D ShortcutService: rescanPackageIfNeeded 0@org.telegram.messenger, forceRescan=false , isNewApp=false
02-23 12:50:57.126  2028  3296 D ShortcutService: rescanPackageIfNeeded 0@org.telegram.messenger, forceRescan=false , isNewApp=false
02-23 12:50:57.135  2028  4118 D ShortcutService: rescanPackageIfNeeded 0@org.telegram.messenger, forceRescan=false , isNewApp=false
02-23 12:50:57.139 25399 25462 W Notification: Bubbles work best with icons of TYPE_URI or TYPE_URI_ADAPTIVE_BITMAP. In the future, using an icon of this type will be required.
02-23 12:50:57.143  2028  4118 D NotificationService--NotificationRecord: isSupportRearLight , isRearLight = false mLedRM = false isMultilLed = false
02-23 12:50:57.143  2028  4118 D ShortcutService: Getting shortcuts for launcher= androiduser=0 pkg=org.telegram.messenger
02-23 12:50:57.144  2028  4118 D ShortcutService: rescanPackageIfNeeded 0@org.telegram.messenger, forceRescan=false , isNewApp=false
02-23 12:50:57.145  2028  3528 D NotificationService--OplusNavigationManager: Notification--isSuppressedByDriveMode--userId:0,mode:false
02-23 12:50:57.145  2028  3528 D NotificationService--OplusNotificationTrackHelper: PostNotification : {channel_name=Internal notifications, notification_type=message, app_name=bccbfaa58e31db9bd7a80cd6abe84f0bec81a5ddf43f36c6a2000a192d3d9c85, push_id=null, importance=3, notification_id=-524330905, system_state=5|7, channel_id=Other3, pkg=62f1568dc19af452e8a655af7593a513cff0b34856cb5ff1c4c2603ca514df0f, post_time=2026-02-23 12:50:57, notification_source=local}
02-23 12:50:57.150  2028  4118 D NotificationService--NotificationRecord: isSupportRearLight , isRearLight = false mLedRM = false isMultilLed = false
02-23 12:50:57.153  2028  3528 D NotificationService--OplusNavigationManager: Notification--isSuppressedByDriveMode--userId:0,mode:false
02-23 12:50:57.153  2028  3528 D NotificationService--OplusNotificationTrackHelper: PostNotification : {channel_name=Internal notifications, notification_type=message, app_name=bccbfaa58e31db9bd7a80cd6abe84f0bec81a5ddf43f36c6a2000a192d3d9c85, push_id=null, importance=3, notification_id=2082616412, system_state=5|7, channel_id=Other3, pkg=62f1568dc19af452e8a655af7593a513cff0b34856cb5ff1c4c2603ca514df0f, post_time=2026-02-23 12:50:57, notification_source=local}
02-23 12:50:57.165 25399 25402 I egram.messenger: Compiler allocated 9284KB to compile void org.telegram.messenger.NotificationsController.showExtraNotifications(androidx.core.app.NotificationCompat$Builder, java.lang.String, long, long, java.lang.String, long[], int, android.net.Uri, int, boolean, boolean, boolean, int)
02-23 12:50:57.234  1545  1698 D BatteryChargeControl: bcc get no support from charging protocol
02-23 12:50:57.246  2028  3575 D ShortcutService: Saving package item org.telegram.messenger to /data/system_ce/0/shortcut_service/packages/org.telegram.messenger.xml
02-23 12:50:57.247  2028  2679 D ShortcutService: Getting shortcuts for launcher= com.android.systemuiuser=0 pkg=org.telegram.messenger
02-23 12:50:57.248 25491 25514 D nativeloader: Load /data/app/~~uRbmIf9jHbXk-NYZ8Gy-PA==/com.google.android.trichromelibrary_763207633-mdX03ULxkV0ipfHwT1m8Zg==/base.apk!/lib/arm64-v8a/libmonochrome_64.so using class loader ns clns-8 (caller=/data/app/~~4ZLG4_6Id-rfLtkwyUHGJg==/com.android.chrome-6bywOn2uas0ezDmH5SqzGQ==/base.apk): ok
02-23 12:50:57.252  2028  2679 D ShortcutService: Getting shortcuts for launcher= com.android.launcheruser=0 pkg=org.telegram.messenger
02-23 12:50:57.253  2028  2679 D ShortcutService: Getting shortcuts for launcher= com.google.android.asuser=0 pkg=org.telegram.messenger
02-23 12:50:57.310  2028  3296 D NotificationService--NotificationRecord: isSupportRearLight , isRearLight = false mLedRM = false isMultilLed = false
02-23 12:50:57.311  2028  3528 D NotificationService--OplusNavigationManager: Notification--isSuppressedByDriveMode--userId:0,mode:false
02-23 12:50:57.311  2028  3528 D NotificationService--OplusNotificationTrackHelper: PostNotification : {channel_name=Default, notification_type=inbox, app_name=bccbfaa58e31db9bd7a80cd6abe84f0bec81a5ddf43f36c6a2000a192d3d9c85, push_id=null, importance=4, notification_id=1, system_state=7, channel_id=0channel_channels_b9fad_-9218964799400765215, pkg=62f1568dc19af452e8a655af7593a513cff0b34856cb5ff1c4c2603ca514df0f, post_time=2026-02-23 12:50:57, notification_source=local}
02-23 12:50:57.313 25491 25514 I cr_LibraryLoader: Successfully loaded native library
02-23 12:50:57.315  2028  3296 D NotificationService--NotificationRecord: isSupportRearLight , isRearLight = false mLedRM = false isMultilLed = false
02-23 12:50:57.316  2028  3528 D NotificationService--OplusNavigationManager: Notification--isSuppressedByDriveMode--userId:0,mode:false
02-23 12:50:57.317  2028  3528 D NotificationService--OplusNotificationTrackHelper: PostNotification : {channel_name=Internal notifications, notification_type=message, app_name=bccbfaa58e31db9bd7a80cd6abe84f0bec81a5ddf43f36c6a2000a192d3d9c85, push_id=null, importance=3, notification_id=1146855084, system_state=5|7, channel_id=Other3, pkg=62f1568dc19af452e8a655af7593a513cff0b34856cb5ff1c4c2603ca514df0f, post_time=2026-02-23 12:50:57, notification_source=local}
02-23 12:50:57.321  2028  3296 D NotificationService--NotificationRecord: isSupportRearLight , isRearLight = false mLedRM = false isMultilLed = false
02-23 12:50:57.323  2028  3528 D NotificationService--OplusNavigationManager: Notification--isSuppressedByDriveMode--userId:0,mode:false
02-23 12:50:57.323  2028  3528 D NotificationService--OplusNotificationTrackHelper: PostNotification : {channel_name=Internal notifications, notification_type=message, app_name=bccbfaa58e31db9bd7a80cd6abe84f0bec81a5ddf43f36c6a2000a192d3d9c85, push_id=null, importance=3, notification_id=874728302, system_state=5|7, channel_id=Other3, pkg=62f1568dc19af452e8a655af7593a513cff0b34856cb5ff1c4c2603ca514df0f, post_time=2026-02-23 12:50:57, notification_source=local}
02-23 12:50:57.328  2028  3296 D NotificationService--NotificationRecord: isSupportRearLight , isRearLight = false mLedRM = false isMultilLed = false
02-23 12:50:57.330  2028  3528 D NotificationService--OplusNavigationManager: Notification--isSuppressedByDriveMode--userId:0,mode:false
02-23 12:50:57.330  2028  3528 D NotificationService--OplusNotificationTrackHelper: PostNotification : {channel_name=Internal notifications, notification_type=message, app_name=bccbfaa58e31db9bd7a80cd6abe84f0bec81a5ddf43f36c6a2000a192d3d9c85, push_id=null, importance=3, notification_id=1389737804, system_state=5|7, channel_id=Other3, pkg=62f1568dc19af452e8a655af7593a513cff0b34856cb5ff1c4c2603ca514df0f, post_time=2026-02-23 12:50:57, notification_source=local}
02-23 12:50:57.332  2028  3296 D NotificationService--NotificationRecord: isSupportRearLight , isRearLight = false mLedRM = false isMultilLed = false
02-23 12:50:57.334  2028  3528 D NotificationService--OplusNavigationManager: Notification--isSuppressedByDriveMode--userId:0,mode:false
02-23 12:50:57.334  2028  3528 D NotificationService--OplusNotificationTrackHelper: PostNotification : {channel_name=Internal notifications, notification_type=message, app_name=bccbfaa58e31db9bd7a80cd6abe84f0bec81a5ddf43f36c6a2000a192d3d9c85, push_id=null, importance=3, notification_id=-1242584290, system_state=5|7, channel_id=Other3, pkg=62f1568dc19af452e8a655af7593a513cff0b34856cb5ff1c4c2603ca514df0f, post_time=2026-02-23 12:50:57, notification_source=local}
02-23 12:50:57.338  2028  3296 D NotificationService--NotificationRecord: isSupportRearLight , isRearLight = false mLedRM = false isMultilLed = false
02-23 12:50:57.342  2028  3528 D NotificationService--OplusNavigationManager: Notification--isSuppressedByDriveMode--userId:0,mode:false
02-23 12:50:57.342  2028  3528 D NotificationService--OplusNotificationTrackHelper: PostNotification : {channel_name=Internal notifications, notification_type=message, app_name=bccbfaa58e31db9bd7a80cd6abe84f0bec81a5ddf43f36c6a2000a192d3d9c85, push_id=null, importance=3, notification_id=1965537496, system_state=5|7, channel_id=Other3, pkg=62f1568dc19af452e8a655af7593a513cff0b34856cb5ff1c4c2603ca514df0f, post_time=2026-02-23 12:50:57, notification_source=local}
02-23 12:50:57.344 25491 25514 I cr_CachingUmaRecorder: Flushed 12 samples from 11 histograms, 0 samples were dropped.
02-23 12:50:57.346  2028  3296 D NotificationService--NotificationRecord: isSupportRearLight , isRearLight = false mLedRM = false isMultilLed = false
02-23 12:50:57.351  2028  3528 D NotificationService--OplusNavigationManager: Notification--isSuppressedByDriveMode--userId:0,mode:false
02-23 12:50:57.352  2028  3528 D NotificationService--OplusNotificationTrackHelper: PostNotification : {channel_name=Internal notifications, notification_type=message, app_name=bccbfaa58e31db9bd7a80cd6abe84f0bec81a5ddf43f36c6a2000a192d3d9c85, push_id=null, importance=3, notification_id=858676921, system_state=5|7, channel_id=Other3, pkg=62f1568dc19af452e8a655af7593a513cff0b34856cb5ff1c4c2603ca514df0f, post_time=2026-02-23 12:50:57, notification_source=local}
02-23 12:50:57.356  2028  5007 D NotificationService--NotificationRecord: isSupportRearLight , isRearLight = false mLedRM = false isMultilLed = false
02-23 12:50:57.358  2028  3528 D NotificationService--OplusNavigationManager: Notification--isSuppressedByDriveMode--userId:0,mode:false
02-23 12:50:57.358  2028  3528 D NotificationService--OplusNotificationTrackHelper: PostNotification : {channel_name=Internal notifications, notification_type=message, app_name=bccbfaa58e31db9bd7a80cd6abe84f0bec81a5ddf43f36c6a2000a192d3d9c85, push_id=null, importance=3, notification_id=709295745, system_state=5|7, channel_id=Other3, pkg=62f1568dc19af452e8a655af7593a513cff0b34856cb5ff1c4c2603ca514df0f, post_time=2026-02-23 12:50:57, notification_source=local}
02-23 12:50:57.412  2028  3873 I Osense-BaseDecisionMaker: notifySceneToAthenaPolicy: SCENE_RES_IO_PSI, bundle: Bundle[{ioLevel=3}]
02-23 12:50:57.412  2028  3873 I Osense-BaseDecisionMaker: OSense not supported scene! SCENE_RES_IO_PSI
02-23 12:50:58.044  1579  7952 D AudioPolicyService: updateUidStates_l() current->uid=10485 current->pid=22025 allowCapture=1 UidState=4 apmStat=1
02-23 12:50:58.046  1579  7952 D AudioPolicyService: updateUidStates_l() current->uid=10485 current->pid=22025 allowCapture=1 UidState=4 apmStat=1
02-23 12:50:58.046  1579  7952 D AudioPolicyService: updateUidStates_l() current->uid=10485 current->pid=22025 allowCapture=1 UidState=4 apmStat=1
02-23 12:50:58.048  1318 17649 E TetherController: property_get sys.radio.data.modem_share_flag return 0, 1!
02-23 12:50:58.121 21366 21366 D BoundBrokerSvc: onUnbind: Intent { act=com.google.android.gms.onboardingconsent.api.ConsentManagerApiService.START dat=chimera-action:/... cmp=com.google.android.gms/.chimera.GmsApiService mCallingUid=10108 }
02-23 12:50:58.238  1545  1698 D BatteryChargeControl: bcc get no support from charging protocol
02-23 12:50:58.386 25399 25402 I egram.messenger: JIT allocated 68KB for compiled code of void org.telegram.messenger.MessageObject.updateMessageText(java.util.AbstractMap, java.util.AbstractMap, androidx.collection.LongSparseArray, androidx.collection.LongSparseArray)
02-23 12:50:58.386 25399 25402 I egram.messenger: Compiler allocated 6657KB to compile void org.telegram.messenger.MessageObject.updateMessageText(java.util.AbstractMap, java.util.AbstractMap, androidx.collection.LongSparseArray, androidx.collection.LongSparseArray)
02-23 12:50:58.442  3013 28397 D CustomLogManagerService: WorkHandler msg.what :5
02-23 12:50:58.447  3013 28397 D CustomLogManagerService: curTemp:338 limit:390
02-23 12:50:58.448  3013 28397 D CustomLogManagerService: checkUploadStatus: isSceenOn=false activeNetType=1 isCharging=true isUploading:false temperatureLimit:false
02-23 12:50:58.448  3013 28397 D CustomLogManagerService: sys.log.customer=false
02-23 12:50:58.448  3013 28397 D CustomLogManagerService: isHaveCustomLogCollecting :false
02-23 12:50:58.448  3013 28397 D CustomLogManagerService: startUpload
02-23 12:50:58.448  3013 28397 D CustomLogManagerService: not support now
02-23 12:50:58.448  2028  3873 I Osense-BaseDecisionMaker: notifySceneToAthenaPolicy: SCENE_RES_IO_PSI, bundle: Bundle[{ioLevel=3}]
02-23 12:50:58.448  2028  3873 I Osense-BaseDecisionMaker: OSense not supported scene! SCENE_RES_IO_PSI
02-23 12:50:58.548  7113 19466 D ModernMediaScanner: Skipping preVisitDirectory /storage/emulated/0/Android/media/com.whatsapp/WhatsApp/Media/WhatsApp Documents/Sent
02-23 12:50:58.551  7113 19466 D ModernMediaScanner: Skipping preVisitDirectory /storage/emulated/0/Android/media/com.whatsapp/WhatsApp/Media/WhatsApp Documents/Private
02-23 12:50:58.588  2028  3296 D CompatChangeReporter: Compat change id reported: 297989574; UID 10279; state: ENABLED
02-23 12:50:58.646 25399 25517 V ActivityThread: Recovering failed rename /storage/emulated/0/Android/data/org.telegram.messenger/cache/-5842722224010365699_120.temp to /storage/emulated/0/Android/data/org.telegram.messenger/files/Telegram/Telegram Images/-5842722224010365699_120.jpg
02-23 12:50:58.747  1495 11693 I WifiHAL : event received NL80211_CMD_VENDOR, vendor_id = 0x1374, subcmd = 0xd
02-23 12:50:58.761  7113 19466 D ModernMediaScanner: Skipping preVisitDirectory /storage/emulated/0/Android/media/com.whatsapp/WhatsApp/Media/WallPaper
02-23 12:50:58.769  7113 19466 D ModernMediaScanner: Skipping preVisitDirectory /storage/emulated/0/Android/media/com.whatsapp/WhatsApp/Media/.Links
02-23 12:50:58.771  7113 19466 D ModernMediaScanner: Skipping preVisitDirectory /storage/emulated/0/Android/media/com.whatsapp/WhatsApp/Media/.Statuses
02-23 12:50:58.774  7113 19466 D ModernMediaScanner: Skipping preVisitDirectory /storage/emulated/0/Android/media/com.whatsapp/WhatsApp/Media/WhatsApp Audio/Sent
02-23 12:50:58.776  7113 19466 D ModernMediaScanner: Skipping preVisitDirectory /storage/emulated/0/Android/media/com.whatsapp/WhatsApp/Media/WhatsApp Audio/Private
02-23 12:50:58.780  7113 19466 D ModernMediaScanner: Skipping preVisitDirectory /storage/emulated/0/Android/media/com.whatsapp/WhatsApp/Media/WhatsApp Animated Gifs/Sent
02-23 12:50:58.782  2028  4570 I OplusHansManager : notify state machine event=SM_EVENT_LCD_OFF_UNIFIED_FREEZE to uids=[10485, 10279]
02-23 12:50:58.782  7113 19466 D ModernMediaScanner: Skipping preVisitDirectory /storage/emulated/0/Android/media/com.whatsapp/WhatsApp/Media/WhatsApp Animated Gifs/Private
02-23 12:50:58.782  2028  4296 I OplusHansManager : uid=10485, pkg=com.jarvis, top app, cannot transition from D to F, importance=audioFocus
02-23 12:50:58.783  2028  4296 I OplusHansManager : uid=10279, pkg=org.telegram.messenger M enter(), R stay=5
02-23 12:50:58.783  2028  4296 I OplusHansManager : uid=10279, pkg=org.telegram.messenger F enter(), M stay=0
02-23 12:50:58.784  7113 19466 D ModernMediaScanner: Skipping preVisitDirectory /storage/emulated/0/Android/media/com.whatsapp/WhatsApp/Media/WhatsApp Stickers
02-23 12:50:58.787  2028  4296 I OplusHansManager : freeze uid: 10279 org.telegram.messenger pids: [25399] scene: LcdOff
02-23 12:50:58.787  7113 19466 D ModernMediaScanner: Skipping preVisitDirectory /storage/emulated/0/Android/media/com.whatsapp/WhatsApp/Media/.Wamo
02-23 12:50:58.787  2028  4570 D OplusProxyWakeLock: add uid: 10279 wakelock: lock:127774240 PARTIAL_WAKE_LOCK                 'teleg' (uid=10279 pid=25399)to FroceReleaseWakeLock list
02-23 12:50:58.788  2028  4307 I OplusHansManager : p_BC uid=10279 pkg=org.telegram.messenger
02-23 12:50:58.788  2028  4307 I OplusBinderProxy: proxyBinder uid: 10279 pkg: org.telegram.messenger proxy: true calling: OFreezer
02-23 12:50:58.788  9836  9836 D IHansComunication: HANS sendMessageToKernel: threadId = 490288954480, netLinkSetup = 1, type = PKG, targetUid = 10279, pkgCmd = ADD_ONE_UID
02-23 12:50:58.789  7113 19466 D ModernMediaScanner: Skipping preVisitDirectory /storage/emulated/0/Android/media/com.whatsapp/WhatsApp/Media/WhatsApp Sticker Packs
02-23 12:50:58.791  7113 19466 D ModernMediaScanner: Skipping preVisitDirectory /storage/emulated/0/Android/media/com.whatsapp/WhatsApp/Media/WhatsApp Backup Excluded Stickers
02-23 12:50:58.793  7113 19466 D ModernMediaScanner: Skipping preVisitDirectory /storage/emulated/0/Android/media/com.whatsapp/WhatsApp/Media/.udDHFY8K4Eqg
02-23 12:50:58.795  7113 19466 D ModernMediaScanner: Skipping preVisitDirectory /storage/emulated/0/Android/media/com.whatsapp/WhatsApp/Media/ AI Media
02-23 12:50:58.796  7113 19466 D ModernMediaScanner: Skipping preVisitDirectory /storage/emulated/0/Android/media/com.whatsapp/WhatsApp/Media/WhatsApp AI Media
02-23 12:50:58.798  7113 19466 D ModernMediaScanner: Skipping preVisitDirectory /storage/emulated/0/Android/media/com.whatsapp/WhatsApp/Media/WhatsApp Bug Report Attachments
02-23 12:50:58.800  7113 19466 D ModernMediaScanner: Skipping preVisitDirectory /storage/emulated/0/Android/media/com.whatsapp/WhatsApp/Media/.wamocache
02-23 12:50:58.877  2028  4304 I OplusHansManager : unfreeze uid: 10279 org.telegram.messenger pids: [25399] reason: Packet scene: LcdOff
02-23 12:50:58.878  2028  4296 I OplusHansManager : uid=10279, pkg=org.telegram.messenger F exit(), F stay=0, reason=Packet
02-23 12:50:58.878  2028  4307 I OplusHansManager : up_BC uid=10279 pkg=org.telegram.messenger
02-23 12:50:58.878  2028  4307 I OplusBinderProxy: proxyBinder uid: 10279 pkg: org.telegram.messenger proxy: false calling: OFreezer
02-23 12:50:58.879  2028  4570 D OplusProxyWakeLock: restore uid :10279  pid : 0 wakelock: lock:127774240 PARTIAL_WAKE_LOCK                 'teleg' (uid=10279 pid=25399)
02-23 12:50:58.900 25399 25518 D ProfileInstaller: Installing profile for org.telegram.messenger
02-23 12:50:59.033 25399 25402 I egram.messenger: JIT allocated 58KB for compiled code of void org.telegram.messenger.MessagesStorage.putMessagesInternal(java.util.ArrayList, boolean, boolean, int, boolean, int, long)
02-23 12:50:59.034 25399 25402 I egram.messenger: Compiler allocated 22MB to compile void org.telegram.messenger.MessagesStorage.putMessagesInternal(java.util.ArrayList, boolean, boolean, int, boolean, int, long)
02-23 12:50:59.207 25399 25517 V ActivityThread: Recovering failed rename /storage/emulated/0/Android/data/org.telegram.messenger/cache/-6116197051038109144_121.temp to /storage/emulated/0/Android/data/org.telegram.messenger/files/Telegram/Telegram Images/-6116197051038109144_121.jpg
02-23 12:50:59.220  7191 26114 D gaia-GaiaConnectChecker: start connect check++
02-23 12:50:59.221  7191 25702 D gaia-GaiaConnectChecker: start connect check++
02-23 12:50:59.239  1545  1698 D BatteryChargeControl: bcc get no support from charging protocol
02-23 12:50:59.378  5201  5277 E horae   : Entering notifyAmbientTemp, binder clients size 6
02-23 12:50:59.379  7051  1246 D ShellSubscriberWorkerThread: the first 8 bytes empty, and RestData length > 8 
02-23 12:50:59.381  7318  8137 W Battery : ThermalControllHandler: MSG_THERMAL_CONTROL_AMBIENT_TEMP_CHANGE, ambientTemp:25 state:2
02-23 12:50:59.488  2028  3873 I Osense-BaseDecisionMaker: notifySceneToAthenaPolicy: SCENE_RES_IO_PSI, bundle: Bundle[{ioLevel=3}]
02-23 12:50:59.488  2028  3873 I Osense-BaseDecisionMaker: OSense not supported scene! SCENE_RES_IO_PSI
02-23 12:50:59.489  3774  3965 D PowerMonitorNotifier: handleMessage: 20/0
02-23 12:50:59.504  3013  3050 D PowerStatsService: handleMessage:0(h_scrf) 8
02-23 12:50:59.505  3013  3050 D PowerStatsService: handleMessage systemStatus:{ srft:672099367,srnt:671172214,isrn:false,cbl:81,pbl:92 }
02-23 12:50:59.505  3013  3050 D PowerStatsService: collect power data for screen off
02-23 12:50:59.522  3013 19514 D FeedBackBatteryStatsService: checkNormalPowerScene
02-23 12:50:59.530  3013 19514 D FeedBackBatteryStatsService: isOtgDeviceConnected: otgOnline=0  plugType=2
02-23 12:50:59.534  3013  3050 D PowerStatsService: scheduleGetPowerDataSnapshot delay:0 status:8/srf
02-23 12:50:59.537  3013  3050 D MpssActivityMonitor: onScreenOff
02-23 12:50:59.540  3013  3050 D SamplePeriodController: empty config
02-23 12:50:59.540  3013  3050 D SamplePeriodController: timer started
02-23 12:50:59.540  3013  3050 D PowerStatsService: handleMessage:2(g_pds) 8
02-23 12:50:59.540  3013  3050 D PowerStatsService: handleMessage systemStatus:{ srft:672099367,srnt:671172214,isrn:false,cbl:81,pbl:92 }
02-23 12:50:59.541  3013  3050 D PolicyManager: isAllowToWorkSinceBoot:true
02-23 12:50:59.543  3013  3050 D WakeLockHelper: enable wakelock PowerMonior:3, timeout=1000
02-23 12:50:59.544  3013  3050 D UserUtils: appUid:1000 main_user:1000
02-23 12:50:59.544  3013  3050 D PowerStatsService: multi_u:false
02-23 12:50:59.544  3013  3050 D PowerStatsService: needGetDat:true
02-23 12:50:59.544  3013  3050 D PowerStatsService: getPowerDataSnapshotLocked 8 srf
02-23 12:50:59.544  3013  3050 D HealthStatsDataCenter: update diff:false
02-23 12:50:59.544  3013  3050 D HealthStatsDataCenter: updateDataInternal
02-23 12:50:59.586  1545  1646 D vendor.oplus.hardware.charger-V6-service: parallel fold conf file parse fail parallel_fold_state 2
02-23 12:50:59.586  1545  1646 D vendor.oplus.hardware.charger-V6-service: scale_chg Start!!!
02-23 12:50:59.587  1545  1646 D vendor.oplus.hardware.charger-V6-service: [0, 0, 3]
02-23 12:50:59.587  2028  3296 D NotificationService--NotificationRecord: isSupportRearLight , isRearLight = false mLedRM = false isMultilLed = false
02-23 12:50:59.589  2028  3528 D NotificationService--OplusNavigationManager: Notification--isSuppressedByDriveMode--userId:0,mode:false
02-23 12:50:59.589  2028  3528 D NotificationService--OplusNotificationTrackHelper: PostNotification : {channel_name=Default, notification_type=inbox, app_name=bccbfaa58e31db9bd7a80cd6abe84f0bec81a5ddf43f36c6a2000a192d3d9c85, push_id=null, importance=4, notification_id=1, system_state=7, channel_id=0channel_channels_b9fad_-9218964799400765215, pkg=62f1568dc19af452e8a655af7593a513cff0b34856cb5ff1c4c2603ca514df0f, post_time=2026-02-23 12:50:59, notification_source=local}
02-23 12:50:59.589  1545  1646 D vendor.oplus.hardware.charger-V6-service: [0, 2, 8]
02-23 12:50:59.590  1545  1646 D vendor.oplus.hardware.charger-V6-service: [0, 1, 4]
02-23 12:50:59.591  1545  1646 D vendor.oplus.hardware.charger-V6-service: [0, 3, 3]
02-23 12:50:59.592  1545  1646 D vendor.oplus.hardware.charger-V6-service: [0, 4, 3]
02-23 12:50:59.593  1545  1646 D vendor.oplus.hardware.charger-V6-service: [0, 5, 4]
02-23 12:50:59.594  1545  1646 D vendor.oplus.hardware.charger-V6-service: [0, 6, 0]
02-23 12:50:59.594  1545  1646 D vendor.oplus.hardware.charger-V6-service: scale_chg Start!!!
02-23 12:50:59.595  1545  1646 D vendor.oplus.hardware.charger-V6-service: [0, 0, 3]
02-23 12:50:59.596  1545  1646 D vendor.oplus.hardware.charger-V6-service: [0, 2, 8]
02-23 12:50:59.596  2028  5007 D NotificationService--NotificationRecord: isSupportRearLight , isRearLight = false mLedRM = false isMultilLed = false
02-23 12:50:59.596  3013  3050 D HealthStatsDataCenter: updateActiveAppIds: len=449
02-23 12:50:59.597  1545  1646 D vendor.oplus.hardware.charger-V6-service: [0, 1, 4]
02-23 12:50:59.598  1545  1646 D vendor.oplus.hardware.charger-V6-service: [0, 3, 3]
02-23 12:50:59.599  1545  1646 D vendor.oplus.hardware.charger-V6-service: [0, 4, 3]
02-23 12:50:59.599  2028  3528 D NotificationService--OplusNavigationManager: Notification--isSuppressedByDriveMode--userId:0,mode:false
02-23 12:50:59.600  2028  3528 D NotificationService--OplusNotificationTrackHelper: PostNotification : {channel_name=Internal notifications, notification_type=message, app_name=bccbfaa58e31db9bd7a80cd6abe84f0bec81a5ddf43f36c6a2000a192d3d9c85, push_id=null, importance=3, notification_id=1146855084, system_state=5|7, channel_id=Other3, pkg=62f1568dc19af452e8a655af7593a513cff0b34856cb5ff1c4c2603ca514df0f, post_time=2026-02-23 12:50:59, notification_source=local}
02-23 12:50:59.600  1545  1646 D vendor.oplus.hardware.charger-V6-service: [0, 5, 4]
02-23 12:50:59.601  1545  1646 D vendor.oplus.hardware.charger-V6-service: [0, 6, 0]
02-23 12:50:59.602  2028  5007 D ShortcutService: rescanPackageIfNeeded 0@org.telegram.messenger, forceRescan=false , isNewApp=false
02-23 12:50:59.608  2028  5007 D ShortcutService: rescanPackageIfNeeded 0@org.telegram.messenger, forceRescan=false , isNewApp=false
02-23 12:50:59.614 25399 25462 W Notification: Bubbles work best with icons of TYPE_URI or TYPE_URI_ADAPTIVE_BITMAP. In the future, using an icon of this type will be required.
02-23 12:50:59.617  1545  1663 D vendor.oplus.hardware.charger-V6-service: ret_value:126, read content:,346,341,4212,4212,21,500,2200,79,82,1,4,-1,4983,82,0,0,1,1,0,0,4425,0,0,0,3,0,0,0,338,0,1,1,0,0,61,61,61,0,0,0,0,0,0,0,0,0,0
02-23 12:50:59.618  1545  1663 D vendor.oplus.hardware.charger-V6-service: gmtime: 2026-02-23-12-50-59
02-23 12:50:59.619  1545  1663 D vendor.oplus.hardware.charger-V6-service: usb_online:1, ac_online:0, wireless_online:-2147483648
02-23 12:50:59.621 25399 25517 V ActivityThread: Recovering failed rename /storage/emulated/0/Android/data/org.telegram.messenger/cache/-6273962190641499355_120.temp to /storage/emulated/0/Android/data/org.telegram.messenger/files/Telegram/Telegram Images/-6273962190641499355_120.jpg
02-23 12:50:59.632  2028  5007 D NotificationService--NotificationRecord: isSupportRearLight , isRearLight = false mLedRM = false isMultilLed = false
02-23 12:50:59.632  2028  5007 D ShortcutService: Getting shortcuts for launcher= androiduser=0 pkg=org.telegram.messenger
02-23 12:50:59.633  2028  3528 D NotificationService--OplusNavigationManager: Notification--isSuppressedByDriveMode--userId:0,mode:false
02-23 12:50:59.633  2028  5007 D ShortcutService: rescanPackageIfNeeded 0@org.telegram.messenger, forceRescan=false , isNewApp=false
02-23 12:50:59.633  2028  3528 D NotificationService--OplusNotificationTrackHelper: PostNotification : {channel_name=Internal notifications, notification_type=message, app_name=bccbfaa58e31db9bd7a80cd6abe84f0bec81a5ddf43f36c6a2000a192d3d9c85, push_id=null, importance=3, notification_id=-2108556205, system_state=5|7, channel_id=Other3, pkg=62f1568dc19af452e8a655af7593a513cff0b34856cb5ff1c4c2603ca514df0f, post_time=2026-02-23 12:50:59, notification_source=local}
02-23 12:50:59.643  2028  5007 D NotificationService--NotificationRecord: isSupportRearLight , isRearLight = false mLedRM = false isMultilLed = false
02-23 12:50:59.643 25399 25517 V ActivityThread: Recovering failed rename /storage/emulated/0/Android/data/org.telegram.messenger/cache/5_3068517823891374194.temp to /storage/emulated/0/Android/data/org.telegram.messenger/files/Telegram/Telegram Documents/5_3068517823891374194.webp
02-23 12:50:59.645  2028  3528 D NotificationService--OplusNavigationManager: Notification--isSuppressedByDriveMode--userId:0,mode:false
02-23 12:50:59.645  2028  3528 D NotificationService--OplusNotificationTrackHelper: PostNotification : {channel_name=Internal notifications, notification_type=message, app_name=bccbfaa58e31db9bd7a80cd6abe84f0bec81a5ddf43f36c6a2000a192d3d9c85, push_id=null, importance=3, notification_id=874728302, system_state=5|7, channel_id=Other3, pkg=62f1568dc19af452e8a655af7593a513cff0b34856cb5ff1c4c2603ca514df0f, post_time=2026-02-23 12:50:59, notification_source=local}
02-23 12:50:59.650  2028  4118 D NotificationService--NotificationRecord: isSupportRearLight , isRearLight = false mLedRM = false isMultilLed = false
02-23 12:50:59.653  2028  3528 D NotificationService--OplusNavigationManager: Notification--isSuppressedByDriveMode--userId:0,mode:false
02-23 12:50:59.653  2028  3528 D NotificationService--OplusNotificationTrackHelper: PostNotification : {channel_name=Internal notifications, notification_type=message, app_name=bccbfaa58e31db9bd7a80cd6abe84f0bec81a5ddf43f36c6a2000a192d3d9c85, push_id=null, importance=3, notification_id=1389737804, system_state=5|7, channel_id=Other3, pkg=62f1568dc19af452e8a655af7593a513cff0b34856cb5ff1c4c2603ca514df0f, post_time=2026-02-23 12:50:59, notification_source=local}
02-23 12:50:59.658  2028  4118 D NotificationService--NotificationRecord: isSupportRearLight , isRearLight = false mLedRM = false isMultilLed = false
02-23 12:50:59.659  2028  3528 D NotificationService--OplusNavigationManager: Notification--isSuppressedByDriveMode--userId:0,mode:false
02-23 12:50:59.659  2028  3528 D NotificationService--OplusNotificationTrackHelper: PostNotification : {channel_name=Internal notifications, notification_type=message, app_name=bccbfaa58e31db9bd7a80cd6abe84f0bec81a5ddf43f36c6a2000a192d3d9c85, push_id=null, importance=3, notification_id=-1242584290, system_state=5|7, channel_id=Other3, pkg=62f1568dc19af452e8a655af7593a513cff0b34856cb5ff1c4c2603ca514df0f, post_time=2026-02-23 12:50:59, notification_source=local}
02-23 12:50:59.663  2028  4118 D NotificationService--NotificationRecord: isSupportRearLight , isRearLight = false mLedRM = false isMultilLed = false
02-23 12:50:59.665  2028  3528 D NotificationService--OplusNavigationManager: Notification--isSuppressedByDriveMode--userId:0,mode:false
02-23 12:50:59.665  2028  3528 D NotificationService--OplusNotificationTrackHelper: PostNotification : {channel_name=Internal notifications, notification_type=message, app_name=bccbfaa58e31db9bd7a80cd6abe84f0bec81a5ddf43f36c6a2000a192d3d9c85, push_id=null, importance=3, notification_id=1965537496, system_state=5|7, channel_id=Other3, pkg=62f1568dc19af452e8a655af7593a513cff0b34856cb5ff1c4c2603ca514df0f, post_time=2026-02-23 12:50:59, notification_source=local}
02-23 12:50:59.671  2028  3296 D NotificationService--NotificationRecord: isSupportRearLight , isRearLight = false mLedRM = false isMultilLed = false
02-23 12:50:59.676  2028  3528 D NotificationService--OplusNavigationManager: Notification--isSuppressedByDriveMode--userId:0,mode:false
02-23 12:50:59.676  2028  3528 D NotificationService--OplusNotificationTrackHelper: PostNotification : {channel_name=Internal notifications, notification_type=message, app_name=bccbfaa58e31db9bd7a80cd6abe84f0bec81a5ddf43f36c6a2000a192d3d9c85, push_id=null, importance=3, notification_id=858676921, system_state=5|7, channel_id=Other3, pkg=62f1568dc19af452e8a655af7593a513cff0b34856cb5ff1c4c2603ca514df0f, post_time=2026-02-23 12:50:59, notification_source=local}
02-23 12:50:59.683  5228  5436 I midasd  : OplusObrainService::notifyEventInt eventId:21 iParam:0
02-23 12:50:59.684  7051 12379 I OplusObrain: OplusObrainClientInvoke.nativeGetTelephonyInfo
02-23 12:50:59.685  7051 12379 I OplusObrain: OplusObrainClientInvoke.nativeGetTrafficTypeInfoForNetworkType networkType 0
02-23 12:50:59.686  2028  5002 D KernelStatsHelper: getKernelStats start!
02-23 12:50:59.688  2028  3594 D OplusNetlinkSocket: handleNetlinkRecvKernelMessage:nlmsghdr:StructNlMsgHdr{ nlmsg_len{3004}, nlmsg_type{33()}, nlmsg_flags{0()}, nlmsg_seq{0}, nlmsg_pid{132910602} }
02-23 12:50:59.688  2028  3594 D KernelStatsHelper: get magic :[-1, -1, -1, 77, 65, 71, 73, 67]
02-23 12:50:59.688  2028  3594 D KernelStatsHelper: magic matched count:408 data_len:21216
02-23 12:50:59.688  2028  3594 D OplusNetlinkSocket: handleNetlinkRecvKernelMessage:nlmsghdr:StructNlMsgHdr{ nlmsg_len{2988}, nlmsg_type{33()}, nlmsg_flags{0()}, nlmsg_seq{0}, nlmsg_pid{132910602} }
02-23 12:50:59.688  2028  3594 D OplusNetlinkSocket: handleNetlinkRecvKernelMessage:nlmsghdr:StructNlMsgHdr{ nlmsg_len{2988}, nlmsg_type{33()}, nlmsg_flags{0()}, nlmsg_seq{0}, nlmsg_pid{132910602} }
02-23 12:50:59.688  2028  3594 D OplusNetlinkSocket: handleNetlinkRecvKernelMessage:nlmsghdr:StructNlMsgHdr{ nlmsg_len{2988}, nlmsg_type{33()}, nlmsg_flags{0()}, nlmsg_seq{0}, nlmsg_pid{132910602} }
02-23 12:50:59.688  2028  3594 D OplusNetlinkSocket: handleNetlinkRecvKernelMessage:nlmsghdr:StructNlMsgHdr{ nlmsg_len{2988}, nlmsg_type{33()}, nlmsg_flags{0()}, nlmsg_seq{0}, nlmsg_pid{132910602} }
02-23 12:50:59.688  2028  3594 D OplusNetlinkSocket: handleNetlinkRecvKernelMessage:nlmsghdr:StructNlMsgHdr{ nlmsg_len{2988}, nlmsg_type{33()}, nlmsg_flags{0()}, nlmsg_seq{0}, nlmsg_pid{132910602} }
02-23 12:50:59.689  2028  3594 D OplusNetlinkSocket: handleNetlinkRecvKernelMessage:nlmsghdr:StructNlMsgHdr{ nlmsg_len{2988}, nlmsg_type{33()}, nlmsg_flags{0()}, nlmsg_seq{0}, nlmsg_pid{132910602} }
02-23 12:50:59.689  2028  3594 D OplusNetlinkSocket: handleNetlinkRecvKernelMessage:nlmsghdr:StructNlMsgHdr{ nlmsg_len{492}, nlmsg_type{33()}, nlmsg_flags{0()}, nlmsg_seq{0}, nlmsg_pid{132910602} }
02-23 12:50:59.689  2028  3594 D KernelStatsHelper: data over! check: true
02-23 12:50:59.691  5228 12313 E midasd  : Read file /sys/class/power_supply/usb/current_now failed.(No data available)
02-23 12:50:59.734  2028  3575 D ShortcutService: Saving package item org.telegram.messenger to /data/system_ce/0/shortcut_service/packages/org.telegram.messenger.xml
02-23 12:50:59.734  2028  2679 D ShortcutService: Getting shortcuts for launcher= com.android.systemuiuser=0 pkg=org.telegram.messenger
02-23 12:50:59.744  2028  2679 D ShortcutService: Getting shortcuts for launcher= com.android.launcheruser=0 pkg=org.telegram.messenger
02-23 12:50:59.745  2028  2679 D ShortcutService: Getting shortcuts for launcher= com.google.android.asuser=0 pkg=org.telegram.messenger
02-23 12:50:59.776  3013  3050 D takeUidSnapshots: took 179ms
02-23 12:50:59.786  3013  3050 D parsePowerDataFormHealthStats: took 10ms
02-23 12:50:59.786  3013  3050 D HealthStatsDataCenter: get_snap_data:2026_0223_1250_59
02-23 12:50:59.786  3013  3050 D PowerDataSnapshotCollector: getDataSnapshot
02-23 12:50:59.788  9836  9836 D IHansComunication: HANS sendMessageToKernel: threadId = 490288954480, netLinkSetup = 1, type = FROZEN_TRANS, targetUid = 10279, pkgCmd = PKG_CMD_MAX
02-23 12:50:59.789  3013  3050 D BatteryStatusMonitor: init battery level info { time:2026_0223_1250_59, seq:21912, status:2, ui_level:82, temperature:338, chargeCounter:3305000, plugged:2, voltage:4212, health:2, present:true, technology:Li-ion, scale:100, op_level:79, op_rm:3305, op_fcc:4195 }
02-23 12:50:59.792  3013  3013 D BatteryStatusMonitor: onReceive android.intent.action.BATTERY_CHANGED
02-23 12:50:59.792  3013  3013 D BatteryStatusMonitor: BatteryStatus :2  last:-1
02-23 12:50:59.792  3013  3013 D BatteryStatusMonitor: WirelessReserve :0  last:0
02-23 12:50:59.792  3013  3013 D BatteryStatusMonitor: OtgOnline :0  last:0
02-23 12:50:59.794  3013  3050 D BatteryStatusMonitor: hashCode:174270509/38011234
02-23 12:50:59.794  3013  3050 D SettingsMonitor: startMonitor
02-23 12:50:59.794  3013  3050 D FieldObserver: initTimers
02-23 12:50:59.794  3013  3050 D HardwareOnTimerManager: wifiOnTimer:0, mobileDataOnTimer:0, bluetoothOnTimer:0, airPhoneOnTimer:0
02-23 12:50:59.797  3013  3050 D SettingsMonitor: registerContentObserver ok
02-23 12:50:59.802  2460  2460 D vendor.oplus.hardware.rpmh-V1-service: Calling uid is 1000.
02-23 12:50:59.802  2460  2460 D vendor.oplus.hardware.rpmh-V1-service: vendor.oplus.rpmh.support: true
02-23 12:50:59.802  2460  2460 D vendor.oplus.hardware.rpmh-V1-service: getPowerStateSubsystemSleepStateList()
02-23 12:50:59.802  2460  2460 D vendor.oplus.hardware.rpmh-V1-service: last update:350467767 , 351464279
02-23 12:50:59.803  2460  2460 D vendor.oplus.hardware.rpmh-V1-service: getPowerStateSubsystemSleepStateList tmpSubsystemState: ADSP 226015 59004856
02-23 12:50:59.803  2460  2460 D vendor.oplus.hardware.rpmh-V1-service: putSubsystemSleepState key:ADSP  val:ADSP | 226015 | 59004856
02-23 12:50:59.803  2460  2460 D vendor.oplus.hardware.rpmh-V1-service: putSubsystemSleepState update
02-23 12:50:59.803  2460  2460 D vendor.oplus.hardware.rpmh-V1-service: getPowerStateSubsystemSleepStateList tmpSubsystemState: ADSP_ISLAND 557900 59081368
02-23 12:50:59.803  2460  2460 D vendor.oplus.hardware.rpmh-V1-service: putSubsystemSleepState key:ADSP_ISLAND  val:ADSP_ISLAND | 557900 | 59081368
02-23 12:50:59.803  2460  2460 D vendor.oplus.hardware.rpmh-V1-service: putSubsystemSleepState update
02-23 12:50:59.804  2460  2460 D vendor.oplus.hardware.rpmh-V1-service: getPowerStateSubsystemSleepStateList tmpSubsystemState: ADSP_ISLAND 557900 59081368
02-23 12:50:59.804  2460  2460 E vendor.oplus.hardware.rpmh-V1-service: get data from /sys/power/soc_sleep/stats failed! res=-1
02-23 12:50:59.804  2460  2460 D vendor.oplus.hardware.rpmh-V1-service: getPowerStateSubsystemSleepStateList tmpSubsystemState: APSS 845088 330147605
02-23 12:50:59.804  2460  2460 D vendor.oplus.hardware.rpmh-V1-service: putSubsystemSleepState key:APSS  val:APSS | 845088 | 330147605
02-23 12:50:59.804  2460  2460 D vendor.oplus.hardware.rpmh-V1-service: putSubsystemSleepState update
02-23 12:50:59.805  2460  2460 D vendor.oplus.hardware.rpmh-V1-service: getPowerStateSubsystemSleepStateList tmpSubsystemState: CDSP 263 671997695
02-23 12:50:59.805  2460  2460 D vendor.oplus.hardware.rpmh-V1-service: putSubsystemSleepState key:CDSP  val:CDSP | 263 | 671997695
02-23 12:50:59.805  2460  2460 D vendor.oplus.hardware.rpmh-V1-service: putSubsystemSleepState update
02-23 12:50:59.805  2460  2460 D vendor.oplus.hardware.rpmh-V1-service: getPowerStateSubsystemSleepStateList tmpSubsystemState: CDSP 263 671997695
02-23 12:50:59.805  2460  2460 E vendor.oplus.hardware.rpmh-V1-service: get data from /sys/power/soc_sleep/stats failed! res=-1
02-23 12:50:59.805  2460  2460 D vendor.oplus.hardware.rpmh-V1-service: getPowerStateSubsystemSleepStateList tmpSubsystemState: CDSP 263 671997695
02-23 12:50:59.805  2460  2460 E vendor.oplus.hardware.rpmh-V1-service: get data from /sys/power/soc_sleep/stats failed! res=-1
02-23 12:50:59.805  2460  2460 D vendor.oplus.hardware.rpmh-V1-service: getPowerStateSubsystemSleepStateList tmpSubsystemState: MPSS 1567681 384653486
02-23 12:50:59.805  2460  2460 D vendor.oplus.hardware.rpmh-V1-service: putSubsystemSleepState key:MPSS  val:MPSS | 1567681 | 384653486
02-23 12:50:59.805  2460  2460 D vendor.oplus.hardware.rpmh-V1-service: putSubsystemSleepState update
02-23 12:50:59.806  2460  2460 D vendor.oplus.hardware.rpmh-V1-service: getPowerStateSubsystemSleepStateList tmpSubsystemState: MPSS 1567681 384653486
02-23 12:50:59.806  2460  2460 E vendor.oplus.hardware.rpmh-V1-service: get data from /sys/power/rpmh_stats/master_stats failed! res=-1
02-23 12:50:59.806  2460  2460 D vendor.oplus.hardware.rpmh-V1-service: getPowerStateSubsystemSleepStateList tmpSubsystemState: MPSS 1567681 384653486
02-23 12:50:59.806  2460  2460 E vendor.oplus.hardware.rpmh-V1-service: get data from /sys/power/rpmh_stats/master_stats failed! res=-1
02-23 12:50:59.806  2460  2460 D vendor.oplus.hardware.rpmh-V1-service: dumpSubsystemSleepState-->
02-23 12:50:59.806  2460  2460 D vendor.oplus.hardware.rpmh-V1-service: key:ADSP  val:ADSP | 226015 | 59004856 
02-23 12:50:59.806  2460  2460 D vendor.oplus.hardware.rpmh-V1-service: key:ADSP_ISLAND  val:ADSP_ISLAND | 557900 | 59081368 
02-23 12:50:59.806  2460  2460 D vendor.oplus.hardware.rpmh-V1-service: key:APSS  val:APSS | 845088 | 330147605 
02-23 12:50:59.806  2460  2460 D vendor.oplus.hardware.rpmh-V1-service: key:CDSP  val:CDSP | 263 | 671997695 
02-23 12:50:59.806  2460  2460 D vendor.oplus.hardware.rpmh-V1-service: key:MPSS  val:MPSS | 1567681 | 384653486 
02-23 12:50:59.806  3013  3050 D RpmAidlHelper: getPowerStateSubsystemSleepStateListMethod return code: 0
02-23 12:50:59.807  3013  3050 D FeatureUtils: sSupportMtkConfSleepStats=-1
02-23 12:50:59.807  3013  3050 D HealthStatsDataCenter: queryWakelockInfoSummary 
02-23 12:50:59.807  3013  3050 D HealthStatsDataCenter: queryAppsPowerStats startTime=672094367 endTime=672164719
02-23 12:50:59.807  3013  3050 D HealthStatsDataCenter: find start snap:2026_0223_1250_59
02-23 12:50:59.807  3013  3050 D HealthStatsDataCenter: found
02-23 12:50:59.807  3013  3050 D HealthStatsDataCenter: appsPowerStatsSnap is null
02-23 12:50:59.807  3013  3050 D KernelWakelockCollector: getWakeLockStatsFromSystemSuspend
02-23 12:50:59.810   711  3559 E android.system.suspend-service: Error opening event_count for wakeup58: Permission denied
02-23 12:50:59.811   711  3559 E android.system.suspend-service: Error opening max_time_ms for wakeup58: Permission denied
02-23 12:50:59.811   711  3559 E android.system.suspend-service: Error opening wakeup_count for wakeup58: Permission denied
02-23 12:50:59.811   711  3559 E android.system.suspend-service: Error opening total_time_ms for wakeup58: Permission denied
02-23 12:50:59.811   711  3559 E android.system.suspend-service: Error opening expire_count for wakeup58: Permission denied
02-23 12:50:59.812   711  3559 E android.system.suspend-service: Error opening active_count for wakeup58: Permission denied
02-23 12:50:59.812   711  3559 E android.system.suspend-service: Error opening last_change_ms for wakeup58: Permission denied
02-23 12:50:59.812   711  3559 E android.system.suspend-service: Error opening waiting_for_supplier for wakeup58: Permission denied
02-23 12:50:59.812   711  3559 E android.system.suspend-service: Error opening prevent_suspend_time_ms for wakeup58: Permission denied
02-23 12:50:59.812   711  3559 E android.system.suspend-service: Error opening name for wakeup58: Permission denied
02-23 12:50:59.812   711  3559 E android.system.suspend-service: Error opening active_time_ms for wakeup58: Permission denied
02-23 12:50:59.813   711  3559 E android.system.suspend-service: Error opening event_count for wakeup86: Permission denied
02-23 12:50:59.813   711  3559 E android.system.suspend-service: Error opening max_time_ms for wakeup86: Permission denied
02-23 12:50:59.813   711  3559 E android.system.suspend-service: Error opening wakeup_count for wakeup86: Permission denied
02-23 12:50:59.813   711  3559 E android.system.suspend-service: Error opening total_time_ms for wakeup86: Permission denied
02-23 12:50:59.813   711  3559 E android.system.suspend-service: Error opening expire_count for wakeup86: Permission denied
02-23 12:50:59.813   711  3559 E android.system.suspend-service: Error opening active_count for wakeup86: Permission denied
02-23 12:50:59.813   711  3559 E android.system.suspend-service: Error opening last_change_ms for wakeup86: Permission denied
02-23 12:50:59.813   711  3559 E android.system.suspend-service: Error opening waiting_for_supplier for wakeup86: Permission denied
02-23 12:50:59.813   711  3559 E android.system.suspend-service: Error opening prevent_suspend_time_ms for wakeup86: Permission denied
02-23 12:50:59.814   711  3559 E android.system.suspend-service: Error opening name for wakeup86: Permission denied
02-23 12:50:59.814   711  3559 E android.system.suspend-service: Error opening active_time_ms for wakeup86: Permission denied
02-23 12:50:59.815   711  3559 E android.system.suspend-service: Error opening event_count for wakeup48: Permission denied
02-23 12:50:59.815   711  3559 E android.system.suspend-service: Error opening max_time_ms for wakeup48: Permission denied
02-23 12:50:59.815   711  3559 E android.system.suspend-service: Error opening wakeup_count for wakeup48: Permission denied
02-23 12:50:59.815   711  3559 E android.system.suspend-service: Error opening total_time_ms for wakeup48: Permission denied
02-23 12:50:59.815   711  3559 E android.system.suspend-service: Error opening expire_count for wakeup48: Permission denied
02-23 12:50:59.815   711  3559 E android.system.suspend-service: Error opening active_count for wakeup48: Permission denied
02-23 12:50:59.815   711  3559 E android.system.suspend-service: Error opening last_change_ms for wakeup48: Permission denied
02-23 12:50:59.816   711  3559 E android.system.suspend-service: Error opening waiting_for_supplier for wakeup48: Permission denied
02-23 12:50:59.816   711  3559 E android.system.suspend-service: Error opening prevent_suspend_time_ms for wakeup48: Permission denied
02-23 12:50:59.816   711  3559 E android.system.suspend-service: Error opening name for wakeup48: Permission denied
