02-23 12:47:07.374  1474 26959 D vendor.qti.bluetooth@1.0-ibs_handler: SerialClockVote: vote for UART CLK ON
02-23 12:47:07.376  1474 26959 D vendor.qti.bluetooth@1.0-wake_lock: Acquire wakelock is acquired 
02-23 12:47:07.376  1474 26959 I vendor.qti.bluetooth@1.0-ibs_handler: ProcessIbsCmd: Writing IBS_WAKE_ACK
02-23 12:47:07.417  1474 26959 I vendor.qti.bluetooth@1.0-ibs_handler: ProcessIbsCmd: Received IBS_SLEEP_IND: 0xFE
02-23 12:47:07.418  1474 26959 D vendor.qti.bluetooth@1.0-ibs_handler: SerialClockVote: vote for UART CLK OFF
02-23 12:47:07.456  1474 26959 I vendor.qti.bluetooth@1.0-ibs_handler: ProcessIbsCmd: Received IBS_WAKE_IND: 0xFD
02-23 12:47:07.456  1474 26959 D vendor.qti.bluetooth@1.0-ibs_handler: SerialClockVote: vote for UART CLK ON
02-23 12:47:07.456  1474 26959 I vendor.qti.bluetooth@1.0-ibs_handler: ProcessIbsCmd: Writing IBS_WAKE_ACK
02-23 12:47:07.466  4239  4239 D OplusTelephonyController: onSignalStrengthChanged: SignalStrength=SignalStrength:{mCdma=CellSignalStrengthCdma: cdmaDbm=2147483647 cdmaEcio=2147483647 evdoDbm=2147483647 evdoEcio=2147483647 evdoSnr=2147483647 level=0,mGsm=CellSignalStrengthGsm: rssi=2147483647 ber=2147483647 mTa=2147483647 mLevel=0,mWcdma=CellSignalStrengthWcdma: ss=2147483647 ber=2147483647 rscp=2147483647 ecno=2147483647 level=0,mTdscdma=CellSignalStrengthTdscdma: rssi=2147483647 ber=2147483647 rscp=2147483647 level=0,mLte=CellSignalStrengthLte: rssi=-85 rsrp=-117 rsrq=-15 rssnr=-1 cqiTableIndex=2147483647 cqi=2147483647 ta=2147483647 level=2 parametersUseForLevel=0,mNr=CellSignalStrengthNr:{ csiRsrp = 2147483647 csiRsrq = 2147483647 csiCqiTableIndex = 2147483647 csiCqiReport = [] ssRsrp = 2147483647 ssRsrq = 2147483647 ssSinr = 2147483647 level = 0 parametersUseForLevel = 0 timingAdvance = 2147483647 },primary=CellSignalStrengthLte}
02-23 12:47:07.467  4441  4441 D SubsysEventListenerManager-SubsysTelephonyCallback[0]: onSignalStrengthsChanged
02-23 12:47:07.474  3826  4010 I SystemUi--Statusbar: MobileConnectionRepositoryImpl-->subId:2 isSoftSimCard:false slotId:0
02-23 12:47:07.497  1474 26959 I vendor.qti.bluetooth@1.0-ibs_handler: ProcessIbsCmd: Received IBS_SLEEP_IND: 0xFE
02-23 12:47:07.497  1474 26959 D vendor.qti.bluetooth@1.0-ibs_handler: SerialClockVote: vote for UART CLK OFF
02-23 12:47:07.597  1502  1502 E ANDR-PERF-MPCTL: Active req limit reached, No optimizations performed
02-23 12:47:07.620  1545  1698 D BatteryChargeControl: bcc get no support from charging protocol
02-23 12:47:07.648  1474 26943 D vendor.qti.bluetooth@1.0-wake_lock: Release wakelock is released 
02-23 12:47:07.829  2028  3615 D Smart_Assistant_StateMachine: seamless switch link to do policy = 0
02-23 12:47:07.829  2028  3615 D Smart_Assistant_StateMachine: finally no policy to do.
02-23 12:47:07.830  2028  3615 D Smart_Assistant_StateMachine: next wifi switch wifi wait time: 60000(ms).
02-23 12:47:07.996  1474 26959 I vendor.qti.bluetooth@1.0-ibs_handler: ProcessIbsCmd: Received IBS_WAKE_IND: 0xFD
02-23 12:47:07.996  1474 26959 D vendor.qti.bluetooth@1.0-ibs_handler: SerialClockVote: vote for UART CLK ON
02-23 12:47:07.998  1474 26959 D vendor.qti.bluetooth@1.0-wake_lock: Acquire wakelock is acquired 
02-23 12:47:07.998  1474 26959 I vendor.qti.bluetooth@1.0-ibs_handler: ProcessIbsCmd: Writing IBS_WAKE_ACK
02-23 12:47:08.039  1474 26959 I vendor.qti.bluetooth@1.0-ibs_handler: ProcessIbsCmd: Received IBS_SLEEP_IND: 0xFE
02-23 12:47:08.039  1474 26959 D vendor.qti.bluetooth@1.0-ibs_handler: SerialClockVote: vote for UART CLK OFF
02-23 12:47:08.078  1474 26959 I vendor.qti.bluetooth@1.0-ibs_handler: ProcessIbsCmd: Received IBS_WAKE_IND: 0xFD
02-23 12:47:08.079  1474 26959 D vendor.qti.bluetooth@1.0-ibs_handler: SerialClockVote: vote for UART CLK ON
02-23 12:47:08.079  1474 26959 I vendor.qti.bluetooth@1.0-ibs_handler: ProcessIbsCmd: Writing IBS_WAKE_ACK
02-23 12:47:08.120  1474 26959 I vendor.qti.bluetooth@1.0-ibs_handler: ProcessIbsCmd: Received IBS_SLEEP_IND: 0xFE
02-23 12:47:08.120  1474 26959 D vendor.qti.bluetooth@1.0-ibs_handler: SerialClockVote: vote for UART CLK OFF
02-23 12:47:08.270  7051 26665 E MIDASApplication: MIDASPullAtomManager: onPullAtom 150122
02-23 12:47:08.271  1474 26943 D vendor.qti.bluetooth@1.0-wake_lock: Release wakelock is released 
02-23 12:47:08.277  2028  3296 D WifiNl80211Manager: Scan result ready event
02-23 12:47:08.278  2028  3296 D WifiNative: Scan result ready event
02-23 12:47:08.298  9129  9342 I WifiScanner: onFullResults
02-23 12:47:08.299  9129  9237 I WifiScanner: onFullResults
02-23 12:47:08.304  2028  3514 D PasspointManager: ANQP entry not found for: 30:bd:13:f2:e5:d6:<Airtel_OmRaj>
02-23 12:47:08.304  4441  4441 D SubsysBroadcastManager: onReceive action:android.net.wifi.SCAN_RESULTS
02-23 12:47:08.305  4441 26159 D SubsysEventListenerManager: onScanResultsAvailable
02-23 12:47:08.309  2028  4803 W Settings: Setting notification_bubbles has moved from android.provider.Settings.Global to android.provider.Settings.Secure, returning read-only value.
02-23 12:47:08.309  2028  4803 W Settings: Setting apply_ramping_ringer has moved from android.provider.Settings.Global to android.provider.Settings.System, returning read-only value.
02-23 12:47:08.312  2028  3514 D WifiStaIfaceHidlImpl: getCachedScanData is not implemented by HIDL
02-23 12:47:08.313  2028  4803 W SettingsStatsUtil: Can not parse value to float: +network
02-23 12:47:08.317  2028  4803 W SettingsStatsUtil: Can not parse value to float: +network
02-23 12:47:08.322  1317  1338 I statsd  : An anomaly (103940000001) (39)0x2018001->1000[I] (39)0x20000->0[I]  has occurred! Informing subscribers.
02-23 12:47:08.352  2028  3514 I HalDevMgr: bestIfaceCreationProposal is null, requestIface=STA, existingIface=[name=wlan0 type=STA]
02-23 12:47:08.354  2028  3615 D WiFiHardWareMonitor ScanresultsCollector: rssiFailCheckAndNotify  diff = 1111294 now=1771831028354 latestSendTime=1771829917060 statisticsInterval=7200000
02-23 12:47:08.355  4306  4599 D WifiScanResultEvent: None scanResults or savedConfigList.
02-23 12:47:08.367  3826  4011 I WifiPickerTracker: wifi connected status realConnectedWifiEntry not null: true
02-23 12:47:08.376  1495 11693 I WifiHAL : event received NL80211_CMD_VENDOR, vendor_id = 0x1374, subcmd = 0xd
02-23 12:47:08.383  2028  3615 E NW_ReflectUtils: failed to get throughput : java.lang.NoSuchMethodError: No interface method getDeviceWiphyCapabilities()Landroid/net/wifi/nl80211/DeviceWiphyCapabilities; in class Lcom/android/server/wifi/ClientModeManager; or its super classes (declaration of 'com.android.server.wifi.ClientModeManager' appears in /apex/com.android.wifi/javalib/service-wifi.jar)
02-23 12:47:08.386  2028  3615 D OplusWifiResidenceRecognition: onScanResultsAvailable
02-23 12:47:08.471  3826  3940 I SystemUi--Statusbar: OplusNetworkSpeedControllExImpl-->updateNetworkSpeed: isConnected:true,isSwitchOn:true
02-23 12:47:08.476  3826  3940 I SystemUi--Statusbar: OplusNetworkSpeedControllExImpl-->getTotalByte: totalRxBytes:22791390175,totalTxBytes:3611062952,loopbackTxBytes:2816519,loopbackRxBytes:2691599 ,totalBytes:26396945009
02-23 12:47:08.522  1502  1502 E ANDR-PERF-MPCTL: Active req limit reached, No optimizations performed
02-23 12:47:08.546  3013 28397 D CustomLogManagerService: WorkHandler msg.what :5
02-23 12:47:08.552  3013 28397 D CustomLogManagerService: curTemp:340 limit:390
02-23 12:47:08.552  3013 28397 D CustomLogManagerService: checkUploadStatus: isSceenOn=true activeNetType=1 isCharging=true isUploading:false temperatureLimit:false
02-23 12:47:08.552  3013 28397 D CustomLogManagerService: sys.log.customer=false
02-23 12:47:08.552  3013 28397 D CustomLogManagerService: isHaveCustomLogCollecting :false
02-23 12:47:08.623  1545  1698 D BatteryChargeControl: bcc get no support from charging protocol
02-23 12:47:08.824  1474 26959 I vendor.qti.bluetooth@1.0-ibs_handler: ProcessIbsCmd: Received IBS_WAKE_IND: 0xFD
02-23 12:47:08.824  1474 26959 D vendor.qti.bluetooth@1.0-ibs_handler: SerialClockVote: vote for UART CLK ON
02-23 12:47:08.825  1474 26959 D vendor.qti.bluetooth@1.0-wake_lock: Acquire wakelock is acquired 
02-23 12:47:08.825  1474 26959 I vendor.qti.bluetooth@1.0-ibs_handler: ProcessIbsCmd: Writing IBS_WAKE_ACK
02-23 12:47:08.853  2028  3514 D WifiStaIfaceHidlImpl: getCachedScanData is not implemented by HIDL
02-23 12:47:08.868  1474 26959 I vendor.qti.bluetooth@1.0-ibs_handler: ProcessIbsCmd: Received IBS_SLEEP_IND: 0xFE
02-23 12:47:08.868  1474 26959 D vendor.qti.bluetooth@1.0-ibs_handler: SerialClockVote: vote for UART CLK OFF
02-23 12:47:08.870  2028  3615 D OplusWifiPower_TriggerCenter: mComponentCallback: wifistat
02-23 12:47:08.871  4441  4441 D VendorWifiService: onEvent event:9,action:1
02-23 12:47:08.899  1502  1502 E ANDR-PERF-MPCTL: Active req limit reached, No optimizations performed
02-23 12:47:08.910  1474 26959 I vendor.qti.bluetooth@1.0-ibs_handler: ProcessIbsCmd: Received IBS_WAKE_IND: 0xFD
02-23 12:47:08.910  1474 26959 D vendor.qti.bluetooth@1.0-ibs_handler: SerialClockVote: vote for UART CLK ON
02-23 12:47:08.910  1474 26959 I vendor.qti.bluetooth@1.0-ibs_handler: ProcessIbsCmd: Writing IBS_WAKE_ACK
02-23 12:47:08.952  1474 26959 I vendor.qti.bluetooth@1.0-ibs_handler: ProcessIbsCmd: Received IBS_SLEEP_IND: 0xFE
02-23 12:47:08.952  1474 26959 D vendor.qti.bluetooth@1.0-ibs_handler: SerialClockVote: vote for UART CLK OFF
02-23 12:47:09.102  1474 26943 D vendor.qti.bluetooth@1.0-wake_lock: Release wakelock is released 
02-23 12:47:09.211  7191 26114 D gaia-GaiaConnectChecker: start connect check++
02-23 12:47:09.214  7191 25702 D gaia-GaiaConnectChecker: start connect check++
02-23 12:47:09.508  1545  1663 D vendor.oplus.hardware.charger-V6-service: ret_value:128, read content:,348,346,4208,4208,-263,500,2200,79,82,1,4,-1,4983,82,1,0,1,1,0,0,4425,0,6,0,6,0,0,0,340,0,1,1,0,0,61,61,61,0,0,0,0,0,0,0,0,0,0
02-23 12:47:09.508  1545  1663 D vendor.oplus.hardware.charger-V6-service: gmtime: 2026-02-23-12-47-09
02-23 12:47:09.509  1545  1663 D vendor.oplus.hardware.charger-V6-service: usb_online:1, ac_online:0, wireless_online:-2147483648
02-23 12:47:09.561  1474 26959 I vendor.qti.bluetooth@1.0-ibs_handler: ProcessIbsCmd: Received IBS_WAKE_IND: 0xFD
02-23 12:47:09.561  1474 26959 D vendor.qti.bluetooth@1.0-ibs_handler: SerialClockVote: vote for UART CLK ON
02-23 12:47:09.563  1474 26959 D vendor.qti.bluetooth@1.0-wake_lock: Acquire wakelock is acquired 
02-23 12:47:09.563  1474 26959 I vendor.qti.bluetooth@1.0-ibs_handler: ProcessIbsCmd: Writing IBS_WAKE_ACK
02-23 12:47:09.605  1474 26959 I vendor.qti.bluetooth@1.0-ibs_handler: ProcessIbsCmd: Received IBS_SLEEP_IND: 0xFE
02-23 12:47:09.605  1474 26959 D vendor.qti.bluetooth@1.0-ibs_handler: SerialClockVote: vote for UART CLK OFF
02-23 12:47:09.617  1502  1502 E ANDR-PERF-MPCTL: Active req limit reached, No optimizations performed
02-23 12:47:09.626  1545  1698 D BatteryChargeControl: bcc get no support from charging protocol
02-23 12:47:09.643  1474 26959 I vendor.qti.bluetooth@1.0-ibs_handler: ProcessIbsCmd: Received IBS_WAKE_IND: 0xFD
02-23 12:47:09.643  1474 26959 D vendor.qti.bluetooth@1.0-ibs_handler: SerialClockVote: vote for UART CLK ON
02-23 12:47:09.643  1474 26959 I vendor.qti.bluetooth@1.0-ibs_handler: ProcessIbsCmd: Writing IBS_WAKE_ACK
02-23 12:47:09.684  1474 26959 I vendor.qti.bluetooth@1.0-ibs_handler: ProcessIbsCmd: Received IBS_SLEEP_IND: 0xFE
02-23 12:47:09.684  1474 26959 D vendor.qti.bluetooth@1.0-ibs_handler: SerialClockVote: vote for UART CLK OFF
02-23 12:47:09.835  1474 26943 D vendor.qti.bluetooth@1.0-wake_lock: Release wakelock is released 
02-23 12:47:10.199  1474 26959 I vendor.qti.bluetooth@1.0-ibs_handler: ProcessIbsCmd: Received IBS_WAKE_IND: 0xFD
02-23 12:47:10.199  1474 26959 D vendor.qti.bluetooth@1.0-ibs_handler: SerialClockVote: vote for UART CLK ON
02-23 12:47:10.201  1474 26959 D vendor.qti.bluetooth@1.0-wake_lock: Acquire wakelock is acquired 
02-23 12:47:10.201  1474 26959 I vendor.qti.bluetooth@1.0-ibs_handler: ProcessIbsCmd: Writing IBS_WAKE_ACK
02-23 12:47:10.242  1474 26959 I vendor.qti.bluetooth@1.0-ibs_handler: ProcessIbsCmd: Received IBS_SLEEP_IND: 0xFE
02-23 12:47:10.242  1474 26959 D vendor.qti.bluetooth@1.0-ibs_handler: SerialClockVote: vote for UART CLK OFF
02-23 12:47:10.284  1474 26959 I vendor.qti.bluetooth@1.0-ibs_handler: ProcessIbsCmd: Received IBS_WAKE_IND: 0xFD
02-23 12:47:10.284  1474 26959 D vendor.qti.bluetooth@1.0-ibs_handler: SerialClockVote: vote for UART CLK ON
02-23 12:47:10.284  1474 26959 I vendor.qti.bluetooth@1.0-ibs_handler: ProcessIbsCmd: Writing IBS_WAKE_ACK
02-23 12:47:10.325  1474 26959 I vendor.qti.bluetooth@1.0-ibs_handler: ProcessIbsCmd: Received IBS_SLEEP_IND: 0xFE
02-23 12:47:10.325  1474 26959 D vendor.qti.bluetooth@1.0-ibs_handler: SerialClockVote: vote for UART CLK OFF
02-23 12:47:10.383  1495 11693 I WifiHAL : event received NL80211_CMD_VENDOR, vendor_id = 0x1374, subcmd = 0xd
02-23 12:47:10.476  1474 26943 D vendor.qti.bluetooth@1.0-wake_lock: Release wakelock is released 
02-23 12:47:10.629  1545  1698 D BatteryChargeControl: bcc get no support from charging protocol
02-23 12:47:10.882  2028  3514 D WifiStaIfaceHidlImpl: getCachedScanData is not implemented by HIDL
02-23 12:47:10.896  2028  3653 D OplusGameFirstManager: oldAverRssi=-76,rssi=-77,newAverRssi=-76
02-23 12:47:10.904  3826  3940 D WifiStatusTracker: mNetworkCallback onCapabilitiesChanged network:289 mPrimaryNetworkId:289
02-23 12:47:10.904  4321  4321 I QImsService: OplusWifiApmStateMgr : onReceive,wifiSignal: -77
02-23 12:47:10.905  4285  5726 D QCNEJ/WlanStaInfoRelay: Received action: android.net.wifi.RSSI_CHANGED
02-23 12:47:10.910  4441  4441 D VendorWifiService: onEvent event:9,action:1
02-23 12:47:10.911  4441  4620 D SubsysEventListenerManager: onCapabilitiesChanged
02-23 12:47:10.911  4441  4620 D DataStateTracker: getCurDataChannel, channel:1
02-23 12:47:10.912  3826  4011 D WifiPickerTracker: handleNetworkCapabilitiesChanged network:289
02-23 12:47:10.914  2028  3653 D OplusSlaNetworkManager: isPrimaryWifi:true network:289
02-23 12:47:10.915  2028  3615 D SystemNetworkObserver: wifi network 289 nc changed, primary=true
02-23 12:47:10.916  2028  3615 D SystemNetworkObserver: default network nc changed 289
02-23 12:47:10.917  3826  3940 D WifiStatusTracker: mNetworkCallback onCapabilitiesChanged network:289 mPrimaryNetworkId:289
02-23 12:47:10.921 10211 10375 I CardConfig.RxNetworkMonitor: onNetworkStateChange, current:true, last:true
02-23 12:47:10.923  9129  9237 I NullBinder: NullBinder for android.net.action.RECOMMEND_NETWORKS triggering remote TransactionTooLargeException due to Service without Chimera impl, calling uid: 1000, calling pid: 0
02-23 12:47:10.923  9129  9237 W .gms.persistent: Large reply transaction of 2113536 bytes, interface descriptor , code 1
02-23 12:47:10.924  9050  9082 I BugleRcsEngine: Connected state: [1], networkType: [WIFI] [CONTEXT thread_id=752 ]
02-23 12:47:10.920  3826  4011 I WifiPickerTracker: wifi connected status realConnectedWifiEntry not null: true
02-23 12:47:10.925  9050  9092 I BugleRcsEngine: handleMessage processing message:[NOTIFY_UPTIME_IGNORE_STATE_CHANGED] with [non-null]:RcsEngineImpl reference [CONTEXT log_prefix="RcsEngineImpl[DUAL_REG]:[84532c06-c402]>Handler" thread_id=759 ]
02-23 12:47:10.925  3826  3940 I SystemUi--Statusbar: NetworkController.WifiSignalController-->handleStatusUpdated state=3 enabled=true connected=true isDefaultNetwork=true rssi=-77 level=2 statusLabel=null isDirty=false
02-23 12:47:10.925  9129  9237 I NullBinder: NullBinder for android.net.action.RECOMMEND_NETWORKS triggering remote TransactionTooLargeException due to Service without Chimera impl, calling uid: 1000, calling pid: 0
02-23 12:47:10.925  9129  9237 W .gms.persistent: Large reply transaction of 2113536 bytes, interface descriptor , code 1
02-23 12:47:10.925  3826  3940 I SystemUi--Statusbar: NetworkController.WifiSignalController-->handleStatusUpdated state=3 enabled=true connected=true isDefaultNetwork=true rssi=-77 level=2 statusLabel=null isDirty=false
02-23 12:47:10.926  3826  3940 I SystemUi--Statusbar: NetworkController.WifiSignalController-->handleStatusUpdated state=3 enabled=true connected=true isDefaultNetwork=true rssi=-77 level=2 statusLabel=null isDirty=false
02-23 12:47:10.926  3826  3826 I SystemUi--Statusbar: WifiViewModel-->wifiIcon icon:Wi-Fi two bars. isDefault:true alwaysShowIconIfEnabled:false
02-23 12:47:10.927  9129  9237 I NullBinder: NullBinder for android.net.action.RECOMMEND_NETWORKS triggering remote TransactionTooLargeException due to Service without Chimera impl, calling uid: 1000, calling pid: 0
02-23 12:47:10.927  9129  9237 W .gms.persistent: Large reply transaction of 2113536 bytes, interface descriptor , code 1
02-23 12:47:10.929  9129  9237 I NullBinder: NullBinder for android.net.action.RECOMMEND_NETWORKS triggering remote TransactionTooLargeException due to Service without Chimera impl, calling uid: 1000, calling pid: 0
02-23 12:47:10.929  9129  9237 W .gms.persistent: Large reply transaction of 2113536 bytes, interface descriptor , code 1
02-23 12:47:10.932  9050  9092 I BugleRcsEngine: Rcs is enabled from user settings: true [CONTEXT log_prefix="ProvisioningEngineDataRetriever" thread_id=759 ]
02-23 12:47:10.956  1502  1502 E ANDR-PERF-MPCTL: Active req limit reached, No optimizations performed
02-23 12:47:11.033  1474 26959 I vendor.qti.bluetooth@1.0-ibs_handler: ProcessIbsCmd: Received IBS_WAKE_IND: 0xFD
02-23 12:47:11.033  1474 26959 D vendor.qti.bluetooth@1.0-ibs_handler: SerialClockVote: vote for UART CLK ON
02-23 12:47:11.035  1474 26959 D vendor.qti.bluetooth@1.0-wake_lock: Acquire wakelock is acquired 
02-23 12:47:11.035  1474 26959 I vendor.qti.bluetooth@1.0-ibs_handler: ProcessIbsCmd: Writing IBS_WAKE_ACK
02-23 12:47:11.076  1474 26959 I vendor.qti.bluetooth@1.0-ibs_handler: ProcessIbsCmd: Received IBS_SLEEP_IND: 0xFE
02-23 12:47:11.077  1474 26959 D vendor.qti.bluetooth@1.0-ibs_handler: SerialClockVote: vote for UART CLK OFF
02-23 12:47:11.118  1474 26959 I vendor.qti.bluetooth@1.0-ibs_handler: ProcessIbsCmd: Received IBS_WAKE_IND: 0xFD
02-23 12:47:11.118  1474 26959 D vendor.qti.bluetooth@1.0-ibs_handler: SerialClockVote: vote for UART CLK ON
02-23 12:47:11.118  1474 26959 I vendor.qti.bluetooth@1.0-ibs_handler: ProcessIbsCmd: Writing IBS_WAKE_ACK
02-23 12:47:11.159  1474 26959 I vendor.qti.bluetooth@1.0-ibs_handler: ProcessIbsCmd: Received IBS_SLEEP_IND: 0xFE
02-23 12:47:11.159  1474 26959 D vendor.qti.bluetooth@1.0-ibs_handler: SerialClockVote: vote for UART CLK OFF
02-23 12:47:11.310  1474 26943 D vendor.qti.bluetooth@1.0-wake_lock: Release wakelock is released 
02-23 12:47:11.423  9129 14605 I NearbySharing: Network state changed: NetworkState(isRestricted=false, isOnline=true, isCongested=false, isMetered=false, isWifiConnected=true)
02-23 12:47:11.631  1545  1698 D BatteryChargeControl: bcc get no support from charging protocol
02-23 12:47:11.698  1502  1502 E ANDR-PERF-MPCTL: Active req limit reached, No optimizations performed
02-23 12:47:11.754  1474 26959 I vendor.qti.bluetooth@1.0-ibs_handler: ProcessIbsCmd: Received IBS_WAKE_IND: 0xFD
02-23 12:47:11.754  1474 26959 D vendor.qti.bluetooth@1.0-ibs_handler: SerialClockVote: vote for UART CLK ON
02-23 12:47:11.756  1474 26959 D vendor.qti.bluetooth@1.0-wake_lock: Acquire wakelock is acquired 
02-23 12:47:11.756  1474 26959 I vendor.qti.bluetooth@1.0-ibs_handler: ProcessIbsCmd: Writing IBS_WAKE_ACK
02-23 12:47:11.797  1474 26959 I vendor.qti.bluetooth@1.0-ibs_handler: ProcessIbsCmd: Received IBS_SLEEP_IND: 0xFE
02-23 12:47:11.797  1474 26959 D vendor.qti.bluetooth@1.0-ibs_handler: SerialClockVote: vote for UART CLK OFF
02-23 12:47:11.841  1474 26959 I vendor.qti.bluetooth@1.0-ibs_handler: ProcessIbsCmd: Received IBS_WAKE_IND: 0xFD
02-23 12:47:11.842  1474 26959 D vendor.qti.bluetooth@1.0-ibs_handler: SerialClockVote: vote for UART CLK ON
02-23 12:47:11.842  1474 26959 I vendor.qti.bluetooth@1.0-ibs_handler: ProcessIbsCmd: Writing IBS_WAKE_ACK
02-23 12:47:11.883  1474 26959 I vendor.qti.bluetooth@1.0-ibs_handler: ProcessIbsCmd: Received IBS_SLEEP_IND: 0xFE
02-23 12:47:11.883  1474 26959 D vendor.qti.bluetooth@1.0-ibs_handler: SerialClockVote: vote for UART CLK OFF
02-23 12:47:12.034  1474 26943 D vendor.qti.bluetooth@1.0-wake_lock: Release wakelock is released 
02-23 12:47:12.089  7051  1246 D ShellSubscriberWorkerThread: the first 8 bytes empty, and RestData length > 8 
02-23 12:47:12.382  1474 26959 I vendor.qti.bluetooth@1.0-ibs_handler: ProcessIbsCmd: Received IBS_WAKE_IND: 0xFD
02-23 12:47:12.382  1474 26959 D vendor.qti.bluetooth@1.0-ibs_handler: SerialClockVote: vote for UART CLK ON
02-23 12:47:12.386  1474 26959 D vendor.qti.bluetooth@1.0-wake_lock: Acquire wakelock is acquired 
02-23 12:47:12.386  1474 26959 I vendor.qti.bluetooth@1.0-ibs_handler: ProcessIbsCmd: Writing IBS_WAKE_ACK
02-23 12:47:12.387  1495 11693 I WifiHAL : event received NL80211_CMD_VENDOR, vendor_id = 0x1374, subcmd = 0xd
02-23 12:47:12.423  1545  1545 D vendor.oplus.hardware.charger-V6-service: get_ui_charge_icon_type 0 0 0 0 0
02-23 12:47:12.424  1545  1545 D vendor.oplus.hardware.charger-V6-service: oplus_chg_get_cpa_power 2500 charge_online 1 retention_topic 0
02-23 12:47:12.428  1474 26959 I vendor.qti.bluetooth@1.0-ibs_handler: ProcessIbsCmd: Received IBS_SLEEP_IND: 0xFE
02-23 12:47:12.428  1474 26959 D vendor.qti.bluetooth@1.0-ibs_handler: SerialClockVote: vote for UART CLK OFF
02-23 12:47:12.433  3826  3826 I SystemUi--Statusbar: BatteryControllerExt-->updateBatteryChangeIntent():broadcast=android.intent.action.BATTERY_CHANGED,level=82,scale=100
02-23 12:47:12.434  3826  3826 I SystemUi--Statusbar: BatteryRepository-->level: 82 -- isSavingMode: false
02-23 12:47:12.440  2028  2928 D OplusDisplayBrightnessBroadcastReceiver: onReceive action = android.intent.action.BATTERY_CHANGED , listeners = [com.android.server.display.OplusFeatureHDREnhanceBrightness$PhoneInfoReceiver@780cd78, com.android.server.display.OplusFeatureEdrEnhanceBrightness$PhoneInfoReceiver@3423c51]
02-23 12:47:12.441  4441  4441 D SubsysBroadcastManager: onReceive action:android.intent.action.BATTERY_CHANGED
02-23 12:47:12.444  4291  4291 D DeviceStatisticsService: onReceive: action= android.intent.action.BATTERY_CHANGED
02-23 12:47:12.445  4291  4291 D DeviceInfoHidlClient: isRadioOn()=true
02-23 12:47:12.445  4291  4291 I DeviceInfoHidlClient: isPowerInfoNeverSent=false batteryLevel=82 batteryLevelIndex=3 chargingMode=2 totalCapacity=4007300 powerSaveMode=false
02-23 12:47:12.447  7318  8179 I DeepThinkerSDK: [APP] ClientConnection: getDeepThinkerBridge start
02-23 12:47:12.447  7318  8179 I DeepThinkerSDK: [APP] ClientConnection: getDeepThinkerBridge end
02-23 12:47:12.447  7318  8179 I DeepThinkerSDK: [APP] UserDomainManager: businessId : 401 threshold : 0.6 learnPeriod:30
02-23 12:47:12.448  3013  3013 D CustomLogManagerService: onReceive android.intent.action.BATTERY_CHANGED
02-23 12:47:12.450  7318  8179 I DeepThinkerSDK: [APP] UserDomainManager: PerformanceOfLongCharging{probabilityOfLocation=0.0, probabilityOfApps=0.0, probabilityOfTime=0.0, probabilityOfTotal=0.0, duration=0}
02-23 12:47:12.450  7318  8185 E Battery : ChargeProtectionUtils: mCanlendarTmp.isEmpty()!
02-23 12:47:12.468  1474 26959 I vendor.qti.bluetooth@1.0-ibs_handler: ProcessIbsCmd: Received IBS_WAKE_IND: 0xFD
02-23 12:47:12.468  1474 26959 D vendor.qti.bluetooth@1.0-ibs_handler: SerialClockVote: vote for UART CLK ON
02-23 12:47:12.468  1474 26959 I vendor.qti.bluetooth@1.0-ibs_handler: ProcessIbsCmd: Writing IBS_WAKE_ACK
02-23 12:47:12.476  3826  3940 I SystemUi--Statusbar: OplusNetworkSpeedControllExImpl-->updateNetworkSpeed: isConnected:true,isSwitchOn:true
02-23 12:47:12.479  3826  3940 I SystemUi--Statusbar: OplusNetworkSpeedControllExImpl-->getTotalByte: totalRxBytes:22791390255,totalTxBytes:3611063072,loopbackTxBytes:2816519,loopbackRxBytes:2691599 ,totalBytes:26396945209
02-23 12:47:12.509  1474 26959 I vendor.qti.bluetooth@1.0-ibs_handler: ProcessIbsCmd: Received IBS_SLEEP_IND: 0xFE
02-23 12:47:12.510  1474 26959 D vendor.qti.bluetooth@1.0-ibs_handler: SerialClockVote: vote for UART CLK OFF
02-23 12:47:12.515  1502  1502 E ANDR-PERF-MPCTL: Active req limit reached, No optimizations performed
02-23 12:47:12.634  1545  1698 D BatteryChargeControl: bcc get no support from charging protocol
02-23 12:47:12.660  1474 26943 D vendor.qti.bluetooth@1.0-wake_lock: Release wakelock is released 
02-23 12:47:12.905  1474 26959 I vendor.qti.bluetooth@1.0-ibs_handler: ProcessIbsCmd: Received IBS_WAKE_IND: 0xFD
02-23 12:47:12.905  1474 26959 D vendor.qti.bluetooth@1.0-ibs_handler: SerialClockVote: vote for UART CLK ON
02-23 12:47:12.907  1474 26959 D vendor.qti.bluetooth@1.0-wake_lock: Acquire wakelock is acquired 
02-23 12:47:12.908  1474 26959 I vendor.qti.bluetooth@1.0-ibs_handler: ProcessIbsCmd: Writing IBS_WAKE_ACK
02-23 12:47:12.910 26895 26931 W bluetooth: [hci_layer.cc:617] on_vs_event: Unhandled vendor specific event of type BQR_EVENT(0x58)
02-23 12:47:12.922  2028  3514 D WifiStaIfaceHidlImpl: getCachedScanData is not implemented by HIDL
02-23 12:47:12.937 18823 18823 I wpa_supplicant: wlan0: command[CURRENT_RSSI -78], reply:SUCCESS
02-23 12:47:12.939  4441  4441 D VendorWifiService: onEvent event:9,action:1
02-23 12:47:12.940  2028  3615 D OplusWifiPower_TriggerCenter: mComponentCallback: wifistat
02-23 12:47:12.949  1474 26959 I vendor.qti.bluetooth@1.0-ibs_handler: ProcessIbsCmd: Received IBS_SLEEP_IND: 0xFE
02-23 12:47:12.949  1474 26959 D vendor.qti.bluetooth@1.0-ibs_handler: SerialClockVote: vote for UART CLK OFF
02-23 12:47:13.100  1474 26943 D vendor.qti.bluetooth@1.0-wake_lock: Release wakelock is released 
02-23 12:47:13.225  1474 26959 I vendor.qti.bluetooth@1.0-ibs_handler: ProcessIbsCmd: Received IBS_WAKE_IND: 0xFD
02-23 12:47:13.225  1474 26959 D vendor.qti.bluetooth@1.0-ibs_handler: SerialClockVote: vote for UART CLK ON
02-23 12:47:13.227  1474 26959 D vendor.qti.bluetooth@1.0-wake_lock: Acquire wakelock is acquired 
02-23 12:47:13.227  1474 26959 I vendor.qti.bluetooth@1.0-ibs_handler: ProcessIbsCmd: Writing IBS_WAKE_ACK
02-23 12:47:13.268  1474 26959 I vendor.qti.bluetooth@1.0-ibs_handler: ProcessIbsCmd: Received IBS_SLEEP_IND: 0xFE
02-23 12:47:13.269  1474 26959 D vendor.qti.bluetooth@1.0-ibs_handler: SerialClockVote: vote for UART CLK OFF
02-23 12:47:13.270  1502  1502 E ANDR-PERF-MPCTL: Active req limit reached, No optimizations performed
02-23 12:47:13.304  1474 26959 I vendor.qti.bluetooth@1.0-ibs_handler: ProcessIbsCmd: Received IBS_WAKE_IND: 0xFD
02-23 12:47:13.304  1474 26959 D vendor.qti.bluetooth@1.0-ibs_handler: SerialClockVote: vote for UART CLK ON
02-23 12:47:13.304  1474 26959 I vendor.qti.bluetooth@1.0-ibs_handler: ProcessIbsCmd: Writing IBS_WAKE_ACK
02-23 12:47:13.345  1474 26959 I vendor.qti.bluetooth@1.0-ibs_handler: ProcessIbsCmd: Received IBS_SLEEP_IND: 0xFE
02-23 12:47:13.346  1474 26959 D vendor.qti.bluetooth@1.0-ibs_handler: SerialClockVote: vote for UART CLK OFF
02-23 12:47:13.496  1474 26943 D vendor.qti.bluetooth@1.0-wake_lock: Release wakelock is released 
02-23 12:47:13.638  1545  1698 D BatteryChargeControl: bcc get no support from charging protocol
02-23 12:47:13.949  1474 26959 I vendor.qti.bluetooth@1.0-ibs_handler: ProcessIbsCmd: Received IBS_WAKE_IND: 0xFD
02-23 12:47:13.949  1474 26959 D vendor.qti.bluetooth@1.0-ibs_handler: SerialClockVote: vote for UART CLK ON
02-23 12:47:13.951  1474 26959 D vendor.qti.bluetooth@1.0-wake_lock: Acquire wakelock is acquired 
02-23 12:47:13.951  1474 26959 I vendor.qti.bluetooth@1.0-ibs_handler: ProcessIbsCmd: Writing IBS_WAKE_ACK
02-23 12:47:13.993  1474 26959 I vendor.qti.bluetooth@1.0-ibs_handler: ProcessIbsCmd: Received IBS_SLEEP_IND: 0xFE
02-23 12:47:13.993  1474 26959 D vendor.qti.bluetooth@1.0-ibs_handler: SerialClockVote: vote for UART CLK OFF
02-23 12:47:14.037  1474 26959 I vendor.qti.bluetooth@1.0-ibs_handler: ProcessIbsCmd: Received IBS_WAKE_IND: 0xFD
02-23 12:47:14.037  1474 26959 D vendor.qti.bluetooth@1.0-ibs_handler: SerialClockVote: vote for UART CLK ON
02-23 12:47:14.037  1474 26959 I vendor.qti.bluetooth@1.0-ibs_handler: ProcessIbsCmd: Writing IBS_WAKE_ACK
02-23 12:47:14.078  1474 26959 I vendor.qti.bluetooth@1.0-ibs_handler: ProcessIbsCmd: Received IBS_SLEEP_IND: 0xFE
02-23 12:47:14.079  1474 26959 D vendor.qti.bluetooth@1.0-ibs_handler: SerialClockVote: vote for UART CLK OFF
02-23 12:47:14.229  1474 26943 D vendor.qti.bluetooth@1.0-wake_lock: Release wakelock is released 
02-23 12:47:14.392  1495 11693 I WifiHAL : event received NL80211_CMD_VENDOR, vendor_id = 0x1374, subcmd = 0xd
02-23 12:47:14.395  8565  8720 W SQLiteConnectionPool: The connection pool for database '/data/user/0/com.microsoft.appmanager/databases/AriaStorage.db' has been unable to grant a connection to thread 795 (Aria-Stats-thread-1) with flags 0x2 for 3963.2031 seconds.
02-23 12:47:14.395  8565  8720 W SQLiteConnectionPool: Connections: 0 active, 1 idle, 0 available.
02-23 12:47:14.452  3013 28397 D CustomLogManagerService: WorkHandler msg.what :5
02-23 12:47:14.459  3013 28397 D CustomLogManagerService: curTemp:340 limit:390
02-23 12:47:14.459  3013 28397 D CustomLogManagerService: checkUploadStatus: isSceenOn=true activeNetType=1 isCharging=true isUploading:false temperatureLimit:false
02-23 12:47:14.460  3013 28397 D CustomLogManagerService: sys.log.customer=false
02-23 12:47:14.460  3013 28397 D CustomLogManagerService: isHaveCustomLogCollecting :false
02-23 12:47:14.510  1545  1663 D vendor.oplus.hardware.charger-V6-service: ret_value:128, read content:,348,347,4211,4211,-312,500,2200,79,82,1,4,-1,4983,82,1,0,1,1,0,0,4425,0,6,0,6,0,0,0,340,0,1,1,0,0,61,61,61,0,0,0,0,0,0,0,0,0,0
02-23 12:47:14.511  1545  1663 D vendor.oplus.hardware.charger-V6-service: gmtime: 2026-02-23-12-47-14
02-23 12:47:14.512  1545  1663 D vendor.oplus.hardware.charger-V6-service: usb_online:1, ac_online:0, wireless_online:-2147483648
02-23 12:47:14.585  1474 26959 I vendor.qti.bluetooth@1.0-ibs_handler: ProcessIbsCmd: Received IBS_WAKE_IND: 0xFD
02-23 12:47:14.585  1474 26959 D vendor.qti.bluetooth@1.0-ibs_handler: SerialClockVote: vote for UART CLK ON
02-23 12:47:14.588  1474 26959 D vendor.qti.bluetooth@1.0-wake_lock: Acquire wakelock is acquired 
02-23 12:47:14.588  1474 26959 I vendor.qti.bluetooth@1.0-ibs_handler: ProcessIbsCmd: Writing IBS_WAKE_ACK
02-23 12:47:14.630  1474 26959 I vendor.qti.bluetooth@1.0-ibs_handler: ProcessIbsCmd: Received IBS_SLEEP_IND: 0xFE
02-23 12:47:14.630  1474 26959 D vendor.qti.bluetooth@1.0-ibs_handler: SerialClockVote: vote for UART CLK OFF
02-23 12:47:14.641  1545  1698 D BatteryChargeControl: bcc get no support from charging protocol
02-23 12:47:14.673  1474 26959 I vendor.qti.bluetooth@1.0-ibs_handler: ProcessIbsCmd: Received IBS_WAKE_IND: 0xFD
02-23 12:47:14.673  1474 26959 D vendor.qti.bluetooth@1.0-ibs_handler: SerialClockVote: vote for UART CLK ON
02-23 12:47:14.673  1474 26959 I vendor.qti.bluetooth@1.0-ibs_handler: ProcessIbsCmd: Writing IBS_WAKE_ACK
02-23 12:47:14.692  9129 14605 I NearbyMediums: No BLE Fast/GATT advertisements found in the latest cycle.
02-23 12:47:14.692  9129 14605 I NearbyMediums: Current Tracked Scanning Clients are : {NearbyConnections.EnvironmentMonitor, NearbySharing}
02-23 12:47:14.715  1474 26959 I vendor.qti.bluetooth@1.0-ibs_handler: ProcessIbsCmd: Received IBS_SLEEP_IND: 0xFE
02-23 12:47:14.715  1474 26959 D vendor.qti.bluetooth@1.0-ibs_handler: SerialClockVote: vote for UART CLK OFF
02-23 12:47:14.865  1474 26943 D vendor.qti.bluetooth@1.0-wake_lock: Release wakelock is released 
02-23 12:47:14.952  2028  3514 D WifiStaIfaceHidlImpl: getCachedScanData is not implemented by HIDL
02-23 12:47:14.983  3826  3940 D WifiStatusTracker: mNetworkCallback onCapabilitiesChanged network:289 mPrimaryNetworkId:289
02-23 12:47:14.983  4441  4441 D VendorWifiService: onEvent event:9,action:1
02-23 12:47:14.986  4441  4620 D SubsysEventListenerManager: onCapabilitiesChanged
02-23 12:47:14.986  4441  4620 D DataStateTracker: getCurDataChannel, channel:1
02-23 12:47:14.986  3826  4011 D WifiPickerTracker: handleNetworkCapabilitiesChanged network:289
02-23 12:47:14.989  3826  3940 D WifiStatusTracker: mNetworkCallback onCapabilitiesChanged network:289 mPrimaryNetworkId:289
02-23 12:47:14.990  9129  9237 I NullBinder: NullBinder for android.net.action.RECOMMEND_NETWORKS triggering remote TransactionTooLargeException due to Service without Chimera impl, calling uid: 1000, calling pid: 0
02-23 12:47:14.990  2028  3653 D OplusSlaNetworkManager: isPrimaryWifi:true network:289
02-23 12:47:14.990  9129  9237 W .gms.persistent: Large reply transaction of 2113536 bytes, interface descriptor , code 1
02-23 12:47:14.992  2028  3615 D SystemNetworkObserver: wifi network 289 nc changed, primary=true
02-23 12:47:14.992  2028  3615 D SystemNetworkObserver: default network nc changed 289
02-23 12:47:14.995  3826  3940 I SystemUi--Statusbar: NetworkController.WifiSignalController-->handleStatusUpdated state=3 enabled=true connected=true isDefaultNetwork=true rssi=-81 level=2 statusLabel=null isDirty=false
02-23 12:47:14.995  9129  9237 I NullBinder: NullBinder for android.net.action.RECOMMEND_NETWORKS triggering remote TransactionTooLargeException due to Service without Chimera impl, calling uid: 1000, calling pid: 0
02-23 12:47:14.995  9129  9237 W .gms.persistent: Large reply transaction of 2113536 bytes, interface descriptor , code 1
02-23 12:47:14.996  3826  3940 I SystemUi--Statusbar: NetworkController.WifiSignalController-->handleStatusUpdated state=3 enabled=true connected=true isDefaultNetwork=true rssi=-81 level=2 statusLabel=null isDirty=false
02-23 12:47:14.996  3826  3940 I SystemUi--Statusbar: NetworkController.WifiSignalController-->handleStatusUpdated state=3 enabled=true connected=true isDefaultNetwork=true rssi=-81 level=2 statusLabel=null isDirty=false
02-23 12:47:14.997  9129  9237 I NullBinder: NullBinder for android.net.action.RECOMMEND_NETWORKS triggering remote TransactionTooLargeException due to Service without Chimera impl, calling uid: 1000, calling pid: 0
02-23 12:47:14.997  9129  9237 W .gms.persistent: Large reply transaction of 2113536 bytes, interface descriptor , code 1
02-23 12:47:15.000 10211 10375 I CardConfig.RxNetworkMonitor: onNetworkStateChange, current:true, last:true
02-23 12:47:15.001  9129  9237 I NullBinder: NullBinder for android.net.action.RECOMMEND_NETWORKS triggering remote TransactionTooLargeException due to Service without Chimera impl, calling uid: 1000, calling pid: 0
02-23 12:47:15.001  9129  9237 W .gms.persistent: Large reply transaction of 2113536 bytes, interface descriptor , code 1
02-23 12:47:15.004  9050  9092 I BugleRcsEngine: handleMessage processing message:[NOTIFY_UPTIME_IGNORE_STATE_CHANGED] with [non-null]:RcsEngineImpl reference [CONTEXT log_prefix="RcsEngineImpl[DUAL_REG]:[84532c06-c402]>Handler" thread_id=759 ]
02-23 12:47:15.005  9050  9082 I BugleRcsEngine: Connected state: [1], networkType: [WIFI] [CONTEXT thread_id=752 ]
02-23 12:47:15.005  3826  4011 I WifiPickerTracker: wifi connected status realConnectedWifiEntry not null: true
02-23 12:47:15.008  1502  1502 E ANDR-PERF-MPCTL: Active req limit reached, No optimizations performed
02-23 12:47:15.010  9050  9092 I BugleRcsEngine: Rcs is enabled from user settings: true [CONTEXT log_prefix="ProvisioningEngineDataRetriever" thread_id=759 ]
02-23 12:47:15.437  1474 26959 I vendor.qti.bluetooth@1.0-ibs_handler: ProcessIbsCmd: Received IBS_WAKE_IND: 0xFD
02-23 12:47:15.437  1474 26959 D vendor.qti.bluetooth@1.0-ibs_handler: SerialClockVote: vote for UART CLK ON
02-23 12:47:15.440  1474 26959 D vendor.qti.bluetooth@1.0-wake_lock: Acquire wakelock is acquired 
02-23 12:47:15.440  1474 26959 I vendor.qti.bluetooth@1.0-ibs_handler: ProcessIbsCmd: Writing IBS_WAKE_ACK
02-23 12:47:15.482  1474 26959 I vendor.qti.bluetooth@1.0-ibs_handler: ProcessIbsCmd: Received IBS_SLEEP_IND: 0xFE
02-23 12:47:15.482  1474 26959 D vendor.qti.bluetooth@1.0-ibs_handler: SerialClockVote: vote for UART CLK OFF
02-23 12:47:15.502  9129 14605 I NearbySharing: Network state changed: NetworkState(isRestricted=false, isOnline=true, isCongested=false, isMetered=false, isWifiConnected=true)
02-23 12:47:15.518  1474 26959 I vendor.qti.bluetooth@1.0-ibs_handler: ProcessIbsCmd: Received IBS_WAKE_IND: 0xFD
02-23 12:47:15.518  1474 26959 D vendor.qti.bluetooth@1.0-ibs_handler: SerialClockVote: vote for UART CLK ON
02-23 12:47:15.519  1474 26959 I vendor.qti.bluetooth@1.0-ibs_handler: ProcessIbsCmd: Writing IBS_WAKE_ACK
02-23 12:47:15.560  1474 26959 I vendor.qti.bluetooth@1.0-ibs_handler: ProcessIbsCmd: Received IBS_SLEEP_IND: 0xFE
02-23 12:47:15.560  1474 26959 D vendor.qti.bluetooth@1.0-ibs_handler: SerialClockVote: vote for UART CLK OFF
02-23 12:47:15.644  1545  1698 D BatteryChargeControl: bcc get no support from charging protocol
02-23 12:47:15.711  1474 26943 D vendor.qti.bluetooth@1.0-wake_lock: Release wakelock is released 
02-23 12:47:15.726  1502  1502 E ANDR-PERF-MPCTL: Active req limit reached, No optimizations performed
02-23 12:47:16.181  1474 26959 I vendor.qti.bluetooth@1.0-ibs_handler: ProcessIbsCmd: Received IBS_WAKE_IND: 0xFD
02-23 12:47:16.181  1474 26959 D vendor.qti.bluetooth@1.0-ibs_handler: SerialClockVote: vote for UART CLK ON
02-23 12:47:16.183  1474 26959 D vendor.qti.bluetooth@1.0-wake_lock: Acquire wakelock is acquired 
02-23 12:47:16.183  1474 26959 I vendor.qti.bluetooth@1.0-ibs_handler: ProcessIbsCmd: Writing IBS_WAKE_ACK
02-23 12:47:16.225  1474 26959 I vendor.qti.bluetooth@1.0-ibs_handler: ProcessIbsCmd: Received IBS_SLEEP_IND: 0xFE
02-23 12:47:16.225  1474 26959 D vendor.qti.bluetooth@1.0-ibs_handler: SerialClockVote: vote for UART CLK OFF
02-23 12:47:16.376  1474 26943 D vendor.qti.bluetooth@1.0-wake_lock: Release wakelock is released 
02-23 12:47:16.393  1495 11693 I WifiHAL : event received NL80211_CMD_VENDOR, vendor_id = 0x1374, subcmd = 0xd
02-23 12:47:16.481  3826  3940 I SystemUi--Statusbar: OplusNetworkSpeedControllExImpl-->updateNetworkSpeed: isConnected:true,isSwitchOn:true
02-23 12:47:16.485  3826  3940 I SystemUi--Statusbar: OplusNetworkSpeedControllExImpl-->getTotalByte: totalRxBytes:22791390307,totalTxBytes:3611063215,loopbackTxBytes:2816519,loopbackRxBytes:2691599 ,totalBytes:26396945404
02-23 12:47:16.527  1502  1502 E ANDR-PERF-MPCTL: Active req limit reached, No optimizations performed
02-23 12:47:16.647  1545  1698 D BatteryChargeControl: bcc get no support from charging protocol
02-23 12:47:16.916  1474 26959 I vendor.qti.bluetooth@1.0-ibs_handler: ProcessIbsCmd: Received IBS_WAKE_IND: 0xFD
02-23 12:47:16.916  1474 26959 D vendor.qti.bluetooth@1.0-ibs_handler: SerialClockVote: vote for UART CLK ON
02-23 12:47:16.918  1474 26959 D vendor.qti.bluetooth@1.0-wake_lock: Acquire wakelock is acquired 
02-23 12:47:16.918  1474 26959 I vendor.qti.bluetooth@1.0-ibs_handler: ProcessIbsCmd: Writing IBS_WAKE_ACK
02-23 12:47:16.959  1474 26959 I vendor.qti.bluetooth@1.0-ibs_handler: ProcessIbsCmd: Received IBS_SLEEP_IND: 0xFE
02-23 12:47:16.960  1474 26959 D vendor.qti.bluetooth@1.0-ibs_handler: SerialClockVote: vote for UART CLK OFF
02-23 12:47:16.995  2028  3514 D WifiStaIfaceHidlImpl: getCachedScanData is not implemented by HIDL
02-23 12:47:17.010  2028  3615 D OplusWifiPower_TriggerCenter: mComponentCallback: wifistat
02-23 12:47:17.011  4441  4441 D VendorWifiService: onEvent event:9,action:1
02-23 12:47:17.038  1502  1502 E ANDR-PERF-MPCTL: Active req limit reached, No optimizations performed
02-23 12:47:17.050  1545  1545 D vendor.oplus.hardware.charger-V6-service: get_ui_charge_icon_type 0 0 0 0 0
02-23 12:47:17.052  1545  1545 D vendor.oplus.hardware.charger-V6-service: oplus_chg_get_cpa_power 2500 charge_online 1 retention_topic 0
02-23 12:47:17.091  7051  1246 D ShellSubscriberWorkerThread: the first 8 bytes empty, and RestData length > 8 
02-23 12:47:17.110  1474 26943 D vendor.qti.bluetooth@1.0-wake_lock: Release wakelock is released 
02-23 12:47:17.551  1474 26959 I vendor.qti.bluetooth@1.0-ibs_handler: ProcessIbsCmd: Received IBS_WAKE_IND: 0xFD
02-23 12:47:17.552  1474 26959 D vendor.qti.bluetooth@1.0-ibs_handler: SerialClockVote: vote for UART CLK ON
02-23 12:47:17.553  1474 26959 D vendor.qti.bluetooth@1.0-wake_lock: Acquire wakelock is acquired 
02-23 12:47:17.553  1474 26959 I vendor.qti.bluetooth@1.0-ibs_handler: ProcessIbsCmd: Writing IBS_WAKE_ACK
02-23 12:47:17.595  1474 26959 I vendor.qti.bluetooth@1.0-ibs_handler: ProcessIbsCmd: Received IBS_SLEEP_IND: 0xFE
02-23 12:47:17.595  1474 26959 D vendor.qti.bluetooth@1.0-ibs_handler: SerialClockVote: vote for UART CLK OFF
02-23 12:47:17.624  1474 26959 I vendor.qti.bluetooth@1.0-ibs_handler: ProcessIbsCmd: Received IBS_WAKE_IND: 0xFD
02-23 12:47:17.625  1474 26959 D vendor.qti.bluetooth@1.0-ibs_handler: SerialClockVote: vote for UART CLK ON
02-23 12:47:17.625  1474 26959 I vendor.qti.bluetooth@1.0-ibs_handler: ProcessIbsCmd: Writing IBS_WAKE_ACK
02-23 12:47:17.649  1545  1698 D BatteryChargeControl: bcc get no support from charging protocol
02-23 12:47:17.666  1474 26959 I vendor.qti.bluetooth@1.0-ibs_handler: ProcessIbsCmd: Received IBS_SLEEP_IND: 0xFE
02-23 12:47:17.666  1474 26959 D vendor.qti.bluetooth@1.0-ibs_handler: SerialClockVote: vote for UART CLK OFF
02-23 12:47:17.776  1502  1502 E ANDR-PERF-MPCTL: Active req limit reached, No optimizations performed
02-23 12:47:17.816  1474 26943 D vendor.qti.bluetooth@1.0-wake_lock: Release wakelock is released 
02-23 12:47:18.382  1474 26959 I vendor.qti.bluetooth@1.0-ibs_handler: ProcessIbsCmd: Received IBS_WAKE_IND: 0xFD
02-23 12:47:18.382  1474 26959 D vendor.qti.bluetooth@1.0-ibs_handler: SerialClockVote: vote for UART CLK ON
02-23 12:47:18.385  1474 26959 D vendor.qti.bluetooth@1.0-wake_lock: Acquire wakelock is acquired 
02-23 12:47:18.385  1474 26959 I vendor.qti.bluetooth@1.0-ibs_handler: ProcessIbsCmd: Writing IBS_WAKE_ACK
02-23 12:47:18.397  1495 11693 I WifiHAL : event received NL80211_CMD_VENDOR, vendor_id = 0x1374, subcmd = 0xd
02-23 12:47:18.426  1474 26959 I vendor.qti.bluetooth@1.0-ibs_handler: ProcessIbsCmd: Received IBS_SLEEP_IND: 0xFE
02-23 12:47:18.427  1474 26959 D vendor.qti.bluetooth@1.0-ibs_handler: SerialClockVote: vote for UART CLK OFF
02-23 12:47:18.566  1545  1545 D vendor.oplus.hardware.charger-V6-service: get_ui_charge_icon_type 0 0 0 0 0
02-23 12:47:18.567  1545  1545 D vendor.oplus.hardware.charger-V6-service: oplus_chg_get_cpa_power 2500 charge_online 1 retention_topic 0
02-23 12:47:18.577  1474 26943 D vendor.qti.bluetooth@1.0-wake_lock: Release wakelock is released 
02-23 12:47:18.578  3826  3826 I SystemUi--Statusbar: BatteryControllerExt-->updateBatteryChangeIntent():broadcast=android.intent.action.BATTERY_CHANGED,level=82,scale=100
02-23 12:47:18.579  3826  3826 I SystemUi--Statusbar: BatteryRepository-->level: 82 -- isSavingMode: false
02-23 12:47:18.581  2028  2928 D OplusDisplayBrightnessBroadcastReceiver: onReceive action = android.intent.action.BATTERY_CHANGED , listeners = [com.android.server.display.OplusFeatureHDREnhanceBrightness$PhoneInfoReceiver@780cd78, com.android.server.display.OplusFeatureEdrEnhanceBrightness$PhoneInfoReceiver@3423c51]
02-23 12:47:18.583  4441  4441 D SubsysBroadcastManager: onReceive action:android.intent.action.BATTERY_CHANGED
02-23 12:47:18.585  4291  4291 D DeviceStatisticsService: onReceive: action= android.intent.action.BATTERY_CHANGED
02-23 12:47:18.586  4291  4291 D DeviceInfoHidlClient: isRadioOn()=true
02-23 12:47:18.586  4291  4291 I DeviceInfoHidlClient: isPowerInfoNeverSent=false batteryLevel=82 batteryLevelIndex=3 chargingMode=2 totalCapacity=4008500 powerSaveMode=false
02-23 12:47:18.589  3013  3013 D CustomLogManagerService: onReceive android.intent.action.BATTERY_CHANGED
02-23 12:47:18.589  7318  8179 I DeepThinkerSDK: [APP] ClientConnection: getDeepThinkerBridge start
02-23 12:47:18.590  7318  8179 I DeepThinkerSDK: [APP] ClientConnection: getDeepThinkerBridge end
02-23 12:47:18.590  7318  8179 I DeepThinkerSDK: [APP] UserDomainManager: businessId : 401 threshold : 0.6 learnPeriod:30
02-23 12:47:18.591  7318  8179 I DeepThinkerSDK: [APP] UserDomainManager: PerformanceOfLongCharging{probabilityOfLocation=0.0, probabilityOfApps=0.0, probabilityOfTime=0.0, probabilityOfTotal=0.0, duration=0}
02-23 12:47:18.592  7318  8185 E Battery : ChargeProtectionUtils: mCanlendarTmp.isEmpty()!
02-23 12:47:18.652  1545  1698 D BatteryChargeControl: bcc get no support from charging protocol
02-23 12:47:18.788  4153 25296 D IpClient/wlan0: interfaceLinkStateChanged: ifindex 24 up
02-23 12:47:18.906  1474 26959 I vendor.qti.bluetooth@1.0-ibs_handler: ProcessIbsCmd: Received IBS_WAKE_IND: 0xFD
02-23 12:47:18.906  1474 26959 D vendor.qti.bluetooth@1.0-ibs_handler: SerialClockVote: vote for UART CLK ON
02-23 12:47:18.909  1474 26959 D vendor.qti.bluetooth@1.0-wake_lock: Acquire wakelock is acquired 
02-23 12:47:18.909  1474 26959 I vendor.qti.bluetooth@1.0-ibs_handler: ProcessIbsCmd: Writing IBS_WAKE_ACK
02-23 12:47:18.912 26895 26931 W bluetooth: [hci_layer.cc:617] on_vs_event: Unhandled vendor specific event of type BQR_EVENT(0x58)
02-23 12:47:18.950  1474 26959 I vendor.qti.bluetooth@1.0-ibs_handler: ProcessIbsCmd: Received IBS_SLEEP_IND: 0xFE
02-23 12:47:18.950  1474 26959 D vendor.qti.bluetooth@1.0-ibs_handler: SerialClockVote: vote for UART CLK OFF
02-23 12:47:19.023  2028  3514 D WifiStaIfaceHidlImpl: getCachedScanData is not implemented by HIDL
02-23 12:47:19.038  2028  3653 D OplusGameFirstManager: oldAverRssi=-76,rssi=-73,newAverRssi=-75
02-23 12:47:19.043  4321  4321 I QImsService: OplusWifiApmStateMgr : onReceive,wifiSignal: -73
02-23 12:47:19.044  4285  5726 D QCNEJ/WlanStaInfoRelay: Received action: android.net.wifi.RSSI_CHANGED
02-23 12:47:19.047  3826  3940 D WifiStatusTracker: mNetworkCallback onCapabilitiesChanged network:289 mPrimaryNetworkId:289
02-23 12:47:19.050  4441  4441 D VendorWifiService: onEvent event:9,action:1
02-23 12:47:19.050  4441  4620 D SubsysEventListenerManager: onCapabilitiesChanged
02-23 12:47:19.050  4441  4620 D DataStateTracker: getCurDataChannel, channel:1
02-23 12:47:19.053  3826  3940 D WifiStatusTracker: mNetworkCallback onCapabilitiesChanged network:289 mPrimaryNetworkId:289
02-23 12:47:19.054  3826  4011 D WifiPickerTracker: handleNetworkCapabilitiesChanged network:289
02-23 12:47:19.055  2028  3615 D SystemNetworkObserver: wifi network 289 nc changed, primary=true
02-23 12:47:19.056  2028  3615 D SystemNetworkObserver: default network nc changed 289
02-23 12:47:19.056  2028  3653 D OplusSlaNetworkManager: isPrimaryWifi:true network:289
02-23 12:47:19.059  3826  4011 I WifiPickerTracker: wifi connected status realConnectedWifiEntry not null: true
02-23 12:47:19.061  9129  9343 I NullBinder: NullBinder for android.net.action.RECOMMEND_NETWORKS triggering remote TransactionTooLargeException due to Service without Chimera impl, calling uid: 1000, calling pid: 0
02-23 12:47:19.061  9129  9343 W .gms.persistent: Large reply transaction of 2113536 bytes, interface descriptor , code 1
02-23 12:47:19.064  9129  9343 I NullBinder: NullBinder for android.net.action.RECOMMEND_NETWORKS triggering remote TransactionTooLargeException due to Service without Chimera impl, calling uid: 1000, calling pid: 0
02-23 12:47:19.064  9129  9343 W .gms.persistent: Large reply transaction of 2113536 bytes, interface descriptor , code 1
02-23 12:47:19.065 10211 10375 I CardConfig.RxNetworkMonitor: onNetworkStateChange, current:true, last:true
02-23 12:47:19.066  9129  9343 I NullBinder: NullBinder for android.net.action.RECOMMEND_NETWORKS triggering remote TransactionTooLargeException due to Service without Chimera impl, calling uid: 1000, calling pid: 0
02-23 12:47:19.066  9129  9343 W .gms.persistent: Large reply transaction of 2113536 bytes, interface descriptor , code 1
02-23 12:47:19.068  3826  3826 I SystemUi--Statusbar: WifiViewModel-->wifiIcon icon:Wi-Fi three bars. isDefault:true alwaysShowIconIfEnabled:false
02-23 12:47:19.068  9129  9342 I NullBinder: NullBinder for android.net.action.RECOMMEND_NETWORKS triggering remote TransactionTooLargeException due to Service without Chimera impl, calling uid: 1000, calling pid: 0
02-23 12:47:19.069  9129  9342 W .gms.persistent: Large reply transaction of 2113536 bytes, interface descriptor , code 1
02-23 12:47:19.069  3826  3940 I SystemUi--Statusbar: NetworkController.WifiSignalController-->handleStatusUpdated state=3 enabled=true connected=true isDefaultNetwork=true rssi=-73 level=3 statusLabel=null isDirty=false
02-23 12:47:19.069  3826  3940 I SystemUi--Statusbar: NetworkController.WifiSignalController-->handleStatusUpdated state=3 enabled=true connected=true isDefaultNetwork=true rssi=-73 level=3 statusLabel=null isDirty=false
02-23 12:47:19.069  3826  3940 I SystemUi--Statusbar: NetworkController.WifiSignalController-->handleStatusUpdated state=3 enabled=true connected=true isDefaultNetwork=true rssi=-73 level=3 statusLabel=null isDirty=false
02-23 12:47:19.069  9050  9082 I BugleRcsEngine: Connected state: [1], networkType: [WIFI] [CONTEXT thread_id=752 ]
02-23 12:47:19.070  9050  9092 I BugleRcsEngine: handleMessage processing message:[NOTIFY_UPTIME_IGNORE_STATE_CHANGED] with [non-null]:RcsEngineImpl reference [CONTEXT log_prefix="RcsEngineImpl[DUAL_REG]:[84532c06-c402]>Handler" thread_id=759 ]
02-23 12:47:19.077  1502  1502 E ANDR-PERF-MPCTL: Active req limit reached, No optimizations performed
02-23 12:47:19.079  9050  9092 I BugleRcsEngine: Rcs is enabled from user settings: true [CONTEXT log_prefix="ProvisioningEngineDataRetriever" thread_id=759 ]
02-23 12:47:19.086  1474 26959 I vendor.qti.bluetooth@1.0-ibs_handler: ProcessIbsCmd: Received IBS_WAKE_IND: 0xFD
02-23 12:47:19.086  1474 26959 D vendor.qti.bluetooth@1.0-ibs_handler: SerialClockVote: vote for UART CLK ON
