02-23 12:51:04.507  2028  7228 D ConnectivityService: requestNetwork for uid/pid:10241/25551 activeRequest: null callbackRequest: 56884 [NetworkRequest [ REQUEST id=56885, [ Capabilities: INTERNET&NOT_RESTRICTED&TRUSTED&NOT_VCN_MANAGED&NOT_BANDWIDTH_CONSTRAINED Uid: 10241 RequestorUid: 10241 RequestorPkg: com.google.android.apps.photos UnderlyingNetworks: Null] ]] callback flags: 0 order: 2147483647 isUidTracked: false declaredMethods: AVAIL|LOST
02-23 12:51:04.513  2028  3514 D OemPaidWifiNetworkFactory: got request NetworkRequest [ REQUEST id=56885, [ Capabilities: INTERNET&NOT_RESTRICTED&TRUSTED&NOT_VCN_MANAGED&NOT_BANDWIDTH_CONSTRAINED Uid: 10241 RequestorUid: 10241 RequestorPkg: com.google.android.apps.photos UnderlyingNetworks: Null] ]
02-23 12:51:04.514  2028  3514 D MultiInternetWifiNetworkFactory: got request NetworkRequest [ REQUEST id=56885, [ Capabilities: INTERNET&NOT_RESTRICTED&TRUSTED&NOT_VCN_MANAGED&NOT_BANDWIDTH_CONSTRAINED Uid: 10241 RequestorUid: 10241 RequestorPkg: com.google.android.apps.photos UnderlyingNetworks: Null] ]
02-23 12:51:04.514  2028  3514 D WifiNetworkFactory: got request NetworkRequest [ REQUEST id=56885, [ Capabilities: INTERNET&NOT_RESTRICTED&TRUSTED&NOT_VCN_MANAGED&NOT_BANDWIDTH_CONSTRAINED Uid: 10241 RequestorUid: 10241 RequestorPkg: com.google.android.apps.photos UnderlyingNetworks: Null] ]
02-23 12:51:04.514  2028  3514 D UntrustedWifiNetworkFactory: got request NetworkRequest [ REQUEST id=56885, [ Capabilities: INTERNET&NOT_RESTRICTED&TRUSTED&NOT_VCN_MANAGED&NOT_BANDWIDTH_CONSTRAINED Uid: 10241 RequestorUid: 10241 RequestorPkg: com.google.android.apps.photos UnderlyingNetworks: Null] ]
02-23 12:51:04.516  2028  3521 D ConnectivityService: NetReassign [56885 : null ΓåÆ 289] [c 0] [a 1] [i 7]
02-23 12:51:04.522 25551 25626 I oplus.android.OplusFrameworkFactoryImpl: Unknow feature:IOplusTextViewRTLUtilForUG
02-23 12:51:04.526 25551 25626 D nativeloader: Load liboplushwui_jni.so using system ns (caller=/system/framework/oplus-framework.jar): ok
02-23 12:51:04.554 25551 25626 E OplusCustomizeRestrictionManager: sInstance is null, start a new sInstance
02-23 12:51:04.601  1545  1646 D vendor.oplus.hardware.charger-V6-service: parallel fold conf file parse fail parallel_fold_state 2
02-23 12:51:04.601  1545  1646 D vendor.oplus.hardware.charger-V6-service: scale_chg Start!!!
02-23 12:51:04.603  1545  1646 D vendor.oplus.hardware.charger-V6-service: [0, 0, 3]
02-23 12:51:04.604  1545  1646 D vendor.oplus.hardware.charger-V6-service: [0, 2, 8]
02-23 12:51:04.605  1545  1646 D vendor.oplus.hardware.charger-V6-service: [0, 1, 4]
02-23 12:51:04.606  1545  1646 D vendor.oplus.hardware.charger-V6-service: [0, 3, 3]
02-23 12:51:04.607  1545  1646 D vendor.oplus.hardware.charger-V6-service: [0, 4, 3]
02-23 12:51:04.607  1545  1646 D vendor.oplus.hardware.charger-V6-service: [0, 5, 4]
02-23 12:51:04.608  1545  1646 D vendor.oplus.hardware.charger-V6-service: [0, 6, 0]
02-23 12:51:04.608  1545  1646 D vendor.oplus.hardware.charger-V6-service: scale_chg Start!!!
02-23 12:51:04.609  1545  1646 D vendor.oplus.hardware.charger-V6-service: [0, 0, 3]
02-23 12:51:04.609  1545  1646 D vendor.oplus.hardware.charger-V6-service: [0, 2, 8]
02-23 12:51:04.610  1545  1646 D vendor.oplus.hardware.charger-V6-service: [0, 1, 4]
02-23 12:51:04.611  1545  1646 D vendor.oplus.hardware.charger-V6-service: [0, 3, 3]
02-23 12:51:04.611  1545  1646 D vendor.oplus.hardware.charger-V6-service: [0, 4, 3]
02-23 12:51:04.612  1545  1646 D vendor.oplus.hardware.charger-V6-service: [0, 5, 4]
02-23 12:51:04.613  1545  1646 D vendor.oplus.hardware.charger-V6-service: [0, 6, 0]
02-23 12:51:04.619  1545  1663 D vendor.oplus.hardware.charger-V6-service: ret_value:128, read content:,346,340,4210,4210,-288,500,2200,79,82,1,4,-1,4983,82,0,0,1,1,0,0,4425,0,0,0,3,0,0,0,338,0,1,1,0,0,61,61,61,0,0,0,0,0,0,0,0,0,0
02-23 12:51:04.620  1545  1663 D vendor.oplus.hardware.charger-V6-service: gmtime: 2026-02-23-12-51-04
02-23 12:51:04.620  1545  1663 D vendor.oplus.hardware.charger-V6-service: usb_online:1, ac_online:0, wireless_online:-2147483648
02-23 12:51:04.728 25540 25593 I DMP-AsyncInitHelp: com.oplus.oss.initialization.j doAsyncInit init cost time : 434
02-23 12:51:04.728 25540 25593 I DMP-WorkNode: DA init finish: true
02-23 12:51:04.729 25540 25592 I DMP-ConfigManager: initExternalConfigs for:[com.oneplus.note#note, com.oneplus.note#attachment, com.oneplus.note#todo]
02-23 12:51:04.729 25540 25592 I DMP-ConfigUtils: determineIndexVersion, resource: settings determineIndexVersion, curVersion: 100
02-23 12:51:04.730 25540 25592 I DMP-ConfigUtils: determineIndexVersion, resource: file determineIndexVersion, curVersion: 100
02-23 12:51:04.730 25540 25592 I DMP-ConfigUtils: determineIndexVersion, resource: calendar determineIndexVersion, curVersion: 100
02-23 12:51:04.730 25540 25592 I DMP-ConfigUtils: determineIndexVersion, resource: localApp determineIndexVersion, curVersion: 100
02-23 12:51:04.730 25540 25592 W DMP-ConfigManager: initAllIndexVersion ignore:com.oneplus.note#note
02-23 12:51:04.730 25540 25592 W DMP-ConfigManager: initAllIndexVersion ignore:com.oneplus.note#attachment
02-23 12:51:04.730 25540 25592 W DMP-ConfigManager: initAllIndexVersion ignore:com.oneplus.note#todo
02-23 12:51:04.730 25540 25592 I DMP-IndexHelper: createCustomRebuildIndexTasks:351469206966651
02-23 12:51:04.730 25540 25592 I DMP-AsyncInitHelp: com.oplus.oss.initialization.g doAsyncInit init cost time : 2
02-23 12:51:04.730 25540 25592 I DMP-AppInitializer: onInitFinished:true
02-23 12:51:04.730 25540 25588 I DMP-AppInitializer: get app status success,when get status by waiting
02-23 12:51:04.730 25540 25588 I DMP-IndexProvider: Process index init succeed
02-23 12:51:04.731 25540 25592 I DMP-CrashChecker: onInitFinished
02-23 12:51:04.731 25540 25592 I DMP-FrozenHelper: deleteKeepRequest, no more quest
02-23 12:51:04.731 25540 25588 I DMP-Dispatcher: dispatchWork, method[onDelete], resource[null], extras[Bundle[{values=[1000336484, 1000336483], uri=***/file}]]
02-23 12:51:04.731 25540 25588 I DMP-Dispatcher: need clear all work
02-23 12:51:04.732 25540 25588 I DMP-WorkManagerFactory: cancel all workManager work
02-23 12:51:04.733 25540 25592 I DMP-WorkNode: BUSINESS init finish: true
02-23 12:51:04.733 25540 25588 I DMP-Dispatcher: clear all work done
02-23 12:51:04.744 25540 25588 I DMP-Dispatcher: dispatchToMultiResource, method: onDelete, extras: Bundle[{values=[1000336484, 1000336483], uri=***/file}]
02-23 12:51:04.744 25540 25588 I DMP-ConfigManager: initWorkConfig for resource: file
02-23 12:51:04.752 25540 25588 I DMP-ConfigManager: init default WorkConfig
02-23 12:51:04.754 25540 25588 W DMP-JsonFileReader: assetManager.list:14,15,version,fileName:WorkConfig.json
02-23 12:51:04.754 25540 25588 I DMP-WorkConfig: init, resource: dmp, ***/, fileName: WorkConfig.json failed, using default one
02-23 12:51:04.756 25540 25588 I DMP-ConfigManager: init default WorkConfig succeed
02-23 12:51:04.757  1495 11693 I WifiHAL : event received NL80211_CMD_VENDOR, vendor_id = 0x1374, subcmd = 0xd
02-23 12:51:04.758 25540 25588 I DMP-WorkConfig: init, resource: file, ***/, fileName: WorkConfig.json
02-23 12:51:04.761 25540 25588 I DMP-ConfigManager: initWorkConfig succeed: file
02-23 12:51:04.761 25540 25588 I DMP-PermissionUtil: isPermissionGranted, resource: file, basic: false
02-23 12:51:04.762 25540 25588 I DMP-PermissionUtil: MANAGE_EXTERNAL_STORAGE granted:true
02-23 12:51:04.762 25540 25588 I DMP-Dispatcher: create work Work{mWorkName=onDeleteWork, mWorkTerm=long, mReportId=false, mCreate=null, mEntry=Entry{mBatteryNotLow=false, mStorageNotLow=false, mCharging=false, mDeviceIdle=false}, mMoreBatch=null, mChained=false, mInitialDelay=0, mWorkOneTimeLimit=0} create:0
02-23 12:51:04.762 25540 25588 I DMP-Dispatcher: addWork, method[onDelete], resource[file], extras[Bundle[{values=[1000336484, 1000336483], uri=***/file}]]
02-23 12:51:04.765 25540 25588 I DMP-PowerUtils: isLowPower, battery:82, low power threshold:20
02-23 12:51:04.768 25540 25588 I DMP-AbstractWorkManager: createOneTimeWorkRequest for file, method: onDelete, workName: onDeleteWork done, workRequestId:8e6f637e-bfb7-4dda-af1f-4c43455c8c1b, expedited:false
02-23 12:51:04.769 25540 25588 I DMP-IndexEventDbHelper: DbHelper version:2
02-23 12:51:04.769 25540 25588 I DMP-IndexEventManager: addEvent:InternalIndexEvent{mEvent=onDelete, mEventTime=1771831264, mEventData=***, mEventDropReason=null, mResource=file, mWork=onDeleteWork, mWorkId=8e6f637e-bfb7-4dda-af1f-4c43455c8c1b, mWorkTime=null, mCursorSize=null, mResult=null}
02-23 12:51:04.769 25540 25588 I DMP-IndexEventManager: addInternalEvent:workId=8e6f637e-bfb7-4dda-af1f-4c43455c8c1b resource=file work=onDeleteWork eventData=[B@87af8e eventTime=1771831264 event=onDelete
02-23 12:51:04.793 25540 25593 I DMP-BuriedManager: submit, event is limited, event:BuriedModel=[LogTag=101, EventId=108, version=0.0.1, buildTime=2025-08-08 18:11:34, buildType=export-15.12.41_d94bbd5_250808-release, message={"workTags":"[costTotalTime, CONFIG, DA, COMPONENTS, BUSINESS]","workCostTimes":"[437, 140, 434, 41, 2]","bootReason":"indexCall","caller":"com.oplus.dmp"}], count:31
02-23 12:51:04.823  3826  3940 I SystemUi--Statusbar: OplusNetworkSpeedControllExImpl-->updateNetworkSpeed: isConnected:true,isSwitchOn:true
02-23 12:51:04.826  3826  3940 I SystemUi--Statusbar: OplusNetworkSpeedControllExImpl-->getTotalByte: totalRxBytes:22798656312,totalTxBytes:3611546045,loopbackTxBytes:2816519,loopbackRxBytes:2691599 ,totalBytes:26404694239
02-23 12:51:04.867  7313 19198 I PTC.DISC.AndroidMultiLanServer: Watcher sysNif=[wlan0], userNif=[wlan0 state=(LISTEN LEAVE(5199ED|31089)), ], clientNif=[wlan0 state=(LISTEN), ], tcpServer state=LISTEN, ipv4=**8.0.100
02-23 12:51:05.069 25540 25588 I DMP-IndexEventManager: addInternalEvent update:0
02-23 12:51:05.069 25540 25588 I DMP-IndexEventManager: addInternalEvent insert:110639
02-23 12:51:05.072 25540 25588 I DMP-PowerUtils: isLowPower, battery:82, low power threshold:20
02-23 12:51:05.076 25540 25592 I DMP-IndexEventManager: checkData delete internal:2, id:105639, time:1770535265
02-23 12:51:05.077 25540 25592 I DMP-IndexEventManager: checkData delete external:0, id:-4974
02-23 12:51:05.091  2028  7228 W PackageManager: package com.oplus.dmp uid 10334 pid 25540 call SetEnabledSetting(com.oplus.dmp component = androidx.work.impl.background.systemalarm.RescheduleReceiver, 1, 0)
02-23 12:51:05.098  2028  7228 D CompatChangeReporter: Compat change id reported: 311402873; UID 10334; state: ENABLED
02-23 12:51:05.099  2028  7228 D CompatChangeReporter: Compat change id reported: 323349338; UID 10334; state: ENABLED
02-23 12:51:05.108 25540 25641 I DMP-AppInitializer: isAppAvailable for work, caller: null
02-23 12:51:05.109 25540 25641 I DMP-OFreezeProtectWorker: takeProtectionFromFrozen, no need to protect
02-23 12:51:05.110 25540 25641 I DMP-AbstractWorker: parseData, resource: file, method1:onDelete, work: onDeleteWork, extras: Bundle[{values=[1000336484, 1000336483], uri=***/file}], initIndexCount:5000
02-23 12:51:05.110 25540 25641 I DMP-AbstractWorker: doWork started, resource: file, method3:onDelete, work:Work{mWorkName=onDeleteWork, mWorkTerm=long, mReportId=false, mCreate=null, mEntry=Entry{mBatteryNotLow=false, mStorageNotLow=false, mCharging=false, mDeviceIdle=false}, mMoreBatch=null, mChained=false, mInitialDelay=0, mWorkOneTimeLimit=0}
02-23 12:51:05.114 25540 25641 I DMP-PowerUtils: getHoraeTemperature:35
02-23 12:51:05.114 25540 25641 I DMP-AbstractWorker: dispatchWork: onDeleteWork for [file]
02-23 12:51:05.114 25540 25641 I DMP-FileOneTimeWorker: onDelete method:onDelete, resource:file, extra:Bundle[{values=[1000336484, 1000336483], uri=***/file}]
02-23 12:51:05.114 25540 25641 I DMP-ConfigManager: initResourceIndexConfig for resource: file,id:2
02-23 12:51:05.119 25540 25641 I DMP-ResourceConfig: init, resource: file, version: 100, ***/100/, fileName: ResourceConfig.json
02-23 12:51:05.125 25540 25641 I DMP-IndexConfig: init, resource: file, version: 100, ***/100/, fileName: IndexConfig.json
02-23 12:51:05.133 25540 25641 I DMP-ChunkConfig: init, resource: file, ***/100/, fileName: ChunkConfig.json
02-23 12:51:05.137 25540 25641 I DMP-IndexHelper: init resource [file] resourceID [2], open database.
02-23 12:51:05.137 25540 25641 I DMP-DatabaseHelper: getDatabaseHelper by :2
02-23 12:51:05.137 25540 25641 I DMP-DatabaseHelper: getDbVersion, resource:file, version:100, internalVer:2, rusInternalVer:0
02-23 12:51:05.137 25540 25641 I DMP-DatabaseHelper: DatabaseHelper resID:2, version:117571684
02-23 12:51:05.149 25540 25641 I DMP-IndexStatusManager: loadStatus resource:file, status:0
02-23 12:51:05.149 25540 25641 W DMP-FileOneTimeWorker: onDelete idList:[1000336484, 1000336483]
02-23 12:51:05.208  2028  3873 I Osense-BaseDecisionMaker: notifySceneToAthenaPolicy: SCENE_RES_IO_PSI, bundle: Bundle[{ioLevel=3}]
02-23 12:51:05.208  2028  3873 I Osense-BaseDecisionMaker: OSense not supported scene! SCENE_RES_IO_PSI
02-23 12:51:05.211 25540 25641 I DMP-SqliteStoreFieldHandler: HighlightHandler curCount:87,highlightConfig:HighlightConfig{mStore=true, mStoreNum=1000, mDocSuffix=[.doc, .docx, .ppt, .pptx, .xls, .xlsx, .pdf]}
02-23 12:51:05.216 25540 25641 W DMP-MetaInfoTableAdapter: deleteByIdentification deleted null, whereArgs:[1000336484, 1000336483]
02-23 12:51:05.216 25540 25641 I DMP-AbstractWorker: setIndexFailCount method:onDelete, count:0, all:initResource=0,onChange=0,dailyTask=0,onDelete=0,rearrange=0
02-23 12:51:05.217 25540 25641 I DMP-AbstractWorker: doWork finished, resource: file, method5:onDelete, work:Work{mWorkName=onDeleteWork, mWorkTerm=long, mReportId=false, mCreate=null, mEntry=Entry{mBatteryNotLow=false, mStorageNotLow=false, mCharging=false, mDeviceIdle=false}, mMoreBatch=null, mChained=false, mInitialDelay=0, mWorkOneTimeLimit=0}
02-23 12:51:05.217 25540 25641 I DMP-IndexEventManager: addEvent:InternalIndexEvent{mEvent=null, mEventTime=null, mEventData=null, mEventDropReason=null, mResource=null, mWork=null, mWorkId=8e6f637e-bfb7-4dda-af1f-4c43455c8c1b, mWorkTime=1771831265, mCursorSize=null, mResult=0}
02-23 12:51:05.217 25540 25641 I DMP-IndexEventManager: addInternalEvent:result=0 workId=8e6f637e-bfb7-4dda-af1f-4c43455c8c1b workTime=1771831265
02-23 12:51:05.219 25540 25641 I DMP-IndexEventManager: addInternalEvent update:1
02-23 12:51:05.219 25540 25641 I DMP-FrozenHelper: deleteKeepRequest, no more quest
02-23 12:51:05.221 25540 25638 I WM-WorkerWrapper: Worker result SUCCESS for Work [ id=8e6f637e-bfb7-4dda-af1f-4c43455c8c1b, tags={ com.oplus.oss.bussiness.file.work.FileOneTimeWorker, file_OneTimeWork } ]
02-23 12:51:05.223  2028  7239 W PackageManager: package com.oplus.dmp uid 10334 pid 25540 call SetEnabledSetting(com.oplus.dmp component = androidx.work.impl.background.systemalarm.RescheduleReceiver, 2, 0)
02-23 12:51:05.229  2028  7239 D CompatChangeReporter: Compat change id reported: 311208629; UID 10334; state: ENABLED
02-23 12:51:05.249  1545  1698 D BatteryChargeControl: bcc get no support from charging protocol
02-23 12:51:05.260  1579  7952 D AudioPolicyService: updateUidStates_l() current->uid=10485 current->pid=22025 allowCapture=1 UidState=4 apmStat=1
02-23 12:51:05.261  2028  7239 W JobScheduler: Job didn't exist in JobStore: #com.google.android.apps.photos/1034
02-23 12:51:05.265  1579  7952 D AudioPolicyService: updateUidStates_l() current->uid=10485 current->pid=22025 allowCapture=1 UidState=4 apmStat=1
02-23 12:51:05.266  1318 17649 E TetherController: property_get sys.radio.data.modem_share_flag return 0, 1!
02-23 12:51:05.324 25399 25517 V ActivityThread: Recovering failed rename /storage/emulated/0/Android/data/org.telegram.messenger/cache/-6116308694418001178_121.temp to /storage/emulated/0/Android/data/org.telegram.messenger/files/Telegram/Telegram Images/-6116308694418001178_121.jpg
02-23 12:51:05.344  2028  7239 W UriGrantsManagerService: No permission grants found for com.google.android.apps.photos
02-23 12:51:05.345  2028  7239 W UriGrantsManagerService: No permission grants found for com.google.android.apps.photos
02-23 12:51:05.371 25399 25517 V ActivityThread: Recovering failed rename /storage/emulated/0/Android/data/org.telegram.messenger/cache/-6116230586142755998_121.temp to /storage/emulated/0/Android/data/org.telegram.messenger/files/Telegram/Telegram Images/-6116230586142755998_121.jpg
02-23 12:51:05.400 25399 25517 V ActivityThread: Recovering failed rename /storage/emulated/0/Android/data/org.telegram.messenger/cache/-6116230586142755997_121.temp to /storage/emulated/0/Android/data/org.telegram.messenger/files/Telegram/Telegram Images/-6116230586142755997_121.jpg
02-23 12:51:05.744 25399 25517 V ActivityThread: Recovering failed rename /storage/emulated/0/Android/data/org.telegram.messenger/cache/-6116230586142755996_121.temp to /storage/emulated/0/Android/data/org.telegram.messenger/files/Telegram/Telegram Images/-6116230586142755996_121.jpg
02-23 12:51:05.782 25399 25517 V ActivityThread: Recovering failed rename /storage/emulated/0/Android/data/org.telegram.messenger/cache/-6116230586142755995_121.temp to /storage/emulated/0/Android/data/org.telegram.messenger/files/Telegram/Telegram Images/-6116230586142755995_121.jpg
02-23 12:51:05.818 25399 25517 V ActivityThread: Recovering failed rename /storage/emulated/0/Android/data/org.telegram.messenger/cache/-6116230586142755994_121.temp to /storage/emulated/0/Android/data/org.telegram.messenger/files/Telegram/Telegram Images/-6116230586142755994_121.jpg
02-23 12:51:06.094  2028  3078 I AppsFilter: interaction: PackageSetting{84c63c8 com.android.microdroid.empty_payload/10372} -> PackageSetting{99ca75e com.oplus.dmp/10334} BLOCKED
02-23 12:51:06.094  2028  3078 I AppsFilter: interaction: PackageSetting{39d9c61 com.jarvis/10485} -> PackageSetting{99ca75e com.oplus.dmp/10334} BLOCKED
02-23 12:51:06.094  2028  3078 I AppsFilter: interaction: PackageSetting{3c75386 com.oplus.locationproxy/10148} -> PackageSetting{99ca75e com.oplus.dmp/10334} BLOCKED
02-23 12:51:06.094  2028  3078 I AppsFilter: interaction: PackageSetting{6f59447 com.example.women_safety_app/10359} -> PackageSetting{99ca75e com.oplus.dmp/10334} BLOCKED
02-23 12:51:06.094  2028  3078 I AppsFilter: interaction: PackageSetting{fa7f474 com.android.certinstaller/10186} -> PackageSetting{99ca75e com.oplus.dmp/10334} BLOCKED
02-23 12:51:06.094  2028  3078 I AppsFilter: interaction: PackageSetting{cb69d9d com.oplus.location/10194} -> PackageSetting{99ca75e com.oplus.dmp/10334} BLOCKED
02-23 12:51:06.109  4239  4239 D CarrierSvcBindHelper: onPackageModified: com.oplus.dmp
02-23 12:51:06.111  4239  4239 D CarrierSvcBindHelper: No carrier app for: 0
02-23 12:51:06.111  4239  4239 D CarrierSvcBindHelper: No carrier app for: 1
02-23 12:51:06.112  4239  4878 D ImsResolver: maybeAddedImsService, packageName: com.oplus.dmp
02-23 12:51:06.116  2028  2757 W Searchables: No web search activity found
02-23 12:51:06.124  2028  2028 W ProcessStats: Tracking association SourceState{495f777 com.oplus.exsystemservice/1000 BFgs #1251960} whose proc state 4 is better than process ProcessState{24acfe4 system/1000 pkg=com.android.providers.settings (sub)} proc state 9 (5 skipped)
02-23 12:51:06.128  2028  3474 V AccessibilityManagerService: onUserStateChangedLocked for user 0 with forceUpdate: false mEnabledServices = [ComponentInfo{com.microsoft.appmanager/com.microsoft.mmx.screenmirroringsrc.accessibility.ScreenMirroringAccessibilityService}] mCrashedServices = []
02-23 12:51:06.128  2028  3474 W MagnificationConnectionManager: requestConnection duplicated request: connect=false, mConnectionState=DISCONNECTED
02-23 12:51:06.129  2028  2028 I OplusBinderProxy: pb uid: 10419 pid: 22368 desc: android.view.accessibility.IAccessibilityManagerClient/4
02-23 12:51:06.130  2028  2028 I OplusBinderProxy: pb uid: 10316 pid: 25085 desc: android.view.accessibility.IAccessibilityManagerClient/4
02-23 12:51:06.130  2028  2028 I OplusBinderProxy: pb uid: 10288 pid: 5507 desc: android.view.accessibility.IAccessibilityManagerClient/4
02-23 12:51:06.169  2028  7228 W JobScheduler: Job didn't exist in JobStore: #com.google.android.apps.nbu.files/38215
02-23 12:51:06.169  1579  7952 D AudioPolicyService: updateUidStates_l() current->uid=10485 current->pid=22025 allowCapture=1 UidState=4 apmStat=1
02-23 12:51:06.173  1579  7952 D AudioPolicyService: updateUidStates_l() current->uid=10485 current->pid=22025 allowCapture=1 UidState=4 apmStat=1
02-23 12:51:06.189 25399 25517 V ActivityThread: Recovering failed rename /storage/emulated/0/Android/data/org.telegram.messenger/cache/-6116230586142755993_121.temp to /storage/emulated/0/Android/data/org.telegram.messenger/files/Telegram/Telegram Images/-6116230586142755993_121.jpg
02-23 12:51:06.248  2028  3873 I Osense-BaseDecisionMaker: notifySceneToAthenaPolicy: SCENE_RES_IO_PSI, bundle: Bundle[{ioLevel=3}]
02-23 12:51:06.248  2028  3873 I Osense-BaseDecisionMaker: OSense not supported scene! SCENE_RES_IO_PSI
02-23 12:51:06.252  1545  1698 D BatteryChargeControl: bcc get no support from charging protocol
02-23 12:51:06.289 25399 25517 V ActivityThread: Recovering failed rename /storage/emulated/0/Android/data/org.telegram.messenger/cache/-6116230586142755991_121.temp to /storage/emulated/0/Android/data/org.telegram.messenger/files/Telegram/Telegram Images/-6116230586142755991_121.jpg
02-23 12:51:06.354 25399 25517 V ActivityThread: Recovering failed rename /storage/emulated/0/Android/data/org.telegram.messenger/cache/-6116230586142755992_121.temp to /storage/emulated/0/Android/data/org.telegram.messenger/files/Telegram/Telegram Images/-6116230586142755992_121.jpg
02-23 12:51:06.601  3826  3945 W PluginActionManager: handleQueryPlugins, not in mPrivilegedPlugins, pkgName=com.oplus.dmp
02-23 12:51:06.601  3826  3945 W PluginActionManager: handleQueryPlugins, not in mPrivilegedPlugins, pkgName=com.oplus.dmp
02-23 12:51:06.601  3826  3945 W PluginActionManager: handleQueryPlugins, not in mPrivilegedPlugins, pkgName=com.oplus.dmp
02-23 12:51:06.601  3826  3945 W PluginActionManager: handleQueryPlugins, not in mPrivilegedPlugins, pkgName=com.oplus.dmp
02-23 12:51:06.601  3826  3945 W PluginActionManager: handleQueryPlugins, not in mPrivilegedPlugins, pkgName=com.oplus.dmp
02-23 12:51:06.601  3826  3945 W PluginActionManager: handleQueryPlugins, not in mPrivilegedPlugins, pkgName=com.oplus.dmp
02-23 12:51:06.601  3826  3945 W PluginActionManager: handleQueryPlugins, not in mPrivilegedPlugins, pkgName=com.oplus.dmp
02-23 12:51:06.601  3826  3945 W PluginActionManager: handleQueryPlugins, not in mPrivilegedPlugins, pkgName=com.oplus.dmp
02-23 12:51:06.601  3826  3945 W PluginActionManager: handleQueryPlugins, not in mPrivilegedPlugins, pkgName=com.oplus.dmp
02-23 12:51:06.601  3826  3945 W PluginActionManager: handleQueryPlugins, not in mPrivilegedPlugins, pkgName=com.oplus.dmp
02-23 12:51:06.601  3826  3945 W PluginActionManager: handleQueryPlugins, not in mPrivilegedPlugins, pkgName=com.oplus.dmp
02-23 12:51:06.601  3826  3945 W PluginActionManager: handleQueryPlugins, not in mPrivilegedPlugins, pkgName=com.oplus.dmp
02-23 12:51:06.601  3826  3945 W PluginActionManager: handleQueryPlugins, not in mPrivilegedPlugins, pkgName=com.oplus.dmp
02-23 12:51:06.601  3826  3945 W PluginActionManager: handleQueryPlugins, not in mPrivilegedPlugins, pkgName=com.oplus.dmp
02-23 12:51:06.601  3826  3945 W PluginActionManager: handleQueryPlugins, not in mPrivilegedPlugins, pkgName=com.oplus.dmp
02-23 12:51:06.601  3826  3945 W PluginActionManager: handleQueryPlugins, not in mPrivilegedPlugins, pkgName=com.oplus.dmp
02-23 12:51:06.602  3826  3945 W PluginActionManager: handleQueryPlugins, not in mPrivilegedPlugins, pkgName=com.oplus.dmp
02-23 12:51:06.605  4048  4048 I PluginManagerImpl: actionManager.reloadPackage, pkg: com.oplus.dmp
02-23 12:51:06.605  4048  4048 I PluginManagerImpl: actionManager.reloadPackage, pkg: com.oplus.dmp
02-23 12:51:06.605  4048  4048 I PluginManagerImpl: actionManager.reloadPackage, pkg: com.oplus.dmp
02-23 12:51:06.605  4048  4048 I PluginManagerImpl: actionManager.reloadPackage, pkg: com.oplus.dmp
02-23 12:51:06.605  3826  3826 D ControlsListingControllerImpl: ServiceConfig reloaded, count: 0
02-23 12:51:06.606  3826  3826 D OplusKeyGuardStylePluginManager: receive:android.intent.action.PACKAGE_CHANGED
02-23 12:51:06.607  7313 25648 I PTC.DATATRANS.g: The current enabled state for com.oplus.dmp : 0
02-23 12:51:06.607  7313 25648 W PTC.DATATRANS.g: Invalid PACKAGE_CHANGED event. Ignoring ...
02-23 12:51:06.608  4048 18312 E PackageUtils[u0]: checkPackageExist Exception: android.content.pm.PackageManager$NameNotFoundException: com.heytap.quicksearchbox
02-23 12:51:06.614 18790 16721 I ServiceLiveData: Not exempting com.android.systemui.accessibility.accessibilitymenu - not an active AccessibilityService for u0
02-23 12:51:06.615 18790 21447 I ServiceLiveData: Not exempting com.google.android.gms - not an active InputMethod for u0
02-23 12:51:06.615 18790 16721 I ServiceLiveData: Not exempting com.coloros.colordirectservice - not an active AccessibilityService for u0
02-23 12:51:06.616 18790 21456 I ServiceLiveData: Detected PrintServices: [com.android.bips]
02-23 12:51:06.620 18790 21455 I ServiceLiveData: Not exempting com.openai.chatgpt - not an active VoiceInteractionService for u0
02-23 12:51:06.621 18790 21455 I ServiceLiveData: Detected VoiceInteractionServices: [com.google.android.googlequicksearchbox]
02-23 12:51:06.621 18790 21447 I ServiceLiveData: Not exempting com.oplus.securitykeyboard - not an active InputMethod for u0
02-23 12:51:06.621 18790 21456 I ServiceLiveData: Not exempting com.google.android.gms - not an active DEVICE_ADMIN_SERVICE for u0
02-23 12:51:06.622 18790 21447 I ServiceLiveData: Not exempting com.snapchat.android - not an active InputMethod for u0
02-23 12:51:06.622 18790 21455 I BroadcastReceiverLiveData: Not exempting com.google.android.gms - not an active DEVICE_ADMIN_ENABLED for u0
02-23 12:51:06.622 18790 21447 I ServiceLiveData: Detected InputMethods: [com.google.android.inputmethod.latin, com.google.android.tts]
02-23 12:51:06.622 18790 21455 I BroadcastReceiverLiveData: Not exempting com.microsoft.appmanager - not an active DEVICE_ADMIN_ENABLED for u0
02-23 12:51:06.622 18790 21455 I BroadcastReceiverLiveData: Detected DEVICE_ADMIN_ENABLEDs: []
02-23 12:51:06.623 18790 21456 I ServiceLiveData: Detected DEVICE_ADMIN_SERVICEs: []
02-23 12:51:06.623 18790 16721 I ServiceLiveData: Not exempting com.google.android.accessibility.switchaccess - not an active AccessibilityService for u0
02-23 12:51:06.624 18790 16721 I ServiceLiveData: Not exempting com.google.android.marvin.talkback - not an active AccessibilityService for u0
02-23 12:51:06.624 18790 21444 I ServiceLiveData: Not exempting com.android.dreams.basic - not an active DreamService for u0
02-23 12:51:06.625 18790 21444 I ServiceLiveData: Not exempting com.google.android.apps.photos - not an active DreamService for u0
02-23 12:51:06.625 18790 21446 I ServiceLiveData: Not exempting com.ido.noise - not an active NotificationListenerService for u0
02-23 12:51:06.626 18790 16726 I ServiceLiveData: Not exempting com.android.wallpaper.livepicker - not an active WallpaperService for u0
02-23 12:51:06.626 18790 21454 I ServiceLiveData: Not exempting com.android.credentialmanager - not an active AutofillService for u0
02-23 12:51:06.627  2028  3755 W Binder  : Outgoing transactions from this process must be FLAG_ONEWAY
02-23 12:51:06.627  2028  3755 W Binder  : java.lang.Throwable
02-23 12:51:06.627  2028  3755 W Binder  : 	at android.os.BinderProxy.transact(BinderProxy.java:633)
02-23 12:51:06.627  2028  3755 W Binder  : 	at android.content.ContentProviderProxy.insert(ContentProviderNative.java:587)
02-23 12:51:06.627  2028  3755 W Binder  : 	at android.content.ContentProviderClient.insert(ContentProviderClient.java:347)
02-23 12:51:06.627  2028  3755 W Binder  : 	at android.content.ContentProviderClient.insert(ContentProviderClient.java:336)
02-23 12:51:06.627  2028  3755 W Binder  : 	at com.oplus.util.OplusStatisticsImpl.insert(OplusStatisticsImpl.java:307)
02-23 12:51:06.627  2028  3755 W Binder  : 	at com.oplus.util.OplusStatisticsImpl.sendDataToDCS(OplusStatisticsImpl.java:287)
02-23 12:51:06.627  2028  3755 W Binder  : 	at com.oplus.util.OplusStatisticsImpl.flushInternal(OplusStatisticsImpl.java:264)
02-23 12:51:06.627  2028  3755 W Binder  : 	at com.oplus.util.OplusStatisticsImpl.lambda$setDelayFlushJobIfNeed$4(OplusStatisticsImpl.java:211)
02-23 12:51:06.627  2028  3755 W Binder  : 	at com.oplus.util.OplusStatisticsImpl.$r8$lambda$4UYTp2NCu6Rml69JNqEuK7o54SI(Unknown Source:0)
02-23 12:51:06.627  2028  3755 W Binder  : 	at com.oplus.util.OplusStatisticsImpl$$ExternalSyntheticLambda5.run(D8$$SyntheticClass:0)
02-23 12:51:06.627  2028  3755 W Binder  : 	at java.util.concurrent.Executors$RunnableAdapter.call(Executors.java:520)
02-23 12:51:06.627  2028  3755 W Binder  : 	at java.util.concurrent.FutureTask.run(FutureTask.java:317)
02-23 12:51:06.627  2028  3755 W Binder  : 	at java.util.concurrent.ScheduledThreadPoolExecutor$ScheduledFutureTask.run(ScheduledThreadPoolExecutor.java:348)
02-23 12:51:06.627  2028  3755 W Binder  : 	at java.util.concurrent.ThreadPoolExecutor.runWorker(ThreadPoolExecutor.java:1154)
02-23 12:51:06.627  2028  3755 W Binder  : 	at java.util.concurrent.ThreadPoolExecutor$Worker.run(ThreadPoolExecutor.java:652)
02-23 12:51:06.627  2028  3755 W Binder  : 	at java.lang.Thread.run(Thread.java:1564)
02-23 12:51:06.627 18790 16726 I ServiceLiveData: Not exempting com.android.wallpaper.livepicker - not an active WallpaperService for u0
02-23 12:51:06.627 18790 21444 I ServiceLiveData: Detected DreamServices: []
02-23 12:51:06.627 18790 16726 I ServiceLiveData: Not exempting com.android.wallpaper.livepicker - not an active WallpaperService for u0
02-23 12:51:06.628 18790 16726 I ServiceLiveData: Not exempting com.android.wallpaper.livepicker - not an active WallpaperService for u0
02-23 12:51:06.628 18790 21446 I ServiceLiveData: Not exempting com.android.launcher - not an active NotificationListenerService for u0
02-23 12:51:06.628 18790 21454 I ServiceLiveData: Detected AutofillServices: [com.google.android.gms]
02-23 12:51:06.629 18790 16726 I ServiceLiveData: Not exempting com.android.wallpaper.livepicker - not an active WallpaperService for u0
02-23 12:51:06.629 18790 16721 I ServiceLiveData: Not exempting com.google.android.marvin.talkback - not an active AccessibilityService for u0
02-23 12:51:06.629 18790 16721 I ServiceLiveData: Not exempting com.jarvis - not an active AccessibilityService for u0
02-23 12:51:06.630 18790 16721 I ServiceLiveData: Detected AccessibilityServices: [com.microsoft.appmanager]
02-23 12:51:06.630 18790 16726 I ServiceLiveData: Not exempting com.heytap.colorfulengine - not an active WallpaperService for u0
02-23 12:51:06.631 18790 21446 I ServiceLiveData: Not exempting com.google.ambient.streaming - not an active NotificationListenerService for u0
02-23 12:51:06.631 18790 21446 I ServiceLiveData: Not exempting com.google.android.as - not an active NotificationListenerService for u0
02-23 12:51:06.632 18790 21446 I ServiceLiveData: Not exempting com.google.android.gms - not an active NotificationListenerService for u0
02-23 12:51:06.632 18790 16726 I ServiceLiveData: Not exempting com.heytap.colorfulengine - not an active WallpaperService for u0
02-23 12:51:06.632 18790 21446 I ServiceLiveData: Not exempting com.google.android.googlequicksearchbox - not an active NotificationListenerService for u0
02-23 12:51:06.632 18790 16726 I ServiceLiveData: Not exempting com.heytap.colorfulengine - not an active WallpaperService for u0
02-23 12:51:06.633 18790 21446 I ServiceLiveData: Detected NotificationListenerServices: [com.google.android.contacts, com.google.android.projection.gearhead, com.microsoft.appmanager, com.oplus.games, com.truecaller]
02-23 12:51:06.633 18790 16726 I ServiceLiveData: Not exempting com.heytap.colorfulengine - not an active WallpaperService for u0
02-23 12:51:06.634 18790 16726 I ServiceLiveData: Not exempting com.heytap.colorfulengine - not an active WallpaperService for u0
02-23 12:51:06.635 18790 16726 I ServiceLiveData: Not exempting com.heytap.colorfulengine - not an active WallpaperService for u0
02-23 12:51:06.636 18790 16726 I ServiceLiveData: Not exempting com.heytap.colorfulengine - not an active WallpaperService for u0
02-23 12:51:06.636 18790 16726 I ServiceLiveData: Not exempting com.heytap.colorfulengine - not an active WallpaperService for u0
02-23 12:51:06.636 18790 16726 I ServiceLiveData: Not exempting com.heytap.colorfulengine - not an active WallpaperService for u0
02-23 12:51:06.637 18790 16726 I ServiceLiveData: Not exempting com.heytap.colorfulengine - not an active WallpaperService for u0
02-23 12:51:06.637 18790 16726 I ServiceLiveData: Not exempting com.heytap.colorfulengine - not an active WallpaperService for u0
02-23 12:51:06.638 18790 16726 I ServiceLiveData: Not exempting com.heytap.colorfulengine - not an active WallpaperService for u0
02-23 12:51:06.638 18790 16726 I ServiceLiveData: Not exempting com.heytap.colorfulengine - not an active WallpaperService for u0
02-23 12:51:06.639 18790 16726 I ServiceLiveData: Not exempting com.oplus.aod - not an active WallpaperService for u0
02-23 12:51:06.639 18790 16726 I ServiceLiveData: Detected WallpaperServices: []
02-23 12:51:06.651  7453  7482 I MMKV    : <MMKV_IO.cpp:456::writeActualSize> [mmkv.default] increase sequence to 367143, crc 2771549943, actualSize 587
02-23 12:51:06.672  7453  7482 I MMKV    : <MMKV_IO.cpp:456::writeActualSize> [mmkv.default] increase sequence to 367144, crc 1136946429, actualSize 587
02-23 12:51:06.686  7453  7482 I MMKV    : <MMKV_IO.cpp:456::writeActualSize> [mmkv.default] increase sequence to 367145, crc 2771549943, actualSize 587
02-23 12:51:06.706  7453  7482 I MMKV    : <MMKV_IO.cpp:456::writeActualSize> [mmkv.default] increase sequence to 367146, crc 1136946429, actualSize 587
02-23 12:51:06.759  1495 11693 I WifiHAL : event received NL80211_CMD_VENDOR, vendor_id = 0x1374, subcmd = 0xd
02-23 12:51:06.853 25399 25517 V ActivityThread: Recovering failed rename /storage/emulated/0/Android/data/org.telegram.messenger/cache/-6116147491410480442_121.temp to /storage/emulated/0/Android/data/org.telegram.messenger/files/Telegram/Telegram Images/-6116147491410480442_121.jpg
02-23 12:51:06.880 25399 25517 V ActivityThread: Recovering failed rename /storage/emulated/0/Android/data/org.telegram.messenger/cache/-6116147491410480441_121.temp to /storage/emulated/0/Android/data/org.telegram.messenger/files/Telegram/Telegram Images/-6116147491410480441_121.jpg
02-23 12:51:06.912 25399 25517 V ActivityThread: Recovering failed rename /storage/emulated/0/Android/data/org.telegram.messenger/cache/-6116147491410480440_121.temp to /storage/emulated/0/Android/data/org.telegram.messenger/files/Telegram/Telegram Images/-6116147491410480440_121.jpg
02-23 12:51:07.115  4153 25296 D IpClient/wlan0: interfaceLinkStateChanged: ifindex 24 up
02-23 12:51:07.182 25399 25517 V ActivityThread: Recovering failed rename /storage/emulated/0/Android/data/org.telegram.messenger/cache/-6116147491410480439_121.temp to /storage/emulated/0/Android/data/org.telegram.messenger/files/Telegram/Telegram Images/-6116147491410480439_121.jpg
02-23 12:51:07.226 25399 25517 V ActivityThread: Recovering failed rename /storage/emulated/0/Android/data/org.telegram.messenger/cache/-6116147491410480438_121.temp to /storage/emulated/0/Android/data/org.telegram.messenger/files/Telegram/Telegram Images/-6116147491410480438_121.jpg
02-23 12:51:07.253  1545  1698 D BatteryChargeControl: bcc get no support from charging protocol
02-23 12:51:07.288  2028  3873 I Osense-BaseDecisionMaker: notifySceneToAthenaPolicy: SCENE_RES_IO_PSI, bundle: Bundle[{ioLevel=3}]
02-23 12:51:07.288  2028  3873 I Osense-BaseDecisionMaker: OSense not supported scene! SCENE_RES_IO_PSI
02-23 12:51:07.288  1318 17649 E TetherController: property_get sys.radio.data.modem_share_flag return 0, 1!
02-23 12:51:07.317  2028  3512 V NetworkPolicy: updateNetworkEnabledNL() return
02-23 12:51:07.317  2028  3512 V NetworkPolicy: updateNotificationsNL not process
02-23 12:51:07.322  4306  4638 V MonthTrafficAlert: getWarningNotification subId:2 numWarningNotificaion:0
02-23 12:51:07.354   712 25508 I keystore2: system/security/keystore2/watchdog/src/lib.rs:319 - Watchdog thread idle -> terminating. Have a great day.
02-23 12:51:07.369 25399 25517 V ActivityThread: Recovering failed rename /storage/emulated/0/Android/data/org.telegram.messenger/cache/-6116147491410480437_121.temp to /storage/emulated/0/Android/data/org.telegram.messenger/files/Telegram/Telegram Images/-6116147491410480437_121.jpg
02-23 12:51:07.429  1545  1545 D vendor.oplus.hardware.charger-V6-service: get_ui_charge_icon_type 0 0 0 0 0
02-23 12:51:07.431  1545  1545 D vendor.oplus.hardware.charger-V6-service: oplus_chg_get_cpa_power 2500 charge_online 1 retention_topic 0
02-23 12:51:07.438  3826  3826 I SystemUi--Statusbar: BatteryControllerExt-->updateBatteryChangeIntent():broadcast=android.intent.action.BATTERY_CHANGED,level=82,scale=100
02-23 12:51:07.438  3826  3826 I SystemUi--Statusbar: BatteryRepository-->level: 82 -- isSavingMode: false
02-23 12:51:07.441  2028  2928 D OplusDisplayBrightnessBroadcastReceiver: onReceive action = android.intent.action.BATTERY_CHANGED , listeners = [com.android.server.display.OplusFeatureHDREnhanceBrightness$PhoneInfoReceiver@780cd78, com.android.server.display.OplusFeatureEdrEnhanceBrightness$PhoneInfoReceiver@3423c51]
02-23 12:51:07.442  4441  4441 D SubsysBroadcastManager: onReceive action:android.intent.action.BATTERY_CHANGED
02-23 12:51:07.444  4291  4291 D DeviceStatisticsService: onReceive: action= android.intent.action.BATTERY_CHANGED
02-23 12:51:07.447  7318  8179 I DeepThinkerSDK: [APP] ClientConnection: getDeepThinkerBridge start
02-23 12:51:07.447  7318  8179 I DeepThinkerSDK: [APP] ClientConnection: getDeepThinkerBridge end
02-23 12:51:07.447  7318  8179 I DeepThinkerSDK: [APP] UserDomainManager: businessId : 401 threshold : 0.6 learnPeriod:30
02-23 12:51:07.449  7318  8179 I DeepThinkerSDK: [APP] UserDomainManager: PerformanceOfLongCharging{probabilityOfLocation=0.0, probabilityOfApps=0.0, probabilityOfTime=0.0, probabilityOfTotal=0.0, duration=0}
02-23 12:51:07.449  3013  3013 D CustomLogManagerService: onReceive android.intent.action.BATTERY_CHANGED
02-23 12:51:07.450  3013  3013 D BatteryStatusMonitor: onReceive android.intent.action.BATTERY_CHANGED
02-23 12:51:07.450  3013  3013 D BatteryStatusMonitor: BatteryStatus :2  last:2
02-23 12:51:07.450  3013  3013 D BatteryStatusMonitor: WirelessReserve :0  last:0
02-23 12:51:07.450  3013  3013 D BatteryStatusMonitor: OtgOnline :0  last:0
02-23 12:51:07.452  7318  8185 E Battery : ChargeProtectionUtils: mCanlendarTmp.isEmpty()!
02-23 12:51:07.683  2028  7228 W UriGrantsManagerService: No permission grants found for com.google.android.apps.photos
02-23 12:51:07.684  2028  7228 W UriGrantsManagerService: No permission grants found for com.google.android.apps.photos
02-23 12:51:07.712 25399 25517 V ActivityThread: Recovering failed rename /storage/emulated/0/Android/data/org.telegram.messenger/cache/-6116147491410480436_121.temp to /storage/emulated/0/Android/data/org.telegram.messenger/files/Telegram/Telegram Images/-6116147491410480436_121.jpg
02-23 12:51:07.803 25399 25517 V ActivityThread: Recovering failed rename /storage/emulated/0/Android/data/org.telegram.messenger/cache/-6116147491410480435_121.temp to /storage/emulated/0/Android/data/org.telegram.messenger/files/Telegram/Telegram Images/-6116147491410480435_121.jpg
02-23 12:51:07.859 25399 25517 V ActivityThread: Recovering failed rename /storage/emulated/0/Android/data/org.telegram.messenger/cache/-6116147491410480434_121.temp to /storage/emulated/0/Android/data/org.telegram.messenger/files/Telegram/Telegram Images/-6116147491410480434_121.jpg
02-23 12:51:08.127  4239  4239 E SmsApplication: com.google.android.apps.messaging lost android:read_cell_broadcasts:  (fixing)
02-23 12:51:08.127  2028  5007 W AppOpService: Ignored setUidMode call for runtime permission app op: uid = 10226, code = READ_CELL_BROADCASTS, mode = allow, callingUid = 1001, oldMode = allow
02-23 12:51:08.134  2028  7228 W AppOpService: Ignored setUidMode call for runtime permission app op: uid = 1001, code = READ_SMS, mode = allow, callingUid = 1001, oldMode = allow
02-23 12:51:08.135  2028  5002 W AppOpService: Ignored setUidMode call for runtime permission app op: uid = 1001, code = RECEIVE_SMS, mode = allow, callingUid = 1001, oldMode = allow
02-23 12:51:08.135  2028  5002 W AppOpService: Ignored setUidMode call for runtime permission app op: uid = 1001, code = RECEIVE_WAP_PUSH, mode = allow, callingUid = 1001, oldMode = allow
02-23 12:51:08.136  2028  7228 W AppOpService: Ignored setUidMode call for runtime permission app op: uid = 1001, code = SEND_SMS, mode = allow, callingUid = 1001, oldMode = allow
02-23 12:51:08.136  2028  5002 W AppOpService: Ignored setUidMode call for runtime permission app op: uid = 1001, code = READ_CELL_BROADCASTS, mode = allow, callingUid = 1001, oldMode = allow
02-23 12:51:08.203 25399 25517 V ActivityThread: Recovering failed rename /storage/emulated/0/Android/data/org.telegram.messenger/cache/-6113997593990860581_121.temp to /storage/emulated/0/Android/data/org.telegram.messenger/files/Telegram/Telegram Images/-6113997593990860581_121.jpg
02-23 12:51:08.228 25399 25517 V ActivityThread: Recovering failed rename /storage/emulated/0/Android/data/org.telegram.messenger/cache/-6113997593990860580_121.temp to /storage/emulated/0/Android/data/org.telegram.messenger/files/Telegram/Telegram Images/-6113997593990860580_121.jpg
02-23 12:51:08.254  1545  1698 D BatteryChargeControl: bcc get no support from charging protocol
02-23 12:51:08.272  7051 12379 E MIDASApplication: MIDASPullAtomManager: onPullAtom 150122
02-23 12:51:08.300  2028  7228 W Settings: Setting notification_bubbles has moved from android.provider.Settings.Global to android.provider.Settings.Secure, returning read-only value.
02-23 12:51:08.300  2028  7228 W Settings: Setting apply_ramping_ringer has moved from android.provider.Settings.Global to android.provider.Settings.System, returning read-only value.
02-23 12:51:08.304  2028  7228 W SettingsStatsUtil: Can not parse value to float: +network
02-23 12:51:08.309  2028  7228 W SettingsStatsUtil: Can not parse value to float: +network
02-23 12:51:08.313 25399 25517 V ActivityThread: Recovering failed rename /storage/emulated/0/Android/data/org.telegram.messenger/cache/-6113997593990860579_121.temp to /storage/emulated/0/Android/data/org.telegram.messenger/files/Telegram/Telegram Images/-6113997593990860579_121.jpg
02-23 12:51:08.328  2028  3873 I Osense-BaseDecisionMaker: notifySceneToAthenaPolicy: SCENE_RES_IO_PSI, bundle: Bundle[{ioLevel=3}]
02-23 12:51:08.328  2028  3873 I Osense-BaseDecisionMaker: OSense not supported scene! SCENE_RES_IO_PSI
02-23 12:51:08.721 25399 25517 V ActivityThread: Recovering failed rename /storage/emulated/0/Android/data/org.telegram.messenger/cache/-6113997593990860577_121.temp to /storage/emulated/0/Android/data/org.telegram.messenger/files/Telegram/Telegram Images/-6113997593990860577_121.jpg
02-23 12:51:08.762  1495 11693 I WifiHAL : event received NL80211_CMD_VENDOR, vendor_id = 0x1374, subcmd = 0xd
02-23 12:51:08.828  3826  3940 I SystemUi--Statusbar: OplusNetworkSpeedControllExImpl-->updateNetworkSpeed: isConnected:true,isSwitchOn:true
02-23 12:51:08.830  3826  3940 I SystemUi--Statusbar: OplusNetworkSpeedControllExImpl-->getTotalByte: totalRxBytes:22800101134,totalTxBytes:3611626197,loopbackTxBytes:2816519,loopbackRxBytes:2691599 ,totalBytes:26406219213
02-23 12:51:08.847 25399 25517 V ActivityThread: Recovering failed rename /storage/emulated/0/Android/data/org.telegram.messenger/cache/-6113997593990860578_121.temp to /storage/emulated/0/Android/data/org.telegram.messenger/files/Telegram/Telegram Images/-6113997593990860578_121.jpg
02-23 12:51:08.886 25399 25517 V ActivityThread: Recovering failed rename /storage/emulated/0/Android/data/org.telegram.messenger/cache/-6113997593990860576_121.temp to /storage/emulated/0/Android/data/org.telegram.messenger/files/Telegram/Telegram Images/-6113997593990860576_121.jpg
02-23 12:51:08.888  2028  4296 I OplusHansManager : uid=10279, pkg=org.telegram.messenger F enter(), M stay=10
02-23 12:51:08.891  2028  4296 I OplusHansManager : freeze uid: 10279 org.telegram.messenger pids: [25399] scene: LcdOff
02-23 12:51:08.892  2028  4307 I OplusHansManager : p_BC uid=10279 pkg=org.telegram.messenger
02-23 12:51:08.892  2028  4307 I OplusBinderProxy: proxyBinder uid: 10279 pkg: org.telegram.messenger proxy: true calling: OFreezer
02-23 12:51:08.892  9836  9836 D IHansComunication: HANS sendMessageToKernel: threadId = 490288954480, netLinkSetup = 1, type = PKG, targetUid = 10279, pkgCmd = ADD_ONE_UID
02-23 12:51:09.220  7191 26114 D gaia-GaiaConnectChecker: start connect check++
02-23 12:51:09.221  7191 25702 D gaia-GaiaConnectChecker: start connect check++
02-23 12:51:09.257  1545  1698 D BatteryChargeControl: bcc get no support from charging protocol
02-23 12:51:09.368  2028  3873 I Osense-BaseDecisionMaker: notifySceneToAthenaPolicy: SCENE_RES_IO_PSI, bundle: Bundle[{ioLevel=3}]
02-23 12:51:09.368  2028  3873 I Osense-BaseDecisionMaker: OSense not supported scene! SCENE_RES_IO_PSI
02-23 12:51:09.383  7051  1246 D ShellSubscriberWorkerThread: the first 8 bytes empty, and RestData length > 8 
02-23 12:51:09.451  3013 28397 D CustomLogManagerService: WorkHandler msg.what :5
02-23 12:51:09.456  3013 28397 D CustomLogManagerService: curTemp:337 limit:390
02-23 12:51:09.456  3013 28397 D CustomLogManagerService: checkUploadStatus: isSceenOn=false activeNetType=1 isCharging=true isUploading:false temperatureLimit:false
02-23 12:51:09.456  3013 28397 D CustomLogManagerService: sys.log.customer=false
02-23 12:51:09.456  3013 28397 D CustomLogManagerService: isHaveCustomLogCollecting :false
02-23 12:51:09.457  3013 28397 D CustomLogManagerService: startUpload
02-23 12:51:09.457  3013 28397 D CustomLogManagerService: not support now
02-23 12:51:09.613  1545  1646 D vendor.oplus.hardware.charger-V6-service: parallel fold conf file parse fail parallel_fold_state 2
02-23 12:51:09.613  1545  1646 D vendor.oplus.hardware.charger-V6-service: scale_chg Start!!!
02-23 12:51:09.614  1545  1646 D vendor.oplus.hardware.charger-V6-service: [0, 0, 3]
02-23 12:51:09.615  1545  1646 D vendor.oplus.hardware.charger-V6-service: [0, 2, 8]
02-23 12:51:09.616  1545  1646 D vendor.oplus.hardware.charger-V6-service: [0, 1, 4]
02-23 12:51:09.617  1545  1646 D vendor.oplus.hardware.charger-V6-service: [0, 3, 3]
02-23 12:51:09.617  1545  1646 D vendor.oplus.hardware.charger-V6-service: [0, 4, 3]
02-23 12:51:09.618  1545  1646 D vendor.oplus.hardware.charger-V6-service: [0, 5, 4]
02-23 12:51:09.619  1545  1646 D vendor.oplus.hardware.charger-V6-service: [0, 6, 0]
02-23 12:51:09.619  1545  1646 D vendor.oplus.hardware.charger-V6-service: scale_chg Start!!!
02-23 12:51:09.620  1545  1646 D vendor.oplus.hardware.charger-V6-service: [0, 0, 3]
02-23 12:51:09.621  1545  1646 D vendor.oplus.hardware.charger-V6-service: [0, 2, 8]
02-23 12:51:09.621  1545  1663 D vendor.oplus.hardware.charger-V6-service: ret_value:128, read content:,346,342,4199,4199,-183,500,2200,79,82,1,4,-1,4980,82,0,0,1,1,0,0,4425,0,0,0,3,0,0,0,337,0,1,1,0,0,61,61,61,0,0,0,0,0,0,0,0,0,0
02-23 12:51:09.621  1545  1663 D vendor.oplus.hardware.charger-V6-service: gmtime: 2026-02-23-12-51-09
02-23 12:51:09.622  1545  1663 D vendor.oplus.hardware.charger-V6-service: usb_online:1, ac_online:0, wireless_online:-2147483648
02-23 12:51:09.622  1545  1646 D vendor.oplus.hardware.charger-V6-service: [0, 1, 4]
02-23 12:51:09.623  1545  1646 D vendor.oplus.hardware.charger-V6-service: [0, 3, 3]
02-23 12:51:09.623  1545  1646 D vendor.oplus.hardware.charger-V6-service: [0, 4, 3]
02-23 12:51:09.624  1545  1646 D vendor.oplus.hardware.charger-V6-service: [0, 5, 4]
02-23 12:51:09.625  1545  1646 D vendor.oplus.hardware.charger-V6-service: [0, 6, 0]
02-23 12:51:09.674  2028  7228 W UriGrantsManagerService: No permission grants found for com.google.android.apps.photos
02-23 12:51:09.675  2028  7228 W UriGrantsManagerService: No permission grants found for com.google.android.apps.photos
02-23 12:51:09.770  2028  5002 W UriGrantsManagerService: No permission grants found for com.google.android.apps.photos
02-23 12:51:09.771  2028  5002 W UriGrantsManagerService: No permission grants found for com.google.android.apps.photos
02-23 12:51:09.865 25540 25654 D ProfileInstaller: Installing profile for com.oplus.dmp
02-23 12:51:09.886  2028  5002 W UriGrantsManagerService: No permission grants found for com.google.android.apps.photos
02-23 12:51:09.887  2028  5002 W UriGrantsManagerService: No permission grants found for com.google.android.apps.photos
02-23 12:51:09.893  9836  9836 D IHansComunication: HANS sendMessageToKernel: threadId = 490288954480, netLinkSetup = 1, type = FROZEN_TRANS, targetUid = 10279, pkgCmd = PKG_CMD_MAX
02-23 12:51:10.259  1545  1698 D BatteryChargeControl: bcc get no support from charging protocol
02-23 12:51:10.299  1579  7952 D AudioPolicyService: updateUidStates_l() current->uid=10485 current->pid=22025 allowCapture=1 UidState=4 apmStat=1
02-23 12:51:10.301  1579  7952 D AudioPolicyService: updateUidStates_l() current->uid=10485 current->pid=22025 allowCapture=1 UidState=4 apmStat=1
02-23 12:51:10.302  1318 17649 E TetherController: property_get sys.radio.data.modem_share_flag return 0, 1!
