02-23 12:47:33.173  1474 26959 D vendor.qti.bluetooth@1.0-ibs_handler: SerialClockVote: vote for UART CLK OFF
02-23 12:47:33.208  1474 26959 I vendor.qti.bluetooth@1.0-ibs_handler: ProcessIbsCmd: Received IBS_WAKE_IND: 0xFD
02-23 12:47:33.209  1474 26959 D vendor.qti.bluetooth@1.0-ibs_handler: SerialClockVote: vote for UART CLK ON
02-23 12:47:33.209  1474 26959 I vendor.qti.bluetooth@1.0-ibs_handler: ProcessIbsCmd: Writing IBS_WAKE_ACK
02-23 12:47:33.244  2028  3514 D WifiStaIfaceHidlImpl: getCachedScanData is not implemented by HIDL
02-23 12:47:33.250  1474 26959 I vendor.qti.bluetooth@1.0-ibs_handler: ProcessIbsCmd: Received IBS_SLEEP_IND: 0xFE
02-23 12:47:33.250  1474 26959 D vendor.qti.bluetooth@1.0-ibs_handler: SerialClockVote: vote for UART CLK OFF
02-23 12:47:33.259  2028  3615 D OplusWifiPower_TriggerCenter: mComponentCallback: wifistat
02-23 12:47:33.260  4441  4441 D VendorWifiService: onEvent event:9,action:1
02-23 12:47:33.281  1502  1502 E ANDR-PERF-MPCTL: Active req limit reached, No optimizations performed
02-23 12:47:33.400  1474 26943 D vendor.qti.bluetooth@1.0-wake_lock: Release wakelock is released 
02-23 12:47:33.695  1545  1698 D BatteryChargeControl: bcc get no support from charging protocol
02-23 12:47:33.758  1474 26959 I vendor.qti.bluetooth@1.0-ibs_handler: ProcessIbsCmd: Received IBS_WAKE_IND: 0xFD
02-23 12:47:33.759  1474 26959 D vendor.qti.bluetooth@1.0-ibs_handler: SerialClockVote: vote for UART CLK ON
02-23 12:47:33.761  1474 26959 D vendor.qti.bluetooth@1.0-wake_lock: Acquire wakelock is acquired 
02-23 12:47:33.761  1474 26959 I vendor.qti.bluetooth@1.0-ibs_handler: ProcessIbsCmd: Writing IBS_WAKE_ACK
02-23 12:47:33.802  1474 26959 I vendor.qti.bluetooth@1.0-ibs_handler: ProcessIbsCmd: Received IBS_SLEEP_IND: 0xFE
02-23 12:47:33.802  1474 26959 D vendor.qti.bluetooth@1.0-ibs_handler: SerialClockVote: vote for UART CLK OFF
02-23 12:47:33.840  1474 26959 I vendor.qti.bluetooth@1.0-ibs_handler: ProcessIbsCmd: Received IBS_WAKE_IND: 0xFD
02-23 12:47:33.841  1474 26959 D vendor.qti.bluetooth@1.0-ibs_handler: SerialClockVote: vote for UART CLK ON
02-23 12:47:33.841  1474 26959 I vendor.qti.bluetooth@1.0-ibs_handler: ProcessIbsCmd: Writing IBS_WAKE_ACK
02-23 12:47:33.882  1474 26959 I vendor.qti.bluetooth@1.0-ibs_handler: ProcessIbsCmd: Received IBS_SLEEP_IND: 0xFE
02-23 12:47:33.882  1474 26959 D vendor.qti.bluetooth@1.0-ibs_handler: SerialClockVote: vote for UART CLK OFF
02-23 12:47:34.000  1502  1502 E ANDR-PERF-MPCTL: Active req limit reached, No optimizations performed
02-23 12:47:34.032  1474 26943 D vendor.qti.bluetooth@1.0-wake_lock: Release wakelock is released 
02-23 12:47:34.429  1495 11693 I WifiHAL : event received NL80211_CMD_VENDOR, vendor_id = 0x1374, subcmd = 0xd
02-23 12:47:34.495  1474 26959 I vendor.qti.bluetooth@1.0-ibs_handler: ProcessIbsCmd: Received IBS_WAKE_IND: 0xFD
02-23 12:47:34.496  1474 26959 D vendor.qti.bluetooth@1.0-ibs_handler: SerialClockVote: vote for UART CLK ON
02-23 12:47:34.498  1474 26959 D vendor.qti.bluetooth@1.0-wake_lock: Acquire wakelock is acquired 
02-23 12:47:34.498  1474 26959 I vendor.qti.bluetooth@1.0-ibs_handler: ProcessIbsCmd: Writing IBS_WAKE_ACK
02-23 12:47:34.518  1545  1663 D vendor.oplus.hardware.charger-V6-service: ret_value:128, read content:,348,346,4213,4213,-322,500,2200,79,82,1,4,-1,4980,82,1,0,1,1,0,0,4425,0,6,0,6,0,0,0,340,0,1,1,0,0,61,61,61,0,0,0,0,0,0,0,0,0,0
02-23 12:47:34.519  1545  1663 D vendor.oplus.hardware.charger-V6-service: gmtime: 2026-02-23-12-47-34
02-23 12:47:34.520  1545  1663 D vendor.oplus.hardware.charger-V6-service: usb_online:1, ac_online:0, wireless_online:-2147483648
02-23 12:47:34.539  1474 26959 I vendor.qti.bluetooth@1.0-ibs_handler: ProcessIbsCmd: Received IBS_SLEEP_IND: 0xFE
02-23 12:47:34.539  1474 26959 D vendor.qti.bluetooth@1.0-ibs_handler: SerialClockVote: vote for UART CLK OFF
02-23 12:47:34.582  1474 26959 I vendor.qti.bluetooth@1.0-ibs_handler: ProcessIbsCmd: Received IBS_WAKE_IND: 0xFD
02-23 12:47:34.582  1474 26959 D vendor.qti.bluetooth@1.0-ibs_handler: SerialClockVote: vote for UART CLK ON
02-23 12:47:34.582  1474 26959 I vendor.qti.bluetooth@1.0-ibs_handler: ProcessIbsCmd: Writing IBS_WAKE_ACK
02-23 12:47:34.623  1474 26959 I vendor.qti.bluetooth@1.0-ibs_handler: ProcessIbsCmd: Received IBS_SLEEP_IND: 0xFE
02-23 12:47:34.623  1474 26959 D vendor.qti.bluetooth@1.0-ibs_handler: SerialClockVote: vote for UART CLK OFF
02-23 12:47:34.696  9129 14605 I NearbyMediums: No BLE Fast/GATT advertisements found in the latest cycle.
02-23 12:47:34.697  9129 14605 I NearbyMediums: Current Tracked Scanning Clients are : {NearbyConnections.EnvironmentMonitor, NearbySharing}
02-23 12:47:34.698  1545  1698 D BatteryChargeControl: bcc get no support from charging protocol
02-23 12:47:34.774  1474 26943 D vendor.qti.bluetooth@1.0-wake_lock: Release wakelock is released 
02-23 12:47:34.804  7313 19197 I PTC.DISC.AndroidMultiLanServer: Watcher sysNif=[wlan0], userNif=[wlan0 state=(LISTEN JOIN(5199ED|31089)), ], clientNif=[wlan0 state=(LISTEN), ], tcpServer state=LISTEN, ipv4=**8.0.100
02-23 12:47:35.068  2028  3435 V AlarmManager: sending alarm Alarm{e71c8b1 type 3 origWhen 671955000 whenElapsed 671955000 android} uid 1000 whenElapsed 671955000 windowLength 0 maxWhenElapsed 671955000 repeatInterval 0 action null component null tag StatsCompanionService.periodic flags 0x9 procName system_server
02-23 12:47:35.075  1317  3641 I statsd  : Fate decided that an alarm will trigger subscribers.
02-23 12:47:35.079  7051 27017 I OplusObrain: OplusObrainClientInvoke.nativeGetTelephonyInfo
02-23 12:47:35.081  7051 27017 I OplusObrain: OplusObrainClientInvoke.nativeGetTrafficTypeInfoForNetworkType networkType 0
02-23 12:47:35.081  2028  3296 D KernelStatsHelper: getKernelStats start!
02-23 12:47:35.084  5228 12313 E midasd  : Read file /sys/class/power_supply/usb/current_now failed.(No data available)
02-23 12:47:35.085  2028  3594 D OplusNetlinkSocket: handleNetlinkRecvKernelMessage:nlmsghdr:StructNlMsgHdr{ nlmsg_len{3004}, nlmsg_type{33()}, nlmsg_flags{0()}, nlmsg_seq{0}, nlmsg_pid{132910602} }
02-23 12:47:35.085  2028  3594 D KernelStatsHelper: get magic :[-1, -1, -1, 77, 65, 71, 73, 67]
02-23 12:47:35.085  2028  3594 D KernelStatsHelper: magic matched count:408 data_len:21216
02-23 12:47:35.085  2028  3594 D OplusNetlinkSocket: handleNetlinkRecvKernelMessage:nlmsghdr:StructNlMsgHdr{ nlmsg_len{2988}, nlmsg_type{33()}, nlmsg_flags{0()}, nlmsg_seq{0}, nlmsg_pid{132910602} }
02-23 12:47:35.085  2028  3594 D OplusNetlinkSocket: handleNetlinkRecvKernelMessage:nlmsghdr:StructNlMsgHdr{ nlmsg_len{2988}, nlmsg_type{33()}, nlmsg_flags{0()}, nlmsg_seq{0}, nlmsg_pid{132910602} }
02-23 12:47:35.085  2028  3594 D OplusNetlinkSocket: handleNetlinkRecvKernelMessage:nlmsghdr:StructNlMsgHdr{ nlmsg_len{2988}, nlmsg_type{33()}, nlmsg_flags{0()}, nlmsg_seq{0}, nlmsg_pid{132910602} }
02-23 12:47:35.085  2028  3594 D OplusNetlinkSocket: handleNetlinkRecvKernelMessage:nlmsghdr:StructNlMsgHdr{ nlmsg_len{2988}, nlmsg_type{33()}, nlmsg_flags{0()}, nlmsg_seq{0}, nlmsg_pid{132910602} }
02-23 12:47:35.086  2028  3594 D OplusNetlinkSocket: handleNetlinkRecvKernelMessage:nlmsghdr:StructNlMsgHdr{ nlmsg_len{2988}, nlmsg_type{33()}, nlmsg_flags{0()}, nlmsg_seq{0}, nlmsg_pid{132910602} }
02-23 12:47:35.086  2028  3594 D OplusNetlinkSocket: handleNetlinkRecvKernelMessage:nlmsghdr:StructNlMsgHdr{ nlmsg_len{2988}, nlmsg_type{33()}, nlmsg_flags{0()}, nlmsg_seq{0}, nlmsg_pid{132910602} }
02-23 12:47:35.086  2028  3594 D OplusNetlinkSocket: handleNetlinkRecvKernelMessage:nlmsghdr:StructNlMsgHdr{ nlmsg_len{492}, nlmsg_type{33()}, nlmsg_flags{0()}, nlmsg_seq{0}, nlmsg_pid{132910602} }
02-23 12:47:35.086  2028  3594 D KernelStatsHelper: data over! check: true
02-23 12:47:35.273  2028  3514 D WifiStaIfaceHidlImpl: getCachedScanData is not implemented by HIDL
02-23 12:47:35.286  4239  4239 D OplusTelephonyController: onSignalStrengthChanged: SignalStrength=SignalStrength:{mCdma=CellSignalStrengthCdma: cdmaDbm=2147483647 cdmaEcio=2147483647 evdoDbm=2147483647 evdoEcio=2147483647 evdoSnr=2147483647 level=0,mGsm=CellSignalStrengthGsm: rssi=2147483647 ber=2147483647 mTa=2147483647 mLevel=0,mWcdma=CellSignalStrengthWcdma: ss=2147483647 ber=2147483647 rscp=2147483647 ecno=2147483647 level=0,mTdscdma=CellSignalStrengthTdscdma: rssi=2147483647 ber=2147483647 rscp=2147483647 level=0,mLte=CellSignalStrengthLte: rssi=-85 rsrp=-117 rsrq=-15 rssnr=-2 cqiTableIndex=2147483647 cqi=2147483647 ta=2147483647 level=2 parametersUseForLevel=0,mNr=CellSignalStrengthNr:{ csiRsrp = 2147483647 csiRsrq = 2147483647 csiCqiTableIndex = 2147483647 csiCqiReport = [] ssRsrp = 2147483647 ssRsrq = 2147483647 ssSinr = 2147483647 level = 0 parametersUseForLevel = 0 timingAdvance = 2147483647 },primary=CellSignalStrengthLte}
02-23 12:47:35.288  2028  3653 D OplusGameFirstManager: oldAverRssi=-75,rssi=-76,newAverRssi=-77
02-23 12:47:35.290  4441  4441 D SubsysEventListenerManager-SubsysTelephonyCallback[0]: onSignalStrengthsChanged
02-23 12:47:35.290  4321  4321 I QImsService: OplusWifiApmStateMgr : onReceive,wifiSignal: -76
02-23 12:47:35.291  4285  5726 D QCNEJ/WlanStaInfoRelay: Received action: android.net.wifi.RSSI_CHANGED
02-23 12:47:35.298  3826  3940 D WifiStatusTracker: mNetworkCallback onCapabilitiesChanged network:289 mPrimaryNetworkId:289
02-23 12:47:35.298  4441  4620 D SubsysEventListenerManager: onCapabilitiesChanged
02-23 12:47:35.298  4441  4620 D DataStateTracker: getCurDataChannel, channel:1
02-23 12:47:35.298  3826  4011 D WifiPickerTracker: handleNetworkCapabilitiesChanged network:289
02-23 12:47:35.301  4441  4441 D VendorWifiService: onEvent event:9,action:1
02-23 12:47:35.302  3826  4010 I SystemUi--Statusbar: MobileConnectionRepositoryImpl-->subId:2 isSoftSimCard:false slotId:0
02-23 12:47:35.303  2028  3615 D SystemNetworkObserver: wifi network 289 nc changed, primary=true
02-23 12:47:35.303  2028  3615 D SystemNetworkObserver: default network nc changed 289
02-23 12:47:35.303  2028  3653 D OplusSlaNetworkManager: isPrimaryWifi:true network:289
02-23 12:47:35.304  3826  4011 I WifiPickerTracker: wifi connected status realConnectedWifiEntry not null: true
02-23 12:47:35.304  9129  9342 I NullBinder: NullBinder for android.net.action.RECOMMEND_NETWORKS triggering remote TransactionTooLargeException due to Service without Chimera impl, calling uid: 1000, calling pid: 0
02-23 12:47:35.304  9129  9342 W .gms.persistent: Large reply transaction of 2113536 bytes, interface descriptor , code 1
02-23 12:47:35.305  3826  3940 D WifiStatusTracker: mNetworkCallback onCapabilitiesChanged network:289 mPrimaryNetworkId:289
02-23 12:47:35.306  9129  9343 I NullBinder: NullBinder for android.net.action.RECOMMEND_NETWORKS triggering remote TransactionTooLargeException due to Service without Chimera impl, calling uid: 1000, calling pid: 0
02-23 12:47:35.306  9129  9343 W .gms.persistent: Large reply transaction of 2113536 bytes, interface descriptor , code 1
02-23 12:47:35.307  3826  3826 I SystemUi--Statusbar: WifiViewModel-->wifiIcon icon:Wi-Fi three bars. isDefault:true alwaysShowIconIfEnabled:false
02-23 12:47:35.310  3826  3940 I SystemUi--Statusbar: NetworkController.WifiSignalController-->handleStatusUpdated state=3 enabled=true connected=true isDefaultNetwork=true rssi=-76 level=3 statusLabel=null isDirty=false
02-23 12:47:35.311 10211 10375 I CardConfig.RxNetworkMonitor: onNetworkStateChange, current:true, last:true
02-23 12:47:35.312  9050  9082 I BugleRcsEngine: Connected state: [1], networkType: [WIFI] [CONTEXT thread_id=752 ]
02-23 12:47:35.312  9050  9092 I BugleRcsEngine: handleMessage processing message:[NOTIFY_UPTIME_IGNORE_STATE_CHANGED] with [non-null]:RcsEngineImpl reference [CONTEXT log_prefix="RcsEngineImpl[DUAL_REG]:[84532c06-c402]>Handler" thread_id=759 ]
02-23 12:47:35.314  9129  9342 I NullBinder: NullBinder for android.net.action.RECOMMEND_NETWORKS triggering remote TransactionTooLargeException due to Service without Chimera impl, calling uid: 1000, calling pid: 0
02-23 12:47:35.314  9129  9342 W .gms.persistent: Large reply transaction of 2113536 bytes, interface descriptor , code 1
02-23 12:47:35.316  9129  9342 I NullBinder: NullBinder for android.net.action.RECOMMEND_NETWORKS triggering remote TransactionTooLargeException due to Service without Chimera impl, calling uid: 1000, calling pid: 0
02-23 12:47:35.316  9129  9342 W .gms.persistent: Large reply transaction of 2113536 bytes, interface descriptor , code 1
02-23 12:47:35.316  3826  3940 I SystemUi--Statusbar: NetworkController.WifiSignalController-->handleStatusUpdated state=3 enabled=true connected=true isDefaultNetwork=true rssi=-76 level=3 statusLabel=null isDirty=false
02-23 12:47:35.316  3826  3940 I SystemUi--Statusbar: NetworkController.WifiSignalController-->handleStatusUpdated state=3 enabled=true connected=true isDefaultNetwork=true rssi=-76 level=3 statusLabel=null isDirty=false
02-23 12:47:35.319  1474 26959 I vendor.qti.bluetooth@1.0-ibs_handler: ProcessIbsCmd: Received IBS_WAKE_IND: 0xFD
02-23 12:47:35.319  1474 26959 D vendor.qti.bluetooth@1.0-ibs_handler: SerialClockVote: vote for UART CLK ON
02-23 12:47:35.320  1474 26959 D vendor.qti.bluetooth@1.0-wake_lock: Acquire wakelock is acquired 
02-23 12:47:35.320  1474 26959 I vendor.qti.bluetooth@1.0-ibs_handler: ProcessIbsCmd: Writing IBS_WAKE_ACK
02-23 12:47:35.321  1502  1502 E ANDR-PERF-MPCTL: Active req limit reached, No optimizations performed
02-23 12:47:35.322  9050  9092 I BugleRcsEngine: Rcs is enabled from user settings: true [CONTEXT log_prefix="ProvisioningEngineDataRetriever" thread_id=759 ]
02-23 12:47:35.329  1502  1502 E ANDR-PERF-MPCTL: Active req limit reached, No optimizations performed
02-23 12:47:35.361  1474 26959 I vendor.qti.bluetooth@1.0-ibs_handler: ProcessIbsCmd: Received IBS_SLEEP_IND: 0xFE
02-23 12:47:35.361  1474 26959 D vendor.qti.bluetooth@1.0-ibs_handler: SerialClockVote: vote for UART CLK OFF
02-23 12:47:35.373  2028  3647 D OplusNetKit: in getLpByInterface name from LP: [rmnet_data2]
02-23 12:47:35.373  2028  3647 D OplusNetKit: in getLpByInterface name from LP: [wlan0]
02-23 12:47:35.410  1474 26959 I vendor.qti.bluetooth@1.0-ibs_handler: ProcessIbsCmd: Received IBS_WAKE_IND: 0xFD
02-23 12:47:35.410  1474 26959 D vendor.qti.bluetooth@1.0-ibs_handler: SerialClockVote: vote for UART CLK ON
02-23 12:47:35.410  1474 26959 I vendor.qti.bluetooth@1.0-ibs_handler: ProcessIbsCmd: Writing IBS_WAKE_ACK
02-23 12:47:35.451  1474 26959 I vendor.qti.bluetooth@1.0-ibs_handler: ProcessIbsCmd: Received IBS_SLEEP_IND: 0xFE
02-23 12:47:35.452  1474 26959 D vendor.qti.bluetooth@1.0-ibs_handler: SerialClockVote: vote for UART CLK OFF
02-23 12:47:35.480  2028  3647 D OplusNetRttKit: getIcmpEchoRtt addr:192.168.0.*** avgRtt: 31
02-23 12:47:35.602  1474 26943 D vendor.qti.bluetooth@1.0-wake_lock: Release wakelock is released 
02-23 12:47:35.700  1545  1698 D BatteryChargeControl: bcc get no support from charging protocol
02-23 12:47:35.815  9129 16214 I NearbySharing: Network state changed: NetworkState(isRestricted=false, isOnline=true, isCongested=false, isMetered=false, isWifiConnected=true)
02-23 12:47:35.946  1474 26959 I vendor.qti.bluetooth@1.0-ibs_handler: ProcessIbsCmd: Received IBS_WAKE_IND: 0xFD
02-23 12:47:35.946  1474 26959 D vendor.qti.bluetooth@1.0-ibs_handler: SerialClockVote: vote for UART CLK ON
02-23 12:47:35.948  1474 26959 D vendor.qti.bluetooth@1.0-wake_lock: Acquire wakelock is acquired 
02-23 12:47:35.948  1474 26959 I vendor.qti.bluetooth@1.0-ibs_handler: ProcessIbsCmd: Writing IBS_WAKE_ACK
02-23 12:47:35.989  1474 26959 I vendor.qti.bluetooth@1.0-ibs_handler: ProcessIbsCmd: Received IBS_SLEEP_IND: 0xFE
02-23 12:47:35.990  1474 26959 D vendor.qti.bluetooth@1.0-ibs_handler: SerialClockVote: vote for UART CLK OFF
02-23 12:47:36.026  1474 26959 I vendor.qti.bluetooth@1.0-ibs_handler: ProcessIbsCmd: Received IBS_WAKE_IND: 0xFD
02-23 12:47:36.027  1474 26959 D vendor.qti.bluetooth@1.0-ibs_handler: SerialClockVote: vote for UART CLK ON
02-23 12:47:36.027  1474 26959 I vendor.qti.bluetooth@1.0-ibs_handler: ProcessIbsCmd: Writing IBS_WAKE_ACK
02-23 12:47:36.052  1502  1502 E ANDR-PERF-MPCTL: Active req limit reached, No optimizations performed
02-23 12:47:36.068  1474 26959 I vendor.qti.bluetooth@1.0-ibs_handler: ProcessIbsCmd: Received IBS_SLEEP_IND: 0xFE
02-23 12:47:36.068  1474 26959 D vendor.qti.bluetooth@1.0-ibs_handler: SerialClockVote: vote for UART CLK OFF
02-23 12:47:36.219  1474 26943 D vendor.qti.bluetooth@1.0-wake_lock: Release wakelock is released 
02-23 12:47:36.430  1495 11693 I WifiHAL : event received NL80211_CMD_VENDOR, vendor_id = 0x1374, subcmd = 0xd
02-23 12:47:36.486  1545  1545 D vendor.oplus.hardware.charger-V6-service: get_ui_charge_icon_type 0 0 0 0 0
02-23 12:47:36.487  1545  1545 D vendor.oplus.hardware.charger-V6-service: oplus_chg_get_cpa_power 2500 charge_online 1 retention_topic 0
02-23 12:47:36.500  3826  3826 I SystemUi--Statusbar: BatteryControllerExt-->updateBatteryChangeIntent():broadcast=android.intent.action.BATTERY_CHANGED,level=82,scale=100
02-23 12:47:36.500  4441  4441 D SubsysBroadcastManager: onReceive action:android.intent.action.BATTERY_CHANGED
02-23 12:47:36.500  3826  3826 I SystemUi--Statusbar: BatteryRepository-->level: 82 -- isSavingMode: false
02-23 12:47:36.501  2028  2928 D OplusDisplayBrightnessBroadcastReceiver: onReceive action = android.intent.action.BATTERY_CHANGED , listeners = [com.android.server.display.OplusFeatureHDREnhanceBrightness$PhoneInfoReceiver@780cd78, com.android.server.display.OplusFeatureEdrEnhanceBrightness$PhoneInfoReceiver@3423c51]
02-23 12:47:36.502  4291  4291 D DeviceStatisticsService: onReceive: action= android.intent.action.BATTERY_CHANGED
02-23 12:47:36.505  7318  8179 I DeepThinkerSDK: [APP] ClientConnection: getDeepThinkerBridge start
02-23 12:47:36.505  7318  8179 I DeepThinkerSDK: [APP] ClientConnection: getDeepThinkerBridge end
02-23 12:47:36.505  7318  8179 I DeepThinkerSDK: [APP] UserDomainManager: businessId : 401 threshold : 0.6 learnPeriod:30
02-23 12:47:36.505  3013  3013 D CustomLogManagerService: onReceive android.intent.action.BATTERY_CHANGED
02-23 12:47:36.507  7318  8185 E Battery : ChargeProtectionUtils: mCanlendarTmp.isEmpty()!
02-23 12:47:36.508  7318  8179 I DeepThinkerSDK: [APP] UserDomainManager: PerformanceOfLongCharging{probabilityOfLocation=0.0, probabilityOfApps=0.0, probabilityOfTime=0.0, probabilityOfTotal=0.0, duration=0}
02-23 12:47:36.512  3826  3940 I SystemUi--Statusbar: OplusNetworkSpeedControllExImpl-->updateNetworkSpeed: isConnected:true,isSwitchOn:true
02-23 12:47:36.514  3826  3940 I SystemUi--Statusbar: OplusNetworkSpeedControllExImpl-->getTotalByte: totalRxBytes:22791395932,totalTxBytes:3611065957,loopbackTxBytes:2816519,loopbackRxBytes:2691599 ,totalBytes:26396953771
02-23 12:47:36.553  1502  1502 E ANDR-PERF-MPCTL: Active req limit reached, No optimizations performed
02-23 12:47:36.688  1474 26959 I vendor.qti.bluetooth@1.0-ibs_handler: ProcessIbsCmd: Received IBS_WAKE_IND: 0xFD
02-23 12:47:36.689  1474 26959 D vendor.qti.bluetooth@1.0-ibs_handler: SerialClockVote: vote for UART CLK ON
02-23 12:47:36.690  1474 26959 D vendor.qti.bluetooth@1.0-wake_lock: Acquire wakelock is acquired 
02-23 12:47:36.690  1474 26959 I vendor.qti.bluetooth@1.0-ibs_handler: ProcessIbsCmd: Writing IBS_WAKE_ACK
02-23 12:47:36.702  1545  1698 D BatteryChargeControl: bcc get no support from charging protocol
02-23 12:47:36.732  1474 26959 I vendor.qti.bluetooth@1.0-ibs_handler: ProcessIbsCmd: Received IBS_SLEEP_IND: 0xFE
02-23 12:47:36.732  1474 26959 D vendor.qti.bluetooth@1.0-ibs_handler: SerialClockVote: vote for UART CLK OFF
02-23 12:47:36.777  1474 26959 I vendor.qti.bluetooth@1.0-ibs_handler: ProcessIbsCmd: Received IBS_WAKE_IND: 0xFD
02-23 12:47:36.777  1474 26959 D vendor.qti.bluetooth@1.0-ibs_handler: SerialClockVote: vote for UART CLK ON
02-23 12:47:36.777  1474 26959 I vendor.qti.bluetooth@1.0-ibs_handler: ProcessIbsCmd: Writing IBS_WAKE_ACK
02-23 12:47:36.819  1474 26959 I vendor.qti.bluetooth@1.0-ibs_handler: ProcessIbsCmd: Received IBS_SLEEP_IND: 0xFE
02-23 12:47:36.819  1474 26959 D vendor.qti.bluetooth@1.0-ibs_handler: SerialClockVote: vote for UART CLK OFF
02-23 12:47:36.887  1474 26959 I vendor.qti.bluetooth@1.0-ibs_handler: ProcessIbsCmd: Received IBS_WAKE_IND: 0xFD
02-23 12:47:36.887  1474 26959 D vendor.qti.bluetooth@1.0-ibs_handler: SerialClockVote: vote for UART CLK ON
02-23 12:47:36.887  1474 26959 I vendor.qti.bluetooth@1.0-ibs_handler: ProcessIbsCmd: Writing IBS_WAKE_ACK
02-23 12:47:36.890 26895 26931 W bluetooth: [hci_layer.cc:617] on_vs_event: Unhandled vendor specific event of type BQR_EVENT(0x58)
02-23 12:47:36.928  1474 26959 I vendor.qti.bluetooth@1.0-ibs_handler: ProcessIbsCmd: Received IBS_SLEEP_IND: 0xFE
02-23 12:47:36.928  1474 26959 D vendor.qti.bluetooth@1.0-ibs_handler: SerialClockVote: vote for UART CLK OFF
02-23 12:47:37.079  1474 26943 D vendor.qti.bluetooth@1.0-wake_lock: Release wakelock is released 
02-23 12:47:37.292  1502  1502 E ANDR-PERF-MPCTL: Active req limit reached, No optimizations performed
02-23 12:47:37.306  2028  3514 D WifiStaIfaceHidlImpl: getCachedScanData is not implemented by HIDL
02-23 12:47:37.316  2028  9252 D UsageStatsService: User[0] type=0 b=1771830899669 e=1771831057314 cb=1771764266287 ce=1771831055315 disk=0 all=1
02-23 12:47:37.317 18823 18823 I wpa_supplicant: wlan0: command[CURRENT_RSSI -74], reply:SUCCESS
02-23 12:47:37.320  2028  3615 D OplusWifiPower_TriggerCenter: mComponentCallback: wifistat
02-23 12:47:37.320  4441  4441 D VendorWifiService: onEvent event:9,action:1
02-23 12:47:37.321  3826  3940 D WifiStatusTracker: mNetworkCallback onCapabilitiesChanged network:289 mPrimaryNetworkId:289
02-23 12:47:37.323  4441  4620 D SubsysEventListenerManager: onCapabilitiesChanged
02-23 12:47:37.323  4441  4620 D DataStateTracker: getCurDataChannel, channel:1
02-23 12:47:37.325  3826  4011 D WifiPickerTracker: handleNetworkCapabilitiesChanged network:289
02-23 12:47:37.326  2028  3615 D SystemNetworkObserver: wifi network 289 nc changed, primary=true
02-23 12:47:37.327  2028  3615 D SystemNetworkObserver: default network nc changed 289
02-23 12:47:37.327  2028  3653 D OplusSlaNetworkManager: isPrimaryWifi:true network:289
02-23 12:47:37.327  3826  3940 D WifiStatusTracker: mNetworkCallback onCapabilitiesChanged network:289 mPrimaryNetworkId:289
02-23 12:47:37.328  9129  9342 I NullBinder: NullBinder for android.net.action.RECOMMEND_NETWORKS triggering remote TransactionTooLargeException due to Service without Chimera impl, calling uid: 1000, calling pid: 0
02-23 12:47:37.328  9129  9342 W .gms.persistent: Large reply transaction of 2113536 bytes, interface descriptor , code 1
02-23 12:47:37.332  3826  4011 I WifiPickerTracker: wifi connected status realConnectedWifiEntry not null: true
02-23 12:47:37.332  9129  9342 I NullBinder: NullBinder for android.net.action.RECOMMEND_NETWORKS triggering remote TransactionTooLargeException due to Service without Chimera impl, calling uid: 1000, calling pid: 0
02-23 12:47:37.332  9129  9342 W .gms.persistent: Large reply transaction of 2113536 bytes, interface descriptor , code 1
02-23 12:47:37.333  3826  3940 I SystemUi--Statusbar: NetworkController.WifiSignalController-->handleStatusUpdated state=3 enabled=true connected=true isDefaultNetwork=true rssi=-74 level=3 statusLabel=null isDirty=false
02-23 12:47:37.335  3826  3940 I SystemUi--Statusbar: NetworkController.WifiSignalController-->handleStatusUpdated state=3 enabled=true connected=true isDefaultNetwork=true rssi=-74 level=3 statusLabel=null isDirty=false
02-23 12:47:37.335  3826  3940 I SystemUi--Statusbar: NetworkController.WifiSignalController-->handleStatusUpdated state=3 enabled=true connected=true isDefaultNetwork=true rssi=-74 level=3 statusLabel=null isDirty=false
02-23 12:47:37.336 10211 10375 I CardConfig.RxNetworkMonitor: onNetworkStateChange, current:true, last:true
02-23 12:47:37.338  9050  9092 I BugleRcsEngine: handleMessage processing message:[NOTIFY_UPTIME_IGNORE_STATE_CHANGED] with [non-null]:RcsEngineImpl reference [CONTEXT log_prefix="RcsEngineImpl[DUAL_REG]:[84532c06-c402]>Handler" thread_id=759 ]
02-23 12:47:37.339  1502  1502 E ANDR-PERF-MPCTL: Active req limit reached, No optimizations performed
02-23 12:47:37.340  9050  9082 I BugleRcsEngine: Connected state: [1], networkType: [WIFI] [CONTEXT thread_id=752 ]
02-23 12:47:37.342  9129  9237 I NullBinder: NullBinder for android.net.action.RECOMMEND_NETWORKS triggering remote TransactionTooLargeException due to Service without Chimera impl, calling uid: 1000, calling pid: 0
02-23 12:47:37.342  9129  9237 W .gms.persistent: Large reply transaction of 2113536 bytes, interface descriptor , code 1
02-23 12:47:37.343  9050  9092 I BugleRcsEngine: Rcs is enabled from user settings: true [CONTEXT log_prefix="ProvisioningEngineDataRetriever" thread_id=759 ]
02-23 12:47:37.344  9129  9237 I NullBinder: NullBinder for android.net.action.RECOMMEND_NETWORKS triggering remote TransactionTooLargeException due to Service without Chimera impl, calling uid: 1000, calling pid: 0
02-23 12:47:37.344  9129  9237 W .gms.persistent: Large reply transaction of 2113536 bytes, interface descriptor , code 1
02-23 12:47:37.429  1474 26959 I vendor.qti.bluetooth@1.0-ibs_handler: ProcessIbsCmd: Received IBS_WAKE_IND: 0xFD
02-23 12:47:37.429  1474 26959 D vendor.qti.bluetooth@1.0-ibs_handler: SerialClockVote: vote for UART CLK ON
02-23 12:47:37.431  1474 26959 D vendor.qti.bluetooth@1.0-wake_lock: Acquire wakelock is acquired 
02-23 12:47:37.431  1474 26959 I vendor.qti.bluetooth@1.0-ibs_handler: ProcessIbsCmd: Writing IBS_WAKE_ACK
02-23 12:47:37.473  1474 26959 I vendor.qti.bluetooth@1.0-ibs_handler: ProcessIbsCmd: Received IBS_SLEEP_IND: 0xFE
02-23 12:47:37.473  1474 26959 D vendor.qti.bluetooth@1.0-ibs_handler: SerialClockVote: vote for UART CLK OFF
02-23 12:47:37.502  4153 25296 D IpClient/wlan0: interfaceLinkStateChanged: ifindex 24 up
02-23 12:47:37.509  1474 26959 I vendor.qti.bluetooth@1.0-ibs_handler: ProcessIbsCmd: Received IBS_WAKE_IND: 0xFD
02-23 12:47:37.510  1474 26959 D vendor.qti.bluetooth@1.0-ibs_handler: SerialClockVote: vote for UART CLK ON
02-23 12:47:37.510  1474 26959 I vendor.qti.bluetooth@1.0-ibs_handler: ProcessIbsCmd: Writing IBS_WAKE_ACK
02-23 12:47:37.551  1474 26959 I vendor.qti.bluetooth@1.0-ibs_handler: ProcessIbsCmd: Received IBS_SLEEP_IND: 0xFE
02-23 12:47:37.551  1474 26959 D vendor.qti.bluetooth@1.0-ibs_handler: SerialClockVote: vote for UART CLK OFF
02-23 12:47:37.702  1474 26943 D vendor.qti.bluetooth@1.0-wake_lock: Release wakelock is released 
02-23 12:47:37.706  1545  1698 D BatteryChargeControl: bcc get no support from charging protocol
02-23 12:47:37.838  9129 16214 I NearbySharing: Network state changed: NetworkState(isRestricted=false, isOnline=true, isCongested=false, isMetered=false, isWifiConnected=true)
02-23 12:47:38.060  1502  1502 E ANDR-PERF-MPCTL: Active req limit reached, No optimizations performed
02-23 12:47:38.161  1474 26959 I vendor.qti.bluetooth@1.0-ibs_handler: ProcessIbsCmd: Received IBS_WAKE_IND: 0xFD
02-23 12:47:38.161  1474 26959 D vendor.qti.bluetooth@1.0-ibs_handler: SerialClockVote: vote for UART CLK ON
02-23 12:47:38.163  1474 26959 D vendor.qti.bluetooth@1.0-wake_lock: Acquire wakelock is acquired 
02-23 12:47:38.163  1474 26959 I vendor.qti.bluetooth@1.0-ibs_handler: ProcessIbsCmd: Writing IBS_WAKE_ACK
02-23 12:47:38.204  1474 26959 I vendor.qti.bluetooth@1.0-ibs_handler: ProcessIbsCmd: Received IBS_SLEEP_IND: 0xFE
02-23 12:47:38.204  1474 26959 D vendor.qti.bluetooth@1.0-ibs_handler: SerialClockVote: vote for UART CLK OFF
02-23 12:47:38.245  1474 26959 I vendor.qti.bluetooth@1.0-ibs_handler: ProcessIbsCmd: Received IBS_WAKE_IND: 0xFD
02-23 12:47:38.245  1474 26959 D vendor.qti.bluetooth@1.0-ibs_handler: SerialClockVote: vote for UART CLK ON
02-23 12:47:38.246  1474 26959 I vendor.qti.bluetooth@1.0-ibs_handler: ProcessIbsCmd: Writing IBS_WAKE_ACK
02-23 12:47:38.271  7051 26665 E MIDASApplication: MIDASPullAtomManager: onPullAtom 150122
02-23 12:47:38.286  1474 26959 I vendor.qti.bluetooth@1.0-ibs_handler: ProcessIbsCmd: Received IBS_SLEEP_IND: 0xFE
02-23 12:47:38.286  1474 26959 D vendor.qti.bluetooth@1.0-ibs_handler: SerialClockVote: vote for UART CLK OFF
02-23 12:47:38.309  2028  4118 W Settings: Setting notification_bubbles has moved from android.provider.Settings.Global to android.provider.Settings.Secure, returning read-only value.
02-23 12:47:38.310  2028  4118 W Settings: Setting apply_ramping_ringer has moved from android.provider.Settings.Global to android.provider.Settings.System, returning read-only value.
02-23 12:47:38.316  2028  4118 W SettingsStatsUtil: Can not parse value to float: +network
02-23 12:47:38.322  2028  4118 W SettingsStatsUtil: Can not parse value to float: +network
02-23 12:47:38.436  1495 11693 I WifiHAL : event received NL80211_CMD_VENDOR, vendor_id = 0x1374, subcmd = 0xd
02-23 12:47:38.437  1474 26943 D vendor.qti.bluetooth@1.0-wake_lock: Release wakelock is released 
02-23 12:47:38.508  3013 28397 D CustomLogManagerService: WorkHandler msg.what :5
02-23 12:47:38.513  3013 28397 D CustomLogManagerService: curTemp:340 limit:390
02-23 12:47:38.513  3013 28397 D CustomLogManagerService: checkUploadStatus: isSceenOn=true activeNetType=1 isCharging=true isUploading:false temperatureLimit:false
02-23 12:47:38.514  3013 28397 D CustomLogManagerService: sys.log.customer=false
02-23 12:47:38.514  3013 28397 D CustomLogManagerService: isHaveCustomLogCollecting :false
02-23 12:47:38.709  1545  1698 D BatteryChargeControl: bcc get no support from charging protocol
02-23 12:47:39.005  1474 26959 I vendor.qti.bluetooth@1.0-ibs_handler: ProcessIbsCmd: Received IBS_WAKE_IND: 0xFD
02-23 12:47:39.005  1474 26959 D vendor.qti.bluetooth@1.0-ibs_handler: SerialClockVote: vote for UART CLK ON
02-23 12:47:39.007  1474 26959 D vendor.qti.bluetooth@1.0-wake_lock: Acquire wakelock is acquired 
02-23 12:47:39.007  1474 26959 I vendor.qti.bluetooth@1.0-ibs_handler: ProcessIbsCmd: Writing IBS_WAKE_ACK
02-23 12:47:39.048  1474 26959 I vendor.qti.bluetooth@1.0-ibs_handler: ProcessIbsCmd: Received IBS_SLEEP_IND: 0xFE
02-23 12:47:39.048  1474 26959 D vendor.qti.bluetooth@1.0-ibs_handler: SerialClockVote: vote for UART CLK OFF
02-23 12:47:39.199  1474 26943 D vendor.qti.bluetooth@1.0-wake_lock: Release wakelock is released 
02-23 12:47:39.212  7191 26114 D gaia-GaiaConnectChecker: start connect check++
02-23 12:47:39.214  7191 25702 D gaia-GaiaConnectChecker: start connect check++
02-23 12:47:39.342  2028  3514 D WifiStaIfaceHidlImpl: getCachedScanData is not implemented by HIDL
02-23 12:47:39.360  3826  3940 D WifiStatusTracker: mNetworkCallback onCapabilitiesChanged network:289 mPrimaryNetworkId:289
02-23 12:47:39.360  4441  4441 D VendorWifiService: onEvent event:9,action:1
02-23 12:47:39.363  4441  4620 D SubsysEventListenerManager: onCapabilitiesChanged
02-23 12:47:39.363  4441  4620 D DataStateTracker: getCurDataChannel, channel:1
02-23 12:47:39.366  3826  4011 D WifiPickerTracker: handleNetworkCapabilitiesChanged network:289
02-23 12:47:39.367  9129  9237 I NullBinder: NullBinder for android.net.action.RECOMMEND_NETWORKS triggering remote TransactionTooLargeException due to Service without Chimera impl, calling uid: 1000, calling pid: 0
02-23 12:47:39.367  9129  9237 W .gms.persistent: Large reply transaction of 2113536 bytes, interface descriptor , code 1
02-23 12:47:39.367  2028  3615 D SystemNetworkObserver: wifi network 289 nc changed, primary=true
02-23 12:47:39.367  2028  3615 D SystemNetworkObserver: default network nc changed 289
02-23 12:47:39.367  2028  3653 D OplusSlaNetworkManager: isPrimaryWifi:true network:289
02-23 12:47:39.368  3826  3940 D WifiStatusTracker: mNetworkCallback onCapabilitiesChanged network:289 mPrimaryNetworkId:289
02-23 12:47:39.370  9129  9237 I NullBinder: NullBinder for android.net.action.RECOMMEND_NETWORKS triggering remote TransactionTooLargeException due to Service without Chimera impl, calling uid: 1000, calling pid: 0
02-23 12:47:39.370  9129  9237 W .gms.persistent: Large reply transaction of 2113536 bytes, interface descriptor , code 1
02-23 12:47:39.372  3826  4011 I WifiPickerTracker: wifi connected status realConnectedWifiEntry not null: true
02-23 12:47:39.375  9050  9092 I BugleRcsEngine: handleMessage processing message:[NOTIFY_UPTIME_IGNORE_STATE_CHANGED] with [non-null]:RcsEngineImpl reference [CONTEXT log_prefix="RcsEngineImpl[DUAL_REG]:[84532c06-c402]>Handler" thread_id=759 ]
02-23 12:47:39.375 10211 10375 I CardConfig.RxNetworkMonitor: onNetworkStateChange, current:true, last:true
02-23 12:47:39.377  3826  3940 I SystemUi--Statusbar: NetworkController.WifiSignalController-->handleStatusUpdated state=3 enabled=true connected=true isDefaultNetwork=true rssi=-76 level=3 statusLabel=null isDirty=false
02-23 12:47:39.378  3826  3940 I SystemUi--Statusbar: NetworkController.WifiSignalController-->handleStatusUpdated state=3 enabled=true connected=true isDefaultNetwork=true rssi=-76 level=3 statusLabel=null isDirty=false
02-23 12:47:39.378  3826  3940 I SystemUi--Statusbar: NetworkController.WifiSignalController-->handleStatusUpdated state=3 enabled=true connected=true isDefaultNetwork=true rssi=-76 level=3 statusLabel=null isDirty=false
02-23 12:47:39.378  9050  9082 I BugleRcsEngine: Connected state: [1], networkType: [WIFI] [CONTEXT thread_id=752 ]
02-23 12:47:39.380  9129  9237 I NullBinder: NullBinder for android.net.action.RECOMMEND_NETWORKS triggering remote TransactionTooLargeException due to Service without Chimera impl, calling uid: 1000, calling pid: 0
02-23 12:47:39.380  9129  9237 W .gms.persistent: Large reply transaction of 2113536 bytes, interface descriptor , code 1
02-23 12:47:39.381  9050  9092 I BugleRcsEngine: Rcs is enabled from user settings: true [CONTEXT log_prefix="ProvisioningEngineDataRetriever" thread_id=759 ]
02-23 12:47:39.382  9129  9237 I NullBinder: NullBinder for android.net.action.RECOMMEND_NETWORKS triggering remote TransactionTooLargeException due to Service without Chimera impl, calling uid: 1000, calling pid: 0
02-23 12:47:39.382  9129  9237 W .gms.persistent: Large reply transaction of 2113536 bytes, interface descriptor , code 1
02-23 12:47:39.485  4306  4599 I PluginManager: dalvikMax=11,dalvikFree=4dalvikAllocated=7
02-23 12:47:39.521  1545  1663 D vendor.oplus.hardware.charger-V6-service: ret_value:128, read content:,348,346,4210,4210,-280,500,2200,79,82,1,4,-1,4980,82,1,0,1,1,0,0,4425,0,6,0,6,0,0,0,340,0,1,1,0,0,61,61,61,0,0,0,0,0,0,0,0,0,0
02-23 12:47:39.521  1545  1663 D vendor.oplus.hardware.charger-V6-service: gmtime: 2026-02-23-12-47-39
02-23 12:47:39.522  1545  1663 D vendor.oplus.hardware.charger-V6-service: usb_online:1, ac_online:0, wireless_online:-2147483648
02-23 12:47:39.711  1545  1698 D BatteryChargeControl: bcc get no support from charging protocol
02-23 12:47:39.732  1474 26959 I vendor.qti.bluetooth@1.0-ibs_handler: ProcessIbsCmd: Received IBS_WAKE_IND: 0xFD
02-23 12:47:39.733  1474 26959 D vendor.qti.bluetooth@1.0-ibs_handler: SerialClockVote: vote for UART CLK ON
02-23 12:47:39.735  1474 26959 D vendor.qti.bluetooth@1.0-wake_lock: Acquire wakelock is acquired 
02-23 12:47:39.735  1474 26959 I vendor.qti.bluetooth@1.0-ibs_handler: ProcessIbsCmd: Writing IBS_WAKE_ACK
02-23 12:47:39.776  1474 26959 I vendor.qti.bluetooth@1.0-ibs_handler: ProcessIbsCmd: Received IBS_SLEEP_IND: 0xFE
02-23 12:47:39.776  1474 26959 D vendor.qti.bluetooth@1.0-ibs_handler: SerialClockVote: vote for UART CLK OFF
