02-23 12:50:59.816   711  3559 E android.system.suspend-service: Error opening active_time_ms for wakeup48: Permission denied
02-23 12:50:59.817   711  3559 E android.system.suspend-service: Error opening event_count for wakeup38: Permission denied
02-23 12:50:59.817   711  3559 E android.system.suspend-service: Error opening max_time_ms for wakeup38: Permission denied
02-23 12:50:59.817   711  3559 E android.system.suspend-service: Error opening wakeup_count for wakeup38: Permission denied
02-23 12:50:59.817   711  3559 E android.system.suspend-service: Error opening total_time_ms for wakeup38: Permission denied
02-23 12:50:59.817   711  3559 E android.system.suspend-service: Error opening expire_count for wakeup38: Permission denied
02-23 12:50:59.817   711  3559 E android.system.suspend-service: Error opening active_count for wakeup38: Permission denied
02-23 12:50:59.817   711  3559 E android.system.suspend-service: Error opening last_change_ms for wakeup38: Permission denied
02-23 12:50:59.817   711  3559 E android.system.suspend-service: Error opening waiting_for_supplier for wakeup38: Permission denied
02-23 12:50:59.817   711  3559 E android.system.suspend-service: Error opening prevent_suspend_time_ms for wakeup38: Permission denied
02-23 12:50:59.817   711  3559 E android.system.suspend-service: Error opening name for wakeup38: Permission denied
02-23 12:50:59.817   711  3559 E android.system.suspend-service: Error opening active_time_ms for wakeup38: Permission denied
02-23 12:50:59.818   711  3559 E android.system.suspend-service: Error opening event_count for wakeup28: Permission denied
02-23 12:50:59.818   711  3559 E android.system.suspend-service: Error opening max_time_ms for wakeup28: Permission denied
02-23 12:50:59.818   711  3559 E android.system.suspend-service: Error opening wakeup_count for wakeup28: Permission denied
02-23 12:50:59.818   711  3559 E android.system.suspend-service: Error opening total_time_ms for wakeup28: Permission denied
02-23 12:50:59.818   711  3559 E android.system.suspend-service: Error opening expire_count for wakeup28: Permission denied
02-23 12:50:59.818   711  3559 E android.system.suspend-service: Error opening active_count for wakeup28: Permission denied
02-23 12:50:59.818   711  3559 E android.system.suspend-service: Error opening last_change_ms for wakeup28: Permission denied
02-23 12:50:59.818   711  3559 E android.system.suspend-service: Error opening waiting_for_supplier for wakeup28: Permission denied
02-23 12:50:59.818   711  3559 E android.system.suspend-service: Error opening prevent_suspend_time_ms for wakeup28: Permission denied
02-23 12:50:59.818   711  3559 E android.system.suspend-service: Error opening name for wakeup28: Permission denied
02-23 12:50:59.818   711  3559 E android.system.suspend-service: Error opening active_time_ms for wakeup28: Permission denied
02-23 12:50:59.818   711  3559 E android.system.suspend-service: Error opening event_count for wakeup126: Permission denied
02-23 12:50:59.818   711  3559 E android.system.suspend-service: Error opening max_time_ms for wakeup126: Permission denied
02-23 12:50:59.819   711  3559 E android.system.suspend-service: Error opening wakeup_count for wakeup126: Permission denied
02-23 12:50:59.819   711  3559 E android.system.suspend-service: Error opening total_time_ms for wakeup126: Permission denied
02-23 12:50:59.819   711  3559 E android.system.suspend-service: Error opening expire_count for wakeup126: Permission denied
02-23 12:50:59.819   711  3559 E android.system.suspend-service: Error opening active_count for wakeup126: Permission denied
02-23 12:50:59.819   711  3559 E android.system.suspend-service: Error opening last_change_ms for wakeup126: Permission denied
02-23 12:50:59.819   711  3559 E android.system.suspend-service: Error opening waiting_for_supplier for wakeup126: Permission denied
02-23 12:50:59.819   711  3559 E android.system.suspend-service: Error opening prevent_suspend_time_ms for wakeup126: Permission denied
02-23 12:50:59.819   711  3559 E android.system.suspend-service: Error opening name for wakeup126: Permission denied
02-23 12:50:59.819   711  3559 E android.system.suspend-service: Error opening active_time_ms for wakeup126: Permission denied
02-23 12:50:59.819   711  3559 E android.system.suspend-service: Error opening event_count for wakeup56: Permission denied
02-23 12:50:59.819   711  3559 E android.system.suspend-service: Error opening max_time_ms for wakeup56: Permission denied
02-23 12:50:59.819   711  3559 E android.system.suspend-service: Error opening wakeup_count for wakeup56: Permission denied
02-23 12:50:59.819   711  3559 E android.system.suspend-service: Error opening total_time_ms for wakeup56: Permission denied
02-23 12:50:59.819   711  3559 E android.system.suspend-service: Error opening expire_count for wakeup56: Permission denied
02-23 12:50:59.819   711  3559 E android.system.suspend-service: Error opening active_count for wakeup56: Permission denied
02-23 12:50:59.819   711  3559 E android.system.suspend-service: Error opening last_change_ms for wakeup56: Permission denied
02-23 12:50:59.819   711  3559 E android.system.suspend-service: Error opening waiting_for_supplier for wakeup56: Permission denied
02-23 12:50:59.819   711  3559 E android.system.suspend-service: Error opening prevent_suspend_time_ms for wakeup56: Permission denied
02-23 12:50:59.819   711  3559 E android.system.suspend-service: Error opening name for wakeup56: Permission denied
02-23 12:50:59.819   711  3559 E android.system.suspend-service: Error opening active_time_ms for wakeup56: Permission denied
02-23 12:50:59.820   711  3559 E android.system.suspend-service: Error opening event_count for wakeup46: Permission denied
02-23 12:50:59.821   711  3559 E android.system.suspend-service: Error opening max_time_ms for wakeup46: Permission denied
02-23 12:50:59.821   711  3559 E android.system.suspend-service: Error opening wakeup_count for wakeup46: Permission denied
02-23 12:50:59.821   711  3559 E android.system.suspend-service: Error opening total_time_ms for wakeup46: Permission denied
02-23 12:50:59.821   711  3559 E android.system.suspend-service: Error opening expire_count for wakeup46: Permission denied
02-23 12:50:59.821   711  3559 E android.system.suspend-service: Error opening active_count for wakeup46: Permission denied
02-23 12:50:59.821   711  3559 E android.system.suspend-service: Error opening last_change_ms for wakeup46: Permission denied
02-23 12:50:59.821   711  3559 E android.system.suspend-service: Error opening waiting_for_supplier for wakeup46: Permission denied
02-23 12:50:59.821   711  3559 E android.system.suspend-service: Error opening prevent_suspend_time_ms for wakeup46: Permission denied
02-23 12:50:59.821   711  3559 E android.system.suspend-service: Error opening name for wakeup46: Permission denied
02-23 12:50:59.821   711  3559 E android.system.suspend-service: Error opening active_time_ms for wakeup46: Permission denied
02-23 12:50:59.824   711  3559 E android.system.suspend-service: Error opening event_count for wakeup54: Permission denied
02-23 12:50:59.824   711  3559 E android.system.suspend-service: Error opening max_time_ms for wakeup54: Permission denied
02-23 12:50:59.824   711  3559 E android.system.suspend-service: Error opening wakeup_count for wakeup54: Permission denied
02-23 12:50:59.824   711  3559 E android.system.suspend-service: Error opening total_time_ms for wakeup54: Permission denied
02-23 12:50:59.824   711  3559 E android.system.suspend-service: Error opening expire_count for wakeup54: Permission denied
02-23 12:50:59.824   711  3559 E android.system.suspend-service: Error opening active_count for wakeup54: Permission denied
02-23 12:50:59.824   711  3559 E android.system.suspend-service: Error opening last_change_ms for wakeup54: Permission denied
02-23 12:50:59.824   711  3559 E android.system.suspend-service: Error opening waiting_for_supplier for wakeup54: Permission denied
02-23 12:50:59.824   711  3559 E android.system.suspend-service: Error opening prevent_suspend_time_ms for wakeup54: Permission denied
02-23 12:50:59.824   711  3559 E android.system.suspend-service: Error opening name for wakeup54: Permission denied
02-23 12:50:59.824   711  3559 E android.system.suspend-service: Error opening active_time_ms for wakeup54: Permission denied
02-23 12:50:59.828   711  3559 E android.system.suspend-service: Error opening event_count for wakeup52: Permission denied
02-23 12:50:59.828   711  3559 E android.system.suspend-service: Error opening max_time_ms for wakeup52: Permission denied
02-23 12:50:59.828   711  3559 E android.system.suspend-service: Error opening wakeup_count for wakeup52: Permission denied
02-23 12:50:59.828   711  3559 E android.system.suspend-service: Error opening total_time_ms for wakeup52: Permission denied
02-23 12:50:59.829   711  3559 E android.system.suspend-service: Error opening expire_count for wakeup52: Permission denied
02-23 12:50:59.829   711  3559 E android.system.suspend-service: Error opening active_count for wakeup52: Permission denied
02-23 12:50:59.829   711  3559 E android.system.suspend-service: Error opening last_change_ms for wakeup52: Permission denied
02-23 12:50:59.829   711  3559 E android.system.suspend-service: Error opening waiting_for_supplier for wakeup52: Permission denied
02-23 12:50:59.829   711  3559 E android.system.suspend-service: Error opening prevent_suspend_time_ms for wakeup52: Permission denied
02-23 12:50:59.829   711  3559 E android.system.suspend-service: Error opening name for wakeup52: Permission denied
02-23 12:50:59.829   711  3559 E android.system.suspend-service: Error opening active_time_ms for wakeup52: Permission denied
02-23 12:50:59.831   711  3559 E android.system.suspend-service: Error opening event_count for wakeup32: Permission denied
02-23 12:50:59.832   711  3559 E android.system.suspend-service: Error opening max_time_ms for wakeup32: Permission denied
02-23 12:50:59.832   711  3559 E android.system.suspend-service: Error opening wakeup_count for wakeup32: Permission denied
02-23 12:50:59.832   711  3559 E android.system.suspend-service: Error opening total_time_ms for wakeup32: Permission denied
02-23 12:50:59.832   711  3559 E android.system.suspend-service: Error opening expire_count for wakeup32: Permission denied
02-23 12:50:59.832   711  3559 E android.system.suspend-service: Error opening active_count for wakeup32: Permission denied
02-23 12:50:59.832   711  3559 E android.system.suspend-service: Error opening last_change_ms for wakeup32: Permission denied
02-23 12:50:59.832   711  3559 E android.system.suspend-service: Error opening waiting_for_supplier for wakeup32: Permission denied
02-23 12:50:59.832   711  3559 E android.system.suspend-service: Error opening prevent_suspend_time_ms for wakeup32: Permission denied
02-23 12:50:59.832   711  3559 E android.system.suspend-service: Error opening name for wakeup32: Permission denied
02-23 12:50:59.832   711  3559 E android.system.suspend-service: Error opening active_time_ms for wakeup32: Permission denied
02-23 12:50:59.833   711  3559 E android.system.suspend-service: Error opening event_count for wakeup50: Permission denied
02-23 12:50:59.833   711  3559 E android.system.suspend-service: Error opening max_time_ms for wakeup50: Permission denied
02-23 12:50:59.833   711  3559 E android.system.suspend-service: Error opening wakeup_count for wakeup50: Permission denied
02-23 12:50:59.833   711  3559 E android.system.suspend-service: Error opening total_time_ms for wakeup50: Permission denied
02-23 12:50:59.833   711  3559 E android.system.suspend-service: Error opening expire_count for wakeup50: Permission denied
02-23 12:50:59.833   711  3559 E android.system.suspend-service: Error opening active_count for wakeup50: Permission denied
02-23 12:50:59.833   711  3559 E android.system.suspend-service: Error opening last_change_ms for wakeup50: Permission denied
02-23 12:50:59.834   711  3559 E android.system.suspend-service: Error opening waiting_for_supplier for wakeup50: Permission denied
02-23 12:50:59.834   711  3559 E android.system.suspend-service: Error opening prevent_suspend_time_ms for wakeup50: Permission denied
02-23 12:50:59.834   711  3559 E android.system.suspend-service: Error opening name for wakeup50: Permission denied
02-23 12:50:59.834   711  3559 E android.system.suspend-service: Error opening active_time_ms for wakeup50: Permission denied
02-23 12:50:59.834   711  3559 E android.system.suspend-service: Error opening event_count for wakeup7: Permission denied
02-23 12:50:59.834   711  3559 E android.system.suspend-service: Error opening max_time_ms for wakeup7: Permission denied
02-23 12:50:59.834   711  3559 E android.system.suspend-service: Error opening wakeup_count for wakeup7: Permission denied
02-23 12:50:59.834   711  3559 E android.system.suspend-service: Error opening total_time_ms for wakeup7: Permission denied
02-23 12:50:59.834   711  3559 E android.system.suspend-service: Error opening expire_count for wakeup7: Permission denied
02-23 12:50:59.834   711  3559 E android.system.suspend-service: Error opening active_count for wakeup7: Permission denied
02-23 12:50:59.834   711  3559 E android.system.suspend-service: Error opening last_change_ms for wakeup7: Permission denied
02-23 12:50:59.834   711  3559 E android.system.suspend-service: Error opening waiting_for_supplier for wakeup7: Permission denied
02-23 12:50:59.834   711  3559 E android.system.suspend-service: Error opening prevent_suspend_time_ms for wakeup7: Permission denied
02-23 12:50:59.834   711  3559 E android.system.suspend-service: Error opening name for wakeup7: Permission denied
02-23 12:50:59.834   711  3559 E android.system.suspend-service: Error opening active_time_ms for wakeup7: Permission denied
02-23 12:50:59.837   711  3559 E android.system.suspend-service: Error opening event_count for wakeup59: Permission denied
02-23 12:50:59.837   711  3559 E android.system.suspend-service: Error opening max_time_ms for wakeup59: Permission denied
02-23 12:50:59.837   711  3559 E android.system.suspend-service: Error opening wakeup_count for wakeup59: Permission denied
02-23 12:50:59.837   711  3559 E android.system.suspend-service: Error opening total_time_ms for wakeup59: Permission denied
02-23 12:50:59.837   711  3559 E android.system.suspend-service: Error opening expire_count for wakeup59: Permission denied
02-23 12:50:59.837   711  3559 E android.system.suspend-service: Error opening active_count for wakeup59: Permission denied
02-23 12:50:59.837   711  3559 E android.system.suspend-service: Error opening last_change_ms for wakeup59: Permission denied
02-23 12:50:59.837   711  3559 E android.system.suspend-service: Error opening waiting_for_supplier for wakeup59: Permission denied
02-23 12:50:59.837   711  3559 E android.system.suspend-service: Error opening prevent_suspend_time_ms for wakeup59: Permission denied
02-23 12:50:59.837   711  3559 E android.system.suspend-service: Error opening name for wakeup59: Permission denied
02-23 12:50:59.837   711  3559 E android.system.suspend-service: Error opening active_time_ms for wakeup59: Permission denied
02-23 12:50:59.838   711  3559 E android.system.suspend-service: Error opening event_count for wakeup49: Permission denied
02-23 12:50:59.838   711  3559 E android.system.suspend-service: Error opening max_time_ms for wakeup49: Permission denied
02-23 12:50:59.838   711  3559 E android.system.suspend-service: Error opening wakeup_count for wakeup49: Permission denied
02-23 12:50:59.838   711  3559 E android.system.suspend-service: Error opening total_time_ms for wakeup49: Permission denied
02-23 12:50:59.838   711  3559 E android.system.suspend-service: Error opening expire_count for wakeup49: Permission denied
02-23 12:50:59.838   711  3559 E android.system.suspend-service: Error opening active_count for wakeup49: Permission denied
02-23 12:50:59.838   711  3559 E android.system.suspend-service: Error opening last_change_ms for wakeup49: Permission denied
02-23 12:50:59.838   711  3559 E android.system.suspend-service: Error opening waiting_for_supplier for wakeup49: Permission denied
02-23 12:50:59.838   711  3559 E android.system.suspend-service: Error opening prevent_suspend_time_ms for wakeup49: Permission denied
02-23 12:50:59.838   711  3559 E android.system.suspend-service: Error opening name for wakeup49: Permission denied
02-23 12:50:59.838   711  3559 E android.system.suspend-service: Error opening active_time_ms for wakeup49: Permission denied
02-23 12:50:59.839   711  3559 E android.system.suspend-service: Error opening event_count for wakeup10: Permission denied
02-23 12:50:59.839   711  3559 E android.system.suspend-service: Error opening max_time_ms for wakeup10: Permission denied
02-23 12:50:59.839   711  3559 E android.system.suspend-service: Error opening wakeup_count for wakeup10: Permission denied
02-23 12:50:59.839   711  3559 E android.system.suspend-service: Error opening total_time_ms for wakeup10: Permission denied
02-23 12:50:59.839   711  3559 E android.system.suspend-service: Error opening expire_count for wakeup10: Permission denied
02-23 12:50:59.839   711  3559 E android.system.suspend-service: Error opening active_count for wakeup10: Permission denied
02-23 12:50:59.840   711  3559 E android.system.suspend-service: Error opening last_change_ms for wakeup10: Permission denied
02-23 12:50:59.840   711  3559 E android.system.suspend-service: Error opening waiting_for_supplier for wakeup10: Permission denied
02-23 12:50:59.840   711  3559 E android.system.suspend-service: Error opening prevent_suspend_time_ms for wakeup10: Permission denied
02-23 12:50:59.840   711  3559 E android.system.suspend-service: Error opening name for wakeup10: Permission denied
02-23 12:50:59.840   711  3559 E android.system.suspend-service: Error opening active_time_ms for wakeup10: Permission denied
02-23 12:50:59.841   711  3559 E android.system.suspend-service: Error opening event_count for wakeup57: Permission denied
02-23 12:50:59.841   711  3559 E android.system.suspend-service: Error opening max_time_ms for wakeup57: Permission denied
02-23 12:50:59.841   711  3559 E android.system.suspend-service: Error opening wakeup_count for wakeup57: Permission denied
02-23 12:50:59.841   711  3559 E android.system.suspend-service: Error opening total_time_ms for wakeup57: Permission denied
02-23 12:50:59.841   711  3559 E android.system.suspend-service: Error opening expire_count for wakeup57: Permission denied
02-23 12:50:59.842   711  3559 E android.system.suspend-service: Error opening active_count for wakeup57: Permission denied
02-23 12:50:59.842   711  3559 E android.system.suspend-service: Error opening last_change_ms for wakeup57: Permission denied
02-23 12:50:59.842   711  3559 E android.system.suspend-service: Error opening waiting_for_supplier for wakeup57: Permission denied
02-23 12:50:59.842   711  3559 E android.system.suspend-service: Error opening prevent_suspend_time_ms for wakeup57: Permission denied
02-23 12:50:59.842   711  3559 E android.system.suspend-service: Error opening name for wakeup57: Permission denied
02-23 12:50:59.842   711  3559 E android.system.suspend-service: Error opening active_time_ms for wakeup57: Permission denied
02-23 12:50:59.843   711  3559 E android.system.suspend-service: Error opening event_count for wakeup47: Permission denied
02-23 12:50:59.843   711  3559 E android.system.suspend-service: Error opening max_time_ms for wakeup47: Permission denied
02-23 12:50:59.843   711  3559 E android.system.suspend-service: Error opening wakeup_count for wakeup47: Permission denied
02-23 12:50:59.843   711  3559 E android.system.suspend-service: Error opening total_time_ms for wakeup47: Permission denied
02-23 12:50:59.843   711  3559 E android.system.suspend-service: Error opening expire_count for wakeup47: Permission denied
02-23 12:50:59.843   711  3559 E android.system.suspend-service: Error opening active_count for wakeup47: Permission denied
02-23 12:50:59.843   711  3559 E android.system.suspend-service: Error opening last_change_ms for wakeup47: Permission denied
02-23 12:50:59.843   711  3559 E android.system.suspend-service: Error opening waiting_for_supplier for wakeup47: Permission denied
02-23 12:50:59.843   711  3559 E android.system.suspend-service: Error opening prevent_suspend_time_ms for wakeup47: Permission denied
02-23 12:50:59.843   711  3559 E android.system.suspend-service: Error opening name for wakeup47: Permission denied
02-23 12:50:59.843   711  3559 E android.system.suspend-service: Error opening active_time_ms for wakeup47: Permission denied
02-23 12:50:59.846   711  3559 E android.system.suspend-service: Error opening event_count for wakeup55: Permission denied
02-23 12:50:59.846   711  3559 E android.system.suspend-service: Error opening max_time_ms for wakeup55: Permission denied
02-23 12:50:59.846   711  3559 E android.system.suspend-service: Error opening wakeup_count for wakeup55: Permission denied
02-23 12:50:59.846   711  3559 E android.system.suspend-service: Error opening total_time_ms for wakeup55: Permission denied
02-23 12:50:59.846   711  3559 E android.system.suspend-service: Error opening expire_count for wakeup55: Permission denied
02-23 12:50:59.846   711  3559 E android.system.suspend-service: Error opening active_count for wakeup55: Permission denied
02-23 12:50:59.846   711  3559 E android.system.suspend-service: Error opening last_change_ms for wakeup55: Permission denied
02-23 12:50:59.846   711  3559 E android.system.suspend-service: Error opening waiting_for_supplier for wakeup55: Permission denied
02-23 12:50:59.846   711  3559 E android.system.suspend-service: Error opening prevent_suspend_time_ms for wakeup55: Permission denied
02-23 12:50:59.846   711  3559 E android.system.suspend-service: Error opening name for wakeup55: Permission denied
02-23 12:50:59.846   711  3559 E android.system.suspend-service: Error opening active_time_ms for wakeup55: Permission denied
02-23 12:50:59.850   711  3559 E android.system.suspend-service: Error opening event_count for wakeup53: Permission denied
02-23 12:50:59.850   711  3559 E android.system.suspend-service: Error opening max_time_ms for wakeup53: Permission denied
02-23 12:50:59.850   711  3559 E android.system.suspend-service: Error opening wakeup_count for wakeup53: Permission denied
02-23 12:50:59.850   711  3559 E android.system.suspend-service: Error opening total_time_ms for wakeup53: Permission denied
02-23 12:50:59.850   711  3559 E android.system.suspend-service: Error opening expire_count for wakeup53: Permission denied
02-23 12:50:59.850   711  3559 E android.system.suspend-service: Error opening active_count for wakeup53: Permission denied
02-23 12:50:59.850   711  3559 E android.system.suspend-service: Error opening last_change_ms for wakeup53: Permission denied
02-23 12:50:59.850   711  3559 E android.system.suspend-service: Error opening waiting_for_supplier for wakeup53: Permission denied
02-23 12:50:59.850   711  3559 E android.system.suspend-service: Error opening prevent_suspend_time_ms for wakeup53: Permission denied
02-23 12:50:59.850   711  3559 E android.system.suspend-service: Error opening name for wakeup53: Permission denied
02-23 12:50:59.850   711  3559 E android.system.suspend-service: Error opening active_time_ms for wakeup53: Permission denied
02-23 12:50:59.851   711  3559 E android.system.suspend-service: Error opening event_count for wakeup43: Permission denied
02-23 12:50:59.851   711  3559 E android.system.suspend-service: Error opening max_time_ms for wakeup43: Permission denied
02-23 12:50:59.852   711  3559 E android.system.suspend-service: Error opening wakeup_count for wakeup43: Permission denied
02-23 12:50:59.852   711  3559 E android.system.suspend-service: Error opening total_time_ms for wakeup43: Permission denied
02-23 12:50:59.852   711  3559 E android.system.suspend-service: Error opening expire_count for wakeup43: Permission denied
02-23 12:50:59.852   711  3559 E android.system.suspend-service: Error opening active_count for wakeup43: Permission denied
02-23 12:50:59.852   711  3559 E android.system.suspend-service: Error opening last_change_ms for wakeup43: Permission denied
02-23 12:50:59.852   711  3559 E android.system.suspend-service: Error opening waiting_for_supplier for wakeup43: Permission denied
02-23 12:50:59.852   711  3559 E android.system.suspend-service: Error opening prevent_suspend_time_ms for wakeup43: Permission denied
02-23 12:50:59.852   711  3559 E android.system.suspend-service: Error opening name for wakeup43: Permission denied
02-23 12:50:59.852   711  3559 E android.system.suspend-service: Error opening active_time_ms for wakeup43: Permission denied
02-23 12:50:59.854   711  3559 E android.system.suspend-service: Error opening event_count for wakeup51: Permission denied
02-23 12:50:59.854   711  3559 E android.system.suspend-service: Error opening max_time_ms for wakeup51: Permission denied
02-23 12:50:59.854   711  3559 E android.system.suspend-service: Error opening wakeup_count for wakeup51: Permission denied
02-23 12:50:59.854   711  3559 E android.system.suspend-service: Error opening total_time_ms for wakeup51: Permission denied
02-23 12:50:59.854   711  3559 E android.system.suspend-service: Error opening expire_count for wakeup51: Permission denied
02-23 12:50:59.854   711  3559 E android.system.suspend-service: Error opening active_count for wakeup51: Permission denied
02-23 12:50:59.854   711  3559 E android.system.suspend-service: Error opening last_change_ms for wakeup51: Permission denied
02-23 12:50:59.854   711  3559 E android.system.suspend-service: Error opening waiting_for_supplier for wakeup51: Permission denied
02-23 12:50:59.854   711  3559 E android.system.suspend-service: Error opening prevent_suspend_time_ms for wakeup51: Permission denied
02-23 12:50:59.854   711  3559 E android.system.suspend-service: Error opening name for wakeup51: Permission denied
02-23 12:50:59.854   711  3559 E android.system.suspend-service: Error opening active_time_ms for wakeup51: Permission denied
02-23 12:50:59.857   711  3559 E android.system.suspend-service: Error opening event_count for wakeup6: Permission denied
02-23 12:50:59.857   711  3559 E android.system.suspend-service: Error opening max_time_ms for wakeup6: Permission denied
02-23 12:50:59.857   711  3559 E android.system.suspend-service: Error opening wakeup_count for wakeup6: Permission denied
02-23 12:50:59.857   711  3559 E android.system.suspend-service: Error opening total_time_ms for wakeup6: Permission denied
02-23 12:50:59.857   711  3559 E android.system.suspend-service: Error opening expire_count for wakeup6: Permission denied
02-23 12:50:59.857   711  3559 E android.system.suspend-service: Error opening active_count for wakeup6: Permission denied
02-23 12:50:59.857   711  3559 E android.system.suspend-service: Error opening last_change_ms for wakeup6: Permission denied
02-23 12:50:59.857   711  3559 E android.system.suspend-service: Error opening waiting_for_supplier for wakeup6: Permission denied
02-23 12:50:59.857   711  3559 E android.system.suspend-service: Error opening prevent_suspend_time_ms for wakeup6: Permission denied
02-23 12:50:59.857   711  3559 E android.system.suspend-service: Error opening name for wakeup6: Permission denied
02-23 12:50:59.857   711  3559 E android.system.suspend-service: Error opening active_time_ms for wakeup6: Permission denied
02-23 12:50:59.859  3013  3050 D KernelWakelockUtil: sortWakelockStats
02-23 12:50:59.860  3013  3050 D OplusPowerMonitor: getWakeupStatsFromSystemSuspend
02-23 12:50:59.862  3013  3050 D KernelWakeupUtils: sortWakeUpStats
02-23 12:50:59.862  3013  3050 D TrafficMonitor3: startMonitor
02-23 12:50:59.863  3013  3050 D TrafficMonitor3: isWifiConnected=true
02-23 12:50:59.863  3013  3050 D TrafficMonitor3: isMobileConnected=false
02-23 12:50:59.864  3013  3050 D TrafficMonitor3: initNetWorkType type:1
02-23 12:50:59.864  3013  3050 D TrafficMonitor3: updateTrafficStats  netType=1
02-23 12:50:59.913  3013  3050 D TrafficMonitor3: getEntireNetWorkConnedAveCurrent: 0.0 / 0 / 0
02-23 12:50:59.913  3013  3050 D TrafficMonitor3: getEntireNetWorkDisconnedAveCurrent: 0.0 / 0 / 19605956
02-23 12:50:59.913  3013  3050 D TrafficMonitor3: syncToLocal
02-23 12:50:59.916  3013  3050 D TrafficMonitor3: update AppTrafficMetrics
02-23 12:50:59.917  3013  3013 D TrafficMonitor3: onReceive android.net.conn.CONNECTIVITY_CHANGE
02-23 12:50:59.917  3013  3050 D TrafficMonitor3: updateTrafficStats  netType=1
02-23 12:50:59.917  3013  3052 D TrafficMonitor3: checkWifiApEnabled ap state:11 0/false
02-23 12:50:59.918  3013  3013 D TrafficMonitor3: isWifiConnected=true
02-23 12:50:59.918  3013  3013 D TrafficMonitor3: isMobileConnected=false
02-23 12:50:59.919  3013  3013 D NetworkUtils: getTotalTrafficRxTxBytes [22796467533,3611417722]
02-23 12:50:59.920  3013  3013 D NetworkUtils: getTotalMobileTrafficRxTxBytes [2792977714,494254188]
02-23 12:50:59.921  3013  3013 D TrafficMonitor3: CurrentNetwork:1 LastNetWorkType:1
02-23 12:50:59.953  3013  3050 D TrafficMonitor3: getEntireNetWorkConnedAveCurrent: 0.0 / 52 / 52
02-23 12:50:59.953  3013  3050 D TrafficMonitor3: getEntireNetWorkDisconnedAveCurrent: 0.0 / 0 / 19605956
02-23 12:50:59.953  3013  3050 D TrafficMonitor3: syncToLocal
02-23 12:50:59.968 25399 25517 V ActivityThread: Recovering failed rename /storage/emulated/0/Android/data/org.telegram.messenger/cache/-6116197051038109143_121.temp to /storage/emulated/0/Android/data/org.telegram.messenger/files/Telegram/Telegram Images/-6116197051038109143_121.jpg
02-23 12:50:59.997  3013  3050 D TrafficMonitor3: Total records size:171 app counts:171
02-23 12:50:59.998  3013  3050 D OplusDisplayStateMonitor: startTimerAsState mScreenState 1
02-23 12:50:59.998  3013  3050 D OplusDisplayStateMonitor: update metrics 
02-23 12:50:59.998  3013  3050 D OplusDisplayStateMonitor: total display on time: 0
02-23 12:50:59.998  3013  3050 D OplusDisplayStateMonitor: total display off time: 0
02-23 12:50:59.998  3013  3050 D OplusDisplayStateMonitor: total display doze time: 0
02-23 12:50:59.998  3013  3050 D OplusDisplayStateMonitor: total display doze suspend time: 0
02-23 12:50:59.998  3013  3050 D OplusDisplayStateMonitor: total display doze and suspend time: 0
02-23 12:51:00.000  1537  1537 D vendor.oplus.hardware.OplusMisc-V1-service: in_deviceId = 0,in_nodeFlag = 240
02-23 12:51:00.000  1537  1537 D vendor.oplus.hardware.OplusMisc-V1-service: open /proc/oplus_misc/misc_feedback failed! err:No such file or directory
02-23 12:51:00.001  3013  3050 D MiscManager: error ! ReadBreathLightTime not support.
02-23 12:51:00.001  3013  3050 I OplusCameraManagerGlobal: setClientInfo, packageName: com.oplus.powermonitor, uid: 1000, pid: 3013
02-23 12:51:00.001  3013  3050 D LightMonitor: registerTorchCallback
02-23 12:51:00.003  3013  3050 D DeviceIdleMonitor: registerContentObserver
02-23 12:51:00.003  3013  3050 D DeviceIdleMonitor: deepSleepStatus=0
02-23 12:51:00.003  3013  3050 D DeviceIdleMonitor: DeepSleepStatusOnTimer:0 ms
02-23 12:51:00.004  3013  3050 D DeviceIdleMonitor: DeepSleepNetworkStatus=0
02-23 12:51:00.004  3013  3050 D DeviceIdleMonitor: DeepSleepNetworkDisconnectTimer:0 ms
02-23 12:51:00.004  3013  3050 D QcomSubSystemLpmParser: read file:/proc/subsys_sleepmon/adsp_compact
02-23 12:51:00.004  3013  3050 I QcomSubSystemLpmParser: file not exists : /proc/subsys_sleepmon/adsp_compact
02-23 12:51:00.004  3013  3050 D QcomSubSystemLpmParser: read file:/proc/subsys_sleepmon/cdsp_compact
02-23 12:51:00.004  3013  3050 I QcomSubSystemLpmParser: file not exists : /proc/subsys_sleepmon/cdsp_compact
02-23 12:51:00.004  3013  3050 D QcomSubSystemLpmParser: read file:/proc/subsys_sleepmon/slpi_compact
02-23 12:51:00.004  3013  3050 I QcomSubSystemLpmParser: file not exists : /proc/subsys_sleepmon/slpi_compact
02-23 12:51:00.004  3013  3050 D SubsystemPmicMonitor: syncToLocal
02-23 12:51:00.004  3013  3050 I QcomLpmClockParser: readStringFromFile file not exists : /proc/clk/suspend_enabled_clocks
02-23 12:51:00.005  3826  3826 I SystemUi--SystemUi--: Clock-->smallTime: 12:51
02-23 12:51:00.005  3013  3050 W libc    : Unable to set property "ctl.start" to "enableRegulatorDebugSuspend ": PROP_ERROR_HANDLE_CONTROL_MESSAGE (0x20)
02-23 12:51:00.006  3013  3050 E SystemProperties: set ctl.start failed
02-23 12:51:00.006  3013  3050 D RegulatorsMonitor: updateCountersStatsMapLocked syncToLocal:true
02-23 12:51:00.006  3013  3050 I QcomLpmRegulatorParser: readStringFromFile file not exists : /proc/regulator/suspend_enabled_regulators
02-23 12:51:00.006  3013  3050 D RegulatorsMonitor: took 0ms
02-23 12:51:00.006  3013  3050 D InstantStatusMonitor: startMonitor false
02-23 12:51:00.006  3013  3050 D InstantStatusMonitor: syncToLocal
02-23 12:51:00.007  3826  3826 I SystemUi--SystemUi--: Clock-->smallTime: 12:51
02-23 12:51:00.008  3826  3826 I SystemUi--SystemUi--: Clock-->smallTime: 12:51
02-23 12:51:00.010  3013  3050 D DumpServiceUtil: dumpsys service:wifi
02-23 12:51:00.018 25399 25517 V ActivityThread: Recovering failed rename /storage/emulated/0/Android/data/org.telegram.messenger/cache/-6116197051038109142_121.temp to /storage/emulated/0/Android/data/org.telegram.messenger/files/Telegram/Telegram Images/-6116197051038109142_121.jpg
02-23 12:51:00.039 25399 25517 V ActivityThread: Recovering failed rename /storage/emulated/0/Android/data/org.telegram.messenger/cache/-6116197051038109141_121.temp to /storage/emulated/0/Android/data/org.telegram.messenger/files/Telegram/Telegram Images/-6116197051038109141_121.jpg
02-23 12:51:00.087  1495  1495 E WifiHAL : handleResponse: OTHER_RX_MULTICAST_CNT not found
02-23 12:51:00.241  1545  1698 D BatteryChargeControl: bcc get no support from charging protocol
02-23 12:51:00.347 25399 25517 V ActivityThread: Recovering failed rename /storage/emulated/0/Android/data/org.telegram.messenger/cache/-6116197051038109138_121.temp to /storage/emulated/0/Android/data/org.telegram.messenger/files/Telegram/Telegram Images/-6116197051038109138_121.jpg
02-23 12:51:00.353  2028  3514 W LastMileLogger: Failed to read event trace: /sys/kernel/debug/tracing/instances/wifi/trace
02-23 12:51:00.367  2028  3514 I android_os_HwBinder: HwBinder: Starting thread pool for getting: android.hidl.manager@1.0::IServiceManager/default
02-23 12:51:00.370   646   646 I hwservicemanager: getTransport: Cannot find entry android.hardware.wifi.hostapd@1.3::IHostapd/default in either framework or device VINTF manifest.
02-23 12:51:00.372  3013  3050 D DumpServiceUtil: dumpsys service end
02-23 12:51:00.376  2028  3514 D WifiStaIfaceHidlImpl: getCachedScanData is not implemented by HIDL
02-23 12:51:00.383  3013  3050 D DumpServiceUtil: dumpsys service:wifip2p
02-23 12:51:00.383  4441  4441 D VendorWifiService: onEvent event:9,action:1
02-23 12:51:00.385  2028  3615 D OplusWifiPower_TriggerCenter: mComponentCallback: wifistat
02-23 12:51:00.388  2028  3615 D Smart_Assistant_StateMachine: screen in off and not in WifiConnectedState ignore switch.
02-23 12:51:00.398  3013  3050 D DumpServiceUtil: dumpsys service end
02-23 12:51:00.399  3013  3050 I FileTools: readStringFromFile file not exists : /proc/oplus_lpm_smp2p/oplus_smp2p_stats_switch
02-23 12:51:00.399  3013  3050 D Smp2pStatsNodeHelper: getSwitchState: None.
02-23 12:51:00.399  3013  3050 D getDataSnapshot: took 613ms
02-23 12:51:00.399  3013  3050 D PowerDataHistory: writeParceToFile
02-23 12:51:00.405  3013  3050 D PowerDataHistory: writeParceToFile took 5 ms
02-23 12:51:00.405  3013  3050 D PowerDataHistory: writeContentToFile
02-23 12:51:00.408  3013  3050 D PowerDataHistory: writeContentToFile took 4 ms
02-23 12:51:00.408  3013  3050 D getPowerDataSnapshotLocked: took 864ms
02-23 12:51:00.408  3013  3050 D PowerStatsService: record pid after screen off measure start:3013
02-23 12:51:00.409  3013  3050 D AlarmManagerHelper: scheduleLongSrfDelayStartAlarm
02-23 12:51:00.413  3013  3050 D AlarmManagerHelper: future:1771790400000 cur:1771831260413
02-23 12:51:00.414  3013  3050 D AlarmManagerHelper: schedulePeriodicUpdateAlarm
02-23 12:51:00.417  3013  3050 D WakeLockHelper: disable wakelock PowerMonior:3
02-23 12:51:00.417  3013  3050 D MpssActivityMonitor: connectService
02-23 12:51:00.417  3013  3050 W ContextImpl: Calling a method in the system process without a qualified user: android.app.ContextImpl.bindService:2061 android.content.ContextWrapper.bindService:873 com.oplus.powermonitor.standbymonitor.powerstats.modem.MpssActivityMonitor.connectService:36 com.oplus.powermonitor.standbymonitor.powerstats.modem.MpssActivityMonitor.n:0 com.oplus.powermonitor.standbymonitor.powerstats.modem.MpssActivityMonitor$WorkHandler.handleMessage:52 
02-23 12:51:00.419  3013  3050 D MpssActivityMonitor: success to bind nhs service
02-23 12:51:00.419  3013  3050 D BatteryStatusMonitor: syncToLocal
02-23 12:51:00.419  3013  3050 D LightMonitor: onTorchModeChanged cameraId:0 enabled:false
02-23 12:51:00.419  3013  3050 D LightMonitor: FlashTimer:0
02-23 12:51:00.419  3013  3050 D LightMonitor: onTorchModeChanged cameraId:3 enabled:false
02-23 12:51:00.419  3013  3050 D LightMonitor: FlashTimer:0
02-23 12:51:00.419  3013  3050 D LightMonitor: onTorchModeChanged cameraId:4 enabled:false
02-23 12:51:00.419  3013  3050 D LightMonitor: FlashTimer:0
02-23 12:51:00.420  3013  3013 D MpssActivityMonitor: onServiceConnected
02-23 12:51:00.420  3013  3050 D MpssActivityMonitor: notifyStartMonitorScreenOff
02-23 12:51:00.421  3013  3050 D MpssActivityMonitor: send srf
02-23 12:51:00.421  4308  4735 I ModemAciService: LS changed:1
02-23 12:51:00.421  4308  4541 I ModemAciService: handleMessage:39
02-23 12:51:00.425  4306  4678 I PKPI    : [KpiRadio] receive MDPWR_UPDATE_TRAFFIC_KERNEL_INFO !
02-23 12:51:00.426  4239 15951 D PhoneInterfaceManager: QueryTelephonyChecker-getDataNetworkTypeForSubscriber: packageName = com.oplus.nhs, isGrant = true
02-23 12:51:00.428  4441  4441 D RadioMessenger: handleMessage Request msgid 2294
02-23 12:51:00.430 25399 25517 V ActivityThread: Recovering failed rename /storage/emulated/0/Android/data/org.telegram.messenger/cache/-6116197051038109140_121.temp to /storage/emulated/0/Android/data/org.telegram.messenger/files/Telegram/Telegram Images/-6116197051038109140_121.jpg
02-23 12:51:00.432  4441  4441 D RadioProxyJ: [PHONE0][29642]>getIndicationReportRecords
02-23 12:51:00.432  2616  2633 D QmiVsClient: getIndicationReportRecords - enter
02-23 12:51:00.432  2616  2633 E QmiVsClient: sendAsyncRequest QMI_VS_GET_INDICATION_REPORT_RECORDS_REQ_MSG_V01 ret 0
02-23 12:51:00.433  2616  2660 D QmiVsClient: operator() callback - enter
02-23 12:51:00.433  2616  2660 E QmiVsClient: error : PARAM_CHECK_RESP_NO_RETURN 3
02-23 12:51:00.433  2616  2660 D QmiClient: QmiErrorToRadioApiError qmiError 3, radio result 1
02-23 12:51:00.433  2616  2633 D VsProxy : handleMessage msg is 4001
02-23 12:51:00.433  2616  2633 D RadioProxy: getIndicationReportRecords : response cb for instance 0
02-23 12:51:00.434  4441 20186 D SubsysRadioResponse: responseIndreportrecordArrayList data.len: 0
02-23 12:51:00.434  4441 20186 E CommandException: Unrecognized subsys errno 2
02-23 12:51:00.434  4441 20186 D RadioProxyJ: [PHONE0][29642]< getIndicationReportRecordsResponse [] [convertToString]
02-23 12:51:00.434  4441  4441 D MessengerResponseHandler: handleMessage Response msgid 272
02-23 12:51:00.434  4441  4441 E ServiceMessengerHelper: handleSendErrorResponse error 1
02-23 12:51:00.435  4306  4678 E PKPI    : [KpiRadio] parcelables is null, return! 
02-23 12:51:00.436  4308  4541 E ModemAciService: getPsyBatteryRm error, aidl unavailable!
02-23 12:51:00.440  4308  4541 E ModemAciBatteryHidlUtils: CatchException init():java.lang.ClassNotFoundException: vendor.oplus.hardware.charger.V1_0.ICharger
02-23 12:51:00.440  4308  4541 E ModemAciService: getPsyBatteryRm error, hidl unavailable!
02-23 12:51:00.441  4308  4541 I ModemAciService: UCF LO: OplusCommonInfo{ date=02-23 12:51:00.423 screenOnT=213749 duration=996 power=82 networkType=WIFI dataNetworkType=18 signalStrength=-117 aodState=0 batteryCapacity=0 softAp=false charge=false simCount=1 defaultPhone=0}
02-23 12:51:00.442 25399 25517 V ActivityThread: Recovering failed rename /storage/emulated/0/Android/data/org.telegram.messenger/cache/-6116197051038109139_121.temp to /storage/emulated/0/Android/data/org.telegram.messenger/files/Telegram/Telegram Images/-6116197051038109139_121.jpg
02-23 12:51:00.443  4239 15951 D PhoneInterfaceManager: QueryTelephonyChecker-getDataNetworkTypeForSubscriber: packageName = com.oplus.nhs, isGrant = true
02-23 12:51:00.446  4308  4541 E ModemAciService: getPsyBatteryRm error, aidl unavailable!
02-23 12:51:00.447  4308  4541 E ModemAciBatteryHidlUtils: CatchException init():java.lang.ClassNotFoundException: vendor.oplus.hardware.charger.V1_0.ICharger
02-23 12:51:00.447  4308  4541 E ModemAciService: getPsyBatteryRm error, hidl unavailable!
02-23 12:51:00.447  4308  4541 I ModemAciService: UCF LS: OplusCommonInfo{ date=02-23 12:51:00.441 screenOnT=213749 duration=0 power=82 networkType=WIFI dataNetworkType=18 signalStrength=-117 aodState=0 batteryCapacity=0 softAp=false charge=false simCount=1 defaultPhone=0}
02-23 12:51:00.450  4239 15951 D PhoneInterfaceManager: QueryTelephonyChecker-getDataNetworkTypeForSubscriber: packageName = com.oplus.nhs, isGrant = true
02-23 12:51:00.453  4308  4541 E ModemAciService: getPsyBatteryRm error, aidl unavailable!
02-23 12:51:00.453  4308  4541 E ModemAciBatteryHidlUtils: CatchException init():java.lang.ClassNotFoundException: vendor.oplus.hardware.charger.V1_0.ICharger
02-23 12:51:00.453  4308  4541 E ModemAciService: getPsyBatteryRm error, hidl unavailable!
02-23 12:51:00.454  4308  4541 I ModemAciService: UCF DC: OplusCommonInfo{ date=02-23 12:51:00.448 screenOnT=213749 duration=996 power=82 networkType=WIFI dataNetworkType=18 signalStrength=-117 aodState=0 batteryCapacity=0 softAp=false charge=false simCount=1 defaultPhone=0}
02-23 12:51:00.454  2460  2460 D vendor.oplus.hardware.rpmh-V1-service: Calling uid is 1000.
02-23 12:51:00.455  2460  2460 D vendor.oplus.hardware.rpmh-V1-service: vendor.oplus.rpmh.support: true
02-23 12:51:00.455  2460  2460 D vendor.oplus.hardware.rpmh-V1-service: getPowerStateSubsystemSleepStateList()
02-23 12:51:00.455  2460  2460 D vendor.oplus.hardware.rpmh-V1-service: last update:351464279 , 351464931
02-23 12:51:00.455  2460  2460 D vendor.oplus.hardware.rpmh-V1-service: get state list from cache key:ADSP  val:ADSP | 226015 | 59004856 
02-23 12:51:00.455  2460  2460 D vendor.oplus.hardware.rpmh-V1-service: get state list from cache key:ADSP_ISLAND  val:ADSP_ISLAND | 557900 | 59081368 
02-23 12:51:00.455  2460  2460 E vendor.oplus.hardware.rpmh-V1-service: get AOSD data failed!
02-23 12:51:00.455  2460  2460 D vendor.oplus.hardware.rpmh-V1-service: get state list from cache key:APSS  val:APSS | 845088 | 330147605 
02-23 12:51:00.455  2460  2460 D vendor.oplus.hardware.rpmh-V1-service: get state list from cache key:CDSP  val:CDSP | 263 | 671997695 
02-23 12:51:00.455  2460  2460 E vendor.oplus.hardware.rpmh-V1-service: get CXSD data failed!
02-23 12:51:00.455  2460  2460 E vendor.oplus.hardware.rpmh-V1-service: get DDR data failed!
02-23 12:51:00.455  2460  2460 D vendor.oplus.hardware.rpmh-V1-service: get state list from cache key:MPSS  val:MPSS | 1567681 | 384653486 
02-23 12:51:00.455  2460  2460 E vendor.oplus.hardware.rpmh-V1-service: get SLPI data failed!
02-23 12:51:00.455  2460  2460 E vendor.oplus.hardware.rpmh-V1-service: get SLPI_ISLAND data failed!
02-23 12:51:00.456  4308  4541 I ModemAciService: rpm aidl server is available!
02-23 12:51:00.456  4308  4541 I ModemAciService: handleMessage:12
02-23 12:51:00.456  4308  4541 I ModemAciService: handleMessage:6
02-23 12:51:00.457  4308  4541 I ModemAciService: URF LO: OplusRpmInfo{ date=02-23 12:51:00.456 duration=996 apssState=[845088, 330147605] mpssState=[1567681, 384653486] vminState=[0, 0] vlowState=[0, 0] apssSleepC=1723 mpssSleepC=2225 vminSleepC=0 vlowSleepC=0 apssSleepRatio=0.8032128 mpssSleepRatio=61.646587 vminSleepRatio=0.0 vlowSleepRatio=0.0}
02-23 12:51:00.457  4308  4541 I ModemAciService: URF LS: OplusRpmInfo{ date=02-23 12:51:00.457 duration=0 apssState=[845088, 330147605] mpssState=[1567681, 384653486] vminState=[0, 0] vlowState=[0, 0] apssSleepC=0 mpssSleepC=0 vminSleepC=0 vlowSleepC=0 apssSleepRatio=0.0 mpssSleepRatio=0.0 vminSleepRatio=0.0 vlowSleepRatio=0.0}
02-23 12:51:00.458  4308  4541 I ModemAciService: URF DC: OplusRpmInfo{ date=02-23 12:51:00.457 duration=996 apssState=[845088, 330147605] mpssState=[1567681, 384653486] vminState=[0, 0] vlowState=[0, 0] apssSleepC=1723 mpssSleepC=2225 vminSleepC=0 vlowSleepC=0 apssSleepRatio=0.8032128 mpssSleepRatio=61.646587 vminSleepRatio=0.0 vlowSleepRatio=0.0}
02-23 12:51:00.461  2616  2660 D QmiClient: qmiServiceEventCallback recv msg id 1085
02-23 12:51:00.461  2616  2660 D QmiVsClient: enter - onQmiServiceEventCallback msgId 1085
02-23 12:51:00.461  2616  2660 D QmiVsClientEvent: qmiVsClientNotifyNecEvent - RADIO_EVENT_NEC_IND
02-23 12:51:00.461  2616  2633 D VsProxy : handleMessage msg is 2403
02-23 12:51:00.461  2616  2633 D VsProxy : handleNecInd for instance 0
02-23 12:51:00.462  4441 20186 D SubsysRadioIndication: [PHONE0]radioNecInd 
02-23 12:51:00.462  4441  4441 D RadioMessenger: handleMessage Request msgid 2220
02-23 12:51:00.464  4441  4441 D RadioMessenger: handleSetSyncWithAp: -1, syncFlag: 1
02-23 12:51:00.464  4441  4441 D QtiRadioService: setSyncWithAp
02-23 12:51:00.465  4441  4441 D RadioProxyJ: [PHONE0][29643]> setSyncWithAp syncFlag:1
02-23 12:51:00.465  4441  4441 D ModemChannel: handleMessage what:102
02-23 12:51:00.465  4441  4441 D ModemChannel: handleNecEvent
02-23 12:51:00.465  2616  2626 D RadioService: setSyncWithAp with instance 0
02-23 12:51:00.465  2616  2626 D VendorService: VendorService::setSyncWithAp
02-23 12:51:00.465  2616  2633 D QmiVsClient: setSyncWithAp - enter
02-23 12:51:00.465  2616  2633 E QmiVsClient: sendAsyncRequest QMI_VS_SET_SYNC_WITH_AP_REQ_MSG_V01 ret 0
02-23 12:51:00.465  4306  4646 D SubsysCallManager: handleMessage what:102
02-23 12:51:00.465  4306  4646 D SubsysCallManager: parseMdmInfoData len:392
02-23 12:51:00.465  4306  4646 D SubsysCallManager: onMdmEvent moduleId:6,eventId:4
02-23 12:51:00.466  4308  4541 I ModemAciService: handleMessage:5
02-23 12:51:00.466  2616  2633 D VsProxy : handleMessage msg is 4001
02-23 12:51:00.466  2616  2633 D RadioProxy: setSyncWithAp : response cb for instance 0
02-23 12:51:00.466  2616  2616 D RadioServiceResponse: RadioServiceResponse::setSyncWithApResponse
02-23 12:51:00.466  4441 20186 D SubsysRadioResponse: setSyncWithApResponse info.error = 0
02-23 12:51:00.466  4441 20186 D RadioProxyJ: [PHONE0][29643]< setSyncWithApResponse 
02-23 12:51:00.466  4308  4541 I ModemAciService: sendSettleObj2Statsd over!
02-23 12:51:00.466  4441  4441 D MessengerResponseHandler: handleMessage Response msgid 210
02-23 12:51:00.466  5228  5436 I midasd  : OplusObrainService::notifyEventString eventId:11 strParam:{"5gRxTimeMs":0,"5gTxTimeMs":[],"idleTimeMs":20861,"lteRrcC":[0,0],"lteRrcT":[0,0],"nrRrcC":[0,0],"nrRrcT":[0,0],"rxTimeMs":4960,"sleepTimeMs":61141,"timestamp":1771831260466,"txTimeMs":[0,0,0,0,0]}
02-23 12:51:00.467  4308  4541 D ModemAciService: sendSettleObj2Amc:info=sleepTimes=61,61, idleTimes = 21,21, rxTimes = 5,5, nrRxTimes = 0,0, rrcConnC = 0,0, saRrcConnC = 0,0, cellUpdateC = 0,0, iRatC = 0,0, csChangedC = 0,0, psChangedC = 0,0, nwSrchC = 0,0, nwSrchT = 0,0, lteRrcConnT = 0,0, sarrct = 0,0, psRegT = 87,0, csRegT = 87,0, psNoRegT = 0,87, csNoRegT = 0,87, saRachC = 0,0, lteHoC = 0,0, saHoC = 0,0, sigGridT = 87,0, lteGridT = 0,0, saGridT = 0,0, ulHiLayerT=0,0, dlHiLayerT=0,0, highTxPower=0,0, highpwro20t=0,0, 
02-23 12:51:00.467  7051 12379 I OplusObrain: OplusObrainClientInvoke.nativeGetTelephonyInfo
02-23 12:51:00.467  4306  4678 D PKPI    : [KpiModem] update kpi:highpwro20t value:0 duration:86
02-23 12:51:00.467  4306  4678 D PKPI    : [KpiModem] update kpi:nweaksigt value:0 duration:86 pn:0
02-23 12:51:00.467  4306  4678 D PKPI    : [KpiModem] update kpi:nweaksigt value:0 duration:86 pn:1
02-23 12:51:00.467  4306  4678 D PKPI    : [KpiModem] update kpi:nwsrchc value:0 duration:86 pn:0
02-23 12:51:00.467  4306  4678 D PKPI    : [KpiModem] update kpi:nwsrchc value:0 duration:86 pn:1
02-23 12:51:00.467  4306  4678 D PKPI    : [KpiModem] update kpi:nwsrcht value:0 duration:86 pn:0
02-23 12:51:00.467  4306  4678 D PKPI    : [KpiModem] update kpi:nwsrcht value:0 duration:86 pn:1
02-23 12:51:00.467  4306  4678 D PKPI    : [KpiModem] update kpi:highpwrt value:0 duration:86
02-23 12:51:00.467  4306  4678 D PKPI    : [KpiModem] update kpi:dlhilayert value:0 duration:86 pn:0
02-23 12:51:00.467  4306  4678 D PKPI    : [KpiModem] update kpi:dlhilayert value:0 duration:86 pn:1
02-23 12:51:00.467  4306  4678 D PKPI    : [KpiModem] update kpi:csregt value:87 duration:86 pn:0
02-23 12:51:00.467  4306  4678 D PKPI    : [KpiModem] update kpi:csregt value:0 duration:86 pn:1
02-23 12:51:00.467  4306  4678 D PKPI    : [KpiModem] update kpi:csnoregt value:0 duration:86 pn:0
02-23 12:51:00.468  4306  4678 D PKPI    : [KpiModem] update kpi:csnoregt value:87 duration:86 pn:1
02-23 12:51:00.468  4306  4678 D PKPI    : [KpiModem] update kpi:pschangec value:0 duration:86 pn:0
02-23 12:51:00.468  4306  4678 D PKPI    : [KpiModem] update kpi:pschangec value:0 duration:86 pn:1
02-23 12:51:00.468  4306  4678 D PKPI    : [KpiModem] update kpi:ltehoc value:0 duration:86 pn:0
02-23 12:51:00.468  4306  4678 D PKPI    : [KpiModem] update kpi:ltehoc value:0 duration:86 pn:1
