02-23 12:47:19.086  1474 26959 I vendor.qti.bluetooth@1.0-ibs_handler: ProcessIbsCmd: Writing IBS_WAKE_ACK
02-23 12:47:19.096  1502  1502 E ANDR-PERF-MPCTL: Active req limit reached, No optimizations performed
02-23 12:47:19.127  1474 26959 I vendor.qti.bluetooth@1.0-ibs_handler: ProcessIbsCmd: Received IBS_SLEEP_IND: 0xFE
02-23 12:47:19.127  1474 26959 D vendor.qti.bluetooth@1.0-ibs_handler: SerialClockVote: vote for UART CLK OFF
02-23 12:47:19.186  1474 26959 I vendor.qti.bluetooth@1.0-ibs_handler: ProcessIbsCmd: Received IBS_WAKE_IND: 0xFD
02-23 12:47:19.186  1474 26959 D vendor.qti.bluetooth@1.0-ibs_handler: SerialClockVote: vote for UART CLK ON
02-23 12:47:19.186  1474 26959 I vendor.qti.bluetooth@1.0-ibs_handler: ProcessIbsCmd: Writing IBS_WAKE_ACK
02-23 12:47:19.211  7191 26114 D gaia-GaiaConnectChecker: start connect check++
02-23 12:47:19.213  7191 25702 D gaia-GaiaConnectChecker: start connect check++
02-23 12:47:19.228  1474 26959 I vendor.qti.bluetooth@1.0-ibs_handler: ProcessIbsCmd: Received IBS_SLEEP_IND: 0xFE
02-23 12:47:19.229  1474 26959 D vendor.qti.bluetooth@1.0-ibs_handler: SerialClockVote: vote for UART CLK OFF
02-23 12:47:19.379  1474 26943 D vendor.qti.bluetooth@1.0-wake_lock: Release wakelock is released 
02-23 12:47:19.512  1545  1663 D vendor.oplus.hardware.charger-V6-service: ret_value:128, read content:,348,347,4208,4208,-298,500,2200,79,82,1,4,-1,4983,82,1,0,1,1,0,0,4425,0,6,0,6,0,0,0,340,0,1,1,0,0,61,61,61,0,0,0,0,0,0,0,0,0,0
02-23 12:47:19.513  1545  1663 D vendor.oplus.hardware.charger-V6-service: gmtime: 2026-02-23-12-47-19
02-23 12:47:19.513  1545  1663 D vendor.oplus.hardware.charger-V6-service: usb_online:1, ac_online:0, wireless_online:-2147483648
02-23 12:47:19.566  9129 14605 I NearbySharing: Network state changed: NetworkState(isRestricted=false, isOnline=true, isCongested=false, isMetered=false, isWifiConnected=true)
02-23 12:47:19.655  1545  1698 D BatteryChargeControl: bcc get no support from charging protocol
02-23 12:47:19.729  1474 26959 I vendor.qti.bluetooth@1.0-ibs_handler: ProcessIbsCmd: Received IBS_WAKE_IND: 0xFD
02-23 12:47:19.729  1474 26959 D vendor.qti.bluetooth@1.0-ibs_handler: SerialClockVote: vote for UART CLK ON
02-23 12:47:19.731  1474 26959 D vendor.qti.bluetooth@1.0-wake_lock: Acquire wakelock is acquired 
02-23 12:47:19.731  1474 26959 I vendor.qti.bluetooth@1.0-ibs_handler: ProcessIbsCmd: Writing IBS_WAKE_ACK
02-23 12:47:19.773  1474 26959 I vendor.qti.bluetooth@1.0-ibs_handler: ProcessIbsCmd: Received IBS_SLEEP_IND: 0xFE
02-23 12:47:19.773  1474 26959 D vendor.qti.bluetooth@1.0-ibs_handler: SerialClockVote: vote for UART CLK OFF
02-23 12:47:19.822  1502  1502 E ANDR-PERF-MPCTL: Active req limit reached, No optimizations performed
02-23 12:47:19.924  1474 26943 D vendor.qti.bluetooth@1.0-wake_lock: Release wakelock is released 
02-23 12:47:20.401  1495 11693 I WifiHAL : event received NL80211_CMD_VENDOR, vendor_id = 0x1374, subcmd = 0xd
02-23 12:47:20.488  3826  3940 I SystemUi--Statusbar: OplusNetworkSpeedControllExImpl-->updateNetworkSpeed: isConnected:true,isSwitchOn:true
02-23 12:47:20.491  3826  3940 I SystemUi--Statusbar: OplusNetworkSpeedControllExImpl-->getTotalByte: totalRxBytes:22791390542,totalTxBytes:3611063319,loopbackTxBytes:2816519,loopbackRxBytes:2691599 ,totalBytes:26396945743
02-23 12:47:20.529  1502  1502 E ANDR-PERF-MPCTL: Active req limit reached, No optimizations performed
02-23 12:47:20.555  1474 26959 I vendor.qti.bluetooth@1.0-ibs_handler: ProcessIbsCmd: Received IBS_WAKE_IND: 0xFD
02-23 12:47:20.556  1474 26959 D vendor.qti.bluetooth@1.0-ibs_handler: SerialClockVote: vote for UART CLK ON
02-23 12:47:20.558  1474 26959 D vendor.qti.bluetooth@1.0-wake_lock: Acquire wakelock is acquired 
02-23 12:47:20.558  1474 26959 I vendor.qti.bluetooth@1.0-ibs_handler: ProcessIbsCmd: Writing IBS_WAKE_ACK
02-23 12:47:20.591  3013 28397 D CustomLogManagerService: WorkHandler msg.what :5
02-23 12:47:20.596  3013 28397 D CustomLogManagerService: curTemp:340 limit:390
02-23 12:47:20.596  3013 28397 D CustomLogManagerService: checkUploadStatus: isSceenOn=true activeNetType=1 isCharging=true isUploading:false temperatureLimit:false
02-23 12:47:20.596  3013 28397 D CustomLogManagerService: sys.log.customer=false
02-23 12:47:20.596  3013 28397 D CustomLogManagerService: isHaveCustomLogCollecting :false
02-23 12:47:20.600  1474 26959 I vendor.qti.bluetooth@1.0-ibs_handler: ProcessIbsCmd: Received IBS_SLEEP_IND: 0xFE
02-23 12:47:20.600  1474 26959 D vendor.qti.bluetooth@1.0-ibs_handler: SerialClockVote: vote for UART CLK OFF
02-23 12:47:20.659  1545  1698 D BatteryChargeControl: bcc get no support from charging protocol
02-23 12:47:20.750  1474 26943 D vendor.qti.bluetooth@1.0-wake_lock: Release wakelock is released 
02-23 12:47:21.064  2028  3514 D WifiStaIfaceHidlImpl: getCachedScanData is not implemented by HIDL
02-23 12:47:21.077 18823 18823 I wpa_supplicant: wlan0: command[CURRENT_RSSI -74], reply:SUCCESS
02-23 12:47:21.078  4441  4441 D VendorWifiService: onEvent event:9,action:1
02-23 12:47:21.079  2028  3615 D OplusWifiPower_TriggerCenter: mComponentCallback: wifistat
02-23 12:47:21.102  1502  1502 E ANDR-PERF-MPCTL: Active req limit reached, No optimizations performed
02-23 12:47:21.188  1474 26959 I vendor.qti.bluetooth@1.0-ibs_handler: ProcessIbsCmd: Received IBS_WAKE_IND: 0xFD
02-23 12:47:21.188  1474 26959 D vendor.qti.bluetooth@1.0-ibs_handler: SerialClockVote: vote for UART CLK ON
02-23 12:47:21.191  1474 26959 D vendor.qti.bluetooth@1.0-wake_lock: Acquire wakelock is acquired 
02-23 12:47:21.192  1474 26959 I vendor.qti.bluetooth@1.0-ibs_handler: ProcessIbsCmd: Writing IBS_WAKE_ACK
02-23 12:47:21.233  1474 26959 I vendor.qti.bluetooth@1.0-ibs_handler: ProcessIbsCmd: Received IBS_SLEEP_IND: 0xFE
02-23 12:47:21.233  1474 26959 D vendor.qti.bluetooth@1.0-ibs_handler: SerialClockVote: vote for UART CLK OFF
02-23 12:47:21.277  1474 26959 I vendor.qti.bluetooth@1.0-ibs_handler: ProcessIbsCmd: Received IBS_WAKE_IND: 0xFD
02-23 12:47:21.277  1474 26959 D vendor.qti.bluetooth@1.0-ibs_handler: SerialClockVote: vote for UART CLK ON
02-23 12:47:21.277  1474 26959 I vendor.qti.bluetooth@1.0-ibs_handler: ProcessIbsCmd: Writing IBS_WAKE_ACK
02-23 12:47:21.318  1474 26959 I vendor.qti.bluetooth@1.0-ibs_handler: ProcessIbsCmd: Received IBS_SLEEP_IND: 0xFE
02-23 12:47:21.318  1474 26959 D vendor.qti.bluetooth@1.0-ibs_handler: SerialClockVote: vote for UART CLK OFF
02-23 12:47:21.469  1474 26943 D vendor.qti.bluetooth@1.0-wake_lock: Release wakelock is released 
02-23 12:47:21.663  1545  1698 D BatteryChargeControl: bcc get no support from charging protocol
02-23 12:47:21.844  1502  1502 E ANDR-PERF-MPCTL: Active req limit reached, No optimizations performed
02-23 12:47:21.928  1474 26959 I vendor.qti.bluetooth@1.0-ibs_handler: ProcessIbsCmd: Received IBS_WAKE_IND: 0xFD
02-23 12:47:21.929  1474 26959 D vendor.qti.bluetooth@1.0-ibs_handler: SerialClockVote: vote for UART CLK ON
02-23 12:47:21.931  1474 26959 D vendor.qti.bluetooth@1.0-wake_lock: Acquire wakelock is acquired 
02-23 12:47:21.931  1474 26959 I vendor.qti.bluetooth@1.0-ibs_handler: ProcessIbsCmd: Writing IBS_WAKE_ACK
02-23 12:47:21.973  1474 26959 I vendor.qti.bluetooth@1.0-ibs_handler: ProcessIbsCmd: Received IBS_SLEEP_IND: 0xFE
02-23 12:47:21.974  1474 26959 D vendor.qti.bluetooth@1.0-ibs_handler: SerialClockVote: vote for UART CLK OFF
02-23 12:47:22.016  1474 26959 I vendor.qti.bluetooth@1.0-ibs_handler: ProcessIbsCmd: Received IBS_WAKE_IND: 0xFD
02-23 12:47:22.016  1474 26959 D vendor.qti.bluetooth@1.0-ibs_handler: SerialClockVote: vote for UART CLK ON
02-23 12:47:22.016  1474 26959 I vendor.qti.bluetooth@1.0-ibs_handler: ProcessIbsCmd: Writing IBS_WAKE_ACK
02-23 12:47:22.058  1474 26959 I vendor.qti.bluetooth@1.0-ibs_handler: ProcessIbsCmd: Received IBS_SLEEP_IND: 0xFE
02-23 12:47:22.058  1474 26959 D vendor.qti.bluetooth@1.0-ibs_handler: SerialClockVote: vote for UART CLK OFF
02-23 12:47:22.208  1474 26943 D vendor.qti.bluetooth@1.0-wake_lock: Release wakelock is released 
02-23 12:47:22.405  1495 11693 I WifiHAL : event received NL80211_CMD_VENDOR, vendor_id = 0x1374, subcmd = 0xd
02-23 12:47:22.665  1545  1698 D BatteryChargeControl: bcc get no support from charging protocol
02-23 12:47:22.665  1474 26959 I vendor.qti.bluetooth@1.0-ibs_handler: ProcessIbsCmd: Received IBS_WAKE_IND: 0xFD
02-23 12:47:22.666  1474 26959 D vendor.qti.bluetooth@1.0-ibs_handler: SerialClockVote: vote for UART CLK ON
02-23 12:47:22.668  1474 26959 D vendor.qti.bluetooth@1.0-wake_lock: Acquire wakelock is acquired 
02-23 12:47:22.668  1474 26959 I vendor.qti.bluetooth@1.0-ibs_handler: ProcessIbsCmd: Writing IBS_WAKE_ACK
02-23 12:47:22.710  1474 26959 I vendor.qti.bluetooth@1.0-ibs_handler: ProcessIbsCmd: Received IBS_SLEEP_IND: 0xFE
02-23 12:47:22.710  1474 26959 D vendor.qti.bluetooth@1.0-ibs_handler: SerialClockVote: vote for UART CLK OFF
02-23 12:47:22.750  1474 26959 I vendor.qti.bluetooth@1.0-ibs_handler: ProcessIbsCmd: Received IBS_WAKE_IND: 0xFD
02-23 12:47:22.750  1474 26959 D vendor.qti.bluetooth@1.0-ibs_handler: SerialClockVote: vote for UART CLK ON
02-23 12:47:22.750  1474 26959 I vendor.qti.bluetooth@1.0-ibs_handler: ProcessIbsCmd: Writing IBS_WAKE_ACK
02-23 12:47:22.791  1474 26959 I vendor.qti.bluetooth@1.0-ibs_handler: ProcessIbsCmd: Received IBS_SLEEP_IND: 0xFE
02-23 12:47:22.792  1474 26959 D vendor.qti.bluetooth@1.0-ibs_handler: SerialClockVote: vote for UART CLK OFF
02-23 12:47:22.942  1474 26943 D vendor.qti.bluetooth@1.0-wake_lock: Release wakelock is released 
02-23 12:47:23.092  2028  3514 D WifiStaIfaceHidlImpl: getCachedScanData is not implemented by HIDL
02-23 12:47:23.112  2028  3653 D OplusGameFirstManager: oldAverRssi=-75,rssi=-78,newAverRssi=-75
02-23 12:47:23.114  4321  4321 I QImsService: OplusWifiApmStateMgr : onReceive,wifiSignal: -78
02-23 12:47:23.115  4285  5726 D QCNEJ/WlanStaInfoRelay: Received action: android.net.wifi.RSSI_CHANGED
02-23 12:47:23.116  4441  4441 D VendorWifiService: onEvent event:9,action:1
02-23 12:47:23.118  3826  3940 D WifiStatusTracker: mNetworkCallback onCapabilitiesChanged network:289 mPrimaryNetworkId:289
02-23 12:47:23.120  4441  4620 D SubsysEventListenerManager: onCapabilitiesChanged
02-23 12:47:23.121  4441  4620 D DataStateTracker: getCurDataChannel, channel:1
02-23 12:47:23.122  3826  4011 D WifiPickerTracker: handleNetworkCapabilitiesChanged network:289
02-23 12:47:23.124  2028  3615 D SystemNetworkObserver: wifi network 289 nc changed, primary=true
02-23 12:47:23.124  2028  3615 D SystemNetworkObserver: default network nc changed 289
02-23 12:47:23.125  9129  9343 I NullBinder: NullBinder for android.net.action.RECOMMEND_NETWORKS triggering remote TransactionTooLargeException due to Service without Chimera impl, calling uid: 1000, calling pid: 0
02-23 12:47:23.125  9129  9343 W .gms.persistent: Large reply transaction of 2113536 bytes, interface descriptor , code 1
02-23 12:47:23.126  2028  3653 D OplusSlaNetworkManager: isPrimaryWifi:true network:289
02-23 12:47:23.127  3826  3940 D WifiStatusTracker: mNetworkCallback onCapabilitiesChanged network:289 mPrimaryNetworkId:289
02-23 12:47:23.129  3826  4011 I WifiPickerTracker: wifi connected status realConnectedWifiEntry not null: true
02-23 12:47:23.129  3826  3940 I SystemUi--Statusbar: NetworkController.WifiSignalController-->handleStatusUpdated state=3 enabled=true connected=true isDefaultNetwork=true rssi=-78 level=2 statusLabel=null isDirty=false
02-23 12:47:23.130  3826  3940 I SystemUi--Statusbar: NetworkController.WifiSignalController-->handleStatusUpdated state=3 enabled=true connected=true isDefaultNetwork=true rssi=-78 level=2 statusLabel=null isDirty=false
02-23 12:47:23.131  3826  3826 I SystemUi--Statusbar: WifiViewModel-->wifiIcon icon:Wi-Fi two bars. isDefault:true alwaysShowIconIfEnabled:false
02-23 12:47:23.131  9129  9343 I NullBinder: NullBinder for android.net.action.RECOMMEND_NETWORKS triggering remote TransactionTooLargeException due to Service without Chimera impl, calling uid: 1000, calling pid: 0
02-23 12:47:23.131  9129  9343 W .gms.persistent: Large reply transaction of 2113536 bytes, interface descriptor , code 1
02-23 12:47:23.131 10211 10375 I CardConfig.RxNetworkMonitor: onNetworkStateChange, current:true, last:true
02-23 12:47:23.133  9129  9237 I NullBinder: NullBinder for android.net.action.RECOMMEND_NETWORKS triggering remote TransactionTooLargeException due to Service without Chimera impl, calling uid: 1000, calling pid: 0
02-23 12:47:23.133  9129  9237 W .gms.persistent: Large reply transaction of 2113536 bytes, interface descriptor , code 1
02-23 12:47:23.134  3826  3940 I SystemUi--Statusbar: NetworkController.WifiSignalController-->handleStatusUpdated state=3 enabled=true connected=true isDefaultNetwork=true rssi=-78 level=2 statusLabel=null isDirty=false
02-23 12:47:23.135  9129  9237 I NullBinder: NullBinder for android.net.action.RECOMMEND_NETWORKS triggering remote TransactionTooLargeException due to Service without Chimera impl, calling uid: 1000, calling pid: 0
02-23 12:47:23.135  9129  9237 W .gms.persistent: Large reply transaction of 2113536 bytes, interface descriptor , code 1
02-23 12:47:23.137  9050  9092 I BugleRcsEngine: handleMessage processing message:[NOTIFY_UPTIME_IGNORE_STATE_CHANGED] with [non-null]:RcsEngineImpl reference [CONTEXT log_prefix="RcsEngineImpl[DUAL_REG]:[84532c06-c402]>Handler" thread_id=759 ]
02-23 12:47:23.138  9050  9082 I BugleRcsEngine: Connected state: [1], networkType: [WIFI] [CONTEXT thread_id=752 ]
02-23 12:47:23.144  9050  9092 I BugleRcsEngine: Rcs is enabled from user settings: true [CONTEXT log_prefix="ProvisioningEngineDataRetriever" thread_id=759 ]
02-23 12:47:23.155  1502  1502 E ANDR-PERF-MPCTL: Active req limit reached, No optimizations performed
02-23 12:47:23.397  1474 26959 I vendor.qti.bluetooth@1.0-ibs_handler: ProcessIbsCmd: Received IBS_WAKE_IND: 0xFD
02-23 12:47:23.398  1474 26959 D vendor.qti.bluetooth@1.0-ibs_handler: SerialClockVote: vote for UART CLK ON
02-23 12:47:23.399  1474 26959 D vendor.qti.bluetooth@1.0-wake_lock: Acquire wakelock is acquired 
02-23 12:47:23.400  1474 26959 I vendor.qti.bluetooth@1.0-ibs_handler: ProcessIbsCmd: Writing IBS_WAKE_ACK
02-23 12:47:23.441  1474 26959 I vendor.qti.bluetooth@1.0-ibs_handler: ProcessIbsCmd: Received IBS_SLEEP_IND: 0xFE
02-23 12:47:23.441  1474 26959 D vendor.qti.bluetooth@1.0-ibs_handler: SerialClockVote: vote for UART CLK OFF
02-23 12:47:23.484  1474 26959 I vendor.qti.bluetooth@1.0-ibs_handler: ProcessIbsCmd: Received IBS_WAKE_IND: 0xFD
02-23 12:47:23.484  1474 26959 D vendor.qti.bluetooth@1.0-ibs_handler: SerialClockVote: vote for UART CLK ON
02-23 12:47:23.484  1474 26959 I vendor.qti.bluetooth@1.0-ibs_handler: ProcessIbsCmd: Writing IBS_WAKE_ACK
02-23 12:47:23.525  1474 26959 I vendor.qti.bluetooth@1.0-ibs_handler: ProcessIbsCmd: Received IBS_SLEEP_IND: 0xFE
02-23 12:47:23.526  1474 26959 D vendor.qti.bluetooth@1.0-ibs_handler: SerialClockVote: vote for UART CLK OFF
02-23 12:47:23.632  9129 14605 I NearbySharing: Network state changed: NetworkState(isRestricted=false, isOnline=true, isCongested=false, isMetered=false, isWifiConnected=true)
02-23 12:47:23.667  1545  1698 D BatteryChargeControl: bcc get no support from charging protocol
02-23 12:47:23.676  1474 26943 D vendor.qti.bluetooth@1.0-wake_lock: Release wakelock is released 
02-23 12:47:23.892  1502  1502 E ANDR-PERF-MPCTL: Active req limit reached, No optimizations performed
02-23 12:47:24.135  1474 26959 I vendor.qti.bluetooth@1.0-ibs_handler: ProcessIbsCmd: Received IBS_WAKE_IND: 0xFD
02-23 12:47:24.136  1474 26959 D vendor.qti.bluetooth@1.0-ibs_handler: SerialClockVote: vote for UART CLK ON
02-23 12:47:24.137  1474 26959 D vendor.qti.bluetooth@1.0-wake_lock: Acquire wakelock is acquired 
02-23 12:47:24.137  1474 26959 I vendor.qti.bluetooth@1.0-ibs_handler: ProcessIbsCmd: Writing IBS_WAKE_ACK
02-23 12:47:24.179  1474 26959 I vendor.qti.bluetooth@1.0-ibs_handler: ProcessIbsCmd: Received IBS_SLEEP_IND: 0xFE
02-23 12:47:24.179  1474 26959 D vendor.qti.bluetooth@1.0-ibs_handler: SerialClockVote: vote for UART CLK OFF
02-23 12:47:24.330  1474 26943 D vendor.qti.bluetooth@1.0-wake_lock: Release wakelock is released 
02-23 12:47:24.408  1495 11693 I WifiHAL : event received NL80211_CMD_VENDOR, vendor_id = 0x1374, subcmd = 0xd
02-23 12:47:24.452  1545  1545 D vendor.oplus.hardware.charger-V6-service: get_ui_charge_icon_type 0 0 0 0 0
02-23 12:47:24.453  1545  1545 D vendor.oplus.hardware.charger-V6-service: oplus_chg_get_cpa_power 2500 charge_online 1 retention_topic 0
02-23 12:47:24.463  3826  3826 I SystemUi--Statusbar: BatteryControllerExt-->updateBatteryChangeIntent():broadcast=android.intent.action.BATTERY_CHANGED,level=82,scale=100
02-23 12:47:24.463  3826  3826 I SystemUi--Statusbar: BatteryRepository-->level: 82 -- isSavingMode: false
02-23 12:47:24.465  2028  2928 D OplusDisplayBrightnessBroadcastReceiver: onReceive action = android.intent.action.BATTERY_CHANGED , listeners = [com.android.server.display.OplusFeatureHDREnhanceBrightness$PhoneInfoReceiver@780cd78, com.android.server.display.OplusFeatureEdrEnhanceBrightness$PhoneInfoReceiver@3423c51]
02-23 12:47:24.465  4441  4441 D SubsysBroadcastManager: onReceive action:android.intent.action.BATTERY_CHANGED
02-23 12:47:24.468  4291  4291 D DeviceStatisticsService: onReceive: action= android.intent.action.BATTERY_CHANGED
02-23 12:47:24.473  7318  8179 I DeepThinkerSDK: [APP] ClientConnection: getDeepThinkerBridge start
02-23 12:47:24.473  7318  8179 I DeepThinkerSDK: [APP] ClientConnection: getDeepThinkerBridge end
02-23 12:47:24.473  7318  8179 I DeepThinkerSDK: [APP] UserDomainManager: businessId : 401 threshold : 0.6 learnPeriod:30
02-23 12:47:24.474  3013  3013 D CustomLogManagerService: onReceive android.intent.action.BATTERY_CHANGED
02-23 12:47:24.475  7318  8179 I DeepThinkerSDK: [APP] UserDomainManager: PerformanceOfLongCharging{probabilityOfLocation=0.0, probabilityOfApps=0.0, probabilityOfTime=0.0, probabilityOfTotal=0.0, duration=0}
02-23 12:47:24.475  7318  8185 E Battery : ChargeProtectionUtils: mCanlendarTmp.isEmpty()!
02-23 12:47:24.492  3826  3940 I SystemUi--Statusbar: OplusNetworkSpeedControllExImpl-->updateNetworkSpeed: isConnected:true,isSwitchOn:true
02-23 12:47:24.496  3826  3940 I SystemUi--Statusbar: OplusNetworkSpeedControllExImpl-->getTotalByte: totalRxBytes:22791390542,totalTxBytes:3611063319,loopbackTxBytes:2816519,loopbackRxBytes:2691599 ,totalBytes:26396945743
02-23 12:47:24.514  1545  1663 D vendor.oplus.hardware.charger-V6-service: ret_value:128, read content:,348,346,4212,4212,-306,500,2200,79,82,1,4,-1,4983,82,1,0,1,1,0,0,4425,0,6,0,6,0,0,0,340,0,1,1,0,0,61,61,61,0,0,0,0,0,0,0,0,0,0
02-23 12:47:24.514  1545  1663 D vendor.oplus.hardware.charger-V6-service: gmtime: 2026-02-23-12-47-24
02-23 12:47:24.515  1545  1663 D vendor.oplus.hardware.charger-V6-service: usb_online:1, ac_online:0, wireless_online:-2147483648
02-23 12:47:24.534  1502  1502 E ANDR-PERF-MPCTL: Active req limit reached, No optimizations performed
02-23 12:47:24.670  1545  1698 D BatteryChargeControl: bcc get no support from charging protocol
02-23 12:47:24.694  9129 14605 I NearbyMediums: No BLE Fast/GATT advertisements found in the latest cycle.
02-23 12:47:24.694  9129 14605 I NearbyMediums: Current Tracked Scanning Clients are : {NearbyConnections.EnvironmentMonitor, NearbySharing}
02-23 12:47:24.858  1474 26959 I vendor.qti.bluetooth@1.0-ibs_handler: ProcessIbsCmd: Received IBS_WAKE_IND: 0xFD
02-23 12:47:24.858  1474 26959 D vendor.qti.bluetooth@1.0-ibs_handler: SerialClockVote: vote for UART CLK ON
02-23 12:47:24.860  1474 26959 D vendor.qti.bluetooth@1.0-wake_lock: Acquire wakelock is acquired 
02-23 12:47:24.861  1474 26959 I vendor.qti.bluetooth@1.0-ibs_handler: ProcessIbsCmd: Writing IBS_WAKE_ACK
02-23 12:47:24.889 26895 26931 W bluetooth: [hci_layer.cc:617] on_vs_event: Unhandled vendor specific event of type BQR_EVENT(0x58)
02-23 12:47:24.926  1474 26959 I vendor.qti.bluetooth@1.0-ibs_handler: ProcessIbsCmd: Received IBS_SLEEP_IND: 0xFE
02-23 12:47:24.927  1474 26959 D vendor.qti.bluetooth@1.0-ibs_handler: SerialClockVote: vote for UART CLK OFF
02-23 12:47:24.943  1474 26959 I vendor.qti.bluetooth@1.0-ibs_handler: ProcessIbsCmd: Received IBS_WAKE_IND: 0xFD
02-23 12:47:24.943  1474 26959 D vendor.qti.bluetooth@1.0-ibs_handler: SerialClockVote: vote for UART CLK ON
02-23 12:47:24.943  1474 26959 I vendor.qti.bluetooth@1.0-ibs_handler: ProcessIbsCmd: Writing IBS_WAKE_ACK
02-23 12:47:24.984  1474 26959 I vendor.qti.bluetooth@1.0-ibs_handler: ProcessIbsCmd: Received IBS_SLEEP_IND: 0xFE
02-23 12:47:24.985  1474 26959 D vendor.qti.bluetooth@1.0-ibs_handler: SerialClockVote: vote for UART CLK OFF
02-23 12:47:25.128  2028  3514 D WifiStaIfaceHidlImpl: getCachedScanData is not implemented by HIDL
02-23 12:47:25.135  1474 26943 D vendor.qti.bluetooth@1.0-wake_lock: Release wakelock is released 
02-23 12:47:25.142 18823 18823 I wpa_supplicant: wlan0: command[CURRENT_RSSI -78], reply:SUCCESS
02-23 12:47:25.143  4441  4441 D VendorWifiService: onEvent event:9,action:1
02-23 12:47:25.144  2028  3615 D OplusWifiPower_TriggerCenter: mComponentCallback: wifistat
02-23 12:47:25.266  1502  1502 E ANDR-PERF-MPCTL: Active req limit reached, No optimizations performed
02-23 12:47:25.673  1545  1698 D BatteryChargeControl: bcc get no support from charging protocol
02-23 12:47:25.692  1474 26959 I vendor.qti.bluetooth@1.0-ibs_handler: ProcessIbsCmd: Received IBS_WAKE_IND: 0xFD
02-23 12:47:25.692  1474 26959 D vendor.qti.bluetooth@1.0-ibs_handler: SerialClockVote: vote for UART CLK ON
02-23 12:47:25.694  1474 26959 D vendor.qti.bluetooth@1.0-wake_lock: Acquire wakelock is acquired 
02-23 12:47:25.694  1474 26959 I vendor.qti.bluetooth@1.0-ibs_handler: ProcessIbsCmd: Writing IBS_WAKE_ACK
02-23 12:47:25.736  1474 26959 I vendor.qti.bluetooth@1.0-ibs_handler: ProcessIbsCmd: Received IBS_SLEEP_IND: 0xFE
02-23 12:47:25.736  1474 26959 D vendor.qti.bluetooth@1.0-ibs_handler: SerialClockVote: vote for UART CLK OFF
02-23 12:47:25.887  1474 26943 D vendor.qti.bluetooth@1.0-wake_lock: Release wakelock is released 
02-23 12:47:26.315  1474 26959 I vendor.qti.bluetooth@1.0-ibs_handler: ProcessIbsCmd: Received IBS_WAKE_IND: 0xFD
02-23 12:47:26.316  1474 26959 D vendor.qti.bluetooth@1.0-ibs_handler: SerialClockVote: vote for UART CLK ON
02-23 12:47:26.318  1474 26959 D vendor.qti.bluetooth@1.0-wake_lock: Acquire wakelock is acquired 
02-23 12:47:26.318  1474 26959 I vendor.qti.bluetooth@1.0-ibs_handler: ProcessIbsCmd: Writing IBS_WAKE_ACK
02-23 12:47:26.359  1474 26959 I vendor.qti.bluetooth@1.0-ibs_handler: ProcessIbsCmd: Received IBS_SLEEP_IND: 0xFE
02-23 12:47:26.359  1474 26959 D vendor.qti.bluetooth@1.0-ibs_handler: SerialClockVote: vote for UART CLK OFF
02-23 12:47:26.400  1474 26959 I vendor.qti.bluetooth@1.0-ibs_handler: ProcessIbsCmd: Received IBS_WAKE_IND: 0xFD
02-23 12:47:26.400  1474 26959 D vendor.qti.bluetooth@1.0-ibs_handler: SerialClockVote: vote for UART CLK ON
02-23 12:47:26.401  1474 26959 I vendor.qti.bluetooth@1.0-ibs_handler: ProcessIbsCmd: Writing IBS_WAKE_ACK
02-23 12:47:26.412  1495 11693 I WifiHAL : event received NL80211_CMD_VENDOR, vendor_id = 0x1374, subcmd = 0xd
02-23 12:47:26.442  1474 26959 I vendor.qti.bluetooth@1.0-ibs_handler: ProcessIbsCmd: Received IBS_SLEEP_IND: 0xFE
02-23 12:47:26.442  1474 26959 D vendor.qti.bluetooth@1.0-ibs_handler: SerialClockVote: vote for UART CLK OFF
02-23 12:47:26.476  3013 28397 D CustomLogManagerService: WorkHandler msg.what :5
02-23 12:47:26.483  3013 28397 D CustomLogManagerService: curTemp:340 limit:390
02-23 12:47:26.484  3013 28397 D CustomLogManagerService: checkUploadStatus: isSceenOn=true activeNetType=1 isCharging=true isUploading:false temperatureLimit:false
02-23 12:47:26.484  3013 28397 D CustomLogManagerService: sys.log.customer=false
02-23 12:47:26.484  3013 28397 D CustomLogManagerService: isHaveCustomLogCollecting :false
02-23 12:47:26.593  1474 26943 D vendor.qti.bluetooth@1.0-wake_lock: Release wakelock is released 
02-23 12:47:26.676  1545  1698 D BatteryChargeControl: bcc get no support from charging protocol
02-23 12:47:27.052  1474 26959 I vendor.qti.bluetooth@1.0-ibs_handler: ProcessIbsCmd: Received IBS_WAKE_IND: 0xFD
02-23 12:47:27.052  1474 26959 D vendor.qti.bluetooth@1.0-ibs_handler: SerialClockVote: vote for UART CLK ON
02-23 12:47:27.054  1474 26959 D vendor.qti.bluetooth@1.0-wake_lock: Acquire wakelock is acquired 
02-23 12:47:27.054  1474 26959 I vendor.qti.bluetooth@1.0-ibs_handler: ProcessIbsCmd: Writing IBS_WAKE_ACK
02-23 12:47:27.095  1474 26959 I vendor.qti.bluetooth@1.0-ibs_handler: ProcessIbsCmd: Received IBS_SLEEP_IND: 0xFE
02-23 12:47:27.095  1474 26959 D vendor.qti.bluetooth@1.0-ibs_handler: SerialClockVote: vote for UART CLK OFF
02-23 12:47:27.140  1474 26959 I vendor.qti.bluetooth@1.0-ibs_handler: ProcessIbsCmd: Received IBS_WAKE_IND: 0xFD
02-23 12:47:27.140  1474 26959 D vendor.qti.bluetooth@1.0-ibs_handler: SerialClockVote: vote for UART CLK ON
02-23 12:47:27.140  1474 26959 I vendor.qti.bluetooth@1.0-ibs_handler: ProcessIbsCmd: Writing IBS_WAKE_ACK
02-23 12:47:27.158  2028  3514 D WifiStaIfaceHidlImpl: getCachedScanData is not implemented by HIDL
02-23 12:47:27.174  4441  4441 D VendorWifiService: onEvent event:9,action:1
02-23 12:47:27.182  1474 26959 I vendor.qti.bluetooth@1.0-ibs_handler: ProcessIbsCmd: Received IBS_SLEEP_IND: 0xFE
02-23 12:47:27.182  1474 26959 D vendor.qti.bluetooth@1.0-ibs_handler: SerialClockVote: vote for UART CLK OFF
02-23 12:47:27.333  1474 26943 D vendor.qti.bluetooth@1.0-wake_lock: Release wakelock is released 
02-23 12:47:27.566  4441  4929 D DiagnoseService: handleMessage: 1001
02-23 12:47:27.567  4441  4929 D RadioProxyJ: [PHONE0][29638]> getDiagPktVersionMismatchDb
02-23 12:47:27.579  2616  2633 D QmiVsClient: getDiagPktVersionMismatchDb - enter
02-23 12:47:27.584  2616  2660 D QmiVsClient: getDiagPktVersionMismatchDb callback - enter
02-23 12:47:27.585  2616  2633 D VsProxy : handleMessage msg is 4001
02-23 12:47:27.585  2616  2633 D RadioProxy: getDiagPktVersionMismatchDb : response cb for instance 0
02-23 12:47:27.585  2616  2616 D VendorService: getDiagPktVersionMismatchDb recordNumber 5
02-23 12:47:27.588  4441 20186 D SubsysRadioResponse: responseDiagPacketVersionMismatchDb() recordNumber = 5
02-23 12:47:27.588  4441  4929 D DiagnoseService: handleMessage: 1002
02-23 12:47:27.589  4441  4929 D DiagnoseService: [DIAG_PACKET_VERSION_MISMATCH]MPSS.HI.4.3.4-00492-MANNAR_GEN_PACK-1.22728.220
02-23 12:47:27.589  4441  4929 D DiagnoseService: [DIAG_PACKET_VERSION_MISMATCH][DiagLog]pktId=47469,oldVersion=196611,newVersion=131076[DiagLog]pktId=47527,oldVersion=196608,newVersion=131076[DiagLog]pktId=5480,oldVersion=17,newVersion=13[DiagLog]pktId=45459,oldVersion=1,newVersion=1[DiagLog]pktId=47320,oldVersion=196610,newVersion=131074
02-23 12:47:27.589  4441  4929 D DiagnoseService: ro.build.type=user
02-23 12:47:27.589  4441 20186 D RadioProxyJ: [PHONE0][29638]< getDiagPktVersionMismatchDbResponse [RadioDiagPktVersionMismatch{ pktType = 1, pktId = 47469, oldVersion = 196611, newVersion = 131076 }, RadioDiagPktVersionMismatch{ pktType = 1, pktId = 47527, oldVersion = 196608, newVersion = 131076 }, RadioDiagPktVersionMismatch{ pktType = 1, pktId = 5480, oldVersion = 17, newVersion = 13 }, RadioDiagPktVersionMismatch{ pktType = 1, pktId = 45459, oldVersion = 1, newVersion = 1 }, RadioDiagPktVersionMismatch{ pktType = 1, pktId = 47320, oldVersion = 196610, newVersion = 131074 }] [convertToString]
02-23 12:47:27.679  1545  1698 D BatteryChargeControl: bcc get no support from charging protocol
02-23 12:47:27.792  1474 26959 I vendor.qti.bluetooth@1.0-ibs_handler: ProcessIbsCmd: Received IBS_WAKE_IND: 0xFD
02-23 12:47:27.792  1474 26959 D vendor.qti.bluetooth@1.0-ibs_handler: SerialClockVote: vote for UART CLK ON
02-23 12:47:27.794  1474 26959 D vendor.qti.bluetooth@1.0-wake_lock: Acquire wakelock is acquired 
02-23 12:47:27.794  1474 26959 I vendor.qti.bluetooth@1.0-ibs_handler: ProcessIbsCmd: Writing IBS_WAKE_ACK
02-23 12:47:27.836  1474 26959 I vendor.qti.bluetooth@1.0-ibs_handler: ProcessIbsCmd: Received IBS_SLEEP_IND: 0xFE
02-23 12:47:27.836  1474 26959 D vendor.qti.bluetooth@1.0-ibs_handler: SerialClockVote: vote for UART CLK OFF
02-23 12:47:27.881  1474 26959 I vendor.qti.bluetooth@1.0-ibs_handler: ProcessIbsCmd: Received IBS_WAKE_IND: 0xFD
02-23 12:47:27.881  1474 26959 D vendor.qti.bluetooth@1.0-ibs_handler: SerialClockVote: vote for UART CLK ON
02-23 12:47:27.881  1474 26959 I vendor.qti.bluetooth@1.0-ibs_handler: ProcessIbsCmd: Writing IBS_WAKE_ACK
02-23 12:47:27.923  1474 26959 I vendor.qti.bluetooth@1.0-ibs_handler: ProcessIbsCmd: Received IBS_SLEEP_IND: 0xFE
02-23 12:47:27.923  1474 26959 D vendor.qti.bluetooth@1.0-ibs_handler: SerialClockVote: vote for UART CLK OFF
02-23 12:47:28.073  1474 26943 D vendor.qti.bluetooth@1.0-wake_lock: Release wakelock is released 
02-23 12:47:28.415  1495 11693 I WifiHAL : event received NL80211_CMD_VENDOR, vendor_id = 0x1374, subcmd = 0xd
02-23 12:47:28.498  3826  3940 I SystemUi--Statusbar: OplusNetworkSpeedControllExImpl-->updateNetworkSpeed: isConnected:true,isSwitchOn:true
02-23 12:47:28.504  3826  3940 I SystemUi--Statusbar: OplusNetworkSpeedControllExImpl-->getTotalByte: totalRxBytes:22791390542,totalTxBytes:3611063319,loopbackTxBytes:2816519,loopbackRxBytes:2691599 ,totalBytes:26396945743
02-23 12:47:28.527  1474 26959 I vendor.qti.bluetooth@1.0-ibs_handler: ProcessIbsCmd: Received IBS_WAKE_IND: 0xFD
02-23 12:47:28.527  1474 26959 D vendor.qti.bluetooth@1.0-ibs_handler: SerialClockVote: vote for UART CLK ON
02-23 12:47:28.528  1474 26959 D vendor.qti.bluetooth@1.0-wake_lock: Acquire wakelock is acquired 
02-23 12:47:28.528  1474 26959 I vendor.qti.bluetooth@1.0-ibs_handler: ProcessIbsCmd: Writing IBS_WAKE_ACK
02-23 12:47:28.545  1502  1502 E ANDR-PERF-MPCTL: Active req limit reached, No optimizations performed
02-23 12:47:28.569  1474 26959 I vendor.qti.bluetooth@1.0-ibs_handler: ProcessIbsCmd: Received IBS_SLEEP_IND: 0xFE
02-23 12:47:28.569  1474 26959 D vendor.qti.bluetooth@1.0-ibs_handler: SerialClockVote: vote for UART CLK OFF
02-23 12:47:28.616  1474 26959 I vendor.qti.bluetooth@1.0-ibs_handler: ProcessIbsCmd: Received IBS_WAKE_IND: 0xFD
02-23 12:47:28.617  1474 26959 D vendor.qti.bluetooth@1.0-ibs_handler: SerialClockVote: vote for UART CLK ON
02-23 12:47:28.617  1474 26959 I vendor.qti.bluetooth@1.0-ibs_handler: ProcessIbsCmd: Writing IBS_WAKE_ACK
02-23 12:47:28.658  1474 26959 I vendor.qti.bluetooth@1.0-ibs_handler: ProcessIbsCmd: Received IBS_SLEEP_IND: 0xFE
02-23 12:47:28.658  1474 26959 D vendor.qti.bluetooth@1.0-ibs_handler: SerialClockVote: vote for UART CLK OFF
02-23 12:47:28.681  1545  1698 D BatteryChargeControl: bcc get no support from charging protocol
02-23 12:47:28.808  1474 26943 D vendor.qti.bluetooth@1.0-wake_lock: Release wakelock is released 
02-23 12:47:29.185  2028  3514 D WifiStaIfaceHidlImpl: getCachedScanData is not implemented by HIDL
02-23 12:47:29.200  4441  4441 D VendorWifiService: onEvent event:9,action:1
02-23 12:47:29.200  3826  3940 D WifiStatusTracker: mNetworkCallback onCapabilitiesChanged network:289 mPrimaryNetworkId:289
02-23 12:47:29.203  2028  3615 D OplusWifiPower_TriggerCenter: mComponentCallback: wifistat
02-23 12:47:29.205  9129  9343 I NullBinder: NullBinder for android.net.action.RECOMMEND_NETWORKS triggering remote TransactionTooLargeException due to Service without Chimera impl, calling uid: 1000, calling pid: 0
02-23 12:47:29.205  9129  9343 W .gms.persistent: Large reply transaction of 2113536 bytes, interface descriptor , code 1
02-23 12:47:29.207  3826  4011 D WifiPickerTracker: handleNetworkCapabilitiesChanged network:289
02-23 12:47:29.209  9129  9343 I NullBinder: NullBinder for android.net.action.RECOMMEND_NETWORKS triggering remote TransactionTooLargeException due to Service without Chimera impl, calling uid: 1000, calling pid: 0
02-23 12:47:29.209  4441  4620 D SubsysEventListenerManager: onCapabilitiesChanged
02-23 12:47:29.209  9129  9343 W .gms.persistent: Large reply transaction of 2113536 bytes, interface descriptor , code 1
02-23 12:47:29.209  4441  4620 D DataStateTracker: getCurDataChannel, channel:1
02-23 12:47:29.211  7191 26114 D gaia-GaiaConnectChecker: start connect check++
02-23 12:47:29.212  3826  3940 D WifiStatusTracker: mNetworkCallback onCapabilitiesChanged network:289 mPrimaryNetworkId:289
02-23 12:47:29.212  2028  3615 D SystemNetworkObserver: wifi network 289 nc changed, primary=true
02-23 12:47:29.212  2028  3615 D SystemNetworkObserver: default network nc changed 289
02-23 12:47:29.212  2028  3653 D OplusSlaNetworkManager: isPrimaryWifi:true network:289
02-23 12:47:29.214  7191 25702 D gaia-GaiaConnectChecker: start connect check++
02-23 12:47:29.214  3826  4011 I WifiPickerTracker: wifi connected status realConnectedWifiEntry not null: true
02-23 12:47:29.216  9129  9343 I NullBinder: NullBinder for android.net.action.RECOMMEND_NETWORKS triggering remote TransactionTooLargeException due to Service without Chimera impl, calling uid: 1000, calling pid: 0
02-23 12:47:29.216  9129  9343 W .gms.persistent: Large reply transaction of 2113536 bytes, interface descriptor , code 1
02-23 12:47:29.219  9129  9343 I NullBinder: NullBinder for android.net.action.RECOMMEND_NETWORKS triggering remote TransactionTooLargeException due to Service without Chimera impl, calling uid: 1000, calling pid: 0
02-23 12:47:29.219  9129  9343 W .gms.persistent: Large reply transaction of 2113536 bytes, interface descriptor , code 1
02-23 12:47:29.219  3826  3940 I SystemUi--Statusbar: NetworkController.WifiSignalController-->handleStatusUpdated state=3 enabled=true connected=true isDefaultNetwork=true rssi=-77 level=2 statusLabel=null isDirty=false
02-23 12:47:29.220  1502  1502 E ANDR-PERF-MPCTL: Active req limit reached, No optimizations performed
02-23 12:47:29.220  3826  3940 I SystemUi--Statusbar: NetworkController.WifiSignalController-->handleStatusUpdated state=3 enabled=true connected=true isDefaultNetwork=true rssi=-77 level=2 statusLabel=null isDirty=false
02-23 12:47:29.220  3826  3940 I SystemUi--Statusbar: NetworkController.WifiSignalController-->handleStatusUpdated state=3 enabled=true connected=true isDefaultNetwork=true rssi=-77 level=2 statusLabel=null isDirty=false
02-23 12:47:29.221  4441  4462 W om.oplus.subsys: Reducing the number of considered missed Gc histogram windows from 128 to 100
02-23 12:47:29.223 10211 10375 I CardConfig.RxNetworkMonitor: onNetworkStateChange, current:true, last:true
02-23 12:47:29.225  9050  9092 I BugleRcsEngine: handleMessage processing message:[NOTIFY_UPTIME_IGNORE_STATE_CHANGED] with [non-null]:RcsEngineImpl reference [CONTEXT log_prefix="RcsEngineImpl[DUAL_REG]:[84532c06-c402]>Handler" thread_id=759 ]
02-23 12:47:29.226  9050  9082 I BugleRcsEngine: Connected state: [1], networkType: [WIFI] [CONTEXT thread_id=752 ]
02-23 12:47:29.234  9050  9092 I BugleRcsEngine: Rcs is enabled from user settings: true [CONTEXT log_prefix="ProvisioningEngineDataRetriever" thread_id=759 ]
02-23 12:47:29.257  1474 26959 I vendor.qti.bluetooth@1.0-ibs_handler: ProcessIbsCmd: Received IBS_WAKE_IND: 0xFD
02-23 12:47:29.257  1474 26959 D vendor.qti.bluetooth@1.0-ibs_handler: SerialClockVote: vote for UART CLK ON
02-23 12:47:29.259  1474 26959 D vendor.qti.bluetooth@1.0-wake_lock: Acquire wakelock is acquired 
02-23 12:47:29.259  1474 26959 I vendor.qti.bluetooth@1.0-ibs_handler: ProcessIbsCmd: Writing IBS_WAKE_ACK
02-23 12:47:29.300  1474 26959 I vendor.qti.bluetooth@1.0-ibs_handler: ProcessIbsCmd: Received IBS_SLEEP_IND: 0xFE
02-23 12:47:29.300  1474 26959 D vendor.qti.bluetooth@1.0-ibs_handler: SerialClockVote: vote for UART CLK OFF
02-23 12:47:29.343  1474 26959 I vendor.qti.bluetooth@1.0-ibs_handler: ProcessIbsCmd: Received IBS_WAKE_IND: 0xFD
02-23 12:47:29.344  1474 26959 D vendor.qti.bluetooth@1.0-ibs_handler: SerialClockVote: vote for UART CLK ON
02-23 12:47:29.344  1474 26959 I vendor.qti.bluetooth@1.0-ibs_handler: ProcessIbsCmd: Writing IBS_WAKE_ACK
02-23 12:47:29.385  1474 26959 I vendor.qti.bluetooth@1.0-ibs_handler: ProcessIbsCmd: Received IBS_SLEEP_IND: 0xFE
02-23 12:47:29.385  1474 26959 D vendor.qti.bluetooth@1.0-ibs_handler: SerialClockVote: vote for UART CLK OFF
02-23 12:47:29.516  1545  1663 D vendor.oplus.hardware.charger-V6-service: ret_value:128, read content:,348,346,4212,4212,-338,500,2200,79,82,1,4,-1,4983,82,1,0,1,1,0,0,4425,0,6,0,6,0,0,0,340,0,1,1,0,0,61,61,61,0,0,0,0,0,0,0,0,0,0
02-23 12:47:29.517  1545  1663 D vendor.oplus.hardware.charger-V6-service: gmtime: 2026-02-23-12-47-29
02-23 12:47:29.518  1545  1663 D vendor.oplus.hardware.charger-V6-service: usb_online:1, ac_online:0, wireless_online:-2147483648
02-23 12:47:29.536  1474 26943 D vendor.qti.bluetooth@1.0-wake_lock: Release wakelock is released 
02-23 12:47:29.684  1545  1698 D BatteryChargeControl: bcc get no support from charging protocol
02-23 12:47:29.724  9129 14605 I NearbySharing: Network state changed: NetworkState(isRestricted=false, isOnline=true, isCongested=false, isMetered=false, isWifiConnected=true)
02-23 12:47:29.936  1502  1502 E ANDR-PERF-MPCTL: Active req limit reached, No optimizations performed
02-23 12:47:29.980  1474 26959 I vendor.qti.bluetooth@1.0-ibs_handler: ProcessIbsCmd: Received IBS_WAKE_IND: 0xFD
02-23 12:47:29.981  1474 26959 D vendor.qti.bluetooth@1.0-ibs_handler: SerialClockVote: vote for UART CLK ON
02-23 12:47:29.982  1474 26959 D vendor.qti.bluetooth@1.0-wake_lock: Acquire wakelock is acquired 
02-23 12:47:29.983  1474 26959 I vendor.qti.bluetooth@1.0-ibs_handler: ProcessIbsCmd: Writing IBS_WAKE_ACK
02-23 12:47:30.024  1474 26959 I vendor.qti.bluetooth@1.0-ibs_handler: ProcessIbsCmd: Received IBS_SLEEP_IND: 0xFE
02-23 12:47:30.024  1474 26959 D vendor.qti.bluetooth@1.0-ibs_handler: SerialClockVote: vote for UART CLK OFF
02-23 12:47:30.176  1474 26943 D vendor.qti.bluetooth@1.0-wake_lock: Release wakelock is released 
02-23 12:47:30.420  1495 11693 I WifiHAL : event received NL80211_CMD_VENDOR, vendor_id = 0x1374, subcmd = 0xd
02-23 12:47:30.434  4239  4239 D OplusTelephonyController: onSignalStrengthChanged: SignalStrength=SignalStrength:{mCdma=CellSignalStrengthCdma: cdmaDbm=2147483647 cdmaEcio=2147483647 evdoDbm=2147483647 evdoEcio=2147483647 evdoSnr=2147483647 level=0,mGsm=CellSignalStrengthGsm: rssi=2147483647 ber=2147483647 mTa=2147483647 mLevel=0,mWcdma=CellSignalStrengthWcdma: ss=2147483647 ber=2147483647 rscp=2147483647 ecno=2147483647 level=0,mTdscdma=CellSignalStrengthTdscdma: rssi=2147483647 ber=2147483647 rscp=2147483647 level=0,mLte=CellSignalStrengthLte: rssi=-89 rsrp=-117 rsrq=-13 rssnr=1 cqiTableIndex=2147483647 cqi=2147483647 ta=2147483647 level=2 parametersUseForLevel=0,mNr=CellSignalStrengthNr:{ csiRsrp = 2147483647 csiRsrq = 2147483647 csiCqiTableIndex = 2147483647 csiCqiReport = [] ssRsrp = 2147483647 ssRsrq = 2147483647 ssSinr = 2147483647 level = 0 parametersUseForLevel = 0 timingAdvance = 2147483647 },primary=CellSignalStrengthLte}
02-23 12:47:30.436  4441  4441 D SubsysEventListenerManager-SubsysTelephonyCallback[0]: onSignalStrengthsChanged
02-23 12:47:30.442  3826  4010 I SystemUi--Statusbar: MobileConnectionRepositoryImpl-->subId:2 isSoftSimCard:false slotId:0
02-23 12:47:30.599  1545  1545 D vendor.oplus.hardware.charger-V6-service: get_ui_charge_icon_type 0 0 0 0 0
02-23 12:47:30.600  1545  1545 D vendor.oplus.hardware.charger-V6-service: oplus_chg_get_cpa_power 2500 charge_online 1 retention_topic 0
02-23 12:47:30.610  3826  3826 I SystemUi--Statusbar: BatteryControllerExt-->updateBatteryChangeIntent():broadcast=android.intent.action.BATTERY_CHANGED,level=82,scale=100
02-23 12:47:30.610  3826  3826 I SystemUi--Statusbar: BatteryRepository-->level: 82 -- isSavingMode: false
02-23 12:47:30.611  2028  2928 D OplusDisplayBrightnessBroadcastReceiver: onReceive action = android.intent.action.BATTERY_CHANGED , listeners = [com.android.server.display.OplusFeatureHDREnhanceBrightness$PhoneInfoReceiver@780cd78, com.android.server.display.OplusFeatureEdrEnhanceBrightness$PhoneInfoReceiver@3423c51]
02-23 12:47:30.612  4441  4441 D SubsysBroadcastManager: onReceive action:android.intent.action.BATTERY_CHANGED
02-23 12:47:30.615  4291  4291 D DeviceStatisticsService: onReceive: action= android.intent.action.BATTERY_CHANGED
02-23 12:47:30.617  4291  4291 D DeviceInfoHidlClient: isRadioOn()=true
02-23 12:47:30.617  4291  4291 I DeviceInfoHidlClient: isPowerInfoNeverSent=false batteryLevel=82 batteryLevelIndex=3 chargingMode=2 totalCapacity=4009700 powerSaveMode=false
02-23 12:47:30.619  7318  8179 I DeepThinkerSDK: [APP] ClientConnection: getDeepThinkerBridge start
02-23 12:47:30.620  7318  8179 I DeepThinkerSDK: [APP] ClientConnection: getDeepThinkerBridge end
02-23 12:47:30.620  7318  8179 I DeepThinkerSDK: [APP] UserDomainManager: businessId : 401 threshold : 0.6 learnPeriod:30
02-23 12:47:30.620  3013  3013 D CustomLogManagerService: onReceive android.intent.action.BATTERY_CHANGED
02-23 12:47:30.621  7318  8179 I DeepThinkerSDK: [APP] UserDomainManager: PerformanceOfLongCharging{probabilityOfLocation=0.0, probabilityOfApps=0.0, probabilityOfTime=0.0, probabilityOfTotal=0.0, duration=0}
02-23 12:47:30.622  7318  8185 E Battery : ChargeProtectionUtils: mCanlendarTmp.isEmpty()!
02-23 12:47:30.687  1545  1698 D BatteryChargeControl: bcc get no support from charging protocol
02-23 12:47:30.749 26895 26931 I bluetooth: [le_impl.h:1322]  OnPause armed state:ConnectabilityState::DISARMED
02-23 12:47:30.750  1474  1474 D vendor.qti.bluetooth@1.0-ibs_handler: SerialClockVote: vote for UART CLK ON
02-23 12:47:30.752  1474  1474 D vendor.qti.bluetooth@1.0-wake_lock: Acquire wakelock is acquired 
02-23 12:47:30.752  1474  1474 I vendor.qti.bluetooth@1.0-ibs_handler: DeviceWakeUp: Writing IBS_WAKE_IND
02-23 12:47:30.753  1474 26959 I vendor.qti.bluetooth@1.0-ibs_handler: ProcessIbsCmd: Received IBS_WAKE_ACK: 0xFC
02-23 12:47:30.753  1474 26959 I vendor.qti.bluetooth@1.0-ibs_handler: ProcessIbsCmd: Signal wack_cond_
02-23 12:47:30.754  1474  1474 D vendor.qti.bluetooth@1.0-ibs_handler: DeviceWakeUp: Unblocked from waiting for FC, pthread_cond_timedwait ret = 0
02-23 12:47:30.755 26895 26931 D bluetooth: [le_address_manager.cc:326] ack_pause: Wait all clients paused, return
02-23 12:47:30.766  1474 26959 I vendor.qti.bluetooth@1.0-ibs_handler: ProcessIbsCmd: Received IBS_WAKE_IND: 0xFD
02-23 12:47:30.766  1474 26959 I vendor.qti.bluetooth@1.0-ibs_handler: ProcessIbsCmd: Writing IBS_WAKE_ACK
02-23 12:47:30.774 26895 26931 I bluetooth: [le_address_manager.cc:661] OnCommandComplete: Received command complete with op_code LE_SET_RANDOM_ADDRESS(0x2005)
02-23 12:47:30.774 26895 26931 I bluetooth: [le_address_manager.cc:682] OnCommandComplete: update random address : xx:xx:xx:xx:73:1a
02-23 12:47:30.774 26895 26931 I bluetooth: [le_address_manager.cc:349] resume_registered_clients: Resuming registered clients
02-23 12:47:30.845  1474 26959 I vendor.qti.bluetooth@1.0-ibs_handler: ProcessIbsCmd: Received IBS_SLEEP_IND: 0xFE
02-23 12:47:30.886  1474 26959 I vendor.qti.bluetooth@1.0-ibs_handler: ProcessIbsCmd: Received IBS_WAKE_IND: 0xFD
02-23 12:47:30.887  1474 26959 I vendor.qti.bluetooth@1.0-ibs_handler: ProcessIbsCmd: Writing IBS_WAKE_ACK
02-23 12:47:30.889 26895 26931 W bluetooth: [hci_layer.cc:617] on_vs_event: Unhandled vendor specific event of type BQR_EVENT(0x58)
02-23 12:47:30.954  1474 26959 I vendor.qti.bluetooth@1.0-ibs_handler: ProcessIbsCmd: Received IBS_SLEEP_IND: 0xFE
02-23 12:47:31.213  2028  3514 D WifiStaIfaceHidlImpl: getCachedScanData is not implemented by HIDL
02-23 12:47:31.230  4441  4441 D VendorWifiService: onEvent event:9,action:1
02-23 12:47:31.256  1502  1502 E ANDR-PERF-MPCTL: Active req limit reached, No optimizations performed
02-23 12:47:31.663  1474 26959 I vendor.qti.bluetooth@1.0-ibs_handler: ProcessIbsCmd: Received IBS_WAKE_IND: 0xFD
02-23 12:47:31.664  1474 26959 I vendor.qti.bluetooth@1.0-ibs_handler: ProcessIbsCmd: Writing IBS_WAKE_ACK
02-23 12:47:31.689  1545  1698 D BatteryChargeControl: bcc get no support from charging protocol
02-23 12:47:31.706  1474 26959 I vendor.qti.bluetooth@1.0-ibs_handler: ProcessIbsCmd: Received IBS_SLEEP_IND: 0xFE
02-23 12:47:31.765  1474 26959 I vendor.qti.bluetooth@1.0-ibs_handler: ProcessIbsCmd: Received IBS_WAKE_IND: 0xFD
02-23 12:47:31.765  1474 26959 I vendor.qti.bluetooth@1.0-ibs_handler: ProcessIbsCmd: Writing IBS_WAKE_ACK
02-23 12:47:31.776  1474 26963 I vendor.qti.bluetooth@1.0-ibs_handler: DeviceSleep: TX Awake, Sending SLEEP_IND
02-23 12:47:31.807  1474 26959 I vendor.qti.bluetooth@1.0-ibs_handler: ProcessIbsCmd: Received IBS_SLEEP_IND: 0xFE
02-23 12:47:31.807  1474 26959 D vendor.qti.bluetooth@1.0-ibs_handler: SerialClockVote: vote for UART CLK OFF
02-23 12:47:31.958  1474 26943 D vendor.qti.bluetooth@1.0-wake_lock: Release wakelock is released 
02-23 12:47:31.986  1502  1502 E ANDR-PERF-MPCTL: Active req limit reached, No optimizations performed
02-23 12:47:32.095  7051  1246 D ShellSubscriberWorkerThread: the first 8 bytes empty, and RestData length > 8 
02-23 12:47:32.210  3826  3826 D OplusPrivacyDotViewController: scheduleUpdate: 
02-23 12:47:32.211  3826  4092 D OplusPrivacyDotViewController: processNextViewState: 
02-23 12:47:32.211  3826  4092 D OplusPrivacyDotViewController: resolveState ViewState(systemPrivacyEventIsActive=true, shadeExpanded=false, needShow=true, rtl=false, rotation=0, height=12, x=42, y=56, cornerIndex=1, designatedCorner=android.widget.FrameLayout{82403ae V.E...... ......I. 0,0-12,12 #7f0a05b9 app:id/icons_container alpha=1.0 viewInfo = }, contentDescription=null, chipAnimationStart=false, preDraw=false) shouldShowDot true
02-23 12:47:32.212  3826  4092 W SystemUi--Common: OplusSysUiSchedMgr-->schedForPrivacyIconShowing already showing, no need request
02-23 12:47:32.212  3826  4092 D OplusPrivacyDotViewController: updatePosition:42:56
02-23 12:47:32.212  3826  4092 D VRI[OplusPrivacyIconTopLeft]: setLayoutParams: x = 42, y = 56
02-23 12:47:32.212  3826  4092 D OplusPrivacyDotViewController: updatePosition:42:56
02-23 12:47:32.213  3826  4092 D VRI[OplusPrivacyIconTopRight]: setLayoutParams: x = 42, y = 56
02-23 12:47:32.224  2028  5006 V WindowManager: Relayout Window{1a32c95 u0 OplusPrivacyIconTopLeft}: viewVisibility=8, oldvis=8, req=12x12, vsysui=LAYOUT_STABLE, x=42, y=56
02-23 12:47:32.236  2028  5006 V WindowManager: Relayout Window{fc41411 u0 OplusPrivacyIconTopRight}: viewVisibility=0, oldvis=0, req=12x12, vsysui=LAYOUT_STABLE, x=42, y=56
02-23 12:47:32.238  1502  1502 E ANDR-PERF-MPCTL: Active req limit reached, No optimizations performed
02-23 12:47:32.255  1502  1502 E ANDR-PERF-MPCTL: Active req limit reached, No optimizations performed
02-23 12:47:32.300  1474 26959 I vendor.qti.bluetooth@1.0-ibs_handler: ProcessIbsCmd: Received IBS_WAKE_IND: 0xFD
02-23 12:47:32.301  1474 26959 D vendor.qti.bluetooth@1.0-ibs_handler: SerialClockVote: vote for UART CLK ON
02-23 12:47:32.302  1474 26959 D vendor.qti.bluetooth@1.0-wake_lock: Acquire wakelock is acquired 
02-23 12:47:32.302  1474 26959 I vendor.qti.bluetooth@1.0-ibs_handler: ProcessIbsCmd: Writing IBS_WAKE_ACK
02-23 12:47:32.343  1474 26959 I vendor.qti.bluetooth@1.0-ibs_handler: ProcessIbsCmd: Received IBS_SLEEP_IND: 0xFE
02-23 12:47:32.344  1474 26959 D vendor.qti.bluetooth@1.0-ibs_handler: SerialClockVote: vote for UART CLK OFF
02-23 12:47:32.383  1474 26959 I vendor.qti.bluetooth@1.0-ibs_handler: ProcessIbsCmd: Received IBS_WAKE_IND: 0xFD
02-23 12:47:32.383  1474 26959 D vendor.qti.bluetooth@1.0-ibs_handler: SerialClockVote: vote for UART CLK ON
02-23 12:47:32.384  1474 26959 I vendor.qti.bluetooth@1.0-ibs_handler: ProcessIbsCmd: Writing IBS_WAKE_ACK
02-23 12:47:32.418  1495 11693 I WifiHAL : event received NL80211_CMD_VENDOR, vendor_id = 0x1374, subcmd = 0xd
02-23 12:47:32.424  1474 26959 I vendor.qti.bluetooth@1.0-ibs_handler: ProcessIbsCmd: Received IBS_SLEEP_IND: 0xFE
02-23 12:47:32.425  1474 26959 D vendor.qti.bluetooth@1.0-ibs_handler: SerialClockVote: vote for UART CLK OFF
02-23 12:47:32.508  3826  3940 I SystemUi--Statusbar: OplusNetworkSpeedControllExImpl-->updateNetworkSpeed: isConnected:true,isSwitchOn:true
02-23 12:47:32.512  3826  3940 I SystemUi--Statusbar: OplusNetworkSpeedControllExImpl-->getTotalByte: totalRxBytes:22791390829,totalTxBytes:3611063454,loopbackTxBytes:2816519,loopbackRxBytes:2691599 ,totalBytes:26396946165
02-23 12:47:32.558  1502  1502 E ANDR-PERF-MPCTL: Active req limit reached, No optimizations performed
02-23 12:47:32.576  1474 26943 D vendor.qti.bluetooth@1.0-wake_lock: Release wakelock is released 
02-23 12:47:32.622  3013 28397 D CustomLogManagerService: WorkHandler msg.what :5
02-23 12:47:32.630  3013 28397 D CustomLogManagerService: curTemp:340 limit:390
02-23 12:47:32.630  3013 28397 D CustomLogManagerService: checkUploadStatus: isSceenOn=true activeNetType=1 isCharging=true isUploading:false temperatureLimit:false
02-23 12:47:32.630  3013 28397 D CustomLogManagerService: sys.log.customer=false
02-23 12:47:32.630  3013 28397 D CustomLogManagerService: isHaveCustomLogCollecting :false
02-23 12:47:32.692  1545  1698 D BatteryChargeControl: bcc get no support from charging protocol
02-23 12:47:33.126  1474 26959 I vendor.qti.bluetooth@1.0-ibs_handler: ProcessIbsCmd: Received IBS_WAKE_IND: 0xFD
02-23 12:47:33.127  1474 26959 D vendor.qti.bluetooth@1.0-ibs_handler: SerialClockVote: vote for UART CLK ON
02-23 12:47:33.128  1474 26959 D vendor.qti.bluetooth@1.0-wake_lock: Acquire wakelock is acquired 
02-23 12:47:33.128  1474 26959 I vendor.qti.bluetooth@1.0-ibs_handler: ProcessIbsCmd: Writing IBS_WAKE_ACK
02-23 12:47:33.173  1474 26959 I vendor.qti.bluetooth@1.0-ibs_handler: ProcessIbsCmd: Received IBS_SLEEP_IND: 0xFE
