--------- beginning of main
02-23 12:46:57.213  9129 14605 I NearbySharing: Network state changed: NetworkState(isRestricted=false, isOnline=true, isCongested=false, isMetered=false, isWifiConnected=true)
02-23 12:46:57.224  1474 26959 I vendor.qti.bluetooth@1.0-ibs_handler: ProcessIbsCmd: Received IBS_SLEEP_IND: 0xFE
02-23 12:46:57.225  1474 26959 D vendor.qti.bluetooth@1.0-ibs_handler: SerialClockVote: vote for UART CLK OFF
02-23 12:46:57.375  1474 26943 D vendor.qti.bluetooth@1.0-wake_lock: Release wakelock is released 
02-23 12:46:57.458  1502  1502 E ANDR-PERF-MPCTL: Active req limit reached, No optimizations performed
02-23 12:46:57.555  3013 28397 D CustomLogManagerService: WorkHandler msg.what :5
02-23 12:46:57.562  3013 28397 D CustomLogManagerService: curTemp:339 limit:390
02-23 12:46:57.562  3013 28397 D CustomLogManagerService: checkUploadStatus: isSceenOn=true activeNetType=1 isCharging=true isUploading:false temperatureLimit:false
02-23 12:46:57.562  3013 28397 D CustomLogManagerService: sys.log.customer=false
02-23 12:46:57.562  3013 28397 D CustomLogManagerService: isHaveCustomLogCollecting :false
02-23 12:46:57.594  1545  1698 D BatteryChargeControl: bcc get no support from charging protocol
02-23 12:46:57.737 22368 22548 E msys    : E[N mns]_OnDiskCacheGetData(632)=>Start post callback cache refresh DNS resolution
02-23 12:46:57.745 22368 22505 W RealtimeClientManager: Channel state: MqttChannelState{mConnectionState=CONNECTING, mDisconnectionReason=null, mLastConnectionMs=671660357, mLastDisconnectMs=671916677}
02-23 12:46:57.748 22368 22548 E msys    : E[N mns]_LogError(228)=>Failed to resolve using system DNS resolver, getaddrinfo(): No address associated with hostname
02-23 12:46:57.914  1474 26959 I vendor.qti.bluetooth@1.0-ibs_handler: ProcessIbsCmd: Received IBS_WAKE_IND: 0xFD
02-23 12:46:57.914  1474 26959 D vendor.qti.bluetooth@1.0-ibs_handler: SerialClockVote: vote for UART CLK ON
02-23 12:46:57.916  1474 26959 D vendor.qti.bluetooth@1.0-wake_lock: Acquire wakelock is acquired 
02-23 12:46:57.916  1474 26959 I vendor.qti.bluetooth@1.0-ibs_handler: ProcessIbsCmd: Writing IBS_WAKE_ACK
02-23 12:46:57.958  1474 26959 I vendor.qti.bluetooth@1.0-ibs_handler: ProcessIbsCmd: Received IBS_SLEEP_IND: 0xFE
02-23 12:46:57.958  1474 26959 D vendor.qti.bluetooth@1.0-ibs_handler: SerialClockVote: vote for UART CLK OFF
02-23 12:46:58.002  1474 26959 I vendor.qti.bluetooth@1.0-ibs_handler: ProcessIbsCmd: Received IBS_WAKE_IND: 0xFD
02-23 12:46:58.003  1474 26959 D vendor.qti.bluetooth@1.0-ibs_handler: SerialClockVote: vote for UART CLK ON
02-23 12:46:58.003  1474 26959 I vendor.qti.bluetooth@1.0-ibs_handler: ProcessIbsCmd: Writing IBS_WAKE_ACK
02-23 12:46:58.044  1474 26959 I vendor.qti.bluetooth@1.0-ibs_handler: ProcessIbsCmd: Received IBS_SLEEP_IND: 0xFE
02-23 12:46:58.044  1474 26959 D vendor.qti.bluetooth@1.0-ibs_handler: SerialClockVote: vote for UART CLK OFF
02-23 12:46:58.195  1474 26943 D vendor.qti.bluetooth@1.0-wake_lock: Release wakelock is released 
02-23 12:46:58.360  1495 11693 I WifiHAL : event received NL80211_CMD_VENDOR, vendor_id = 0x1374, subcmd = 0xd
02-23 12:46:58.540  1474 26959 I vendor.qti.bluetooth@1.0-ibs_handler: ProcessIbsCmd: Received IBS_WAKE_IND: 0xFD
02-23 12:46:58.540  1474 26959 D vendor.qti.bluetooth@1.0-ibs_handler: SerialClockVote: vote for UART CLK ON
02-23 12:46:58.542  1474 26959 D vendor.qti.bluetooth@1.0-wake_lock: Acquire wakelock is acquired 
02-23 12:46:58.543  1474 26959 I vendor.qti.bluetooth@1.0-ibs_handler: ProcessIbsCmd: Writing IBS_WAKE_ACK
02-23 12:46:58.584  1474 26959 I vendor.qti.bluetooth@1.0-ibs_handler: ProcessIbsCmd: Received IBS_SLEEP_IND: 0xFE
02-23 12:46:58.584  1474 26959 D vendor.qti.bluetooth@1.0-ibs_handler: SerialClockVote: vote for UART CLK OFF
02-23 12:46:58.597  1545  1698 D BatteryChargeControl: bcc get no support from charging protocol
02-23 12:46:58.625  1474 26959 I vendor.qti.bluetooth@1.0-ibs_handler: ProcessIbsCmd: Received IBS_WAKE_IND: 0xFD
02-23 12:46:58.625  1474 26959 D vendor.qti.bluetooth@1.0-ibs_handler: SerialClockVote: vote for UART CLK ON
02-23 12:46:58.625  1474 26959 I vendor.qti.bluetooth@1.0-ibs_handler: ProcessIbsCmd: Writing IBS_WAKE_ACK
02-23 12:46:58.667  1474 26959 I vendor.qti.bluetooth@1.0-ibs_handler: ProcessIbsCmd: Received IBS_SLEEP_IND: 0xFE
02-23 12:46:58.667  1474 26959 D vendor.qti.bluetooth@1.0-ibs_handler: SerialClockVote: vote for UART CLK OFF
02-23 12:46:58.702  2028  3514 D WifiStaIfaceHidlImpl: getCachedScanData is not implemented by HIDL
02-23 12:46:58.714  2028  3653 D OplusGameFirstManager: oldAverRssi=-76,rssi=-75,newAverRssi=-76
02-23 12:46:58.721  4285  5726 D QCNEJ/WlanStaInfoRelay: Received action: android.net.wifi.RSSI_CHANGED
02-23 12:46:58.724  4321  4321 I QImsService: OplusWifiApmStateMgr : onReceive,wifiSignal: -75
02-23 12:46:58.724  4441  4441 D VendorWifiService: onEvent event:9,action:1
02-23 12:46:58.727  3826  3940 D WifiStatusTracker: mNetworkCallback onCapabilitiesChanged network:289 mPrimaryNetworkId:289
02-23 12:46:58.728  4441  4620 D SubsysEventListenerManager: onCapabilitiesChanged
02-23 12:46:58.728  4441  4620 D DataStateTracker: getCurDataChannel, channel:1
02-23 12:46:58.729  3826  4011 D WifiPickerTracker: handleNetworkCapabilitiesChanged network:289
02-23 12:46:58.732  2028  3615 D SystemNetworkObserver: wifi network 289 nc changed, primary=true
02-23 12:46:58.732  2028  3615 D SystemNetworkObserver: default network nc changed 289
02-23 12:46:58.732  2028  3653 D OplusSlaNetworkManager: isPrimaryWifi:true network:289
02-23 12:46:58.732  9129 24044 I NullBinder: NullBinder for android.net.action.RECOMMEND_NETWORKS triggering remote TransactionTooLargeException due to Service without Chimera impl, calling uid: 1000, calling pid: 0
02-23 12:46:58.732  9129 24044 W .gms.persistent: Large reply transaction of 2113536 bytes, interface descriptor , code 1
02-23 12:46:58.735  3826  3940 D WifiStatusTracker: mNetworkCallback onCapabilitiesChanged network:289 mPrimaryNetworkId:289
02-23 12:46:58.736  3826  4011 I WifiPickerTracker: wifi connected status realConnectedWifiEntry not null: true
02-23 12:46:58.737  3826  3826 I SystemUi--Statusbar: WifiViewModel-->wifiIcon icon:Wi-Fi three bars. isDefault:true alwaysShowIconIfEnabled:false
02-23 12:46:58.737  9129 24044 I NullBinder: NullBinder for android.net.action.RECOMMEND_NETWORKS triggering remote TransactionTooLargeException due to Service without Chimera impl, calling uid: 1000, calling pid: 0
02-23 12:46:58.737  9129 24044 W .gms.persistent: Large reply transaction of 2113536 bytes, interface descriptor , code 1
02-23 12:46:58.740  3826  3940 I SystemUi--Statusbar: NetworkController.WifiSignalController-->handleStatusUpdated state=3 enabled=true connected=true isDefaultNetwork=true rssi=-75 level=3 statusLabel=null isDirty=false
02-23 12:46:58.741  3826  3940 I SystemUi--Statusbar: NetworkController.WifiSignalController-->handleStatusUpdated state=3 enabled=true connected=true isDefaultNetwork=true rssi=-75 level=3 statusLabel=null isDirty=false
02-23 12:46:58.742  9129 24044 I NullBinder: NullBinder for android.net.action.RECOMMEND_NETWORKS triggering remote TransactionTooLargeException due to Service without Chimera impl, calling uid: 1000, calling pid: 0
02-23 12:46:58.742  9129 24044 W .gms.persistent: Large reply transaction of 2113536 bytes, interface descriptor , code 1
02-23 12:46:58.743  9050  9082 I BugleRcsEngine: Connected state: [1], networkType: [WIFI] [CONTEXT thread_id=752 ]
02-23 12:46:58.743 10211 10375 I CardConfig.RxNetworkMonitor: onNetworkStateChange, current:true, last:true
02-23 12:46:58.744  9129 24044 I NullBinder: NullBinder for android.net.action.RECOMMEND_NETWORKS triggering remote TransactionTooLargeException due to Service without Chimera impl, calling uid: 1000, calling pid: 0
02-23 12:46:58.744  9129 24044 W .gms.persistent: Large reply transaction of 2113536 bytes, interface descriptor , code 1
02-23 12:46:58.744  9050  9092 I BugleRcsEngine: handleMessage processing message:[NOTIFY_UPTIME_IGNORE_STATE_CHANGED] with [non-null]:RcsEngineImpl reference [CONTEXT log_prefix="RcsEngineImpl[DUAL_REG]:[84532c06-c402]>Handler" thread_id=759 ]
02-23 12:46:58.746  1502  1502 E ANDR-PERF-MPCTL: Active req limit reached, No optimizations performed
02-23 12:46:58.748  3826  3940 I SystemUi--Statusbar: NetworkController.WifiSignalController-->handleStatusUpdated state=3 enabled=true connected=true isDefaultNetwork=true rssi=-75 level=3 statusLabel=null isDirty=false
02-23 12:46:58.750  9050  9092 I BugleRcsEngine: Rcs is enabled from user settings: true [CONTEXT log_prefix="ProvisioningEngineDataRetriever" thread_id=759 ]
02-23 12:46:58.763  1502  1502 E ANDR-PERF-MPCTL: Active req limit reached, No optimizations performed
02-23 12:46:58.818  1474 26943 D vendor.qti.bluetooth@1.0-wake_lock: Release wakelock is released 
02-23 12:46:58.819  4153 25296 D IpClient/wlan0: interfaceLinkStateChanged: ifindex 24 up
02-23 12:46:59.211  7191 26114 D gaia-GaiaConnectChecker: start connect check++
02-23 12:46:59.213  7191 25702 D gaia-GaiaConnectChecker: start connect check++
02-23 12:46:59.240  9129 14605 I NearbySharing: Network state changed: NetworkState(isRestricted=false, isOnline=true, isCongested=false, isMetered=false, isWifiConnected=true)
02-23 12:46:59.301  1474 26959 I vendor.qti.bluetooth@1.0-ibs_handler: ProcessIbsCmd: Received IBS_WAKE_IND: 0xFD
02-23 12:46:59.301  1474 26959 D vendor.qti.bluetooth@1.0-ibs_handler: SerialClockVote: vote for UART CLK ON
02-23 12:46:59.303  1474 26959 D vendor.qti.bluetooth@1.0-wake_lock: Acquire wakelock is acquired 
02-23 12:46:59.303  1474 26959 I vendor.qti.bluetooth@1.0-ibs_handler: ProcessIbsCmd: Writing IBS_WAKE_ACK
02-23 12:46:59.345  1474 26959 I vendor.qti.bluetooth@1.0-ibs_handler: ProcessIbsCmd: Received IBS_SLEEP_IND: 0xFE
02-23 12:46:59.345  1474 26959 D vendor.qti.bluetooth@1.0-ibs_handler: SerialClockVote: vote for UART CLK OFF
02-23 12:46:59.352  1474 26959 I vendor.qti.bluetooth@1.0-ibs_handler: ProcessIbsCmd: Received IBS_WAKE_IND: 0xFD
02-23 12:46:59.352  1474 26959 D vendor.qti.bluetooth@1.0-ibs_handler: SerialClockVote: vote for UART CLK ON
02-23 12:46:59.352  1474 26959 I vendor.qti.bluetooth@1.0-ibs_handler: ProcessIbsCmd: Writing IBS_WAKE_ACK
02-23 12:46:59.394  1474 26959 I vendor.qti.bluetooth@1.0-ibs_handler: ProcessIbsCmd: Received IBS_SLEEP_IND: 0xFE
02-23 12:46:59.394  1474 26959 D vendor.qti.bluetooth@1.0-ibs_handler: SerialClockVote: vote for UART CLK OFF
02-23 12:46:59.504  1545  1663 D vendor.oplus.hardware.charger-V6-service: ret_value:128, read content:,348,347,4211,4211,-321,500,2200,79,82,1,4,-1,4980,82,1,0,1,1,0,0,4425,0,6,0,6,0,0,0,339,0,1,1,0,0,61,61,61,0,0,0,0,0,0,0,0,0,0
02-23 12:46:59.504  1545  1663 D vendor.oplus.hardware.charger-V6-service: gmtime: 2026-02-23-12-46-59
02-23 12:46:59.505  1545  1663 D vendor.oplus.hardware.charger-V6-service: usb_online:1, ac_online:0, wireless_online:-2147483648
02-23 12:46:59.510  1502  1502 E ANDR-PERF-MPCTL: Active req limit reached, No optimizations performed
02-23 12:46:59.545  1474 26943 D vendor.qti.bluetooth@1.0-wake_lock: Release wakelock is released 
02-23 12:46:59.601  1545  1698 D BatteryChargeControl: bcc get no support from charging protocol
02-23 12:46:59.705  5228  5436 I midasd  : OplusObrainService::notifyEventInt eventId:21 iParam:0
02-23 12:46:59.709  7051 27017 I OplusObrain: OplusObrainClientInvoke.nativeGetTelephonyInfo
02-23 12:46:59.711  7051 27017 I OplusObrain: OplusObrainClientInvoke.nativeGetTrafficTypeInfoForNetworkType networkType 0
02-23 12:46:59.712  2028  3296 D KernelStatsHelper: getKernelStats start!
02-23 12:46:59.713  2028  3594 D OplusNetlinkSocket: handleNetlinkRecvKernelMessage:nlmsghdr:StructNlMsgHdr{ nlmsg_len{3004}, nlmsg_type{33()}, nlmsg_flags{0()}, nlmsg_seq{0}, nlmsg_pid{132910602} }
02-23 12:46:59.713  2028  3594 D KernelStatsHelper: get magic :[-1, -1, -1, 77, 65, 71, 73, 67]
02-23 12:46:59.713  2028  3594 D KernelStatsHelper: magic matched count:408 data_len:21216
02-23 12:46:59.714  2028  3594 D OplusNetlinkSocket: handleNetlinkRecvKernelMessage:nlmsghdr:StructNlMsgHdr{ nlmsg_len{2988}, nlmsg_type{33()}, nlmsg_flags{0()}, nlmsg_seq{0}, nlmsg_pid{132910602} }
02-23 12:46:59.714  2028  3594 D OplusNetlinkSocket: handleNetlinkRecvKernelMessage:nlmsghdr:StructNlMsgHdr{ nlmsg_len{2988}, nlmsg_type{33()}, nlmsg_flags{0()}, nlmsg_seq{0}, nlmsg_pid{132910602} }
02-23 12:46:59.714  2028  3594 D OplusNetlinkSocket: handleNetlinkRecvKernelMessage:nlmsghdr:StructNlMsgHdr{ nlmsg_len{2988}, nlmsg_type{33()}, nlmsg_flags{0()}, nlmsg_seq{0}, nlmsg_pid{132910602} }
02-23 12:46:59.714  2028  3594 D OplusNetlinkSocket: handleNetlinkRecvKernelMessage:nlmsghdr:StructNlMsgHdr{ nlmsg_len{2988}, nlmsg_type{33()}, nlmsg_flags{0()}, nlmsg_seq{0}, nlmsg_pid{132910602} }
02-23 12:46:59.715  2028  3594 D OplusNetlinkSocket: handleNetlinkRecvKernelMessage:nlmsghdr:StructNlMsgHdr{ nlmsg_len{2988}, nlmsg_type{33()}, nlmsg_flags{0()}, nlmsg_seq{0}, nlmsg_pid{132910602} }
02-23 12:46:59.715  2028  3594 D OplusNetlinkSocket: handleNetlinkRecvKernelMessage:nlmsghdr:StructNlMsgHdr{ nlmsg_len{2988}, nlmsg_type{33()}, nlmsg_flags{0()}, nlmsg_seq{0}, nlmsg_pid{132910602} }
02-23 12:46:59.715  2028  3594 D OplusNetlinkSocket: handleNetlinkRecvKernelMessage:nlmsghdr:StructNlMsgHdr{ nlmsg_len{492}, nlmsg_type{33()}, nlmsg_flags{0()}, nlmsg_seq{0}, nlmsg_pid{132910602} }
02-23 12:46:59.715  5228 12313 E midasd  : Read file /sys/class/power_supply/usb/current_now failed.(No data available)
02-23 12:46:59.715  2028  3594 D KernelStatsHelper: data over! check: true
02-23 12:46:59.721  2028  4296 I OplusHansManager : uid=10419, pkg=com.instagram.android F enter(), M stay=3
02-23 12:46:59.727  2028  4296 I OplusHansManager : freeze uid: 10419 com.instagram.android pids: [22368] scene: LcdOn
02-23 12:46:59.728  2028  4307 I OplusHansManager : p_BC uid=10419 pkg=com.instagram.android
02-23 12:46:59.728  2028  4307 I OplusBinderProxy: proxyBinder uid: 10419 pkg: com.instagram.android proxy: true calling: OFreezer
02-23 12:46:59.728  9836  9836 D IHansComunication: HANS sendMessageToKernel: threadId = 490288954480, netLinkSetup = 1, type = PKG, targetUid = 10419, pkgCmd = ADD_ONE_UID
--------- beginning of system
02-23 12:47:00.001  2028  3435 V AlarmManager: sending alarm Alarm{cbc7844 type 3 origWhen 671919933 whenElapsed 671919933 android} uid 1000 whenElapsed 671919933 windowLength 0 maxWhenElapsed 671919933 repeatInterval 0 action null component null tag TIME_TICK flags 0x9 procName system_server
02-23 12:47:00.004  3826  3826 I SystemUi--SystemUi--: Clock-->smallTime: 12:47
02-23 12:47:00.007  3826  3826 I SystemUi--SystemUi--: Clock-->smallTime: 12:47
02-23 12:47:00.008  4441  4441 D SubsysBroadcastManager: onReceive action:android.intent.action.TIME_TICK
02-23 12:47:00.010  3826  3826 I SystemUi--SystemUi--: Clock-->smallTime: 12:47
02-23 12:47:00.011  1474 26959 I vendor.qti.bluetooth@1.0-ibs_handler: ProcessIbsCmd: Received IBS_WAKE_IND: 0xFD
02-23 12:47:00.011  1474 26959 D vendor.qti.bluetooth@1.0-ibs_handler: SerialClockVote: vote for UART CLK ON
02-23 12:47:00.013  1474 26959 D vendor.qti.bluetooth@1.0-wake_lock: Acquire wakelock is acquired 
02-23 12:47:00.013  1474 26959 I vendor.qti.bluetooth@1.0-ibs_handler: ProcessIbsCmd: Writing IBS_WAKE_ACK
02-23 12:47:00.014  2028  2928 D OplusDisplayBrightnessBroadcastReceiver: onReceive action = android.intent.action.TIME_TICK , listeners = []
02-23 12:47:00.015  7318  7960 D PhoneScreenOnTime: affairType:231
02-23 12:47:00.023  7318  7960 D PhoneUsageTime: affairType:231
02-23 12:47:00.030  1502  1502 E ANDR-PERF-MPCTL: Active req limit reached, No optimizations performed
02-23 12:47:00.054  1474 26959 I vendor.qti.bluetooth@1.0-ibs_handler: ProcessIbsCmd: Received IBS_SLEEP_IND: 0xFE
02-23 12:47:00.054  1474 26959 D vendor.qti.bluetooth@1.0-ibs_handler: SerialClockVote: vote for UART CLK OFF
02-23 12:47:00.099  1474 26959 I vendor.qti.bluetooth@1.0-ibs_handler: ProcessIbsCmd: Received IBS_WAKE_IND: 0xFD
02-23 12:47:00.099  1474 26959 D vendor.qti.bluetooth@1.0-ibs_handler: SerialClockVote: vote for UART CLK ON
02-23 12:47:00.099  1474 26959 I vendor.qti.bluetooth@1.0-ibs_handler: ProcessIbsCmd: Writing IBS_WAKE_ACK
02-23 12:47:00.140  1474 26959 I vendor.qti.bluetooth@1.0-ibs_handler: ProcessIbsCmd: Received IBS_SLEEP_IND: 0xFE
02-23 12:47:00.140  1474 26959 D vendor.qti.bluetooth@1.0-ibs_handler: SerialClockVote: vote for UART CLK OFF
02-23 12:47:00.291  1474 26943 D vendor.qti.bluetooth@1.0-wake_lock: Release wakelock is released 
02-23 12:47:00.362  1495 11693 I WifiHAL : event received NL80211_CMD_VENDOR, vendor_id = 0x1374, subcmd = 0xd
02-23 12:47:00.459  3826  3940 I SystemUi--Statusbar: OplusNetworkSpeedControllExImpl-->updateNetworkSpeed: isConnected:true,isSwitchOn:true
02-23 12:47:00.463  3826  3940 I SystemUi--Statusbar: OplusNetworkSpeedControllExImpl-->getTotalByte: totalRxBytes:22791389788,totalTxBytes:3611062568,loopbackTxBytes:2816519,loopbackRxBytes:2691599 ,totalBytes:26396944238
02-23 12:47:00.501  1502  1502 E ANDR-PERF-MPCTL: Active req limit reached, No optimizations performed
02-23 12:47:00.509 22819 22819 D ClockTag_AlarmClockFragment: mIntentReceiver Action: android.intent.action.TIME_TICK
02-23 12:47:00.511 22819 22819 D ClockTag_WorldClockBaseFragment: Receive Action: android.intent.action.TIME_TICK
02-23 12:47:00.514 22819 22819 D ClockTag_Formatter: get12ModeFormat: 5
02-23 12:47:00.517 22819 22870 D ClockTag_ClockWidget.TimeInfoBuilder: getTimeInfo  hour = 12 -- minutes =47     -- ampm =pm  date:Mon, 23 Feb,fullTime:12:47,weekDay:Monday,monthDay:23 February
02-23 12:47:00.517 22819 22819 D ClockTag_Formatter: get12ModeFormat: 5
02-23 12:47:00.519 22819 22819 D ClockTag_Formatter: get12ModeFormat: 5
02-23 12:47:00.521 22819 22819 D ClockTag_Formatter: get12ModeFormat: 5
02-23 12:47:00.603  1545  1698 D BatteryChargeControl: bcc get no support from charging protocol
02-23 12:47:00.730  9836  9836 D IHansComunication: HANS sendMessageToKernel: threadId = 490288954480, netLinkSetup = 1, type = FROZEN_TRANS, targetUid = 10419, pkgCmd = PKG_CMD_MAX
02-23 12:47:00.737  2028  3514 D WifiStaIfaceHidlImpl: getCachedScanData is not implemented by HIDL
02-23 12:47:00.749  2028  3653 D OplusGameFirstManager: oldAverRssi=-76,rssi=-77,newAverRssi=-76
02-23 12:47:00.752  4321  4321 I QImsService: OplusWifiApmStateMgr : onReceive,wifiSignal: -77
02-23 12:47:00.756  2028  3615 D OplusWifiPower_TriggerCenter: mComponentCallback: wifistat
02-23 12:47:00.756  4441  4441 D VendorWifiService: onEvent event:9,action:1
02-23 12:47:00.758  4285  5726 D QCNEJ/WlanStaInfoRelay: Received action: android.net.wifi.RSSI_CHANGED
02-23 12:47:00.761  3826  3940 D WifiStatusTracker: mNetworkCallback onCapabilitiesChanged network:289 mPrimaryNetworkId:289
02-23 12:47:00.765  4441  4620 D SubsysEventListenerManager: onCapabilitiesChanged
02-23 12:47:00.766  3826  4011 D WifiPickerTracker: handleNetworkCapabilitiesChanged network:289
02-23 12:47:00.766  3826  3940 D WifiStatusTracker: mNetworkCallback onCapabilitiesChanged network:289 mPrimaryNetworkId:289
02-23 12:47:00.766  4441  4620 D DataStateTracker: getCurDataChannel, channel:1
02-23 12:47:00.767  9129  9237 I NullBinder: NullBinder for android.net.action.RECOMMEND_NETWORKS triggering remote TransactionTooLargeException due to Service without Chimera impl, calling uid: 1000, calling pid: 0
02-23 12:47:00.767  9129  9237 W .gms.persistent: Large reply transaction of 2113536 bytes, interface descriptor , code 1
02-23 12:47:00.768  2028  3653 D OplusSlaNetworkManager: isPrimaryWifi:true network:289
02-23 12:47:00.770  9129  9237 I NullBinder: NullBinder for android.net.action.RECOMMEND_NETWORKS triggering remote TransactionTooLargeException due to Service without Chimera impl, calling uid: 1000, calling pid: 0
02-23 12:47:00.770  9129  9237 W .gms.persistent: Large reply transaction of 2113536 bytes, interface descriptor , code 1
02-23 12:47:00.771  2028  3615 D SystemNetworkObserver: wifi network 289 nc changed, primary=true
02-23 12:47:00.771  2028  3615 D SystemNetworkObserver: default network nc changed 289
02-23 12:47:00.773  9129 19964 I NullBinder: NullBinder for android.net.action.RECOMMEND_NETWORKS triggering remote TransactionTooLargeException due to Service without Chimera impl, calling uid: 1000, calling pid: 0
02-23 12:47:00.773  9129 19964 W .gms.persistent: Large reply transaction of 2113536 bytes, interface descriptor , code 1
02-23 12:47:00.772  3826  3940 I SystemUi--Statusbar: NetworkController.WifiSignalController-->handleStatusUpdated state=3 enabled=true connected=true isDefaultNetwork=true rssi=-77 level=2 statusLabel=null isDirty=false
02-23 12:47:00.773  3826  4011 I WifiPickerTracker: wifi connected status realConnectedWifiEntry not null: true
02-23 12:47:00.774  3826  3940 I SystemUi--Statusbar: NetworkController.WifiSignalController-->handleStatusUpdated state=3 enabled=true connected=true isDefaultNetwork=true rssi=-77 level=2 statusLabel=null isDirty=false
02-23 12:47:00.774  3826  3940 I SystemUi--Statusbar: NetworkController.WifiSignalController-->handleStatusUpdated state=3 enabled=true connected=true isDefaultNetwork=true rssi=-77 level=2 statusLabel=null isDirty=false
02-23 12:47:00.776  9129 19964 I NullBinder: NullBinder for android.net.action.RECOMMEND_NETWORKS triggering remote TransactionTooLargeException due to Service without Chimera impl, calling uid: 1000, calling pid: 0
02-23 12:47:00.776  9129 19964 W .gms.persistent: Large reply transaction of 2113536 bytes, interface descriptor , code 1
02-23 12:47:00.777 10211 10375 I CardConfig.RxNetworkMonitor: onNetworkStateChange, current:true, last:true
02-23 12:47:00.779  9050  9092 I BugleRcsEngine: handleMessage processing message:[NOTIFY_UPTIME_IGNORE_STATE_CHANGED] with [non-null]:RcsEngineImpl reference [CONTEXT log_prefix="RcsEngineImpl[DUAL_REG]:[84532c06-c402]>Handler" thread_id=759 ]
02-23 12:47:00.779  9050  9082 I BugleRcsEngine: Connected state: [1], networkType: [WIFI] [CONTEXT thread_id=752 ]
02-23 12:47:00.780  1502  1502 E ANDR-PERF-MPCTL: Active req limit reached, No optimizations performed
02-23 12:47:00.782  3826  3826 I SystemUi--Statusbar: WifiViewModel-->wifiIcon icon:Wi-Fi two bars. isDefault:true alwaysShowIconIfEnabled:false
02-23 12:47:00.789  9050  9092 I BugleRcsEngine: Rcs is enabled from user settings: true [CONTEXT log_prefix="ProvisioningEngineDataRetriever" thread_id=759 ]
02-23 12:47:00.808  1502  1502 E ANDR-PERF-MPCTL: Active req limit reached, No optimizations performed
02-23 12:47:00.904  1474 26959 I vendor.qti.bluetooth@1.0-ibs_handler: ProcessIbsCmd: Received IBS_WAKE_IND: 0xFD
02-23 12:47:00.904  1474 26959 D vendor.qti.bluetooth@1.0-ibs_handler: SerialClockVote: vote for UART CLK ON
02-23 12:47:00.906  1474 26959 D vendor.qti.bluetooth@1.0-wake_lock: Acquire wakelock is acquired 
02-23 12:47:00.907  1474 26959 I vendor.qti.bluetooth@1.0-ibs_handler: ProcessIbsCmd: Writing IBS_WAKE_ACK
02-23 12:47:00.910 26895 26931 W bluetooth: [hci_layer.cc:617] on_vs_event: Unhandled vendor specific event of type BQR_EVENT(0x58)
02-23 12:47:00.948  1474 26959 I vendor.qti.bluetooth@1.0-ibs_handler: ProcessIbsCmd: Received IBS_SLEEP_IND: 0xFE
02-23 12:47:00.948  1474 26959 D vendor.qti.bluetooth@1.0-ibs_handler: SerialClockVote: vote for UART CLK OFF
02-23 12:47:01.018  2028  4296 I OplusHansManager : uid=10485, pkg=com.jarvis cannot transition from R to M, importance=audioFocus
02-23 12:47:01.099  1474 26943 D vendor.qti.bluetooth@1.0-wake_lock: Release wakelock is released 
02-23 12:47:01.282  9129 14605 I NearbySharing: Network state changed: NetworkState(isRestricted=false, isOnline=true, isCongested=false, isMetered=false, isWifiConnected=true)
02-23 12:47:01.413  1545  1545 D vendor.oplus.hardware.charger-V6-service: get_ui_charge_icon_type 0 0 0 0 0
02-23 12:47:01.414  1545  1545 D vendor.oplus.hardware.charger-V6-service: oplus_chg_get_cpa_power 2500 charge_online 1 retention_topic 0
02-23 12:47:01.423  3826  3826 I SystemUi--Statusbar: BatteryControllerExt-->updateBatteryChangeIntent():broadcast=android.intent.action.BATTERY_CHANGED,level=82,scale=100
02-23 12:47:01.423  3826  3826 I SystemUi--Statusbar: BatteryRepository-->level: 82 -- isSavingMode: false
02-23 12:47:01.424  2028  2928 D OplusDisplayBrightnessBroadcastReceiver: onReceive action = android.intent.action.BATTERY_CHANGED , listeners = [com.android.server.display.OplusFeatureHDREnhanceBrightness$PhoneInfoReceiver@780cd78, com.android.server.display.OplusFeatureEdrEnhanceBrightness$PhoneInfoReceiver@3423c51]
02-23 12:47:01.425  4441  4441 D SubsysBroadcastManager: onReceive action:android.intent.action.BATTERY_CHANGED
02-23 12:47:01.427  4291  4291 D DeviceStatisticsService: onReceive: action= android.intent.action.BATTERY_CHANGED
02-23 12:47:01.430  7318  8179 I DeepThinkerSDK: [APP] ClientConnection: getDeepThinkerBridge start
02-23 12:47:01.431  7318  8179 I DeepThinkerSDK: [APP] ClientConnection: getDeepThinkerBridge end
02-23 12:47:01.431  7318  8179 I DeepThinkerSDK: [APP] UserDomainManager: businessId : 401 threshold : 0.6 learnPeriod:30
02-23 12:47:01.431  3013  3013 D CustomLogManagerService: onReceive android.intent.action.BATTERY_CHANGED
02-23 12:47:01.432  7318  8179 I DeepThinkerSDK: [APP] UserDomainManager: PerformanceOfLongCharging{probabilityOfLocation=0.0, probabilityOfApps=0.0, probabilityOfTime=0.0, probabilityOfTotal=0.0, duration=0}
02-23 12:47:01.434  7318  8185 E Battery : ChargeProtectionUtils: mCanlendarTmp.isEmpty()!
02-23 12:47:01.442  7453  7482 I MMKV    : <MMKV_IO.cpp:456::writeActualSize> [mmkv.default] increase sequence to 367139, crc 1707430857, actualSize 587
02-23 12:47:01.551  1502  1502 E ANDR-PERF-MPCTL: Active req limit reached, No optimizations performed
02-23 12:47:01.594  1474 26959 I vendor.qti.bluetooth@1.0-ibs_handler: ProcessIbsCmd: Received IBS_WAKE_IND: 0xFD
02-23 12:47:01.595  1474 26959 D vendor.qti.bluetooth@1.0-ibs_handler: SerialClockVote: vote for UART CLK ON
02-23 12:47:01.597  1474 26959 D vendor.qti.bluetooth@1.0-wake_lock: Acquire wakelock is acquired 
02-23 12:47:01.597  1474 26959 I vendor.qti.bluetooth@1.0-ibs_handler: ProcessIbsCmd: Writing IBS_WAKE_ACK
02-23 12:47:01.606  1545  1698 D BatteryChargeControl: bcc get no support from charging protocol
02-23 12:47:01.638  1474 26959 I vendor.qti.bluetooth@1.0-ibs_handler: ProcessIbsCmd: Received IBS_SLEEP_IND: 0xFE
02-23 12:47:01.638  1474 26959 D vendor.qti.bluetooth@1.0-ibs_handler: SerialClockVote: vote for UART CLK OFF
02-23 12:47:01.789  1474 26943 D vendor.qti.bluetooth@1.0-wake_lock: Release wakelock is released 
02-23 12:47:02.082  5201  5277 E horae   : Entering notifyAmbientTemp, binder clients size 6
02-23 12:47:02.084  7051  1246 D ShellSubscriberWorkerThread: the first 8 bytes empty, and RestData length > 8 
02-23 12:47:02.088  7318  8137 W Battery : ThermalControllHandler: MSG_THERMAL_CONTROL_AMBIENT_TEMP_CHANGE, ambientTemp:28 state:2
02-23 12:47:02.226  1474 26959 I vendor.qti.bluetooth@1.0-ibs_handler: ProcessIbsCmd: Received IBS_WAKE_IND: 0xFD
02-23 12:47:02.227  1474 26959 D vendor.qti.bluetooth@1.0-ibs_handler: SerialClockVote: vote for UART CLK ON
02-23 12:47:02.229  1474 26959 D vendor.qti.bluetooth@1.0-wake_lock: Acquire wakelock is acquired 
02-23 12:47:02.229  1474 26959 I vendor.qti.bluetooth@1.0-ibs_handler: ProcessIbsCmd: Writing IBS_WAKE_ACK
02-23 12:47:02.270  1474 26959 I vendor.qti.bluetooth@1.0-ibs_handler: ProcessIbsCmd: Received IBS_SLEEP_IND: 0xFE
02-23 12:47:02.270  1474 26959 D vendor.qti.bluetooth@1.0-ibs_handler: SerialClockVote: vote for UART CLK OFF
02-23 12:47:02.314  1474 26959 I vendor.qti.bluetooth@1.0-ibs_handler: ProcessIbsCmd: Received IBS_WAKE_IND: 0xFD
02-23 12:47:02.314  1474 26959 D vendor.qti.bluetooth@1.0-ibs_handler: SerialClockVote: vote for UART CLK ON
02-23 12:47:02.314  1474 26959 I vendor.qti.bluetooth@1.0-ibs_handler: ProcessIbsCmd: Writing IBS_WAKE_ACK
02-23 12:47:02.355  1474 26959 I vendor.qti.bluetooth@1.0-ibs_handler: ProcessIbsCmd: Received IBS_SLEEP_IND: 0xFE
02-23 12:47:02.355  1474 26959 D vendor.qti.bluetooth@1.0-ibs_handler: SerialClockVote: vote for UART CLK OFF
02-23 12:47:02.365  1495 11693 I WifiHAL : event received NL80211_CMD_VENDOR, vendor_id = 0x1374, subcmd = 0xd
02-23 12:47:02.506  1474 26943 D vendor.qti.bluetooth@1.0-wake_lock: Release wakelock is released 
02-23 12:47:02.609  1545  1698 D BatteryChargeControl: bcc get no support from charging protocol
02-23 12:47:02.772  2028  3514 D WifiStaIfaceHidlImpl: getCachedScanData is not implemented by HIDL
02-23 12:47:02.791  2028  3653 D OplusGameFirstManager: oldAverRssi=-76,rssi=-76,newAverRssi=-76
02-23 12:47:02.795  4321  4321 I QImsService: OplusWifiApmStateMgr : onReceive,wifiSignal: -76
02-23 12:47:02.796  4285  5726 D QCNEJ/WlanStaInfoRelay: Received action: android.net.wifi.RSSI_CHANGED
02-23 12:47:02.801  4441  4441 D VendorWifiService: onEvent event:9,action:1
02-23 12:47:02.803  2028  3615 D Smart_Assistant_Util: bad signal link qoe is bad, notify link poor.
02-23 12:47:02.805  3826  3940 D WifiStatusTracker: mNetworkCallback onCapabilitiesChanged network:289 mPrimaryNetworkId:289
02-23 12:47:02.806  4441  4620 D SubsysEventListenerManager: onCapabilitiesChanged
02-23 12:47:02.806  4441  4620 D DataStateTracker: getCurDataChannel, channel:1
02-23 12:47:02.807  3826  4011 D WifiPickerTracker: handleNetworkCapabilitiesChanged network:289
02-23 12:47:02.809  9129  9237 I NullBinder: NullBinder for android.net.action.RECOMMEND_NETWORKS triggering remote TransactionTooLargeException due to Service without Chimera impl, calling uid: 1000, calling pid: 0
02-23 12:47:02.809  2028  3653 D OplusSlaNetworkManager: isPrimaryWifi:true network:289
02-23 12:47:02.809  9129  9237 W .gms.persistent: Large reply transaction of 2113536 bytes, interface descriptor , code 1
02-23 12:47:02.813  3826  3940 D WifiStatusTracker: mNetworkCallback onCapabilitiesChanged network:289 mPrimaryNetworkId:289
02-23 12:47:02.813  9129  9237 I NullBinder: NullBinder for android.net.action.RECOMMEND_NETWORKS triggering remote TransactionTooLargeException due to Service without Chimera impl, calling uid: 1000, calling pid: 0
02-23 12:47:02.813  9129  9237 W .gms.persistent: Large reply transaction of 2113536 bytes, interface descriptor , code 1
02-23 12:47:02.814  2028  3615 D SystemNetworkObserver: wifi network 289 nc changed, primary=true
02-23 12:47:02.814  2028  3615 D SystemNetworkObserver: default network nc changed 289
02-23 12:47:02.814  3826  4011 I WifiPickerTracker: wifi connected status realConnectedWifiEntry not null: true
02-23 12:47:02.816  2028  3615 D Smart_Assistant_StateMachine: user don't switch data, do not switch cell.
02-23 12:47:02.816  2028  3615 D Smart_Assistant_StateMachine: seamless switch link to do policy = 1
02-23 12:47:02.817  3826  3940 I SystemUi--Statusbar: NetworkController.WifiSignalController-->handleStatusUpdated state=3 enabled=true connected=true isDefaultNetwork=true rssi=-76 level=3 statusLabel=null isDirty=false
02-23 12:47:02.819 10211 10375 I CardConfig.RxNetworkMonitor: onNetworkStateChange, current:true, last:true
02-23 12:47:02.819  9050  9092 I BugleRcsEngine: handleMessage processing message:[NOTIFY_UPTIME_IGNORE_STATE_CHANGED] with [non-null]:RcsEngineImpl reference [CONTEXT log_prefix="RcsEngineImpl[DUAL_REG]:[84532c06-c402]>Handler" thread_id=759 ]
02-23 12:47:02.820  9050  9082 I BugleRcsEngine: Connected state: [1], networkType: [WIFI] [CONTEXT thread_id=752 ]
02-23 12:47:02.822  3826  3826 I SystemUi--Statusbar: WifiViewModel-->wifiIcon icon:Wi-Fi three bars. isDefault:true alwaysShowIconIfEnabled:false
02-23 12:47:02.822  3826  3940 I SystemUi--Statusbar: NetworkController.WifiSignalController-->handleStatusUpdated state=3 enabled=true connected=true isDefaultNetwork=true rssi=-76 level=3 statusLabel=null isDirty=false
02-23 12:47:02.822  3826  3940 I SystemUi--Statusbar: NetworkController.WifiSignalController-->handleStatusUpdated state=3 enabled=true connected=true isDefaultNetwork=true rssi=-76 level=3 statusLabel=null isDirty=false
02-23 12:47:02.826  2247  2247 W wificond: Failed to get NL80211_ATTR_MAX_NUM_AKM_SUITES
02-23 12:47:02.826  2028  4304 I OplusHansManager : unfreeze uid: 10277 com.myntra.android pids: [24057] reason: FullAsyncBinder scene: LcdOn
02-23 12:47:02.826  2028  4296 I OplusHansManager : uid=10277, pkg=com.myntra.android F exit(), F stay=141, reason=FullAsyncBinder
02-23 12:47:02.827  2028  4307 I OplusHansManager : up_BC uid=10277 pkg=com.myntra.android
02-23 12:47:02.827  2028  4307 I OplusBinderProxy: proxyBinder uid: 10277 pkg: com.myntra.android proxy: false calling: OFreezer
02-23 12:47:02.827  9050  9092 I BugleRcsEngine: Rcs is enabled from user settings: true [CONTEXT log_prefix="ProvisioningEngineDataRetriever" thread_id=759 ]
02-23 12:47:02.827  9129  9342 I NullBinder: NullBinder for android.net.action.RECOMMEND_NETWORKS triggering remote TransactionTooLargeException due to Service without Chimera impl, calling uid: 1000, calling pid: 0
02-23 12:47:02.827  9129  9342 W .gms.persistent: Large reply transaction of 2113536 bytes, interface descriptor , code 1
02-23 12:47:02.828  2247  2247 W wificond: Failed to get NL80211_ATTR_MAX_NUM_AKM_SUITES
02-23 12:47:02.829  2028  3615 I WifiService: startScan uid=1000
02-23 12:47:02.829  9129  9342 I NullBinder: NullBinder for android.net.action.RECOMMEND_NETWORKS triggering remote TransactionTooLargeException due to Service without Chimera impl, calling uid: 1000, calling pid: 0
02-23 12:47:02.829  9129  9342 W .gms.persistent: Large reply transaction of 2113536 bytes, interface descriptor , code 1
02-23 12:47:02.840  2247  2247 W wificond: Failed to get NL80211_ATTR_MAX_NUM_AKM_SUITES
02-23 12:47:02.841  2247  2247 W wificond: Failed to get NL80211_ATTR_MAX_NUM_AKM_SUITES
02-23 12:47:02.843  2247  2247 W wificond: Failed to get NL80211_ATTR_MAX_NUM_AKM_SUITES
02-23 12:47:02.848  1502  1502 E ANDR-PERF-MPCTL: Active req limit reached, No optimizations performed
02-23 12:47:02.860  1317  1338 I statsd  : An anomaly (103940000001) (39)0x2018001->1000[I] (39)0x20000->1[I]  has occurred! Informing subscribers.
02-23 12:47:02.969  1474 26959 I vendor.qti.bluetooth@1.0-ibs_handler: ProcessIbsCmd: Received IBS_WAKE_IND: 0xFD
02-23 12:47:02.969  1474 26959 D vendor.qti.bluetooth@1.0-ibs_handler: SerialClockVote: vote for UART CLK ON
02-23 12:47:02.971  1474 26959 D vendor.qti.bluetooth@1.0-wake_lock: Acquire wakelock is acquired 
02-23 12:47:02.971  1474 26959 I vendor.qti.bluetooth@1.0-ibs_handler: ProcessIbsCmd: Writing IBS_WAKE_ACK
02-23 12:47:03.013  1474 26959 I vendor.qti.bluetooth@1.0-ibs_handler: ProcessIbsCmd: Received IBS_SLEEP_IND: 0xFE
02-23 12:47:03.013  1474 26959 D vendor.qti.bluetooth@1.0-ibs_handler: SerialClockVote: vote for UART CLK OFF
02-23 12:47:03.054  1474 26959 I vendor.qti.bluetooth@1.0-ibs_handler: ProcessIbsCmd: Received IBS_WAKE_IND: 0xFD
02-23 12:47:03.054  1474 26959 D vendor.qti.bluetooth@1.0-ibs_handler: SerialClockVote: vote for UART CLK ON
02-23 12:47:03.055  1474 26959 I vendor.qti.bluetooth@1.0-ibs_handler: ProcessIbsCmd: Writing IBS_WAKE_ACK
02-23 12:47:03.096  1474 26959 I vendor.qti.bluetooth@1.0-ibs_handler: ProcessIbsCmd: Received IBS_SLEEP_IND: 0xFE
02-23 12:47:03.096  1474 26959 D vendor.qti.bluetooth@1.0-ibs_handler: SerialClockVote: vote for UART CLK OFF
02-23 12:47:03.247  1474 26943 D vendor.qti.bluetooth@1.0-wake_lock: Release wakelock is released 
02-23 12:47:03.327  9129 14605 I NearbySharing: Network state changed: NetworkState(isRestricted=false, isOnline=true, isCongested=false, isMetered=false, isWifiConnected=true)
02-23 12:47:03.434  3013 28397 D CustomLogManagerService: WorkHandler msg.what :5
02-23 12:47:03.440  3013 28397 D CustomLogManagerService: curTemp:339 limit:390
02-23 12:47:03.440  3013 28397 D CustomLogManagerService: checkUploadStatus: isSceenOn=true activeNetType=1 isCharging=true isUploading:false temperatureLimit:false
02-23 12:47:03.440  3013 28397 D CustomLogManagerService: sys.log.customer=false
02-23 12:47:03.440  3013 28397 D CustomLogManagerService: isHaveCustomLogCollecting :false
02-23 12:47:03.568  1502  1502 E ANDR-PERF-MPCTL: Active req limit reached, No optimizations performed
02-23 12:47:03.610  1545  1698 D BatteryChargeControl: bcc get no support from charging protocol
02-23 12:47:03.713  1474 26959 I vendor.qti.bluetooth@1.0-ibs_handler: ProcessIbsCmd: Received IBS_WAKE_IND: 0xFD
02-23 12:47:03.714  1474 26959 D vendor.qti.bluetooth@1.0-ibs_handler: SerialClockVote: vote for UART CLK ON
02-23 12:47:03.715  1474 26959 D vendor.qti.bluetooth@1.0-wake_lock: Acquire wakelock is acquired 
02-23 12:47:03.716  1474 26959 I vendor.qti.bluetooth@1.0-ibs_handler: ProcessIbsCmd: Writing IBS_WAKE_ACK
02-23 12:47:03.756  4239  4239 D OplusTelephonyController: onSignalStrengthChanged: SignalStrength=SignalStrength:{mCdma=CellSignalStrengthCdma: cdmaDbm=2147483647 cdmaEcio=2147483647 evdoDbm=2147483647 evdoEcio=2147483647 evdoSnr=2147483647 level=0,mGsm=CellSignalStrengthGsm: rssi=2147483647 ber=2147483647 mTa=2147483647 mLevel=0,mWcdma=CellSignalStrengthWcdma: ss=2147483647 ber=2147483647 rscp=2147483647 ecno=2147483647 level=0,mTdscdma=CellSignalStrengthTdscdma: rssi=2147483647 ber=2147483647 rscp=2147483647 level=0,mLte=CellSignalStrengthLte: rssi=-91 rsrp=-119 rsrq=-15 rssnr=-2 cqiTableIndex=2147483647 cqi=2147483647 ta=2147483647 level=1 parametersUseForLevel=0,mNr=CellSignalStrengthNr:{ csiRsrp = 2147483647 csiRsrq = 2147483647 csiCqiTableIndex = 2147483647 csiCqiReport = [] ssRsrp = 2147483647 ssRsrq = 2147483647 ssSinr = 2147483647 level = 0 parametersUseForLevel = 0 timingAdvance = 2147483647 },primary=CellSignalStrengthLte}
02-23 12:47:03.757  1474 26959 I vendor.qti.bluetooth@1.0-ibs_handler: ProcessIbsCmd: Received IBS_SLEEP_IND: 0xFE
02-23 12:47:03.757  1474 26959 D vendor.qti.bluetooth@1.0-ibs_handler: SerialClockVote: vote for UART CLK OFF
02-23 12:47:03.758  4441  4441 D SubsysEventListenerManager-SubsysTelephonyCallback[0]: onSignalStrengthsChanged
02-23 12:47:03.759  2028  5007 I OplusBinderProxy: pb uid: 10288 pid: 5507 desc: com.android.internal.telephony.IPhoneStateListener/10
02-23 12:47:03.761  2028  5007 I OplusBinderProxy: pb uid: 10419 pid: 22368 desc: com.android.internal.telephony.IPhoneStateListener/10
02-23 12:47:03.761  2028  5007 I OplusBinderProxy: pb uid: 10419 pid: 22368 desc: com.android.internal.telephony.IPhoneStateListener/10
02-23 12:47:03.764  4239  4239 D OplusTelephonyController: onSignalStrengthChanged: SignalStrength=SignalStrength:{mCdma=CellSignalStrengthCdma: cdmaDbm=2147483647 cdmaEcio=2147483647 evdoDbm=2147483647 evdoEcio=2147483647 evdoSnr=2147483647 level=0,mGsm=CellSignalStrengthGsm: rssi=2147483647 ber=2147483647 mTa=2147483647 mLevel=0,mWcdma=CellSignalStrengthWcdma: ss=2147483647 ber=2147483647 rscp=2147483647 ecno=2147483647 level=0,mTdscdma=CellSignalStrengthTdscdma: rssi=2147483647 ber=2147483647 rscp=2147483647 level=0,mLte=CellSignalStrengthLte: rssi=-91 rsrp=-119 rsrq=-15 rssnr=-2 cqiTableIndex=2147483647 cqi=2147483647 ta=2147483647 level=1 parametersUseForLevel=0,mNr=CellSignalStrengthNr:{ csiRsrp = 2147483647 csiRsrq = 2147483647 csiCqiTableIndex = 2147483647 csiCqiReport = [] ssRsrp = 2147483647 ssRsrq = 2147483647 ssSinr = 2147483647 level = 0 parametersUseForLevel = 0 timingAdvance = 2147483647 },primary=CellSignalStrengthLte}
02-23 12:47:03.765  4441  4441 D SubsysEventListenerManager-SubsysTelephonyCallback[0]: onSignalStrengthsChanged
02-23 12:47:03.767  3826  4010 I SystemUi--Statusbar: MobileConnectionRepositoryImpl-->subId:2 isSoftSimCard:false slotId:0
02-23 12:47:03.908  1474 26943 D vendor.qti.bluetooth@1.0-wake_lock: Release wakelock is released 
02-23 12:47:03.923  2028  2808 D ProcessCpuTrackerExtImpl: mContext is already set, return now! 
02-23 12:47:04.365  1495 11693 I WifiHAL : event received NL80211_CMD_VENDOR, vendor_id = 0x1374, subcmd = 0xd
02-23 12:47:04.439  1474 26959 I vendor.qti.bluetooth@1.0-ibs_handler: ProcessIbsCmd: Received IBS_WAKE_IND: 0xFD
02-23 12:47:04.440  1474 26959 D vendor.qti.bluetooth@1.0-ibs_handler: SerialClockVote: vote for UART CLK ON
02-23 12:47:04.442  1474 26959 D vendor.qti.bluetooth@1.0-wake_lock: Acquire wakelock is acquired 
02-23 12:47:04.442  1474 26959 I vendor.qti.bluetooth@1.0-ibs_handler: ProcessIbsCmd: Writing IBS_WAKE_ACK
02-23 12:47:04.464  3826  3940 I SystemUi--Statusbar: OplusNetworkSpeedControllExImpl-->updateNetworkSpeed: isConnected:true,isSwitchOn:true
02-23 12:47:04.470  3826  3940 I SystemUi--Statusbar: OplusNetworkSpeedControllExImpl-->getTotalByte: totalRxBytes:22791390135,totalTxBytes:3611062852,loopbackTxBytes:2816519,loopbackRxBytes:2691599 ,totalBytes:26396944869
02-23 12:47:04.483  1474 26959 I vendor.qti.bluetooth@1.0-ibs_handler: ProcessIbsCmd: Received IBS_SLEEP_IND: 0xFE
02-23 12:47:04.483  1474 26959 D vendor.qti.bluetooth@1.0-ibs_handler: SerialClockVote: vote for UART CLK OFF
02-23 12:47:04.506  1545  1663 D vendor.oplus.hardware.charger-V6-service: ret_value:128, read content:,348,347,4208,4208,-298,500,2200,79,82,1,4,-1,4987,82,1,0,1,1,0,0,4425,0,6,0,6,0,0,0,339,0,1,1,0,0,61,61,61,0,0,0,0,0,0,0,0,0,0
02-23 12:47:04.506  1545  1663 D vendor.oplus.hardware.charger-V6-service: gmtime: 2026-02-23-12-47-04
02-23 12:47:04.506  1545  1663 D vendor.oplus.hardware.charger-V6-service: usb_online:1, ac_online:0, wireless_online:-2147483648
02-23 12:47:04.513  1502  1502 E ANDR-PERF-MPCTL: Active req limit reached, No optimizations performed
02-23 12:47:04.526  1474 26959 I vendor.qti.bluetooth@1.0-ibs_handler: ProcessIbsCmd: Received IBS_WAKE_IND: 0xFD
02-23 12:47:04.526  1474 26959 D vendor.qti.bluetooth@1.0-ibs_handler: SerialClockVote: vote for UART CLK ON
02-23 12:47:04.526  1474 26959 I vendor.qti.bluetooth@1.0-ibs_handler: ProcessIbsCmd: Writing IBS_WAKE_ACK
02-23 12:47:04.568  1474 26959 I vendor.qti.bluetooth@1.0-ibs_handler: ProcessIbsCmd: Received IBS_SLEEP_IND: 0xFE
02-23 12:47:04.568  1474 26959 D vendor.qti.bluetooth@1.0-ibs_handler: SerialClockVote: vote for UART CLK OFF
02-23 12:47:04.613  1545  1698 D BatteryChargeControl: bcc get no support from charging protocol
02-23 12:47:04.689  9129 14605 I NearbyMediums: No BLE Fast/GATT advertisements found in the latest cycle.
02-23 12:47:04.690  9129 14605 I NearbyMediums: Current Tracked Scanning Clients are : {NearbyConnections.EnvironmentMonitor, NearbySharing}
02-23 12:47:04.719  1474 26943 D vendor.qti.bluetooth@1.0-wake_lock: Release wakelock is released 
02-23 12:47:04.789  7313 19197 I PTC.DISC.AndroidMultiLanServer: Watcher sysNif=[wlan0], userNif=[wlan0 state=(LISTEN JOIN(5199ED|31089)), ], clientNif=[wlan0 state=(LISTEN), ], tcpServer state=LISTEN, ipv4=**8.0.100
02-23 12:47:04.813  2028  3514 D WifiStaIfaceHidlImpl: getCachedScanData is not implemented by HIDL
02-23 12:47:04.822 18823 18823 I wpa_supplicant: wlan0: command[CURRENT_RSSI -74], reply:SUCCESS
02-23 12:47:04.824  2028  3615 D OplusWifiPower_TriggerCenter: mComponentCallback: wifistat
02-23 12:47:04.824  4441  4441 D VendorWifiService: onEvent event:9,action:1
02-23 12:47:04.841  1502  1502 E ANDR-PERF-MPCTL: Active req limit reached, No optimizations performed
02-23 12:47:04.894  5360  5373 W sist.multimedia: Reducing the number of considered missed Gc histogram windows from 135 to 100
02-23 12:47:05.186  1474 26959 I vendor.qti.bluetooth@1.0-ibs_handler: ProcessIbsCmd: Received IBS_WAKE_IND: 0xFD
02-23 12:47:05.186  1474 26959 D vendor.qti.bluetooth@1.0-ibs_handler: SerialClockVote: vote for UART CLK ON
02-23 12:47:05.188  1474 26959 D vendor.qti.bluetooth@1.0-wake_lock: Acquire wakelock is acquired 
02-23 12:47:05.188  1474 26959 I vendor.qti.bluetooth@1.0-ibs_handler: ProcessIbsCmd: Writing IBS_WAKE_ACK
02-23 12:47:05.230  1474 26959 I vendor.qti.bluetooth@1.0-ibs_handler: ProcessIbsCmd: Received IBS_SLEEP_IND: 0xFE
02-23 12:47:05.230  1474 26959 D vendor.qti.bluetooth@1.0-ibs_handler: SerialClockVote: vote for UART CLK OFF
02-23 12:47:05.380  1474 26943 D vendor.qti.bluetooth@1.0-wake_lock: Release wakelock is released 
02-23 12:47:05.583  1502  1502 E ANDR-PERF-MPCTL: Active req limit reached, No optimizations performed
02-23 12:47:05.615  1545  1698 D BatteryChargeControl: bcc get no support from charging protocol
02-23 12:47:05.829  2028  4296 I OplusHansManager : uid=10277, pkg=com.myntra.android F enter(), M stay=3
02-23 12:47:05.834  2028  4296 I OplusHansManager : freeze uid: 10277 com.myntra.android pids: [24057] scene: LcdOn
02-23 12:47:05.835  2028  4307 I OplusHansManager : p_BC uid=10277 pkg=com.myntra.android
02-23 12:47:05.836  2028  4307 I OplusBinderProxy: proxyBinder uid: 10277 pkg: com.myntra.android proxy: true calling: OFreezer
02-23 12:47:05.900  1474 26959 I vendor.qti.bluetooth@1.0-ibs_handler: ProcessIbsCmd: Received IBS_WAKE_IND: 0xFD
02-23 12:47:05.900  1474 26959 D vendor.qti.bluetooth@1.0-ibs_handler: SerialClockVote: vote for UART CLK ON
02-23 12:47:05.902  1474 26959 D vendor.qti.bluetooth@1.0-wake_lock: Acquire wakelock is acquired 
02-23 12:47:05.902  1474 26959 I vendor.qti.bluetooth@1.0-ibs_handler: ProcessIbsCmd: Writing IBS_WAKE_ACK
02-23 12:47:05.944  1474 26959 I vendor.qti.bluetooth@1.0-ibs_handler: ProcessIbsCmd: Received IBS_SLEEP_IND: 0xFE
02-23 12:47:05.944  1474 26959 D vendor.qti.bluetooth@1.0-ibs_handler: SerialClockVote: vote for UART CLK OFF
02-23 12:47:06.095  1474 26943 D vendor.qti.bluetooth@1.0-wake_lock: Release wakelock is released 
02-23 12:47:06.370  1495 11693 I WifiHAL : event received NL80211_CMD_VENDOR, vendor_id = 0x1374, subcmd = 0xd
02-23 12:47:06.528  1545  1545 D vendor.oplus.hardware.charger-V6-service: get_ui_charge_icon_type 0 0 0 0 0
02-23 12:47:06.529  1545  1545 D vendor.oplus.hardware.charger-V6-service: oplus_chg_get_cpa_power 2500 charge_online 1 retention_topic 0
02-23 12:47:06.536  3826  3826 I SystemUi--Statusbar: BatteryControllerExt-->updateBatteryChangeIntent():broadcast=android.intent.action.BATTERY_CHANGED,level=82,scale=100
02-23 12:47:06.536  3826  3826 I SystemUi--Statusbar: BatteryRepository-->level: 82 -- isSavingMode: false
02-23 12:47:06.538  2028  2928 D OplusDisplayBrightnessBroadcastReceiver: onReceive action = android.intent.action.BATTERY_CHANGED , listeners = [com.android.server.display.OplusFeatureHDREnhanceBrightness$PhoneInfoReceiver@780cd78, com.android.server.display.OplusFeatureEdrEnhanceBrightness$PhoneInfoReceiver@3423c51]
02-23 12:47:06.538  4441  4441 D SubsysBroadcastManager: onReceive action:android.intent.action.BATTERY_CHANGED
02-23 12:47:06.540  4291  4291 D DeviceStatisticsService: onReceive: action= android.intent.action.BATTERY_CHANGED
02-23 12:47:06.543  7318  8179 I DeepThinkerSDK: [APP] ClientConnection: getDeepThinkerBridge start
02-23 12:47:06.543  7318  8179 I DeepThinkerSDK: [APP] ClientConnection: getDeepThinkerBridge end
02-23 12:47:06.543  7318  8179 I DeepThinkerSDK: [APP] UserDomainManager: businessId : 401 threshold : 0.6 learnPeriod:30
02-23 12:47:06.545  3013  3013 D CustomLogManagerService: onReceive android.intent.action.BATTERY_CHANGED
02-23 12:47:06.545  7318  8179 I DeepThinkerSDK: [APP] UserDomainManager: PerformanceOfLongCharging{probabilityOfLocation=0.0, probabilityOfApps=0.0, probabilityOfTime=0.0, probabilityOfTotal=0.0, duration=0}
02-23 12:47:06.546  7318  8185 E Battery : ChargeProtectionUtils: mCanlendarTmp.isEmpty()!
02-23 12:47:06.618  1545  1698 D BatteryChargeControl: bcc get no support from charging protocol
02-23 12:47:06.638  1474 26959 I vendor.qti.bluetooth@1.0-ibs_handler: ProcessIbsCmd: Received IBS_WAKE_IND: 0xFD
02-23 12:47:06.638  1474 26959 D vendor.qti.bluetooth@1.0-ibs_handler: SerialClockVote: vote for UART CLK ON
02-23 12:47:06.639  1474 26959 D vendor.qti.bluetooth@1.0-wake_lock: Acquire wakelock is acquired 
02-23 12:47:06.640  1474 26959 I vendor.qti.bluetooth@1.0-ibs_handler: ProcessIbsCmd: Writing IBS_WAKE_ACK
02-23 12:47:06.681  1474 26959 I vendor.qti.bluetooth@1.0-ibs_handler: ProcessIbsCmd: Received IBS_SLEEP_IND: 0xFE
02-23 12:47:06.681  1474 26959 D vendor.qti.bluetooth@1.0-ibs_handler: SerialClockVote: vote for UART CLK OFF
02-23 12:47:06.832  1474 26943 D vendor.qti.bluetooth@1.0-wake_lock: Release wakelock is released 
02-23 12:47:06.832  2028  3514 D WifiStaIfaceHidlImpl: getCachedScanData is not implemented by HIDL
02-23 12:47:06.836  9836  9836 D IHansComunication: HANS sendMessageToKernel: threadId = 490288954480, netLinkSetup = 1, type = FROZEN_TRANS, targetUid = 10277, pkgCmd = PKG_CMD_MAX
02-23 12:47:06.844  4441  4441 D VendorWifiService: onEvent event:9,action:1
02-23 12:47:06.869  1502  1502 E ANDR-PERF-MPCTL: Active req limit reached, No optimizations performed
02-23 12:47:06.904  1474 26959 I vendor.qti.bluetooth@1.0-ibs_handler: ProcessIbsCmd: Received IBS_WAKE_IND: 0xFD
02-23 12:47:06.905  1474 26959 D vendor.qti.bluetooth@1.0-ibs_handler: SerialClockVote: vote for UART CLK ON
02-23 12:47:06.906  1474 26959 D vendor.qti.bluetooth@1.0-wake_lock: Acquire wakelock is acquired 
02-23 12:47:06.906  1474 26959 I vendor.qti.bluetooth@1.0-ibs_handler: ProcessIbsCmd: Writing IBS_WAKE_ACK
02-23 12:47:06.909 26895 26931 W bluetooth: [hci_layer.cc:617] on_vs_event: Unhandled vendor specific event of type BQR_EVENT(0x58)
02-23 12:47:06.948  1474 26959 I vendor.qti.bluetooth@1.0-ibs_handler: ProcessIbsCmd: Received IBS_SLEEP_IND: 0xFE
02-23 12:47:06.948  1474 26959 D vendor.qti.bluetooth@1.0-ibs_handler: SerialClockVote: vote for UART CLK OFF
02-23 12:47:07.099  1474 26943 D vendor.qti.bluetooth@1.0-wake_lock: Release wakelock is released 
02-23 12:47:07.374  1474 26959 I vendor.qti.bluetooth@1.0-ibs_handler: ProcessIbsCmd: Received IBS_WAKE_IND: 0xFD
