02-23 12:51:10.358  1579  7952 D AudioPolicyService: updateUidStates_l() current->uid=10485 current->pid=22025 allowCapture=1 UidState=4 apmStat=1
02-23 12:51:10.764  1495 11693 I WifiHAL : event received NL80211_CMD_VENDOR, vendor_id = 0x1374, subcmd = 0xd
02-23 12:51:11.263  1545  1698 D BatteryChargeControl: bcc get no support from charging protocol
02-23 12:51:11.691 21366 21366 D BoundBrokerSvc: onUnbind: Intent { act=com.google.android.gms.ocr.service.START dat=chimera-action:/... cmp=com.google.android.gms/.chimera.GmsApiService mCallingUid=10100 }
02-23 12:51:11.753 21366 21366 D BoundBrokerSvc: onUnbind: Intent { act=com.google.android.gms.chimera.container.moduleinstall.ModuleInstallService.START dat=chimera-action:/... cmp=com.google.android.gms/.chimera.GmsApiService mCallingUid=10108 }
02-23 12:51:11.790 21366 21366 D BoundBrokerSvc: onUnbind: Intent { act=com.google.android.gms.ocr.service.internal.START dat=chimera-action:/... cmp=com.google.android.gms/.chimera.GmsInternalApiService mCallingUid=10108 }
02-23 12:51:12.265  1545  1698 D BatteryChargeControl: bcc get no support from charging protocol
02-23 12:51:12.771  1495 11693 I WifiHAL : event received NL80211_CMD_VENDOR, vendor_id = 0x1374, subcmd = 0xd
02-23 12:51:12.835  3826  3940 I SystemUi--Statusbar: OplusNetworkSpeedControllExImpl-->updateNetworkSpeed: isConnected:true,isSwitchOn:true
02-23 12:51:12.838  3826  3940 I SystemUi--Statusbar: OplusNetworkSpeedControllExImpl-->getTotalByte: totalRxBytes:22800189151,totalTxBytes:3611627341,loopbackTxBytes:2816519,loopbackRxBytes:2691599 ,totalBytes:26406308374
02-23 12:51:13.266  1545  1698 D BatteryChargeControl: bcc get no support from charging protocol
02-23 12:51:13.377  2028  3873 I Osense-BaseDecisionMaker: notifySceneToAthenaPolicy: SCENE_RES_IO_PSI, bundle: Bundle[{ioLevel=3}]
02-23 12:51:13.378  2028  3873 I Osense-BaseDecisionMaker: OSense not supported scene! SCENE_RES_IO_PSI
02-23 12:51:13.569  1545  1545 D vendor.oplus.hardware.charger-V6-service: get_ui_charge_icon_type 0 0 0 0 0
02-23 12:51:13.570  1545  1545 D vendor.oplus.hardware.charger-V6-service: oplus_chg_get_cpa_power 2500 charge_online 1 retention_topic 0
02-23 12:51:13.575  3826  3826 I SystemUi--Statusbar: BatteryControllerExt-->updateBatteryChangeIntent():broadcast=android.intent.action.BATTERY_CHANGED,level=82,scale=100
02-23 12:51:13.576  3826  3826 I SystemUi--Statusbar: BatteryRepository-->level: 82 -- isSavingMode: false
02-23 12:51:13.582  2028  2928 D OplusDisplayBrightnessBroadcastReceiver: onReceive action = android.intent.action.BATTERY_CHANGED , listeners = [com.android.server.display.OplusFeatureHDREnhanceBrightness$PhoneInfoReceiver@780cd78, com.android.server.display.OplusFeatureEdrEnhanceBrightness$PhoneInfoReceiver@3423c51]
02-23 12:51:13.583  4441  4441 D SubsysBroadcastManager: onReceive action:android.intent.action.BATTERY_CHANGED
02-23 12:51:13.586  4291  4291 D DeviceStatisticsService: onReceive: action= android.intent.action.BATTERY_CHANGED
02-23 12:51:13.588  4291  4291 D DeviceInfoHidlClient: isRadioOn()=true
02-23 12:51:13.588  4291  4291 I DeviceInfoHidlClient: isPowerInfoNeverSent=false batteryLevel=82 batteryLevelIndex=3 chargingMode=2 totalCapacity=4031700 powerSaveMode=false
02-23 12:51:13.590  7318  8179 I DeepThinkerSDK: [APP] ClientConnection: getDeepThinkerBridge start
02-23 12:51:13.590  7318  8179 I DeepThinkerSDK: [APP] ClientConnection: getDeepThinkerBridge end
02-23 12:51:13.590  7318  8179 I DeepThinkerSDK: [APP] UserDomainManager: businessId : 401 threshold : 0.6 learnPeriod:30
02-23 12:51:13.592  7318  8179 I DeepThinkerSDK: [APP] UserDomainManager: PerformanceOfLongCharging{probabilityOfLocation=0.0, probabilityOfApps=0.0, probabilityOfTime=0.0, probabilityOfTotal=0.0, duration=0}
02-23 12:51:13.592  3013  3013 D CustomLogManagerService: onReceive android.intent.action.BATTERY_CHANGED
02-23 12:51:13.592  3013  3013 D BatteryStatusMonitor: onReceive android.intent.action.BATTERY_CHANGED
02-23 12:51:13.592  3013  3013 D BatteryStatusMonitor: BatteryStatus :2  last:2
02-23 12:51:13.592  3013  3013 D BatteryStatusMonitor: WirelessReserve :0  last:0
02-23 12:51:13.592  3013  3013 D BatteryStatusMonitor: OtgOnline :0  last:0
02-23 12:51:13.593  7318  8185 E Battery : ChargeProtectionUtils: mCanlendarTmp.isEmpty()!
02-23 12:51:13.719  2028  3334 E JobScheduler.Background: Couldn't determine stopped state for unknown package: com.oplus.onet
02-23 12:51:13.851  9129 25317 I NetworkScheduler.Stats: (REDACTED) Task %s/%s started execution. cause:%s exec_start_elapsed_seconds: %s
02-23 12:51:13.857  9129 25050 I NetworkScheduler.Stats: (REDACTED) Task %s/%s finished executing. cause:%s result: %s elapsed_millis: %s uptime_millis: %s exec_start_elapsed_seconds: %s
02-23 12:51:14.118  2028  5002 D StorageStatsService: getFreeBytes: 21704409088
02-23 12:51:14.269  1545  1698 D BatteryChargeControl: bcc get no support from charging protocol
02-23 12:51:14.295  7097 25475 I ContextAware_DailyStatisticsRecorder: Increase context change count: dmp_notify_count, value: 1 [Metis|com.oplus.metis|1.4.54-aa2067f]
02-23 12:51:14.394  5201  5303 E horae   : 0: back:34481,frame:33235,front:35804, 25 5, +(1539), 0 ,40174,33700,37864,37343, target_temp:35804, algo:0
02-23 12:51:14.396  7051  1246 D ShellSubscriberWorkerThread: the first 8 bytes empty, and RestData length > 8 
02-23 12:51:14.404  8565  8720 W SQLiteConnectionPool: The connection pool for database '/data/user/0/com.microsoft.appmanager/databases/AriaStorage.db' has been unable to grant a connection to thread 795 (Aria-Stats-thread-1) with flags 0x2 for 4203.2124 seconds.
02-23 12:51:14.404  8565  8720 W SQLiteConnectionPool: Connections: 0 active, 1 idle, 0 available.
02-23 12:51:14.417  2028  3873 I Osense-BaseDecisionMaker: notifySceneToAthenaPolicy: SCENE_RES_IO_PSI, bundle: Bundle[{ioLevel=3}]
02-23 12:51:14.418  2028  3873 I Osense-BaseDecisionMaker: OSense not supported scene! SCENE_RES_IO_PSI
02-23 12:51:14.624  1545  1663 D vendor.oplus.hardware.charger-V6-service: ret_value:128, read content:,346,344,4214,4214,-126,500,2200,79,82,1,4,-1,4980,82,0,0,1,1,0,0,4425,0,0,0,3,0,0,0,337,0,1,1,0,0,61,61,61,0,0,0,0,0,0,0,0,0,0
02-23 12:51:14.625  1545  1663 D vendor.oplus.hardware.charger-V6-service: gmtime: 2026-02-23-12-51-14
02-23 12:51:14.625  1545  1646 D vendor.oplus.hardware.charger-V6-service: parallel fold conf file parse fail parallel_fold_state 2
02-23 12:51:14.625  1545  1646 D vendor.oplus.hardware.charger-V6-service: scale_chg Start!!!
02-23 12:51:14.626  1545  1663 D vendor.oplus.hardware.charger-V6-service: usb_online:1, ac_online:0, wireless_online:-2147483648
02-23 12:51:14.627  1545  1646 D vendor.oplus.hardware.charger-V6-service: [0, 0, 3]
02-23 12:51:14.628 21366 21366 D BoundBrokerSvc: onUnbind: Intent { act=com.google.android.gms.measurement.START pkg=com.google.android.gms mCallingUid=10220 }
02-23 12:51:14.628  1545  1646 D vendor.oplus.hardware.charger-V6-service: [0, 2, 8]
02-23 12:51:14.629  1545  1646 D vendor.oplus.hardware.charger-V6-service: [0, 1, 4]
02-23 12:51:14.631  1545  1646 D vendor.oplus.hardware.charger-V6-service: [0, 3, 3]
02-23 12:51:14.632  1545  1646 D vendor.oplus.hardware.charger-V6-service: [0, 4, 3]
02-23 12:51:14.633  1545  1646 D vendor.oplus.hardware.charger-V6-service: [0, 5, 4]
02-23 12:51:14.634  1545  1646 D vendor.oplus.hardware.charger-V6-service: [0, 6, 0]
02-23 12:51:14.634  1545  1646 D vendor.oplus.hardware.charger-V6-service: scale_chg Start!!!
02-23 12:51:14.635  1545  1646 D vendor.oplus.hardware.charger-V6-service: [0, 0, 3]
02-23 12:51:14.636  1545  1646 D vendor.oplus.hardware.charger-V6-service: [0, 2, 8]
02-23 12:51:14.637  1545  1646 D vendor.oplus.hardware.charger-V6-service: [0, 1, 4]
02-23 12:51:14.638  1545  1646 D vendor.oplus.hardware.charger-V6-service: [0, 3, 3]
02-23 12:51:14.639  1545  1646 D vendor.oplus.hardware.charger-V6-service: [0, 4, 3]
02-23 12:51:14.640  1545  1646 D vendor.oplus.hardware.charger-V6-service: [0, 5, 4]
02-23 12:51:14.641  1545  1646 D vendor.oplus.hardware.charger-V6-service: [0, 6, 0]
02-23 12:51:14.771  1495 11693 I WifiHAL : event received NL80211_CMD_VENDOR, vendor_id = 0x1374, subcmd = 0xd
02-23 12:51:15.245 25540 25540 I DMP-DMPWorkStateGlobalMonitor: dmp state idle,notify all observer
02-23 12:51:15.272  1545  1698 D BatteryChargeControl: bcc get no support from charging protocol
02-23 12:51:15.595  3013 28397 D CustomLogManagerService: WorkHandler msg.what :5
02-23 12:51:15.616  3013 28397 D CustomLogManagerService: curTemp:337 limit:390
02-23 12:51:15.616  3013 28397 D CustomLogManagerService: checkUploadStatus: isSceenOn=false activeNetType=1 isCharging=true isUploading:false temperatureLimit:false
02-23 12:51:15.616  3013 28397 D CustomLogManagerService: sys.log.customer=false
02-23 12:51:15.616  3013 28397 D CustomLogManagerService: isHaveCustomLogCollecting :false
02-23 12:51:15.616  3013 28397 D CustomLogManagerService: startUpload
02-23 12:51:15.616  3013 28397 D CustomLogManagerService: not support now
02-23 12:51:16.273  1545  1698 D BatteryChargeControl: bcc get no support from charging protocol
