2026-02-23 17:37:53.276  2028  2928 D OplusDisplayBrightnessBroadcastReceiver: onReceive action = android.intent.action.BATTERY_CHANGED , listeners = [com.android.server.display.OplusFeatureHDREnhanceBrightness$PhoneInfoReceiver@780cd78, com.android.server.display.OplusFeatureEdrEnhanceBrightness$PhoneInfoReceiver@3423c51]
2026-02-23 17:37:53.304  2028  3459 D PowerManagerService: userActivityNoUpdateLocked: groupId=0, eventTime=368236144, event=touch, flags=0x0, uid=1000
2026-02-23 17:37:53.380  2028  5004 W PresentationStatsEventLogger: Bad view state for: -1
2026-02-23 17:37:53.429  2028  3459 D PowerManagerService: userActivityNoUpdateLocked: groupId=0, eventTime=368236269, event=touch, flags=0x0, uid=1000
2026-02-23 17:37:53.518  2028  3941 W PresentationStatsEventLogger: Bad view state for: -1
2026-02-23 17:37:53.560  2028  3459 D PowerManagerService: userActivityNoUpdateLocked: groupId=0, eventTime=368236401, event=touch, flags=0x0, uid=1000
2026-02-23 17:37:53.632  2028  5004 W PresentationStatsEventLogger: Bad view state for: -1
2026-02-23 17:37:53.736  2028  3459 D PowerManagerService: userActivityNoUpdateLocked: groupId=0, eventTime=368236575, event=touch, flags=0x0, uid=1000
2026-02-23 17:37:53.810  2028  3941 W PresentationStatsEventLogger: Bad view state for: -1
2026-02-23 17:37:53.907  2028  3459 D PowerManagerService: userActivityNoUpdateLocked: groupId=0, eventTime=368236746, event=touch, flags=0x0, uid=1000
2026-02-23 17:37:53.927  2028  5004 W PresentationStatsEventLogger: Bad view state for: -1
2026-02-23 17:37:54.480  2028  3459 D PowerManagerService: userActivityNoUpdateLocked: groupId=0, eventTime=368237319, event=touch, flags=0x0, uid=1000
2026-02-23 17:37:54.571  2028  3941 W PresentationStatsEventLogger: Bad view state for: -1
2026-02-23 17:37:54.574  2028  5002 W PresentationStatsEventLogger: Bad view state for: -1
2026-02-23 17:37:55.001  2028  3459 D PowerManagerService: userActivityNoUpdateLocked: groupId=0, eventTime=368237840, event=touch, flags=0x0, uid=1000
2026-02-23 17:37:55.092  2028  5002 W PresentationStatsEventLogger: Bad view state for: -1
2026-02-23 17:37:55.151  2028  3459 D PowerManagerService: userActivityNoUpdateLocked: groupId=0, eventTime=368237990, event=touch, flags=0x0, uid=1000
2026-02-23 17:37:55.252  2028  5002 W PresentationStatsEventLogger: Bad view state for: -1
2026-02-23 17:37:55.279  2028  3459 D PowerManagerService: userActivityNoUpdateLocked: groupId=0, eventTime=368238120, event=touch, flags=0x0, uid=1000
2026-02-23 17:37:55.369  2028  5004 W PresentationStatsEventLogger: Bad view state for: -1
2026-02-23 17:37:55.428  2028  3459 D PowerManagerService: userActivityNoUpdateLocked: groupId=0, eventTime=368238267, event=touch, flags=0x0, uid=1000
2026-02-23 17:37:55.453  2028  5004 W PresentationStatsEventLogger: Bad view state for: -1
2026-02-23 17:37:55.574  2028  3459 D PowerManagerService: userActivityNoUpdateLocked: groupId=0, eventTime=368238410, event=touch, flags=0x0, uid=1000
2026-02-23 17:37:55.647  2028  3941 W PresentationStatsEventLogger: Bad view state for: -1
2026-02-23 17:37:55.728  2028  3459 D PowerManagerService: userActivityNoUpdateLocked: groupId=0, eventTime=368238568, event=touch, flags=0x0, uid=1000
2026-02-23 17:37:55.756  2028  5002 W PresentationStatsEventLogger: Bad view state for: -1
2026-02-23 17:37:56.982  2028  3459 D PowerManagerService: userActivityNoUpdateLocked: groupId=0, eventTime=368239820, event=touch, flags=0x0, uid=1000
2026-02-23 17:37:57.004  2028  5004 W PresentationStatsEventLogger: Bad view state for: -1
2026-02-23 17:37:57.148  2028  3459 D PowerManagerService: userActivityNoUpdateLocked: groupId=0, eventTime=368239986, event=touch, flags=0x0, uid=1000
2026-02-23 17:37:57.168  2028  5004 W PresentationStatsEventLogger: Bad view state for: -1
2026-02-23 17:37:57.285  2028  3459 D PowerManagerService: userActivityNoUpdateLocked: groupId=0, eventTime=368240124, event=touch, flags=0x0, uid=1000
2026-02-23 17:37:57.300  2028  3941 W PresentationStatsEventLogger: Bad view state for: -1
2026-02-23 17:37:57.417  2028  3459 D PowerManagerService: userActivityNoUpdateLocked: groupId=0, eventTime=368240255, event=touch, flags=0x0, uid=1000
2026-02-23 17:37:57.488  2028  5004 W PresentationStatsEventLogger: Bad view state for: -1
2026-02-23 17:37:58.013  2028  3459 D PowerManagerService: userActivityNoUpdateLocked: groupId=0, eventTime=368240852, event=touch, flags=0x0, uid=1000
2026-02-23 17:37:58.089  2028  5002 W PresentationStatsEventLogger: Bad view state for: -1
2026-02-23 17:37:58.230  2028  3459 D PowerManagerService: userActivityNoUpdateLocked: groupId=0, eventTime=368241069, event=touch, flags=0x0, uid=1000
2026-02-23 17:37:58.305  2028  5004 W PresentationStatsEventLogger: Bad view state for: -1
2026-02-23 17:37:58.544  2028  3459 D PowerManagerService: userActivityNoUpdateLocked: groupId=0, eventTime=368241383, event=touch, flags=0x0, uid=1000
2026-02-23 17:37:58.637  2028  5004 W PresentationStatsEventLogger: Bad view state for: -1
2026-02-23 17:37:58.947  2028  3459 D PowerManagerService: userActivityNoUpdateLocked: groupId=0, eventTime=368241785, event=touch, flags=0x0, uid=1000
2026-02-23 17:37:59.142  2028  2928 D OplusDisplayBrightnessBroadcastReceiver: onReceive action = android.intent.action.BATTERY_CHANGED , listeners = [com.android.server.display.OplusFeatureHDREnhanceBrightness$PhoneInfoReceiver@780cd78, com.android.server.display.OplusFeatureEdrEnhanceBrightness$PhoneInfoReceiver@3423c51]
2026-02-23 17:38:00.001  2028  3435 V AlarmManager: sending alarm Alarm{93348e3 type 3 origWhen 689379933 whenElapsed 689379933 android} uid 1000 whenElapsed 689379933 windowLength 0 maxWhenElapsed 689379933 repeatInterval 0 action null component null tag TIME_TICK flags 0x9 procName system_server
2026-02-23 17:38:00.024  2028  2928 D OplusDisplayBrightnessBroadcastReceiver: onReceive action = android.intent.action.TIME_TICK , listeners = []
2026-02-23 17:38:00.038  2028  3459 D PowerManagerService: userActivityNoUpdateLocked: groupId=0, eventTime=368242876, event=touch, flags=0x0, uid=1000
2026-02-23 17:38:00.153  2028  3459 D PowerManagerService: userActivityNoUpdateLocked: groupId=0, eventTime=368242992, event=touch, flags=0x0, uid=1000
2026-02-23 17:38:00.175  2028  5002 W PresentationStatsEventLogger: Bad view state for: -1
2026-02-23 17:38:00.449  2028  3459 D PowerManagerService: userActivityNoUpdateLocked: groupId=0, eventTime=368243287, event=touch, flags=0x0, uid=1000
2026-02-23 17:38:00.548  2028  3459 D PowerManagerService: userActivityNoUpdateLocked: groupId=0, eventTime=368243389, event=touch, flags=0x0, uid=1000
2026-02-23 17:38:00.652  2028  3459 D PowerManagerService: userActivityNoUpdateLocked: groupId=0, eventTime=368243493, event=touch, flags=0x0, uid=1000
2026-02-23 17:38:00.756  2028  3459 D PowerManagerService: userActivityNoUpdateLocked: groupId=0, eventTime=368243597, event=touch, flags=0x0, uid=1000
2026-02-23 17:38:00.858  2028  3459 D PowerManagerService: userActivityNoUpdateLocked: groupId=0, eventTime=368243699, event=touch, flags=0x0, uid=1000
2026-02-23 17:38:00.961  2028  3459 D PowerManagerService: userActivityNoUpdateLocked: groupId=0, eventTime=368243802, event=touch, flags=0x0, uid=1000
2026-02-23 17:38:01.060  2028  5002 W PresentationStatsEventLogger: Bad view state for: -1
2026-02-23 17:38:01.357  2028  3459 D PowerManagerService: userActivityNoUpdateLocked: groupId=0, eventTime=368244197, event=touch, flags=0x0, uid=1000
2026-02-23 17:38:01.462  2028  3459 D PowerManagerService: userActivityNoUpdateLocked: groupId=0, eventTime=368244302, event=touch, flags=0x0, uid=1000
2026-02-23 17:38:01.475  2028  5002 W PresentationStatsEventLogger: Bad view state for: -1
2026-02-23 17:38:01.746  2028  3459 D PowerManagerService: userActivityNoUpdateLocked: groupId=0, eventTime=368244585, event=touch, flags=0x0, uid=1000
2026-02-23 17:38:01.842  2028  5002 W PresentationStatsEventLogger: Bad view state for: -1
2026-02-23 17:38:01.908  2028  3459 D PowerManagerService: userActivityNoUpdateLocked: groupId=0, eventTime=368244748, event=touch, flags=0x0, uid=1000
2026-02-23 17:38:02.011  2028  3941 W PresentationStatsEventLogger: Bad view state for: -1
2026-02-23 17:38:02.067  2028  3459 D PowerManagerService: userActivityNoUpdateLocked: groupId=0, eventTime=368244906, event=touch, flags=0x0, uid=1000
2026-02-23 17:38:02.160  2028  5002 W PresentationStatsEventLogger: Bad view state for: -1
2026-02-23 17:38:02.178  2028  3459 D PowerManagerService: userActivityNoUpdateLocked: groupId=0, eventTime=368245017, event=touch, flags=0x0, uid=1000
2026-02-23 17:38:02.257  2028  3941 W PresentationStatsEventLogger: Bad view state for: -1
2026-02-23 17:38:02.301  2028  3459 D PowerManagerService: userActivityNoUpdateLocked: groupId=0, eventTime=368245141, event=touch, flags=0x0, uid=1000
2026-02-23 17:38:02.384  2028  3941 W PresentationStatsEventLogger: Bad view state for: -1
2026-02-23 17:38:02.424  2028  3459 D PowerManagerService: userActivityNoUpdateLocked: groupId=0, eventTime=368245264, event=touch, flags=0x0, uid=1000
2026-02-23 17:38:02.526  2028  3941 W PresentationStatsEventLogger: Bad view state for: -1
2026-02-23 17:38:02.531  2028  3941 W PresentationStatsEventLogger: Bad view state for: -1
2026-02-23 17:38:02.667  2028  3459 D PowerManagerService: userActivityNoUpdateLocked: groupId=0, eventTime=368245506, event=touch, flags=0x0, uid=1000
2026-02-23 17:38:02.736  2028  5002 W PresentationStatsEventLogger: Bad view state for: -1
2026-02-23 17:38:02.830  2028  3334 E JobScheduler.Background: Couldn't determine stopped state for unknown package: com.oplus.onet
2026-02-23 17:38:02.849  2028  3459 D PowerManagerService: userActivityNoUpdateLocked: groupId=0, eventTime=368245689, event=touch, flags=0x0, uid=1000
2026-02-23 17:38:02.926  2028  5004 W PresentationStatsEventLogger: Bad view state for: -1
2026-02-23 17:38:03.864  2028  3459 D PowerManagerService: userActivityNoUpdateLocked: groupId=0, eventTime=368246703, event=touch, flags=0x0, uid=1000
2026-02-23 17:38:03.966  2028  5004 W PresentationStatsEventLogger: Bad view state for: -1
2026-02-23 17:38:03.989  2028  5007 W PackageConfigPersister: App-specific configuration not found for packageName: com.whatsapp and userId: 0
2026-02-23 17:38:04.089  2028  3937 W JobScheduler: Job didn't exist in JobStore: #com.whatsapp/368800
2026-02-23 17:38:04.211  2028  5007 W FillRequestEventLogger: Shouldn't be logging AutofillFillRequestReported again for same event
2026-02-23 17:38:04.211  2028  5007 W FillResponseEventLogger: Shouldn't be logging AutofillFillRequestReported again for same event
2026-02-23 17:38:04.211  2028  5007 D AutofillSession: clearPendingIntentLocked
2026-02-23 17:38:04.212  2028  2028 I ServiceConnector.Impl: unbindJobThread: connection = ServiceConnector@529(Intent { act=android.service.autofill.AutofillService cmp=com.google.android.gms/.autofill.service.AutofillService }, user: 0)[Unbinding...]service = null mBinding = false
2026-02-23 17:38:04.213  2028  2028 E ServiceConnector.Impl: Failed to unbind: java.lang.IllegalArgumentException: Service not registered: ServiceConnector@529(Intent { act=android.service.autofill.AutofillService cmp=com.google.android.gms/.autofill.service.AutofillService }, user: 0)[Unbinding...]
2026-02-23 17:38:04.213  2028  2028 I ServiceConnector.Impl: unbindJobThread: connection = ServiceConnector@519(Intent { act=android.service.autofill.AutofillService cmp=com.android.credentialmanager/.autofill.CredentialAutofillService }, user: 0)[Unbinding...]service = null mBinding = false
2026-02-23 17:38:04.213  2028  3937 V AutofillSession: Primary service component name: ComponentInfo{com.google.android.gms/com.google.android.gms.autofill.service.AutofillService}, secondary service component name: ComponentInfo{com.android.credentialmanager/com.android.credentialmanager.autofill.CredentialAutofillService}
2026-02-23 17:38:04.213  2028  3937 V SecondaryProviderHandler: Creating a secondary provider handler with component name, ComponentInfo{com.android.credentialmanager/com.android.credentialmanager.autofill.CredentialAutofillService}
2026-02-23 17:38:04.213  2028  2028 E ServiceConnector.Impl: Failed to unbind: java.lang.IllegalArgumentException: Service not registered: ServiceConnector@519(Intent { act=android.service.autofill.AutofillService cmp=com.android.credentialmanager/.autofill.CredentialAutofillService }, user: 0)[Unbinding...]
2026-02-23 17:38:04.431  2028  3459 D PowerManagerService: userActivityNoUpdateLocked: groupId=0, eventTime=368247270, event=touch, flags=0x0, uid=1000
2026-02-23 17:38:04.468  2028  3937 D CoreBackPreview: startBackNavigation currentTask=Task{4c84f0d #742 type=standard A=10276:com.whatsapp}, topRunningActivity=ActivityRecord{91c484f u0 com.whatsapp/.Conversation t742}, callbackInfo=OnBackInvokedCallbackInfo{mCallback=android.window.IOnBackInvokedCallback$Stub$Proxy@90dbc7d, mPriority=0, mIsAnimationCallback=false}, currentFocus=Window{93a22e6 u0 com.whatsapp/com.whatsapp.Conversation}
2026-02-23 17:38:04.469  3826  3884 D ShellBackPreview: Received backNavigationInfo:BackNavigationInfo{mType=TYPE_CALLBACK (4), mOnBackNavigationDone=android.os.RemoteCallback@c3afbe7, mOnBackInvokedCallback=android.window.IOnBackInvokedCallback$Stub$Proxy@987d394, mPrepareRemoteAnimation=false, mAnimationCallback=false, mCustomizeAnimationInfo=null}
2026-02-23 17:38:04.482  2028  5007 V WindowManager: Relayout Window{11634da u0 ColorSideGestureRight_displayId_0}: viewVisibility=0, oldvis=8, req=115x2713, vsysui=
2026-02-23 17:38:04.482  2028  5007 I WindowManager: Window{11634da u0 ColorSideGestureRight_displayId_0} state from NO_SURFACE to DRAW_PENDING; reason: resetDrawState
2026-02-23 17:38:04.490  2028  5007 D WindowManager: NFW_findFocusedWindowIfNeeded:Window{93a22e6 u0 com.whatsapp/com.whatsapp.Conversation} mCurrentFocus:Window{93a22e6 u0 com.whatsapp/com.whatsapp.Conversation}
2026-02-23 17:38:04.504  2028  2680 D WindowManager: request show transient bar, navigationBar already visible
2026-02-23 17:38:04.512  2028  5007 I WindowManager: Window{11634da u0 ColorSideGestureRight_displayId_0} state from DRAW_PENDING to COMMIT_DRAW_PENDING; reason: finishDrawingLocked
2026-02-23 17:38:04.515  2028  2687 I WindowManager: Window{11634da u0 ColorSideGestureRight_displayId_0} state from COMMIT_DRAW_PENDING to READY_TO_SHOW; reason: commitFinishDrawingLocked
2026-02-23 17:38:04.515  2028  2687 I WindowManager: Window{11634da u0 ColorSideGestureRight_displayId_0} state from READY_TO_SHOW to HAS_DRAWN; reason: performShowLocked
2026-02-23 17:38:04.531  2028  3459 D PowerManagerService: userActivityNoUpdateLocked: groupId=0, eventTime=368247372, event=touch, flags=0x0, uid=1000
2026-02-23 17:38:04.553  2028  3937 W SettingsStatsUtil: Can not parse value to float: +network
2026-02-23 17:38:04.556  2028  3937 W SettingsStatsUtil: Can not parse value to float: +network
2026-02-23 17:38:04.607  3826  3884 D ShellBackPreview: Finishing gesture with event action: 1
2026-02-23 17:38:04.607  3826  3884 D ShellBackPreview: onGestureFinished() mTriggerBack == true
2026-02-23 17:38:04.607  3826  3884 D ShellBackPreview: Trigger back without dispatching to animator.
2026-02-23 17:38:04.608  3826  3884 D ShellBackPreview: BackAnimationController: finishBackNavigation()
2026-02-23 17:38:04.609  2028  3937 D CoreBackPreview: onBackNavigationDone backType=4, triggerBack=true
2026-02-23 17:38:04.626  2028  5002 D WindowManager: setFrameRateStart invalid typeId return!
2026-02-23 17:38:04.627  2028  2685 V WindowStateExtImpl: notifyWindowStateChange input show
2026-02-23 17:38:04.635  3826  3826 W VRI[StatusBar]: handleResized abandoned!
2026-02-23 17:38:04.635  3826  3826 W VRI[NavigationBar_displayId_0]: handleResized abandoned!
2026-02-23 17:38:04.635  2028  3937 D WindowManagerServiceExtImpl: extractConfigInfoAndRealFlags rotation=0, screenDp=360, residentWS:0, win=Window{22b7e37 u0 InputMethod}
2026-02-23 17:38:04.635  3826  4092 W VRI[ScreenDecorOverlay]: handleResized abandoned!
2026-02-23 17:38:04.635  3826  4092 W VRI[ScreenDecorOverlayBottom]: handleResized abandoned!
2026-02-23 17:38:04.635  2028  3937 V WindowManager: Relayout Window{22b7e37 u0 InputMethod}: viewVisibility=0, oldvis=0, req=1080x2293, vsysui=, x=0, y=0
2026-02-23 17:38:04.635  3826  4092 W VRI[OplusPrivacyIconTopRight]: handleResized abandoned!
2026-02-23 17:38:04.635  3826  3884 D WindowManagerShell: onKeepClearAreasChanged: restricted={}, unrestricted={}
2026-02-23 17:38:04.636  2028  3937 D WindowManager: NFW_findFocusedWindowIfNeeded:Window{93a22e6 u0 com.whatsapp/com.whatsapp.Conversation} mCurrentFocus:Window{93a22e6 u0 com.whatsapp/com.whatsapp.Conversation}
2026-02-23 17:38:04.637  3826  4190 W VRI[ColorSideGestureRight_displayId_0]: handleResized abandoned!
2026-02-23 17:38:04.637 27579 27579 W VRI[InputMethod]: updateBlastSurfaceIfNeeded, surfaceSize:Point(1080, 2293), lastSurfaceSize:Point(1080, 2293), format:-2, blastBufferQueue:android.graphics.BLASTBufferQueue@2ec1143
2026-02-23 17:38:04.651  3826  3826 W VRI[StatusBar]: handleResized abandoned!
2026-02-23 17:38:04.651  3826  3826 W VRI[NavigationBar_displayId_0]: handleResized abandoned!
2026-02-23 17:38:04.651  3826  4190 W VRI[ColorSideGestureRight_displayId_0]: handleResized abandoned!
2026-02-23 17:38:04.651  3826  4092 W VRI[ScreenDecorOverlay]: handleResized abandoned!
2026-02-23 17:38:04.651  3826  4092 W VRI[ScreenDecorOverlayBottom]: handleResized abandoned!
2026-02-23 17:38:04.652  3826  4092 W VRI[OplusPrivacyIconTopRight]: handleResized abandoned!
2026-02-23 17:38:04.673 26670 26670 W VRI[Conversation]: handleResized abandoned!
2026-02-23 17:38:04.673 26670 26670 W VRI[Conversation]: handleResized abandoned!
2026-02-23 17:38:04.820  2028  5002 V WindowManager: Relayout Window{11634da u0 ColorSideGestureRight_displayId_0}: viewVisibility=8, oldvis=0, req=115x2713, vsysui=
2026-02-23 17:38:04.821  2028  5002 I WindowManager: Window{11634da u0 ColorSideGestureRight_displayId_0} state from HAS_DRAWN to NO_SURFACE; reason: destroySurface
2026-02-23 17:38:04.825  2028  5002 D WindowManager: NFW_findFocusedWindowIfNeeded:Window{93a22e6 u0 com.whatsapp/com.whatsapp.Conversation} mCurrentFocus:Window{93a22e6 u0 com.whatsapp/com.whatsapp.Conversation}
2026-02-23 17:38:04.882  2028  2152 W FillRequestEventLogger: Shouldn't be logging AutofillFillRequestReported again for same event
2026-02-23 17:38:04.882  2028  2152 W FillResponseEventLogger: Shouldn't be logging AutofillFillRequestReported again for same event
2026-02-23 17:38:04.882  2028  2152 D AutofillSession: clearPendingIntentLocked
2026-02-23 17:38:04.886  2028  2028 I ServiceConnector.Impl: unbindJobThread: connection = ServiceConnector@275(Intent { act=android.service.autofill.AutofillService cmp=com.google.android.gms/.autofill.service.AutofillService }, user: 0)[Unbinding...]service = null mBinding = false
2026-02-23 17:38:04.886  2028  2028 E ServiceConnector.Impl: Failed to unbind: java.lang.IllegalArgumentException: Service not registered: ServiceConnector@275(Intent { act=android.service.autofill.AutofillService cmp=com.google.android.gms/.autofill.service.AutofillService }, user: 0)[Unbinding...]
2026-02-23 17:38:04.886  2028  2028 I ServiceConnector.Impl: unbindJobThread: connection = ServiceConnector@929(Intent { act=android.service.autofill.AutofillService cmp=com.android.credentialmanager/.autofill.CredentialAutofillService }, user: 0)[Unbinding...]service = null mBinding = false
2026-02-23 17:38:04.886  2028  2152 V AutofillSession: Primary service component name: ComponentInfo{com.google.android.gms/com.google.android.gms.autofill.service.AutofillService}, secondary service component name: ComponentInfo{com.android.credentialmanager/com.android.credentialmanager.autofill.CredentialAutofillService}
2026-02-23 17:38:04.886  2028  2028 E ServiceConnector.Impl: Failed to unbind: java.lang.IllegalArgumentException: Service not registered: ServiceConnector@929(Intent { act=android.service.autofill.AutofillService cmp=com.android.credentialmanager/.autofill.CredentialAutofillService }, user: 0)[Unbinding...]
2026-02-23 17:38:04.886  2028  2152 V SecondaryProviderHandler: Creating a secondary provider handler with component name, ComponentInfo{com.android.credentialmanager/com.android.credentialmanager.autofill.CredentialAutofillService}
2026-02-23 17:38:05.001  2028  2028 W AccessibilityManagerService:  wait for adding window timeout: 8796
2026-02-23 17:38:05.077  2028  3459 D PowerManagerService: userActivityNoUpdateLocked: groupId=0, eventTime=368247917, event=touch, flags=0x0, uid=1000
2026-02-23 17:38:05.087  2028  5007 D CoreBackPreview: startBackNavigation currentTask=Task{4c84f0d #742 type=standard A=10276:com.whatsapp}, topRunningActivity=ActivityRecord{91c484f u0 com.whatsapp/.Conversation t742}, callbackInfo=OnBackInvokedCallbackInfo{mCallback=android.window.IOnBackInvokedCallback$Stub$Proxy@90dbc7d, mPriority=0, mIsAnimationCallback=false}, currentFocus=Window{93a22e6 u0 com.whatsapp/com.whatsapp.Conversation}
2026-02-23 17:38:05.088  3826  3884 D ShellBackPreview: Received backNavigationInfo:BackNavigationInfo{mType=TYPE_CALLBACK (4), mOnBackNavigationDone=android.os.RemoteCallback@29da139, mOnBackInvokedCallback=android.window.IOnBackInvokedCallback$Stub$Proxy@f53337e, mPrepareRemoteAnimation=false, mAnimationCallback=false, mCustomizeAnimationInfo=null}
2026-02-23 17:38:05.095  2028  5007 V WindowManager: Relayout Window{11634da u0 ColorSideGestureRight_displayId_0}: viewVisibility=0, oldvis=8, req=115x2713, vsysui=
2026-02-23 17:38:05.095  2028  5007 I WindowManager: Window{11634da u0 ColorSideGestureRight_displayId_0} state from NO_SURFACE to DRAW_PENDING; reason: resetDrawState
2026-02-23 17:38:05.101  2028  5007 D WindowManager: NFW_findFocusedWindowIfNeeded:Window{93a22e6 u0 com.whatsapp/com.whatsapp.Conversation} mCurrentFocus:Window{93a22e6 u0 com.whatsapp/com.whatsapp.Conversation}
2026-02-23 17:38:05.109  2028  2680 D WindowManager: request show transient bar, navigationBar already visible
2026-02-23 17:38:05.109  2028  3937 I WindowManager: Window{11634da u0 ColorSideGestureRight_displayId_0} state from DRAW_PENDING to COMMIT_DRAW_PENDING; reason: finishDrawingLocked
2026-02-23 17:38:05.115  2028  2687 I WindowManager: Window{11634da u0 ColorSideGestureRight_displayId_0} state from COMMIT_DRAW_PENDING to READY_TO_SHOW; reason: commitFinishDrawingLocked
2026-02-23 17:38:05.115  2028  2687 I WindowManager: Window{11634da u0 ColorSideGestureRight_displayId_0} state from READY_TO_SHOW to HAS_DRAWN; reason: performShowLocked
2026-02-23 17:38:05.178  2028  3459 D PowerManagerService: userActivityNoUpdateLocked: groupId=0, eventTime=368248019, event=touch, flags=0x0, uid=1000
2026-02-23 17:38:05.246  3826  3884 D ShellBackPreview: Finishing gesture with event action: 1
2026-02-23 17:38:05.246  3826  3884 D ShellBackPreview: onGestureFinished() mTriggerBack == true
2026-02-23 17:38:05.246  3826  3884 D ShellBackPreview: Trigger back without dispatching to animator.
2026-02-23 17:38:05.247  3826  3884 D ShellBackPreview: BackAnimationController: finishBackNavigation()
2026-02-23 17:38:05.254  2028  2152 D CoreBackPreview: onBackNavigationDone backType=4, triggerBack=true
2026-02-23 17:38:05.257  2028  3937 D ActivityRecordExtImpl: skipPrepareAppTransitionForZoom false
2026-02-23 17:38:05.257  2028  3937 D ActivityTaskManager: setAppVisibility(Token{bb04bba ActivityRecord{91c484f u0 com.whatsapp/.Conversation t742 f}}}, visible=false): mNextAppTransitionRequests=[], mNextAppTransitionFlags=,mAppTransitionState=APP_STATE_IDLE visible=true mVisibleRequested=true
2026-02-23 17:38:05.257  3826  3884 V WindowManagerShell: Transition requested (#10155): android.os.BinderProxy@7374bfb TransitionRequestInfo { type = CLOSE, triggerTask = null, pipTask = null, remoteTransition = null, displayChange = null, flags = 0, debugId = 10155 }
2026-02-23 17:38:05.258  2028  3937 D ActivityTaskManager: setVisibility(Token{bb04bba ActivityRecord{91c484f u0 com.whatsapp/.Conversation t742 f}}}, visible=false) defer commitVisibility for transition collecting
2026-02-23 17:38:05.268  2028  2928 D OplusDisplayBrightnessBroadcastReceiver: onReceive action = android.intent.action.BATTERY_CHANGED , listeners = [com.android.server.display.OplusFeatureHDREnhanceBrightness$PhoneInfoReceiver@780cd78, com.android.server.display.OplusFeatureEdrEnhanceBrightness$PhoneInfoReceiver@3423c51]
2026-02-23 17:38:05.270  2028  2152 I OplusAccessController: enter isIgnoreAppSwitchActivity
2026-02-23 17:38:05.270  2028  2152 I OplusAccessController: enter isIgnoreAppSwitchActivity and intent != null
2026-02-23 17:38:05.270  2028  2152 I OplusAccessController: enter isIgnoreAppSwitchActivity and componentName != null
2026-02-23 17:38:05.270  2028  2152 I OplusAccessController: enter isIgnoreAppSwitchActivity and packageName&activity is not Empty
2026-02-23 17:38:05.270  2028  2152 D ActivityTaskManager: setAppVisibility(Token{26dcec2 ActivityRecord{57b2c37 u0 com.whatsapp/.home.ui.HomeActivity t742}}, visible=true): mNextAppTransitionRequests=[], mNextAppTransitionFlags=,mAppTransitionState=APP_STATE_IDLE visible=false mVisibleRequested=false
2026-02-23 17:38:05.270  2028  2152 D WindowManager: NFW_setClientVisible:ActivityRecord{57b2c37 u0 com.whatsapp/.home.ui.HomeActivity t742} clientVisible:true
2026-02-23 17:38:05.271  2028  2152 D ActivityTaskManager: setVisibility(Token{26dcec2 ActivityRecord{57b2c37 u0 com.whatsapp/.home.ui.HomeActivity t742}}, visible=true) defer commitVisibility for transition collecting
2026-02-23 17:38:05.272  2028  2152 D ActivityTaskManager: NFW_setLastResumedActivityUncheckLocked:true r:ActivityRecord{57b2c37 u0 com.whatsapp/.home.ui.HomeActivity t742} currentFocus:Window{93a22e6 u0 com.whatsapp/com.whatsapp.Conversation}
2026-02-23 17:38:05.272  2028  2152 D WindowManager: NFW_findFocusedWindowIfNeeded:null mCurrentFocus:Window{93a22e6 u0 com.whatsapp/com.whatsapp.Conversation}
2026-02-23 17:38:05.272  2028  2152 V WindowManager: Changing focus from Window{93a22e6 u0 com.whatsapp/com.whatsapp.Conversation} to null,diplayid=0
2026-02-23 17:38:05.274  2028  4457 D OplusAppSwitchRuleInfo: generateActivityEnterInfo - launch_source_type = localnotification , launch_source_traceid = 
2026-02-23 17:38:05.275  2028  2152 D WindowManager: rotation(ROTATION_0) no changed  displayId = 0, lastOrientation = -1
2026-02-23 17:38:05.275  2028  2152 I TaskOrganizerController: onTaskInfoChanged taskid 742 config { mBounds=Rect(0, 0 - 1080, 2400) mAppBounds=Rect(0, 0 - 1080, 2400) mMaxBounds=Rect(0, 0 - 1080, 2400) mDisplayRotation=ROTATION_0 mWindowingMode=fullscreen mActivityType=standard mAlwaysOnTop=undefined mRotation=ROTATION_0}
2026-02-23 17:38:05.277  2028  2152 D OplusFlexibleWindowMinimizedManagerHelper: onTaskInfoChanged taskInfo:TaskInfo{userId=0 taskId=742 displayId=0 isRunning=true baseIntent=Intent { flg=0x10000000 cmp=com.whatsapp/.home.ui.HomeActivity mCallingUid=10276 } baseActivity=ComponentInfo{com.whatsapp/com.whatsapp.home.ui.HomeActivity} topActivity=ComponentInfo{com.whatsapp/com.whatsapp.home.ui.HomeActivity} origActivity=null realActivity=ComponentInfo{com.whatsapp/com.whatsapp.home.ui.HomeActivity} numActivities=1 lastActiveTime=689385204 supportsSplitScreenMultiWindow=true supportsMultiWindow=true supportsPocketStudioMultiWindow=true isInFlexibleEmbedded = false uid = 10276 pid = 26670 resizeMode=1 isResizeable=true minWidth=-1 minHeight=-1 defaultMinSize=220 token=WCT{RemoteToken{ac15928 Task{4c84f0d #742 type=standard A=10276:com.whatsapp}}} topActivityType=1 pictureInPictureParams=null shouldDockBigOverlays=false launchIntoPipHostTaskId=-1 lastParentTaskIdBeforePip=-1 displayCutoutSafeInsets=null topActivityInfo=ActivityInfo{abaf1c0 com.whatsapp.home.ui.HomeActivity} launchCookies=[android.os.BinderProxy@2d67ae0] positionInParent=Point(0, 0) parentTaskId=-1 isFocused=true isVisible=true isVisibleRequested=true isSleeping=false locusId=null displayAreaFeatureId=1 isTopActivityTransparent=false appCompatTaskInfo=AppCompatTaskInfo { topActivityInSizeCompat=false topActivityInOplusCompatMode=false topActivityEligibleForLetterboxEducation= falseisLetterboxEducationEnabled= false isLetterboxDoubleTapEnabled= false topActivityEligibleForUserAspectRatioButton= false topActivityBoundsLetterboxed= false isFromLetterboxDoubleTap= false topActivityLetterboxVerticalPosition= -1 topActivityLetterboxHorizontalPosition= -1 topActivityLetterboxWidth=1080 topActivityLetterboxHeight=2400 isUserFullscreenOverrideEnabled=false isSystemFullscreenOverrideEnabled=false cameraCompatTaskInfo=CameraCompatTaskInfo { cameraCompatControlState=hidden freeformCameraCompatMode=inactive}} topActivityLetterboxInsets=Rect(0, 0 - 0, 0) mOplusExtraBundle = Bundle[{androidx.flexible.taskFrame=Rect(0, 0 - 0, 0), key_flexible_task_state=0, androidx.activity.LaunchScenario=0, androidx.activity.LaunchScale=1.0}]} task:Task{4c84f0d #742 type=standard A=10276:com.whatsapp}
2026-02-23 17:38:05.277  2028  2152 D OplusFlexibleDragToSplitAnimController: visibleFlexibleTaskInfos delete:742
2026-02-23 17:38:05.290 26670 26670 D ActivityThread: ComponentInfo{com.whatsapp/com.whatsapp.home.ui.HomeActivity} checkFinished=false 2
2026-02-23 17:38:05.290 26670 26670 D ResourcesManagerExtImpl: applyConfigurationToAppResourcesLocked app.getDisplayId() return callback.displayId:0
2026-02-23 17:38:05.290  2028  3937 D ActivityTaskManager: Skipping, invisible task: Task{e7e93cb #5 type=home I=com.android.launcher/.Launcher}
2026-02-23 17:38:05.290  2028  3937 D OplusSplitScreenManagerService: com.instagram.android unSupportsSplitScreen by blockList or ForbidActivityList
2026-02-23 17:38:05.290  2028  3937 D ActivityTaskManager: pre-Filtered:com.whatsapp # com.jarvis # com.instagram.android # com.google.android.apps.docs # com.application.zomato # 
2026-02-23 17:38:05.290  2028  3937 D ActivityTaskManager: after skip size 5
2026-02-23 17:38:05.301  2028  5007 D WindowManagerServiceExtImpl: extractConfigInfoAndRealFlags rotation=0, screenDp=360, residentWS:0, win=Window{3db6c72 u0 com.whatsapp/com.whatsapp.home.ui.HomeActivity}
2026-02-23 17:38:05.301  2028  5007 V WindowManager: Relayout Window{3db6c72 u0 com.whatsapp/com.whatsapp.home.ui.HomeActivity}: viewVisibility=0, oldvis=8, req=1080x2400, vsysui=LAYOUT_FULLSCREEN, x=0, y=0
2026-02-23 17:38:05.301  2028  5007 I WindowManager: Window{3db6c72 u0 com.whatsapp/com.whatsapp.home.ui.HomeActivity} state from NO_SURFACE to DRAW_PENDING; reason: resetDrawState
2026-02-23 17:38:05.305  2028  5007 D WindowManager: NFW_findFocusedWindowIfNeeded:Window{3db6c72 u0 com.whatsapp/com.whatsapp.home.ui.HomeActivity} mCurrentFocus:null
2026-02-23 17:38:05.305  2028  5007 V WindowManager: Changing focus from null to Window{3db6c72 u0 com.whatsapp/com.whatsapp.home.ui.HomeActivity},diplayid=0
2026-02-23 17:38:05.308  2028  5007 D WindowManager: setFrameRateStart invalid typeId return!
2026-02-23 17:38:05.310  2028  5007 D WindowManager: setFrameRateStart invalid typeId return!
2026-02-23 17:38:05.311 26670 26670 D VRI[HomeActivity]: relayoutWindow result, sizeChanged:false, surfaceControlChanged:true, transformHintChanged:false, mSurfaceSize:Point(1080, 2400), mLastSurfaceSize:Point(1080, 2400), mWidth:1080, mHeight:2400, requestedWidth:1080, requestedHeight:2400, transformHint:0, installOrientation:0, displayRotation:0, isSurfaceValid:true, attr.flag:-2122252032, tmpFrames:ClientWindowFrames{frame=[0,0][1080,2400] display=[0,0][1080,2400] parentFrame=[0,0][0,0]}, relayoutAsync:false, mSyncSeqId:0
2026-02-23 17:38:05.312 26670 26670 W VRI[HomeActivity]: updateBlastSurfaceIfNeeded, surfaceSize:Point(1080, 2400), lastSurfaceSize:Point(1080, 2400), format:-2, blastBufferQueue:null
2026-02-23 17:38:05.385  2028  5007 D OplusTransitionController: onSyncFinishedDrawing, Window{3db6c72 u0 com.whatsapp/com.whatsapp.home.ui.HomeActivity}
2026-02-23 17:38:05.386  2028  5007 I WindowManager: finishDrawing skipLayout:false,syncSeqId=0,mPrepareSyncSeqId=0 Window{3db6c72 u0 com.whatsapp/com.whatsapp.home.ui.HomeActivity} com.android.server.wm.WindowManagerService.finishDrawingWindow:3140 com.android.server.wm.Session.finishDrawing:380 android.view.IWindowSession$Stub.onTransact:815 
2026-02-23 17:38:05.386  2028  5007 I WindowManager: Window{3db6c72 u0 com.whatsapp/com.whatsapp.home.ui.HomeActivity} state from DRAW_PENDING to COMMIT_DRAW_PENDING; reason: finishDrawingLocked
2026-02-23 17:38:05.386  2028  5007 D OplusTransitionAnimationManager: skipFinishDrawingIfNeed clientRotation=0, currentRotation=0, hasFixedRotationApp=false, requestedOrientation=-1, win=Window{3db6c72 u0 com.whatsapp/com.whatsapp.home.ui.HomeActivity}, activity=ActivityRecord{57b2c37 u0 com.whatsapp/.home.ui.HomeActivity t742}, currentConfig={0.86 ??mcc??mnc [en_GB,en_IN] ldltr sw360dp w360dp h800dp 480dpi nrml long widecg port night finger -keyb/v/h -nav/h winConfig={ mBounds=Rect(0, 0 - 1080, 2400) mAppBounds=Rect(0, 0 - 1080, 2400) mMaxBounds=Rect(0, 0 - 1080, 2400) mDisplayRotation=ROTATION_0 mWindowingMode=fullscreen mActivityType=standard mAlwaysOnTop=undefined mRotation=ROTATION_0} s.4 fontWeightAdjustment=0mThemeChanged= 0, mThemeChangedFlags= 0, mFlipFont= 0, mScenario= 0, mAccessibleChanged= -1, mUxIconConfig= 3468921665126138177, mMaterialColor= 20000, mUserId= 0, mFontUserId= 0, mFontVariationSettings= 226, mFoldingAngle = -1.0, mIconPackName= , mDarkModeBackgroundMaxL= 0.0, mDarkModeDialogBgMaxL= 27.0, mDarkModeForegroundMinL= 100.0, mOplusConfigType= 1, mOplusChangedConfigs= 0, OpSans= -1, mBurmeseFontFlag= 2, mFlag= 0, mFlexibleActivitySuitable= -1, mPuttDisplayFlag= -1}
2026-02-23 17:38:05.391  2028  2687 I WindowManager: Window{3db6c72 u0 com.whatsapp/com.whatsapp.home.ui.HomeActivity} state from COMMIT_DRAW_PENDING to READY_TO_SHOW; reason: commitFinishDrawingLocked
2026-02-23 17:38:05.391  2028  2687 D OplusAppQuickStart_AppQuickStartController: onFirstWindowDrawn ar=ActivityRecord{57b2c37 u0 com.whatsapp/.home.ui.HomeActivity t742}
2026-02-23 17:38:05.391  2028  2687 D ActivityTaskManager: Clearing startingData for activity=ActivityRecord{57b2c37 u0 com.whatsapp/.home.ui.HomeActivity t742} mStartingData=null mStartingSurface=null
2026-02-23 17:38:05.393  2028  2687 D ActivityTaskManager: commitVisibility: ActivityRecord{57b2c37 u0 com.whatsapp/.home.ui.HomeActivity t742}: visible=true visibleRequested=true, isInTransition=true, runningAnimation=true 
2026-02-23 17:38:05.393  2028  2687 D OplusAppQuickStart_AppQuickStartController: onFirstWindowDrawn ar=ActivityRecord{57b2c37 u0 com.whatsapp/.home.ui.HomeActivity t742}
2026-02-23 17:38:05.393  2028  2687 D ActivityTaskManager: Clearing startingData for activity=ActivityRecord{57b2c37 u0 com.whatsapp/.home.ui.HomeActivity t742} mStartingData=null mStartingSurface=null
2026-02-23 17:38:05.393  2028  2687 I WindowManager: Window{3db6c72 u0 com.whatsapp/com.whatsapp.home.ui.HomeActivity} state from READY_TO_SHOW to HAS_DRAWN; reason: performShowLocked
2026-02-23 17:38:05.394  2028  2687 D Transition: collectOrderChanges onTopTasksEnd: [Task{4c84f0d #742 type=standard A=10276:com.whatsapp}], reportedOnTop:null, mOnTopTasksStart: [Task{4c84f0d #742 type=standard A=10276:com.whatsapp}], TDA child: [Task{9ee008 #2 type=undefined}, Task{5860b53 #732 type=standard A=10490:com.application.zomato}, Task{fc6b453 #745 type=standard A=10260:com.google.android.apps.docs}, Task{5364a4d #738 type=standard A=10419:com.instagram.android}, Task{5b91acc #1 type=home}, Task{519e85d #749 type=standard A=10485:com.jarvis}, Task{4c84f0d #742 type=standard A=10276:com.whatsapp}]
2026-02-23 17:38:05.395  2028  2687 D OplusFlexibleActivityTransitionManager: fixTransitType type result:2, targets: [ActivityRecord{91c484f u0 com.whatsapp/.Conversation t742 f}}, ActivityRecord{57b2c37 u0 com.whatsapp/.home.ui.HomeActivity t742}]
2026-02-23 17:38:05.398  2028  2687 D OplusTransitionController: onTransactionReady, transition: 10155, 
2026-02-23 17:38:05.398  2028  2687 D OplusTransitionController:  info: {id=10155 t=CLOSE f=0x0 trk=0 opt={t=FROM_STYLE} r=[0@Point(0, 0)] c=[{null m=CLOSE f=FILLS_TASK leash=Surface(name=ActivityRecord{91c484f u0 com.whatsapp/.Conversation t742})/@0xa59ce81 sb=Rect(0, 0 - 1080, 2400) eb=Rect(0, 0 - 1080, 2400) d=0 bc=ff303030 component=com.whatsapp/.Conversation},{null m=TO_FRONT f=FILLS_TASK leash=Surface(name=ActivityRecord{57b2c37 u0 com.whatsapp/.home.ui.HomeActivity t742})/@0x788fdd5 sb=Rect(0, 0 - 1080, 2400) eb=Rect(0, 0 - 1080, 2400) d=0 bc=ff303030 component=com.whatsapp/.home.ui.HomeActivity}] extendInfo=[OplusTransitionExtendedInfo{mTmpFinishT=null, mInOplusCompatMode=false, mIsProcessRunning=false, mHasMismatchBoundsTarget=false, mRecentsController=null, mIsTranslucentActivityToHome=false, mAvoidInterceptKeyEventToHome=false, mIsFromHome=false, mParentLeash=null, mIsOplusAnimRes=false, mIsFromOverlay=false, mIsBalAllow=false, mTaskNotInRecent=false, mIsLaunchFromSpruce=false, mIsLaunchFromDrive=false, mAssistScreenShowing=false, mUserIdTransition=-1, mInRemoteScene=false, mInPreReady=false, mPreStart=false, mToken=null, mShellApplyToken=null, mRequestTransitionTaskId=-1, mAbortTransitionOnShell=0, mTransitionId=10155, mSkipRemoteTransitionfalse, mAnimStartingPosition=[0, 0, 0, 0], mIsOpeningStkDialogActivity=false}]}, 
2026-02-23 17:38:05.398  2028  2687 D OplusTransitionController:  targets : [ActivityRecord{91c484f u0 com.whatsapp/.Conversation t742 f}}, ActivityRecord{57b2c37 u0 com.whatsapp/.home.ui.HomeActivity t742}], 
2026-02-23 17:38:05.398  2028  2687 D OplusTransitionController:  participants: {ActivityRecord{57b2c37 u0 com.whatsapp/.home.ui.HomeActivity t742}, ActivityRecord{91c484f u0 com.whatsapp/.Conversation t742 f}}}, 
2026-02-23 17:38:05.398  2028  2687 D OplusTransitionController:  playings:[TransitionRecord{832faef id=10155 track=0 type=CLOSE flags=0x0 state=2}]
2026-02-23 17:38:05.402  3826  3836 V WindowManagerShell: onTransitionReady(transaction=8710194599275)
2026-02-23 17:38:05.402  3826  3884 V WindowManagerShell: onTransitionReady (#10155) android.os.BinderProxy@7374bfb: {id=10155 t=CLOSE f=0x0 trk=0 opt={t=FROM_STYLE} r=[0@Point(0, 0)] c=[{null m=CLOSE f=FILLS_TASK leash=Surface(name=ActivityRecord{91c484f u0 com.whatsapp/.Conversation t742})/@0xad40418 sb=Rect(0, 0 - 1080, 2400) eb=Rect(0, 0 - 1080, 2400) d=0 bc=ff303030 component=com.whatsapp/.Conversation},{null m=TO_FRONT f=FILLS_TASK leash=Surface(name=ActivityRecord{57b2c37 u0 com.whatsapp/.home.ui.HomeActivity t742})/@0x8153e71 sb=Rect(0, 0 - 1080, 2400) eb=Rect(0, 0 - 1080, 2400) d=0 bc=ff303030 component=com.whatsapp/.home.ui.HomeActivity}] extendInfo=[OplusTransitionExtendedInfo{mTmpFinishT=null, mInOplusCompatMode=false, mIsProcessRunning=false, mHasMismatchBoundsTarget=false, mRecentsController=null, mIsTranslucentActivityToHome=false, mAvoidInterceptKeyEventToHome=false, mIsFromHome=false, mParentLeash=null, mIsOplusAnimRes=false, mIsFromOverlay=false, mIsBalAllow=false, mTaskNotInRecent=false, mIsLaunchFromSpruce=false, mIsLaunchFromDrive=false, mAssistScreenShowing=false, mUserIdTransition=-1, mInRemoteScene=false, mInPreReady=false, mPreStart=false, mToken=null, mShellApplyToken=null, mRequestTransitionTaskId=-1, mAbortTransitionOnShell=0, mTransitionId=10155, mSkipRemoteTransitionfalse, mAnimStartingPosition=[0, 0, 0, 0], mIsOpeningStkDialogActivity=false}]}
2026-02-23 17:38:05.403  3826  3884 V WindowManagerShell: Playing animation for (#10155) android.os.BinderProxy@7374bfb@0
2026-02-23 17:38:05.403  3826  3884 V WindowManagerShell:  try handler com.android.wm.shell.transition.DefaultMixedHandler@334d5ec
2026-02-23 17:38:05.403  3826  3884 V WindowManagerShell:  try handler com.android.wm.shell.keyguard.KeyguardTransitionHandler@7352db5
2026-02-23 17:38:05.403  3826  3884 V WindowManagerShell:  try handler com.android.wm.shell.activityembedding.ActivityEmbeddingController@a44e805
2026-02-23 17:38:05.403  3826  3884 V WindowManagerShell:  try handler com.android.wm.shell.recents.RecentsTransitionHandler@6e6805a
2026-02-23 17:38:05.403  3826  3884 V ShellRecents: RecentsTransitionHandler.startAnimation: no controller found
2026-02-23 17:38:05.404  3826  3884 V WindowManagerShell:  try handler com.oplus.zoom.transition.ZoomTransitionController@adc428b
2026-02-23 17:38:05.404  3826  3884 V WindowManagerShell:  try handler com.android.wm.shell.pip.PipTransition@e90df68
2026-02-23 17:38:05.404  3826  3884 V WindowManagerShell:  try handler com.android.wm.shell.splitscreen.StageCoordinator@a30ff81
2026-02-23 17:38:05.404  3826  3884 V WindowManagerShell:  try handler com.oplus.flexibleactivity.FlexibleActivityTransitionHandler@37c4826
2026-02-23 17:38:05.404  3826  3884 V WindowManagerShell:  try handler com.android.wm.shell.flexiblewindow.FlexibleWindowTransitionHandler@d4a7c67
2026-02-23 17:38:05.404  3826  3884 V WindowManagerShell:  try handler OnePuttTransitionHandler
2026-02-23 17:38:05.404  3826  3884 V WindowManagerShell:  try handler com.android.wm.shell.flexibletask.FlexibleTaskTransitionHandler@8787803
2026-02-23 17:38:05.405  3826  3884 V WindowManagerShell:  try handler com.android.wm.shell.transition.RemoteTransitionHandler@f9219f0
2026-02-23 17:38:05.405  3826  3884 V WindowManagerShell: Transition doesn't have explicit remote, search filters for match for {id=10155 t=CLOSE f=0x0 trk=0 opt={t=FROM_STYLE} r=[0@Point(0, 0)] c=[{null m=CLOSE f=FILLS_TASK leash=Surface(name=ActivityRecord{91c484f u0 com.whatsapp/.Conversation t742})/@0xad40418 sb=Rect(0, 0 - 1080, 2400) eb=Rect(0, 0 - 1080, 2400) d=0 bc=ff303030 component=com.whatsapp/.Conversation},{null m=TO_FRONT f=FILLS_TASK leash=Surface(name=ActivityRecord{57b2c37 u0 com.whatsapp/.home.ui.HomeActivity t742})/@0x8153e71 sb=Rect(0, 0 - 1080, 2400) eb=Rect(0, 0 - 1080, 2400) d=0 bc=ff303030 component=com.whatsapp/.home.ui.HomeActivity}] extendInfo=[OplusTransitionExtendedInfo{mTmpFinishT=null, mInOplusCompatMode=false, mIsProcessRunning=false, mHasMismatchBoundsTarget=false, mRecentsController=null, mIsTranslucentActivityToHome=false, mAvoidInterceptKeyEventToHome=false, mIsFromHome=false, mParentLeash=null, mIsOplusAnimRes=false, mIsFromOverlay=false, mIsBalAllow=false, mTaskNotInRecent=false, mIsLaunchFromSpruce=false, mIsLaunchFromDrive=false, mAssistScreenShowing=false, mUserIdTransition=-1, mInRemoteScene=false, mInPreReady=false, mPreStart=false, mToken=null, mShellApplyToken=null, mRequestTransitionTaskId=-1, mAbortTransitionOnShell=0, mTransitionId=10155, mSkipRemoteTransitionfalse, mAnimStartingPosition=[0, 0, 0, 0], mIsOpeningStkDialogActivity=false}]}
2026-02-23 17:38:05.405  3826  3884 V WindowManagerShell:  Checking filter Pair{{types=[] flags=0x0] notFlags=0x100 checks=[{atype=home independent=true modes=[OPEN,TO_FRONT] flags=NONE mustBeTask=false order=TOP topActivity=ComponentInfo{com.android.launcher/com.android.launcher.Launcher} launchCookie=null},{atype=standard independent=true modes=[CLOSE,TO_BACK] flags=NONE mustBeTask=false order=ANY topActivity=null launchCookie=null}]} RemoteTransition { remoteTransition = android.window.IRemoteTransition$Stub$Proxy@d0c6b88, recentAnimRunner = null, appThread = android.app.IApplicationThread$Stub$Proxy@a3d6921, debugName = QuickstepLaunchHome }}
2026-02-23 17:38:05.405  3826  3884 V WindowManagerShell:  Delegate animation for (#10155) to null
2026-02-23 17:38:05.405  3826  3884 V WindowManagerShell:  try handler com.android.wm.shell.transition.DefaultTransitionHandler@52e3380
2026-02-23 17:38:05.405  3826  3884 V WindowManagerShell: start default transition animation, info = {id=10155 t=CLOSE f=0x0 trk=0 opt={t=FROM_STYLE} r=[0@Point(0, 0)] c=[{null m=CLOSE f=FILLS_TASK leash=Surface(name=ActivityRecord{91c484f u0 com.whatsapp/.Conversation t742})/@0xad40418 sb=Rect(0, 0 - 1080, 2400) eb=Rect(0, 0 - 1080, 2400) d=0 bc=ff303030 component=com.whatsapp/.Conversation},{null m=TO_FRONT f=FILLS_TASK leash=Surface(name=ActivityRecord{57b2c37 u0 com.whatsapp/.home.ui.HomeActivity t742})/@0x8153e71 sb=Rect(0, 0 - 1080, 2400) eb=Rect(0, 0 - 1080, 2400) d=0 bc=ff303030 component=com.whatsapp/.home.ui.HomeActivity}] extendInfo=[OplusTransitionExtendedInfo{mTmpFinishT=null, mInOplusCompatMode=false, mIsProcessRunning=false, mHasMismatchBoundsTarget=false, mRecentsController=null, mIsTranslucentActivityToHome=false, mAvoidInterceptKeyEventToHome=false, mIsFromHome=false, mParentLeash=null, mIsOplusAnimRes=false, mIsFromOverlay=false, mIsBalAllow=false, mTaskNotInRecent=false, mIsLaunchFromSpruce=false, mIsLaunchFromDrive=false, mAssistScreenShowing=false, mUserIdTransition=-1, mInRemoteScene=false, mInPreReady=false, mPreStart=false, mToken=null, mShellApplyToken=null, mRequestTransitionTaskId=-1, mAbortTransitionOnShell=0, mTransitionId=10155, mSkipRemoteTransitionfalse, mAnimStartingPosition=[0, 0, 0, 0], mIsOpeningStkDialogActivity=false}]}
2026-02-23 17:38:05.406  2028  2679 V WindowManager: Sent Transition (#10155) createdAt=02-23 17:38:05.256 via request=TransitionRequestInfo { type = CLOSE, triggerTask = null, pipTask = null, remoteTransition = null, displayChange = null, flags = 0, debugId = 10155 }
2026-02-23 17:38:05.406  2028  2679 V WindowManager:     startWCT=WindowContainerTransaction { changes = {} hops = [] errorCallbackToken=null taskFragmentOrganizer=null }
2026-02-23 17:38:05.408  2028  5007 D WindowManagerServiceExtImpl: extractConfigInfoAndRealFlags rotation=0, screenDp=360, residentWS:0, win=Window{22b7e37 u0 InputMethod}
2026-02-23 17:38:05.408  2028  5007 V WindowManager: Relayout Window{22b7e37 u0 InputMethod}: viewVisibility=8, oldvis=0, req=1080x2293, vsysui=
2026-02-23 17:38:05.409  2028  5007 I WindowManager: Window{22b7e37 u0 InputMethod} state from HAS_DRAWN to NO_SURFACE; reason: destroySurface
2026-02-23 17:38:05.415  3826  3884 V WindowManagerShell:  animated by com.android.wm.shell.transition.DefaultTransitionHandler@52e3380
2026-02-23 17:38:05.418  3826  3826 W VRI[StatusBar]: handleResized abandoned!
2026-02-23 17:38:05.418  3826  3826 W VRI[NavigationBar_displayId_0]: handleResized abandoned!
2026-02-23 17:38:05.418  2028  5007 D WindowManager: NFW_findFocusedWindowIfNeeded:Window{3db6c72 u0 com.whatsapp/com.whatsapp.home.ui.HomeActivity} mCurrentFocus:Window{3db6c72 u0 com.whatsapp/com.whatsapp.home.ui.HomeActivity}
2026-02-23 17:38:05.418  3826  4092 W VRI[ScreenDecorOverlay]: handleResized abandoned!
2026-02-23 17:38:05.419  3826  4092 W VRI[ScreenDecorOverlayBottom]: handleResized abandoned!
2026-02-23 17:38:05.419  3826  4092 W VRI[OplusPrivacyIconTopRight]: handleResized abandoned!
2026-02-23 17:38:05.419  3826  4190 W VRI[ColorSideGestureRight_displayId_0]: handleResized abandoned!
2026-02-23 17:38:05.422  2028  5007 I BLASTSyncEngine: onCommitted syncId: 10155, timeout: falseran: false
2026-02-23 17:38:05.423  2028  2679 V WindowManager:     info={id=10155 t=CLOSE f=0x0 trk=0 opt={t=FROM_STYLE} r=[0@Point(0, 0)] c=[
2026-02-23 17:38:05.423  2028  2679 V WindowManager:         {null m=CLOSE f=FILLS_TASK leash=Surface(name=ActivityRecord{91c484f u0 com.whatsapp/.Conversation t742})/@0xa59ce81 sb=Rect(0, 0 - 1080, 2400) eb=Rect(0, 0 - 1080, 2400) d=0 bc=ff303030 component=com.whatsapp/.Conversation},
2026-02-23 17:38:05.423  2028  2679 V WindowManager:         {null m=TO_FRONT f=FILLS_TASK leash=Surface(name=ActivityRecord{57b2c37 u0 com.whatsapp/.home.ui.HomeActivity t742})/@0x788fdd5 sb=Rect(0, 0 - 1080, 2400) eb=Rect(0, 0 - 1080, 2400) d=0 bc=ff303030 component=com.whatsapp/.home.ui.HomeActivity}
2026-02-23 17:38:05.423  2028  2679 V WindowManager:     ] extendInfo=[OplusTransitionExtendedInfo{mTmpFinishT=null, mInOplusCompatMode=false, mIsProcessRunning=false, mHasMismatchBoundsTarget=false, mRecentsController=null, mIsTranslucentActivityToHome=false, mAvoidInterceptKeyEventToHome=false, mIsFromHome=false, mParentLeash=null, mIsOplusAnimRes=false, mIsFromOverlay=false, mIsBalAllow=false, mTaskNotInRecent=false, mIsLaunchFromSpruce=false, mIsLaunchFromDrive=false, mAssistScreenShowing=false, mUserIdTransition=-1, mInRemoteScene=false, mInPreReady=false, mPreStart=false, mToken=null, mShellApplyToken=null, mRequestTransitionTaskId=-1, mAbortTransitionOnShell=0, mTransitionId=10155, mSkipRemoteTransitionfalse, mAnimStartingPosition=[0, 0, 0, 0], mIsOpeningStkDialogActivity=false}]}
2026-02-23 17:38:05.449  2028  3880 W UserManagerService: Requested status bar icon for non-badged user 0
2026-02-23 17:38:05.450  3826  3826 W VRI[StatusBar]: handleResized abandoned!
2026-02-23 17:38:05.450  3826  3826 W VRI[NavigationBar_displayId_0]: handleResized abandoned!
2026-02-23 17:38:05.451  3826  4092 W VRI[ScreenDecorOverlay]: handleResized abandoned!
2026-02-23 17:38:05.451  3826  4092 W VRI[ScreenDecorOverlayBottom]: handleResized abandoned!
2026-02-23 17:38:05.451  3826  4092 W VRI[OplusPrivacyIconTopRight]: handleResized abandoned!
2026-02-23 17:38:05.457  2028  7231 V WindowManager: Relayout Window{11634da u0 ColorSideGestureRight_displayId_0}: viewVisibility=8, oldvis=0, req=115x2713, vsysui=
2026-02-23 17:38:05.458  2028  7231 I WindowManager: Window{11634da u0 ColorSideGestureRight_displayId_0} state from HAS_DRAWN to NO_SURFACE; reason: destroySurface
2026-02-23 17:38:05.463  2028  7231 D WindowManager: NFW_findFocusedWindowIfNeeded:Window{3db6c72 u0 com.whatsapp/com.whatsapp.home.ui.HomeActivity} mCurrentFocus:Window{3db6c72 u0 com.whatsapp/com.whatsapp.home.ui.HomeActivity}
2026-02-23 17:38:05.463 26670 26670 W VRI[HomeActivity]: handleResized abandoned!
2026-02-23 17:38:05.467  3826  4190 W VRI[ColorSideGestureRight_displayId_0]: handleResized abandoned!
