--------- beginning of main
02-23 12:56:54.365  7113 18812 D ModernMediaScanner: Skipping preVisitDirectory /storage/emulated/0/Android/media/com.whatsapp/WhatsApp/Media/WhatsApp Video/Private
02-23 12:56:54.556  7113 18812 D ModernMediaScanner: Skipping preVisitDirectory /storage/emulated/0/Android/media/com.whatsapp/WhatsApp/Media/WhatsApp Images/Sent
02-23 12:56:54.557  7113 18812 D ModernMediaScanner: Skipping preVisitDirectory /storage/emulated/0/Android/media/com.whatsapp/WhatsApp/Media/WhatsApp Images/Private
02-23 12:56:54.590 26670 26740 E msys    : E[ADNSUCTIMH WCIFile]_WCIFileLog(140)=>Failed to open file filepath = /data/app/~~LJCb1uj87Qz8Gl4bQqH20A==/com.whatsapp-Aji45iEKpKExEFbESsQZdQ==/lib/arm64/libsuperpack.so posixErrorCode = 2 error No such file or directory
02-23 12:56:54.590 26670 26740 E msys    : E[ADNSUCTIMH WAJIntegrityHashUtils]_WAJIntegrityHashCreateFileSHABase64EncodedData(34)=>couldn't read file
02-23 12:56:54.616  9129  9129 D BoundBrokerSvc: onRebind: Intent { act=com.google.android.gms.libs.gmscorelogger.service.START dat=chimera-action:/... cmp=com.google.android.gms/.chimera.PersistentDirectBootAwareApiService mCallingUid=10108 }
02-23 12:56:54.678  7113 13930 W MediaProvider: isAppCloneUserPair for user 0: false
02-23 12:56:54.687  7097  7207 I ContextAware_DaemonObserver: onChangeImpl, wait together. [Metis|com.oplus.metis|1.4.54-aa2067f]
02-23 12:56:54.687  7097 26782 I ContextAware_DailyStatisticsRecorder: Increase context change count: dmp_change_count, value: 1
02-23 12:56:54.714  7113 20585 W MediaProvider: isAppCloneUserPair for user 0: false
02-23 12:56:54.723  7097  7207 I ContextAware_DaemonObserver: onChangeImpl, wait together. [Metis|com.oplus.metis|1.4.54-aa2067f]
02-23 12:56:54.723  7097 26796 I ContextAware_DailyStatisticsRecorder: Increase context change count: dmp_change_count, value: 1
02-23 12:56:54.724  9129  9187 I UriTaskContentObserver: (REDACTED) Throttling content uri change event for %s
02-23 12:56:54.748 26670 26812 E msys    : E[N mns]MNSHTTPClientCreateWithThreadName(179)=>AESCE: MBEDTLS_AESCE_C is NOT enabled.
02-23 12:56:54.750 26670 26812 E QPLProvider: QuickPerformanceLogger instance wasn't installed in provider, returning noop. Please call QuickPerformanceLoggerProvider.setQuickPerformanceLogger() before getting the instance.
02-23 12:56:54.750 26670 26812 E QPLProvider: java.lang.IllegalStateException: No QPL instance provided
02-23 12:56:54.750 26670 26812 E QPLProvider: 	at X.0A7.A00(:8)
02-23 12:56:54.750 26670 26812 E QPLProvider: 	at com.facebook.quicklog.QuickPerformanceLoggerNativeProvider.getQPLInstance(:0)
02-23 12:56:54.750 26670 26812 E QPLProvider: 	at com.crossapp.tigonhttp.TigonHttpClient$TigonHttpClientServiceHolder.initHybrid(Native Method)
02-23 12:56:54.750 26670 26812 E QPLProvider: 	at com.crossapp.tigonhttp.TigonHttpClient$TigonHttpClientServiceHolder.<init>(:17)
02-23 12:56:54.750 26670 26812 E QPLProvider: 	at X.IZ6.<init>(:27)
02-23 12:56:54.750 26670 26812 E QPLProvider: 	at X.IKE.A00(:214)
02-23 12:56:54.750 26670 26812 E QPLProvider: 	at X.JMg.invoke(:438)
02-23 12:56:54.750 26670 26812 E QPLProvider: 	at X.00k.getValue(:18)
02-23 12:56:54.750 26670 26812 E QPLProvider: 	at X.ISz.A00(:6)
02-23 12:56:54.750 26670 26812 E QPLProvider: 	at X.81W.invokeSuspend(:224)
02-23 12:56:54.750 26670 26812 E QPLProvider: 	at X.0fV.resumeWith(:8)
02-23 12:56:54.750 26670 26812 E QPLProvider: 	at X.0g7.run(:89)
02-23 12:56:54.750 26670 26812 E QPLProvider: 	at X.0gy.A06(:39)
02-23 12:56:54.750 26670 26812 E QPLProvider: 	at X.1WO.A12(:30)
02-23 12:56:54.750 26670 26812 E QPLProvider: 	at X.1WM.A00(:36)
02-23 12:56:54.750 26670 26812 E QPLProvider: 	at X.1ZU.A0f(:4)
02-23 12:56:54.750 26670 26812 E QPLProvider: 	at X.ISz.A01(:14)
02-23 12:56:54.750 26670 26812 E QPLProvider: 	at X.0bm.A01(:1087)
02-23 12:56:54.750 26670 26812 E QPLProvider: 	at X.7Nb.A00(:9)
02-23 12:56:54.750 26670 26812 E QPLProvider: 	at X.7hz.Bvf(:2051)
02-23 12:56:54.750 26670 26812 E QPLProvider: 	at X.6z7.A00(:13)
02-23 12:56:54.750 26670 26812 E QPLProvider: 	at X.6Ht.A0F(:1421)
02-23 12:56:54.750 26670 26812 E QPLProvider: 	at X.7xN.call(:133)
02-23 12:56:54.750 26670 26812 E QPLProvider: 	at java.util.concurrent.FutureTask.run(FutureTask.java:317)
02-23 12:56:54.750 26670 26812 E QPLProvider: 	at X.6Hu.run(:2)
02-23 12:56:54.750 26670 26812 E QPLProvider: 	at X.7xB.run(:6)
02-23 12:56:54.750 26670 26812 E QPLProvider: 	at java.util.concurrent.ThreadPoolExecutor.runWorker(ThreadPoolExecutor.java:1154)
02-23 12:56:54.750 26670 26812 E QPLProvider: 	at java.util.concurrent.ThreadPoolExecutor$Worker.run(ThreadPoolExecutor.java:652)
02-23 12:56:54.750 26670 26812 E QPLProvider: 	at X.1Yj.run(:2282)
02-23 12:56:54.750 26670 26812 E QPLProvider: 	at java.lang.Thread.run(Thread.java:1564)
02-23 12:56:54.775  1474 26959 I vendor.qti.bluetooth@1.0-ibs_handler: ProcessIbsCmd: Received IBS_WAKE_IND: 0xFD
02-23 12:56:54.775  1474 26959 D vendor.qti.bluetooth@1.0-ibs_handler: SerialClockVote: vote for UART CLK ON
02-23 12:56:54.776  1474 26959 D vendor.qti.bluetooth@1.0-wake_lock: Acquire wakelock is acquired 
02-23 12:56:54.776  1474 26959 I vendor.qti.bluetooth@1.0-ibs_handler: ProcessIbsCmd: Writing IBS_WAKE_ACK
02-23 12:56:54.778  1545  1663 D vendor.oplus.hardware.charger-V6-service: ret_value:128, read content:,344,344,4221,4221,-102,500,2200,80,83,1,4,-1,4987,83,1,0,1,1,0,0,4425,0,3,0,3,0,0,0,336,0,1,1,0,0,61,61,61,0,0,0,0,0,0,0,0,0,0
02-23 12:56:54.779  1545  1663 D vendor.oplus.hardware.charger-V6-service: gmtime: 2026-02-23-12-56-54
02-23 12:56:54.780  1545  1663 D vendor.oplus.hardware.charger-V6-service: usb_online:1, ac_online:0, wireless_online:-2147483648
02-23 12:56:54.788  4306  4638 D CommonApp-289-10485: transport layer data is invalid
02-23 12:56:54.817  1474 26959 I vendor.qti.bluetooth@1.0-ibs_handler: ProcessIbsCmd: Received IBS_SLEEP_IND: 0xFE
02-23 12:56:54.817  1474 26959 D vendor.qti.bluetooth@1.0-ibs_handler: SerialClockVote: vote for UART CLK OFF
02-23 12:56:54.968  1474 26943 D vendor.qti.bluetooth@1.0-wake_lock: Release wakelock is released 
02-23 12:56:55.037  7113 20591 W MediaProvider: isAppCloneUserPair for user 0: false
02-23 12:56:55.048  7097  7207 I ContextAware_DaemonObserver: onChangeImpl, wait together. [Metis|com.oplus.metis|1.4.54-aa2067f]
02-23 12:56:55.048  7097 26801 I ContextAware_DailyStatisticsRecorder: Increase context change count: dmp_change_count, value: 1
02-23 12:56:55.068  7113 13095 W MediaProvider: isAppCloneUserPair for user 0: false
02-23 12:56:55.087  7097  7207 I ContextAware_DaemonObserver: onChangeImpl, wait together.
02-23 12:56:55.087  7097 26764 I ContextAware_DailyStatisticsRecorder: Increase context change count: dmp_change_count, value: 1
02-23 12:56:55.087  9129  9187 I UriTaskContentObserver: (REDACTED) Throttling content uri change event for %s
02-23 12:56:55.104  7113  6552 W MediaProvider: isAppCloneUserPair for user 0: false
02-23 12:56:55.110  7097  7207 I ContextAware_DaemonObserver: onChangeImpl, wait together. [Metis|com.oplus.metis|1.4.54-aa2067f]
02-23 12:56:55.111  9129  9187 I UriTaskContentObserver: (REDACTED) Throttling content uri change event for %s
02-23 12:56:55.111  7097 26782 I ContextAware_DailyStatisticsRecorder: Increase context change count: dmp_change_count, value: 1
02-23 12:56:55.162  1545  1698 D BatteryChargeControl: bcc get no support from charging protocol
02-23 12:56:55.180 26670 26716 W JobInfo : Job 'com.whatsapp/.infra.crash.upload.ExceptionsUploadService#1' has a deadline with no functional constraints. The deadline won't improve job execution latency. Consider removing the deadline.
02-23 12:56:55.180  2028  7226 W JobInfo : Job 'com.whatsapp/.infra.crash.upload.ExceptionsUploadService#1' has a deadline with no functional constraints. The deadline won't improve job execution latency. Consider removing the deadline.
02-23 12:56:55.222 26670 26670 D BluetoothAdapter: HEADSET connected
02-23 12:56:55.233 26670 26716 W JobInfo : Job 'com.whatsapp/.alarmservice.AlarmService#3' has a deadline with no functional constraints. The deadline won't improve job execution latency. Consider removing the deadline.
02-23 12:56:55.234  2028  3941 W JobInfo : Job 'com.whatsapp/.alarmservice.AlarmService#3' has a deadline with no functional constraints. The deadline won't improve job execution latency. Consider removing the deadline.
02-23 12:56:55.273 26670 26762 W SoLoader: SoLoader already initialized
02-23 12:56:55.280 26670 26762 D nativeloader: Load /data/data/com.whatsapp/files/decompressed/libs.spo/libfbsocketthreadlocalscope.so using class loader ns clns-7 (caller=/data/app/~~LJCb1uj87Qz8Gl4bQqH20A==/com.whatsapp-Aji45iEKpKExEFbESsQZdQ==/base.apk): ok
02-23 12:56:55.288  2028  3873 I Osense-BaseDecisionMaker: notifySceneToAthenaPolicy: SCENE_RES_IO_PSI, bundle: Bundle[{ioLevel=3}]
02-23 12:56:55.288  2028  3873 I Osense-BaseDecisionMaker: OSense not supported scene! SCENE_RES_IO_PSI
02-23 12:56:55.290 26670 26762 D nativeloader: Load /data/data/com.whatsapp/files/decompressed/libs.spo/libfb_sqlite_3500300.so using class loader ns clns-7 (caller=/data/app/~~LJCb1uj87Qz8Gl4bQqH20A==/com.whatsapp-Aji45iEKpKExEFbESsQZdQ==/base.apk): ok
02-23 12:56:55.299 26670 26730 E msys    : E[N mns]_OnDiskCacheGetData(632)=>Start post callback cache refresh DNS resolution
02-23 12:56:55.299 26670 26730 E msys    : E[ADNSUCTIMH WAJMNSDNSResolver]_MNSDNSResolutionSuccess(35)=>[LogLevel:I] DNS Resolution Successful with 4 IPs, Persistent Cache Hit: 1, secondary resolver used: 0
02-23 12:56:55.299 26670 26730 E msys    : E[ADNSUCTIMH WAJMNSDNSResolver]_MNSDNSResolutionSuccess(55)=>[LogLevel:I] Resolved IP Address: 95.216.192.15
02-23 12:56:55.299 26670 26730 E msys    : E[ADNSUCTIMH WAJMNSDNSResolver]_MNSDNSResolutionSuccess(55)=>[LogLevel:I] Resolved IP Address: 40.81.94.65
02-23 12:56:55.299 26670 26730 E msys    : E[ADNSUCTIMH WAJMNSDNSResolver]_MNSDNSResolutionSuccess(55)=>[LogLevel:I] Resolved IP Address: 103.136.36.100
02-23 12:56:55.299 26670 26730 E msys    : E[ADNSUCTIMH WAJMNSDNSResolver]_MNSDNSResolutionSuccess(55)=>[LogLevel:I] Resolved IP Address: 3.6.43.90
02-23 12:56:55.303  1495 11693 I WifiHAL : event received NL80211_CMD_VENDOR, vendor_id = 0x1374, subcmd = 0xd
02-23 12:56:55.306 26670 26762 D nativeloader: Load /data/data/com.whatsapp/files/decompressed/libs.spo/libffsingletonmerged.so using class loader ns clns-7 (caller=/data/app/~~LJCb1uj87Qz8Gl4bQqH20A==/com.whatsapp-Aji45iEKpKExEFbESsQZdQ==/base.apk): ok
02-23 12:56:55.306 26670 26762 D EndToEnd-Test: init false
02-23 12:56:55.306 26670 26762 D EndToEnd-Test: isDebugBuild: false isPerfTestBuild: false isE2EBuild: false isInternalBuild: true isSapienzBuild: false isLionheadBuild: false
02-23 12:56:55.306 26670 26762 D EndToEnd-Test: loadE2EConfig context == null => false
02-23 12:56:55.306 26670 26762 D EndToEnd-Test: loadE2EConfig Build.VERSION.SDK_INT, Build.VERSION_CODES.R: 35, 30
02-23 12:56:55.307 26670 26762 D EndToEnd-Test: loadE2EConfig context.getFilesDir(): /data/user/0/com.whatsapp/files
02-23 12:56:55.307 26670 26762 D EndToEnd-Test: loadE2EConfig checking file path: e2e/config.json, false
02-23 12:56:55.307 26670 26762 D EndToEnd-Test: loadE2EConfig checking file path: config.json, false
02-23 12:56:55.307 26670 26762 W EndToEnd-Test: Cannot find E2E config file `/data/user/0/com.whatsapp/files/config.json`.
02-23 12:56:55.307 26670 26762 I EndToEnd-Test: Will write QPL markers to /data/user/0/com.whatsapp/files/e2e/qpl.txt
02-23 12:56:55.320  7113 25595 W MediaProvider: isAppCloneUserPair for user 0: false
02-23 12:56:55.326  2028  3514 D WifiStaIfaceHidlImpl: getCachedScanData is not implemented by HIDL
02-23 12:56:55.332  7097  7207 I ContextAware_DaemonObserver: onChangeImpl, wait together. [Metis|com.oplus.metis|1.4.54-aa2067f]
02-23 12:56:55.333  7097 26796 I ContextAware_DailyStatisticsRecorder: Increase context change count: dmp_change_count, value: 1
02-23 12:56:55.336  4441  4441 D VendorWifiService: onEvent event:9,action:1
02-23 12:56:55.350  7113  7684 W MediaProvider: isAppCloneUserPair for user 0: false
02-23 12:56:55.365  7097  7207 I ContextAware_DaemonObserver: onChangeImpl, wait together.
02-23 12:56:55.365  7097 26801 I ContextAware_DailyStatisticsRecorder: Increase context change count: dmp_change_count, value: 1
02-23 12:56:55.366  9129  9187 I UriTaskContentObserver: (REDACTED) Throttling content uri change event for %s
02-23 12:56:55.383  7113  7684 I MediaProvider: Deleted 1 0 0 0 0 0 0 items on external_primary due to com.whatsapp
02-23 12:56:55.385  7097  7207 I ContextAware_DaemonObserver: onChangeImpl, wait together.
02-23 12:56:55.385  9129  9187 I UriTaskContentObserver: (REDACTED) Throttling content uri change event for %s
02-23 12:56:55.386  7097 26764 I ContextAware_DailyStatisticsRecorder: Increase context change count: dmp_change_count, value: 1
02-23 12:56:55.497  1579 26441 D AudioPolicyService: updateUidStates_l() current->uid=10485 current->pid=22025 allowCapture=1 UidState=2 apmStat=2
02-23 12:56:55.497  1579 26441 D AudioPolicyService: updateUidStates_l() current->uid=10485 current->pid=22025 allowCapture=1 UidState=2 apmStat=2
02-23 12:56:55.498  1318 24921 E TetherController: property_get sys.radio.data.modem_share_flag return 0, 1!
02-23 12:56:55.574  7113  6591 W MediaProvider: isAppCloneUserPair for user 0: false
02-23 12:56:55.584  7097  7207 I ContextAware_DaemonObserver: onChangeImpl, wait together. [Metis|com.oplus.metis|1.4.54-aa2067f]
02-23 12:56:55.584  7097 26782 I ContextAware_DailyStatisticsRecorder: Increase context change count: dmp_change_count, value: 1
02-23 12:56:55.609  7113  6552 W MediaProvider: isAppCloneUserPair for user 0: false
02-23 12:56:55.623  7097  7207 I ContextAware_DaemonObserver: onChangeImpl, wait together. [Metis|com.oplus.metis|1.4.54-aa2067f]
02-23 12:56:55.624  7097 26796 I ContextAware_DailyStatisticsRecorder: Increase context change count: dmp_change_count, value: 1
02-23 12:56:55.624  9129  9187 I UriTaskContentObserver: (REDACTED) Throttling content uri change event for %s
02-23 12:56:55.646  7113 20591 W MediaProvider: isAppCloneUserPair for user 0: false
02-23 12:56:55.655 26670 26677 W System  : A resource failed to call ZipFile.close. 
02-23 12:56:55.655  7097  7207 I ContextAware_DaemonObserver: onChangeImpl, wait together.
02-23 12:56:55.656  7097 26801 I ContextAware_DailyStatisticsRecorder: Increase context change count: dmp_change_count, value: 1
02-23 12:56:55.656  9129  9187 I UriTaskContentObserver: (REDACTED) Throttling content uri change event for %s
02-23 12:56:55.812  4306  4638 D CommonApp-289-10485: transport layer data is invalid
02-23 12:56:55.855 26670 26730 E msys    : E[N mns]_OnSystemDNSSuccessCallback(340)=>Cache refresh succeeded with system DNS resolver. IP count: 4
02-23 12:56:55.877 26670 26840 W OplusExSystemServiceHelper: checkOplusExSystemService intent getComponent is null
02-23 12:56:55.884 26670 26670 D Remote Service: Service Connected
02-23 12:56:55.994  7113 20591 W MediaProvider: isAppCloneUserPair for user 0: false
02-23 12:56:56.002  7097  7207 I ContextAware_DaemonObserver: onChangeImpl, wait together. [Metis|com.oplus.metis|1.4.54-aa2067f]
02-23 12:56:56.002  7097 26764 I ContextAware_DailyStatisticsRecorder: Increase context change count: dmp_change_count, value: 1
02-23 12:56:56.011  7113 13095 W MediaProvider: isAppCloneUserPair for user 0: false
02-23 12:56:56.021  7097  7207 I ContextAware_DaemonObserver: onChangeImpl, wait together.
02-23 12:56:56.021  7097 26782 I ContextAware_DailyStatisticsRecorder: Increase context change count: dmp_change_count, value: 1
02-23 12:56:56.022  9129  9187 I UriTaskContentObserver: (REDACTED) Throttling content uri change event for %s
02-23 12:56:56.045  1474 26959 I vendor.qti.bluetooth@1.0-ibs_handler: ProcessIbsCmd: Received IBS_WAKE_IND: 0xFD
02-23 12:56:56.045  1474 26959 D vendor.qti.bluetooth@1.0-ibs_handler: SerialClockVote: vote for UART CLK ON
02-23 12:56:56.045  1474 26959 D vendor.qti.bluetooth@1.0-wake_lock: Acquire wakelock is acquired 
02-23 12:56:56.045  1474 26959 I vendor.qti.bluetooth@1.0-ibs_handler: ProcessIbsCmd: Writing IBS_WAKE_ACK
02-23 12:56:56.086  1474 26959 I vendor.qti.bluetooth@1.0-ibs_handler: ProcessIbsCmd: Received IBS_SLEEP_IND: 0xFE
02-23 12:56:56.086  1474 26959 D vendor.qti.bluetooth@1.0-ibs_handler: SerialClockVote: vote for UART CLK OFF
02-23 12:56:56.101  7113  6591 I MediaProvider: Deleted 1 0 0 0 0 0 0 items on external_primary due to com.whatsapp
02-23 12:56:56.103  7097  7207 I ContextAware_DaemonObserver: onChangeImpl, wait together. [Metis|com.oplus.metis|1.4.54-aa2067f]
02-23 12:56:56.104  7097 26796 I ContextAware_DailyStatisticsRecorder: Increase context change count: dmp_change_count, value: 1
02-23 12:56:56.164  1545  1698 D BatteryChargeControl: bcc get no support from charging protocol
02-23 12:56:56.236  1474 26943 D vendor.qti.bluetooth@1.0-wake_lock: Release wakelock is released 
02-23 12:56:56.301  7113 13930 W MediaProvider: isAppCloneUserPair for user 0: false
02-23 12:56:56.313  7097  7207 I ContextAware_DaemonObserver: onChangeImpl, wait together. [Metis|com.oplus.metis|1.4.54-aa2067f]
02-23 12:56:56.314  7097 26801 I ContextAware_DailyStatisticsRecorder: Increase context change count: dmp_change_count, value: 1
02-23 12:56:56.327  7113 18812 D ModernMediaScanner: Skipping preVisitDirectory /storage/emulated/0/Android/media/com.whatsapp/WhatsApp/Media/WhatsApp Documents/Sent
02-23 12:56:56.328  2028  3873 I Osense-BaseDecisionMaker: notifySceneToAthenaPolicy: SCENE_RES_IO_PSI, bundle: Bundle[{ioLevel=3}]
02-23 12:56:56.328  2028  3873 I Osense-BaseDecisionMaker: OSense not supported scene! SCENE_RES_IO_PSI
02-23 12:56:56.328  7113 18812 D ModernMediaScanner: Skipping preVisitDirectory /storage/emulated/0/Android/media/com.whatsapp/WhatsApp/Media/WhatsApp Documents/Private
02-23 12:56:56.331  7113 20591 W MediaProvider: isAppCloneUserPair for user 0: false
02-23 12:56:56.340  9129  9187 I UriTaskContentObserver: (REDACTED) Throttling content uri change event for %s
02-23 12:56:56.342  7097  7207 I ContextAware_DaemonObserver: onChangeImpl, wait together.
02-23 12:56:56.342  7097 26764 I ContextAware_DailyStatisticsRecorder: Increase context change count: dmp_change_count, value: 1
02-23 12:56:56.359  7113 25595 W MediaProvider: isAppCloneUserPair for user 0: false
02-23 12:56:56.366  7097  7207 I ContextAware_DaemonObserver: onChangeImpl, wait together.
02-23 12:56:56.367  7097 26782 I ContextAware_DailyStatisticsRecorder: Increase context change count: dmp_change_count, value: 1
02-23 12:56:56.367  9129  9187 I UriTaskContentObserver: (REDACTED) Throttling content uri change event for %s
02-23 12:56:56.495  7113 18812 D ModernMediaScanner: Skipping preVisitDirectory /storage/emulated/0/Android/media/com.whatsapp/WhatsApp/Media/WallPaper
02-23 12:56:56.497  7113 18812 D ModernMediaScanner: Skipping preVisitDirectory /storage/emulated/0/Android/media/com.whatsapp/WhatsApp/Media/.Links
02-23 12:56:56.498  7113 18812 D ModernMediaScanner: Skipping preVisitDirectory /storage/emulated/0/Android/media/com.whatsapp/WhatsApp/Media/.Statuses
02-23 12:56:56.502  7113 18812 D ModernMediaScanner: Skipping preVisitDirectory /storage/emulated/0/Android/media/com.whatsapp/WhatsApp/Media/WhatsApp Audio/Sent
02-23 12:56:56.503  7113 18812 D ModernMediaScanner: Skipping preVisitDirectory /storage/emulated/0/Android/media/com.whatsapp/WhatsApp/Media/WhatsApp Audio/Private
02-23 12:56:56.506  7113 18812 D ModernMediaScanner: Skipping preVisitDirectory /storage/emulated/0/Android/media/com.whatsapp/WhatsApp/Media/WhatsApp Animated Gifs/Sent
02-23 12:56:56.508  7113 18812 D ModernMediaScanner: Skipping preVisitDirectory /storage/emulated/0/Android/media/com.whatsapp/WhatsApp/Media/WhatsApp Animated Gifs/Private
02-23 12:56:56.510  7113 18812 D ModernMediaScanner: Skipping preVisitDirectory /storage/emulated/0/Android/media/com.whatsapp/WhatsApp/Media/WhatsApp Stickers
02-23 12:56:56.511  7113 18812 D ModernMediaScanner: Skipping preVisitDirectory /storage/emulated/0/Android/media/com.whatsapp/WhatsApp/Media/.Wamo
02-23 12:56:56.512  7113 18812 D ModernMediaScanner: Skipping preVisitDirectory /storage/emulated/0/Android/media/com.whatsapp/WhatsApp/Media/WhatsApp Sticker Packs
02-23 12:56:56.513  7113 18812 D ModernMediaScanner: Skipping preVisitDirectory /storage/emulated/0/Android/media/com.whatsapp/WhatsApp/Media/WhatsApp Backup Excluded Stickers
02-23 12:56:56.514  7113 18812 D ModernMediaScanner: Skipping preVisitDirectory /storage/emulated/0/Android/media/com.whatsapp/WhatsApp/Media/.udDHFY8K4Eqg
02-23 12:56:56.516  7113 18812 D ModernMediaScanner: Skipping preVisitDirectory /storage/emulated/0/Android/media/com.whatsapp/WhatsApp/Media/ AI Media
02-23 12:56:56.517  7113 18812 D ModernMediaScanner: Skipping preVisitDirectory /storage/emulated/0/Android/media/com.whatsapp/WhatsApp/Media/WhatsApp AI Media
02-23 12:56:56.519  7113 18812 D ModernMediaScanner: Skipping preVisitDirectory /storage/emulated/0/Android/media/com.whatsapp/WhatsApp/Media/WhatsApp Bug Report Attachments
02-23 12:56:56.520  7113 18812 D ModernMediaScanner: Skipping preVisitDirectory /storage/emulated/0/Android/media/com.whatsapp/WhatsApp/Media/.wamocache
02-23 12:56:56.612  1545  1545 D vendor.oplus.hardware.charger-V6-service: get_ui_charge_icon_type 0 0 0 0 0
02-23 12:56:56.614  1545  1545 D vendor.oplus.hardware.charger-V6-service: oplus_chg_get_cpa_power 2500 charge_online 1 retention_topic 0
--------- beginning of system
02-23 12:56:56.629  2028  2928 D OplusDisplayBrightnessBroadcastReceiver: onReceive action = android.intent.action.BATTERY_CHANGED , listeners = [com.android.server.display.OplusFeatureHDREnhanceBrightness$PhoneInfoReceiver@780cd78, com.android.server.display.OplusFeatureEdrEnhanceBrightness$PhoneInfoReceiver@3423c51]
02-23 12:56:56.630  4441  4441 D SubsysBroadcastManager: onReceive action:android.intent.action.BATTERY_CHANGED
02-23 12:56:56.634  3826  3826 I SystemUi--Statusbar: BatteryControllerExt-->updateBatteryChangeIntent():broadcast=android.intent.action.BATTERY_CHANGED,level=83,scale=100
02-23 12:56:56.635  3826  3826 I SystemUi--Statusbar: BatteryRepository-->level: 83 -- isSavingMode: false
02-23 12:56:56.637  4291  4291 D DeviceStatisticsService: onReceive: action= android.intent.action.BATTERY_CHANGED
02-23 12:56:56.644  7318  8179 I DeepThinkerSDK: [APP] ClientConnection: getDeepThinkerBridge start
02-23 12:56:56.644  7318  8179 I DeepThinkerSDK: [APP] ClientConnection: getDeepThinkerBridge end
02-23 12:56:56.644  7318  8179 I DeepThinkerSDK: [APP] UserDomainManager: businessId : 401 threshold : 0.6 learnPeriod:30
02-23 12:56:56.645  3013  3013 D CustomLogManagerService: onReceive android.intent.action.BATTERY_CHANGED
02-23 12:56:56.647  7318  8185 E Battery : ChargeProtectionUtils: mCanlendarTmp.isEmpty()!
02-23 12:56:56.648  7318  8179 I DeepThinkerSDK: [APP] UserDomainManager: PerformanceOfLongCharging{probabilityOfLocation=0.0, probabilityOfApps=0.0, probabilityOfTime=0.0, probabilityOfTotal=0.0, duration=0}
02-23 12:56:56.694  1474 26959 I vendor.qti.bluetooth@1.0-ibs_handler: ProcessIbsCmd: Received IBS_WAKE_IND: 0xFD
02-23 12:56:56.694  1474 26959 D vendor.qti.bluetooth@1.0-ibs_handler: SerialClockVote: vote for UART CLK ON
02-23 12:56:56.695  1474 26959 D vendor.qti.bluetooth@1.0-wake_lock: Acquire wakelock is acquired 
02-23 12:56:56.695  1474 26959 I vendor.qti.bluetooth@1.0-ibs_handler: ProcessIbsCmd: Writing IBS_WAKE_ACK
02-23 12:56:56.696 26895 26931 W bluetooth: [hci_layer.cc:617] on_vs_event: Unhandled vendor specific event of type BQR_EVENT(0x58)
02-23 12:56:56.736  1474 26959 I vendor.qti.bluetooth@1.0-ibs_handler: ProcessIbsCmd: Received IBS_SLEEP_IND: 0xFE
02-23 12:56:56.736  1474 26959 D vendor.qti.bluetooth@1.0-ibs_handler: SerialClockVote: vote for UART CLK OFF
02-23 12:56:56.836  4306  4638 D CommonApp-289-10485: transport layer data is invalid
02-23 12:56:56.886  1474 26943 D vendor.qti.bluetooth@1.0-wake_lock: Release wakelock is released 
02-23 12:56:57.165  1545  1698 D BatteryChargeControl: bcc get no support from charging protocol
02-23 12:56:57.304  2028  3880 W JobScheduler: Job didn't exist in JobStore: #com.google.android.apps.nbu.files/38216
02-23 12:56:57.304  1579 26441 D AudioPolicyService: updateUidStates_l() current->uid=10485 current->pid=22025 allowCapture=1 UidState=2 apmStat=2
02-23 12:56:57.307  1318 24921 E TetherController: property_get sys.radio.data.modem_share_flag return 0, 1!
02-23 12:56:57.309  1579 26441 D AudioPolicyService: updateUidStates_l() current->uid=10485 current->pid=22025 allowCapture=1 UidState=2 apmStat=2
02-23 12:56:57.310  1495 11693 I WifiHAL : event received NL80211_CMD_VENDOR, vendor_id = 0x1374, subcmd = 0xd
02-23 12:56:57.310  1474 26959 I vendor.qti.bluetooth@1.0-ibs_handler: ProcessIbsCmd: Received IBS_WAKE_IND: 0xFD
02-23 12:56:57.311  1474 26959 D vendor.qti.bluetooth@1.0-ibs_handler: SerialClockVote: vote for UART CLK ON
02-23 12:56:57.311  1474 26959 D vendor.qti.bluetooth@1.0-wake_lock: Acquire wakelock is acquired 
02-23 12:56:57.311  1474 26959 I vendor.qti.bluetooth@1.0-ibs_handler: ProcessIbsCmd: Writing IBS_WAKE_ACK
02-23 12:56:57.335  2028  3514 D WifiStaIfaceHidlImpl: getCachedScanData is not implemented by HIDL
02-23 12:56:57.342  3826  3940 D WifiStatusTracker: mNetworkCallback onCapabilitiesChanged network:289 mPrimaryNetworkId:289
02-23 12:56:57.343  4441  4441 D VendorWifiService: onEvent event:9,action:1
02-23 12:56:57.345 26670 26670 W JobService: onNetworkChanged() not implemented in androidx.work.impl.background.systemjob.SystemJobService. Must override in a subclass.
02-23 12:56:57.347  4441  4620 D SubsysEventListenerManager: onCapabilitiesChanged
02-23 12:56:57.347  4441  4620 D DataStateTracker: getCurDataChannel, channel:1
02-23 12:56:57.349  3826  4011 D WifiPickerTracker: handleNetworkCapabilitiesChanged network:289
02-23 12:56:57.350  2028  3615 D OplusWifiPower_TriggerCenter: mComponentCallback: wifistat
02-23 12:56:57.352  1474 26959 I vendor.qti.bluetooth@1.0-ibs_handler: ProcessIbsCmd: Received IBS_SLEEP_IND: 0xFE
02-23 12:56:57.352  1474 26959 D vendor.qti.bluetooth@1.0-ibs_handler: SerialClockVote: vote for UART CLK OFF
02-23 12:56:57.353  3826  3940 D WifiStatusTracker: mNetworkCallback onCapabilitiesChanged network:289 mPrimaryNetworkId:289
02-23 12:56:57.355  3826  4011 I WifiPickerTracker: wifi connected status realConnectedWifiEntry not null: true
02-23 12:56:57.362  3826  3940 I SystemUi--Statusbar: NetworkController.WifiSignalController-->handleStatusUpdated state=3 enabled=true connected=true isDefaultNetwork=true rssi=-79 level=2 statusLabel=null isDirty=false
02-23 12:56:57.363  3826  3940 I SystemUi--Statusbar: NetworkController.WifiSignalController-->handleStatusUpdated state=3 enabled=true connected=true isDefaultNetwork=true rssi=-79 level=2 statusLabel=null isDirty=false
02-23 12:56:57.363  3826  3940 I SystemUi--Statusbar: NetworkController.WifiSignalController-->handleStatusUpdated state=3 enabled=true connected=true isDefaultNetwork=true rssi=-79 level=2 statusLabel=null isDirty=false
02-23 12:56:57.366  2028  3615 D SystemNetworkObserver: wifi network 289 nc changed, primary=true
02-23 12:56:57.366  2028  3615 D SystemNetworkObserver: default network nc changed 289
02-23 12:56:57.367  9129  9346 I NullBinder: NullBinder for android.net.action.RECOMMEND_NETWORKS triggering remote TransactionTooLargeException due to Service without Chimera impl, calling uid: 1000, calling pid: 0
02-23 12:56:57.367  9129  9346 W .gms.persistent: Large reply transaction of 2113536 bytes, interface descriptor , code 1
02-23 12:56:57.367  2028  3653 D OplusSlaNetworkManager: isPrimaryWifi:true network:289
02-23 12:56:57.369  2028  3873 I Osense-BaseDecisionMaker: notifySceneToAthenaPolicy: SCENE_RES_IO_PSI, bundle: Bundle[{ioLevel=3}]
02-23 12:56:57.369  2028  3873 I Osense-BaseDecisionMaker: OSense not supported scene! SCENE_RES_IO_PSI
02-23 12:56:57.373 10211 10375 I CardConfig.RxNetworkMonitor: onNetworkStateChange, current:true, last:true
02-23 12:56:57.376  9050  9092 I BugleRcsEngine: handleMessage processing message:[NOTIFY_UPTIME_IGNORE_STATE_CHANGED] with [non-null]:RcsEngineImpl reference [CONTEXT log_prefix="RcsEngineImpl[DUAL_REG]:[84532c06-c402]>Handler" thread_id=759 ]
02-23 12:56:57.379  2028  4304 I OplusHansManager : unfreeze uid: 10288 com.facebook.katana pids: [3734, 5507] reason: FullAsyncBinder scene: LcdOn
02-23 12:56:57.379  2028  4296 I OplusHansManager : uid=10288, pkg=com.facebook.katana F exit(), F stay=68, reason=FullAsyncBinder
02-23 12:56:57.379  2028  4304 I OplusHansManager : forceUnfreezeApp uid= 10288 unfreezeForKernel: FullAsyncBinder false
02-23 12:56:57.380 26670 26750 D WM-NetworkStateTracker: Network capabilities changed: [ Transports: WIFI Capabilities: NOT_METERED&INTERNET&NOT_RESTRICTED&TRUSTED&NOT_VPN&VALIDATED&NOT_ROAMING&FOREGROUND&NOT_CONGESTED&NOT_SUSPENDED&NOT_VCN_MANAGED&NOT_BANDWIDTH_CONSTRAINED LinkUpBandwidth>=5584Kbps LinkDnBandwidth>=22414Kbps TransportInfo: <SSID: <unknown ssid>, BSSID: 02:00:00:00:00:00, MAC: 02:00:00:00:00:00, IP: /192.168.0.100, Security type: 2, Supplicant state: COMPLETED, Wi-Fi standard: 11n, RSSI: -79, Link speed: 9Mbps, Tx Link speed: 9Mbps, Max Supported Tx Link speed: 150Mbps, Rx Link speed: 1Mbps, Max Supported Rx Link speed: 150Mbps, Frequency: 2457MHz, Net ID: -1, Metered hint: false, score: 60, isUsable: true, CarrierMerged: false, SubscriptionId: -1, IsPrimary: -1, Trusted: true, Restricted: false, Ephemeral: false, OEM paid: false, OEM private: false, OSU AP: false, FQDN: <none>, Provider friendly name: <none>, Requesting package name: <none><none>MLO Information: , Is TID-To-Link negotiation supported by the AP: false, AP MLD Address: <none>, AP MLO Link Id: <none>, AP MLO Affiliated links: <none>, Vendor Data: <none>> SignalStrength: -79 UnderlyingNetworks: Null]
02-23 12:56:57.380  2028  4307 I OplusHansManager : up_BC uid=10288 pkg=com.facebook.katana
02-23 12:56:57.381  2028  4307 I OplusBinderProxy: un_pb uid: 10288 pid: 5507 rst: true , Desc: com.android.internal.telephony.IPhoneStateListener/10
02-23 12:56:57.381  2028  4307 I OplusBinderProxy: proxyBinder uid: 10288 pkg: com.facebook.katana proxy: false calling: OFreezer
02-23 12:56:57.383  2028  4304 I OplusHansManager : unfreeze uid: 10419 com.instagram.android pids: [22368] reason: FullAsyncBinder scene: LcdOn
02-23 12:56:57.383  9050  9082 I BugleRcsEngine: Connected state: [1], networkType: [WIFI] [CONTEXT thread_id=752 ]
02-23 12:56:57.387  2028  4296 I OplusHansManager : uid=10419, pkg=com.instagram.android F exit(), F stay=37, reason=FullAsyncBinder
02-23 12:56:57.389  2028  4307 I OplusHansManager : up_BC uid=10419 pkg=com.instagram.android
02-23 12:56:57.389  9129  9346 I NullBinder: NullBinder for android.net.action.RECOMMEND_NETWORKS triggering remote TransactionTooLargeException due to Service without Chimera impl, calling uid: 1000, calling pid: 0
02-23 12:56:57.389  9129  9346 W .gms.persistent: Large reply transaction of 2113536 bytes, interface descriptor , code 1
02-23 12:56:57.389  2028  4307 I OplusBinderProxy: un_pb uid: 10419 pid: 22368 rst: true , Desc: com.android.internal.telephony.IPhoneStateListener/10
02-23 12:56:57.389 22368 22700 E msys    : E[N MQTT]onConnectError(562)=>Connect Error: folly::AsyncSocketException: AsyncSocketException: connect failed, type = Socket not open, errno = 110 (Connection timed out)
02-23 12:56:57.389 22368 22461 E msys    : E[N mns]_OnDiskCacheGetData(632)=>Start post callback cache refresh DNS resolution
02-23 12:56:57.390  2028  4307 I OplusBinderProxy: un_pb uid: 10419 pid: 22368 rst: true , Desc: com.android.internal.telephony.IPhoneStateListener/10
02-23 12:56:57.390  2028  4307 I OplusBinderProxy: proxyBinder uid: 10419 pkg: com.instagram.android proxy: false calling: OFreezer
02-23 12:56:57.391  9129  9346 I NullBinder: NullBinder for android.net.action.RECOMMEND_NETWORKS triggering remote TransactionTooLargeException due to Service without Chimera impl, calling uid: 1000, calling pid: 0
02-23 12:56:57.391  9129  9346 W .gms.persistent: Large reply transaction of 2113536 bytes, interface descriptor , code 1
02-23 12:56:57.393  9129  9346 I NullBinder: NullBinder for android.net.action.RECOMMEND_NETWORKS triggering remote TransactionTooLargeException due to Service without Chimera impl, calling uid: 1000, calling pid: 0
02-23 12:56:57.393  9129  9346 W .gms.persistent: Large reply transaction of 2113536 bytes, interface descriptor , code 1
02-23 12:56:57.394 22368 22461 E msys    : E[N mns]_LogError(228)=>Failed to resolve using system DNS resolver, getaddrinfo(): No address associated with hostname
02-23 12:56:57.395 22368 22461 E msys    : E[N mns]_OnDiskCacheGetData(632)=>Start post callback cache refresh DNS resolution
02-23 12:56:57.398 22368 22505 W RealtimeClientManager: Channel state: MqttChannelState{mConnectionState=DISCONNECTED, mDisconnectionReason=null, mLastConnectionMs=671989896, mLastDisconnectMs=672517331}
02-23 12:56:57.400  9050  9092 I BugleRcsEngine: Rcs is enabled from user settings: true [CONTEXT log_prefix="ProvisioningEngineDataRetriever" thread_id=759 ]
02-23 12:56:57.402 22368 22461 E msys    : E[N mns]_LogError(228)=>Failed to resolve using system DNS resolver, getaddrinfo(): No address associated with hostname
02-23 12:56:57.502  1474 26943 D vendor.qti.bluetooth@1.0-wake_lock: Release wakelock is released 
02-23 12:56:57.506  2028  3296 D ActivityManager: Stop FGS timeout: ServiceRecord{8a2be51 u0 com.whatsapp/.messaging.service.GcmFGService c:com.whatsapp}
02-23 12:56:57.507  2028  3296 W ForegroundServiceTypeLoggerModule: FGS stop call for: 10276 has no types!
02-23 12:56:57.508  3826  5538 I SystemUi--QuickSettings: OplusFgsManagerController-->onForegroundStateChanged: com.whatsapp 0 false 2
02-23 12:56:57.508  3826  5538 I SystemUi--QuickSettings: OplusFgsManagerController-->onForegroundStateChanged numPackagesAfter: 1
02-23 12:56:57.508  3826  3940 I SystemUi--QuickSettings: OplusSeparateQSPrivacyManager-->onNumberOfPackagesChanged numPackages 1
02-23 12:56:57.509  4306  4633 I ProcessManager: onForegroundServicesChanged pid:26670, uid:10276, foregroundServiceType:0
02-23 12:56:57.510  4306  4633 I ConferenceScene: onForegroundServiceStateChanged 26670 10276 0 fg_stateMachinesuid is null
02-23 12:56:57.510  4306  4633 D AppSceneEventManager: handleMessage: 101
02-23 12:56:57.510  4306  4633 I DispatcherPolicy: onBaseEvent EventId=10022	ID_FOREGROUND_SERVICE_CHANGED	TimeStamp =1771831617510	Intent =null	Content =null	Pid =26670	PkgName =com.whatsapp	ExtraDta =Bundle[{foreground_service_type=0}]
02-23 12:56:57.515  1579 26441 D AudioPolicyService: updateUidStates_l() current->uid=10485 current->pid=22025 allowCapture=1 UidState=2 apmStat=2
02-23 12:56:57.516  1579 26441 D AudioPolicyService: updateUidStates_l() current->uid=10485 current->pid=22025 allowCapture=1 UidState=2 apmStat=2
02-23 12:56:57.592 22368 22548 E msys    : E[N mns]_OnDiskCacheGetData(632)=>Start post callback cache refresh DNS resolution
02-23 12:56:57.603 22368 22548 E msys    : E[N mns]_LogError(228)=>Failed to resolve using system DNS resolver, getaddrinfo(): No address associated with hostname
02-23 12:56:57.603 22368 22548 E msys    : E[N mns]_OnDiskCacheGetData(632)=>Start post callback cache refresh DNS resolution
02-23 12:56:57.606 22368 22548 E msys    : E[N mns]_LogError(228)=>Failed to resolve using system DNS resolver, getaddrinfo(): No address associated with hostname
02-23 12:56:57.860  4306  4638 D CommonApp-289-10485: transport layer data is invalid
02-23 12:56:57.877  9129 25311 I NearbySharing: Network state changed: NetworkState(isRestricted=false, isOnline=true, isCongested=false, isMetered=false, isWifiConnected=true)
02-23 12:56:58.123  4306  4638 D CommonApp-289-10485: DefaultState EVENT_SCENARIOS_CHANGE
02-23 12:56:58.124  4306  4638 D CommonApp-289-10485: scene=COMMON pn=com.jarvis
02-23 12:56:58.166  1545  1698 D BatteryChargeControl: bcc get no support from charging protocol
02-23 12:56:58.292  7113 18812 D ModernMediaScanner: Skipping preVisitDirectory /storage/emulated/0/MIUI/ShareMe/.cache
02-23 12:56:58.296  7113 18812 D ModernMediaScanner: Skipping preVisitDirectory /storage/emulated/0/MxPlayerAd/RecycleBin
02-23 12:56:58.316  3826  3940 I SystemUi--Statusbar: OplusNetworkSpeedControllExImpl-->updateNetworkSpeed: isConnected:true,isSwitchOn:true
02-23 12:56:58.319  3826  3940 I SystemUi--Statusbar: OplusNetworkSpeedControllExImpl-->getTotalByte: totalRxBytes:22801807016,totalTxBytes:3612636575,loopbackTxBytes:2816615,loopbackRxBytes:2691695 ,totalBytes:26408935281
02-23 12:56:58.345  3826  3826 E OplusNotificationPullDownAnimationExImpl: updateShelfPosition, error! ambientState=com.android.systemui.statusbar.notification.stack.AmbientState@9cc2600, shelfViewState=com.android.systemui.statusbar.NotificationShelf$ShelfState@3805e39, lastViewState=null, stackLayout=com.android.systemui.statusbar.notification.stack.NotificationStackScrollLayout{373ac7e V.E...... ......ID 48,0-1032,2304 #7f0a0853 app:id/notification_stack_scroller alpha=1.0 viewInfo = }, shelfEx=com.oplus.systemui.statusbar.notification.row.OplusShelfExImpl@e4305df
02-23 12:56:58.408  2028  3873 I Osense-BaseDecisionMaker: notifySceneToAthenaPolicy: SCENE_RES_IO_PSI, bundle: Bundle[{ioLevel=3}]
02-23 12:56:58.408  2028  3873 I Osense-BaseDecisionMaker: OSense not supported scene! SCENE_RES_IO_PSI
02-23 12:56:58.468 22368 22548 E msys    : E[N mns]_OnDiskCacheGetData(632)=>Start post callback cache refresh DNS resolution
02-23 12:56:58.482 22368 22548 E msys    : E[N mns]_LogError(228)=>Failed to resolve using system DNS resolver, getaddrinfo(): No address associated with hostname
02-23 12:56:58.556  1474 26959 I vendor.qti.bluetooth@1.0-ibs_handler: ProcessIbsCmd: Received IBS_WAKE_IND: 0xFD
02-23 12:56:58.556  1474 26959 D vendor.qti.bluetooth@1.0-ibs_handler: SerialClockVote: vote for UART CLK ON
02-23 12:56:58.558  1474 26959 D vendor.qti.bluetooth@1.0-wake_lock: Acquire wakelock is acquired 
02-23 12:56:58.558  1474 26959 I vendor.qti.bluetooth@1.0-ibs_handler: ProcessIbsCmd: Writing IBS_WAKE_ACK
02-23 12:56:58.581 22368 22548 E msys    : E[N mns]_OnDiskCacheGetData(632)=>Start post callback cache refresh DNS resolution
02-23 12:56:58.594 22368 22548 E msys    : E[N mns]_LogError(228)=>Failed to resolve using system DNS resolver, getaddrinfo(): No address associated with hostname
02-23 12:56:58.599  1474 26959 I vendor.qti.bluetooth@1.0-ibs_handler: ProcessIbsCmd: Received IBS_SLEEP_IND: 0xFE
02-23 12:56:58.599  1474 26959 D vendor.qti.bluetooth@1.0-ibs_handler: SerialClockVote: vote for UART CLK OFF
02-23 12:56:58.641  7113 27397 W MediaProvider: isAppCloneUserPair for user 0: false
02-23 12:56:58.648  3013 28397 D CustomLogManagerService: WorkHandler msg.what :5
02-23 12:56:58.653  7097  7207 I ContextAware_DaemonObserver: onChangeImpl, wait together. [Metis|com.oplus.metis|1.4.54-aa2067f]
02-23 12:56:58.654  7097 26796 I ContextAware_DailyStatisticsRecorder: Increase context change count: dmp_change_count, value: 1
02-23 12:56:58.656  3013 28397 D CustomLogManagerService: curTemp:337 limit:390
02-23 12:56:58.656  3013 28397 D CustomLogManagerService: checkUploadStatus: isSceenOn=true activeNetType=1 isCharging=true isUploading:false temperatureLimit:false
02-23 12:56:58.656  3013 28397 D CustomLogManagerService: sys.log.customer=false
02-23 12:56:58.657  3013 28397 D CustomLogManagerService: isHaveCustomLogCollecting :false
02-23 12:56:58.683  7113 27397 W MediaProvider: isAppCloneUserPair for user 0: false
02-23 12:56:58.688  7097  7207 I ContextAware_DaemonObserver: onChangeImpl, wait together.
02-23 12:56:58.689  9129  9187 I UriTaskContentObserver: (REDACTED) Throttling content uri change event for %s
02-23 12:56:58.689  7097 26801 I ContextAware_DailyStatisticsRecorder: Increase context change count: dmp_change_count, value: 1
02-23 12:56:58.701  7113 20591 W MediaProvider: isAppCloneUserPair for user 0: false
02-23 12:56:58.712  9129  9187 I UriTaskContentObserver: (REDACTED) Throttling content uri change event for %s
02-23 12:56:58.712  7097  7207 I ContextAware_DaemonObserver: onChangeImpl, wait together. [Metis|com.oplus.metis|1.4.54-aa2067f]
02-23 12:56:58.713  7097 26764 I ContextAware_DailyStatisticsRecorder: Increase context change count: dmp_change_count, value: 1
02-23 12:56:58.750  1474 26943 D vendor.qti.bluetooth@1.0-wake_lock: Release wakelock is released 
02-23 12:56:58.761  7113 18812 I MediaProvider: Scanned external_primary due to REASON_DEMAND, found 9499 items in 5149ms, 0 inserts 13 updates 0 deletes
02-23 12:56:58.762  8565 17111 D MediaScannerConnection: Scanned /storage/emulated/0 to content://media/external_primary/file/1000000003
02-23 12:56:58.890  4306  4638 D CommonApp-289-10485: transport layer data is invalid
02-23 12:56:59.168  1545  1698 D BatteryChargeControl: bcc get no support from charging protocol
02-23 12:56:59.238  7191 26114 D gaia-GaiaConnectChecker: start connect check++
02-23 12:56:59.239  7191 25702 D gaia-GaiaConnectChecker: start connect check++
02-23 12:56:59.317  1495 11693 I WifiHAL : event received NL80211_CMD_VENDOR, vendor_id = 0x1374, subcmd = 0xd
02-23 12:56:59.359  2028  3514 D WifiStaIfaceHidlImpl: getCachedScanData is not implemented by HIDL
02-23 12:56:59.380  2028  3653 D OplusGameFirstManager: oldAverRssi=-76,rssi=-83,newAverRssi=-80
02-23 12:56:59.382  4321  4321 I QImsService: OplusWifiApmStateMgr : onReceive,wifiSignal: -83
02-23 12:56:59.384  3826  3940 D WifiStatusTracker: mNetworkCallback onCapabilitiesChanged network:289 mPrimaryNetworkId:289
02-23 12:56:59.387  4285  5726 D QCNEJ/WlanStaInfoRelay: Received action: android.net.wifi.RSSI_CHANGED
02-23 12:56:59.389 26670 26670 W JobService: onNetworkChanged() not implemented in androidx.work.impl.background.systemjob.SystemJobService. Must override in a subclass.
02-23 12:56:59.391  4441  4620 D SubsysEventListenerManager: onCapabilitiesChanged
02-23 12:56:59.391  4441  4620 D DataStateTracker: getCurDataChannel, channel:1
02-23 12:56:59.393  3826  4011 D WifiPickerTracker: handleNetworkCapabilitiesChanged network:289
02-23 12:56:59.393  5228  5436 I midasd  : OplusObrainService::notifyEventIntArray eventId:13 iParams.size:5
02-23 12:56:59.394  7051 26665 I OplusObrain: OplusObrainClientInvoke.nativeGetTrafficTypeInfoForNetworkType networkType 1
02-23 12:56:59.395  2028  5008 D KernelStatsHelper: getKernelStats start!
02-23 12:56:59.396  4441  4441 D VendorWifiService: onEvent event:9,action:1
02-23 12:56:59.398  3826  4011 I WifiPickerTracker: wifi connected status realConnectedWifiEntry not null: true
02-23 12:56:59.398  3826  3940 D WifiStatusTracker: mNetworkCallback onCapabilitiesChanged network:289 mPrimaryNetworkId:289
02-23 12:56:59.398  2028  3594 D OplusNetlinkSocket: handleNetlinkRecvKernelMessage:nlmsghdr:StructNlMsgHdr{ nlmsg_len{3004}, nlmsg_type{33()}, nlmsg_flags{0()}, nlmsg_seq{0}, nlmsg_pid{132910602} }
02-23 12:56:59.398  2028  3594 D KernelStatsHelper: get magic :[-1, -1, -1, 77, 65, 71, 73, 67]
02-23 12:56:59.398  2028  3594 D KernelStatsHelper: magic matched count:408 data_len:21216
02-23 12:56:59.398  2028  3594 D OplusNetlinkSocket: handleNetlinkRecvKernelMessage:nlmsghdr:StructNlMsgHdr{ nlmsg_len{2988}, nlmsg_type{33()}, nlmsg_flags{0()}, nlmsg_seq{0}, nlmsg_pid{132910602} }
02-23 12:56:59.398  2028  3594 D OplusNetlinkSocket: handleNetlinkRecvKernelMessage:nlmsghdr:StructNlMsgHdr{ nlmsg_len{2988}, nlmsg_type{33()}, nlmsg_flags{0()}, nlmsg_seq{0}, nlmsg_pid{132910602} }
02-23 12:56:59.398  2028  3594 D OplusNetlinkSocket: handleNetlinkRecvKernelMessage:nlmsghdr:StructNlMsgHdr{ nlmsg_len{2988}, nlmsg_type{33()}, nlmsg_flags{0()}, nlmsg_seq{0}, nlmsg_pid{132910602} }
02-23 12:56:59.399  2028  3594 D OplusNetlinkSocket: handleNetlinkRecvKernelMessage:nlmsghdr:StructNlMsgHdr{ nlmsg_len{2988}, nlmsg_type{33()}, nlmsg_flags{0()}, nlmsg_seq{0}, nlmsg_pid{132910602} }
02-23 12:56:59.399  2028  3594 D OplusNetlinkSocket: handleNetlinkRecvKernelMessage:nlmsghdr:StructNlMsgHdr{ nlmsg_len{2988}, nlmsg_type{33()}, nlmsg_flags{0()}, nlmsg_seq{0}, nlmsg_pid{132910602} }
02-23 12:56:59.399  2028  3594 D OplusNetlinkSocket: handleNetlinkRecvKernelMessage:nlmsghdr:StructNlMsgHdr{ nlmsg_len{2988}, nlmsg_type{33()}, nlmsg_flags{0()}, nlmsg_seq{0}, nlmsg_pid{132910602} }
02-23 12:56:59.399  2028  3594 D OplusNetlinkSocket: handleNetlinkRecvKernelMessage:nlmsghdr:StructNlMsgHdr{ nlmsg_len{492}, nlmsg_type{33()}, nlmsg_flags{0()}, nlmsg_seq{0}, nlmsg_pid{132910602} }
02-23 12:56:59.399  2028  3594 D KernelStatsHelper: data over! check: true
02-23 12:56:59.399  3826  3826 I SystemUi--Statusbar: WifiViewModel-->wifiIcon icon:Wi-Fi one bar. isDefault:true alwaysShowIconIfEnabled:false
02-23 12:56:59.402  3826  3940 I SystemUi--Statusbar: NetworkController.WifiSignalController-->handleStatusUpdated state=3 enabled=true connected=true isDefaultNetwork=true rssi=-83 level=1 statusLabel=null isDirty=false
02-23 12:56:59.405  2028  3615 D SystemNetworkObserver: wifi network 289 nc changed, primary=true
02-23 12:56:59.405  2028  3615 D SystemNetworkObserver: default network nc changed 289
02-23 12:56:59.406  2028  3653 D OplusSlaNetworkManager: isPrimaryWifi:true network:289
02-23 12:56:59.407  3826  3940 I SystemUi--Statusbar: NetworkController.WifiSignalController-->handleStatusUpdated state=3 enabled=true connected=true isDefaultNetwork=true rssi=-83 level=1 statusLabel=null isDirty=false
02-23 12:56:59.407  3826  3940 I SystemUi--Statusbar: NetworkController.WifiSignalController-->handleStatusUpdated state=3 enabled=true connected=true isDefaultNetwork=true rssi=-83 level=1 statusLabel=null isDirty=false
02-23 12:56:59.416 10211 10375 I CardConfig.RxNetworkMonitor: onNetworkStateChange, current:true, last:true
02-23 12:56:59.420  9050  9082 I BugleRcsEngine: Connected state: [1], networkType: [WIFI] [CONTEXT thread_id=752 ]
02-23 12:56:59.421  9050  9092 I BugleRcsEngine: handleMessage processing message:[NOTIFY_UPTIME_IGNORE_STATE_CHANGED] with [non-null]:RcsEngineImpl reference [CONTEXT log_prefix="RcsEngineImpl[DUAL_REG]:[84532c06-c402]>Handler" thread_id=759 ]
02-23 12:56:59.422  9129  9342 I NullBinder: NullBinder for android.net.action.RECOMMEND_NETWORKS triggering remote TransactionTooLargeException due to Service without Chimera impl, calling uid: 1000, calling pid: 0
02-23 12:56:59.422  9129  9342 W .gms.persistent: Large reply transaction of 2113536 bytes, interface descriptor , code 1
02-23 12:56:59.425  2028  4304 I OplusHansManager : unfreeze uid: 10316 com.linkedin.android pids: [25085] reason: FullAsyncBinder scene: LcdOn
02-23 12:56:59.425  2028  4296 I OplusHansManager : uid=10316, pkg=com.linkedin.android F exit(), F stay=49, reason=FullAsyncBinder
02-23 12:56:59.426  2028  4304 I OplusHansManager : forceUnfreezeApp uid= 10316 unfreezeForKernel: FullAsyncBinder false
02-23 12:56:59.426  2028  4304 I OplusHansManager : forceUnfreezeApp uid= 10316 unfreezeForKernel: FullAsyncBinder false
02-23 12:56:59.426  2028  4304 I OplusHansManager : forceUnfreezeApp uid= 10316 unfreezeForKernel: FullAsyncBinder false
02-23 12:56:59.427  9129  9342 I NullBinder: NullBinder for android.net.action.RECOMMEND_NETWORKS triggering remote TransactionTooLargeException due to Service without Chimera impl, calling uid: 1000, calling pid: 0
02-23 12:56:59.427  9129  9342 W .gms.persistent: Large reply transaction of 2113536 bytes, interface descriptor , code 1
02-23 12:56:59.427  2028  4307 I OplusHansManager : up_BC uid=10316 pkg=com.linkedin.android
02-23 12:56:59.427  2028  4307 I OplusBinderProxy: proxyBinder uid: 10316 pkg: com.linkedin.android proxy: false calling: OFreezer
02-23 12:56:59.428 26670 26750 D WM-NetworkStateTracker: Network capabilities changed: [ Transports: WIFI Capabilities: NOT_METERED&INTERNET&NOT_RESTRICTED&TRUSTED&NOT_VPN&VALIDATED&NOT_ROAMING&FOREGROUND&NOT_CONGESTED&NOT_SUSPENDED&NOT_VCN_MANAGED&NOT_BANDWIDTH_CONSTRAINED LinkUpBandwidth>=5161Kbps LinkDnBandwidth>=5430Kbps TransportInfo: <SSID: <unknown ssid>, BSSID: 02:00:00:00:00:00, MAC: 02:00:00:00:00:00, IP: /192.168.0.100, Security type: 2, Supplicant state: COMPLETED, Wi-Fi standard: 11n, RSSI: -83, Link speed: 1Mbps, Tx Link speed: 1Mbps, Max Supported Tx Link speed: 150Mbps, Rx Link speed: 1Mbps, Max Supported Rx Link speed: 150Mbps, Frequency: 2457MHz, Net ID: -1, Metered hint: false, score: 60, isUsable: true, CarrierMerged: false, SubscriptionId: -1, IsPrimary: -1, Trusted: true, Restricted: false, Ephemeral: false, OEM paid: false, OEM private: false, OSU AP: false, FQDN: <none>, Provider friendly name: <none>, Requesting package name: <none><none>MLO Information: , Is TID-To-Link negotiation supported by the AP: false, AP MLD Address: <none>, AP MLO Link Id: <none>, AP MLO Affiliated links: <none>, Vendor Data: <none>> SignalStrength: -83 UnderlyingNetworks: Null]
02-23 12:56:59.430  9129  9342 I NullBinder: NullBinder for android.net.action.RECOMMEND_NETWORKS triggering remote TransactionTooLargeException due to Service without Chimera impl, calling uid: 1000, calling pid: 0
02-23 12:56:59.430  9129  9342 W .gms.persistent: Large reply transaction of 2113536 bytes, interface descriptor , code 1
02-23 12:56:59.433  9129  9342 I NullBinder: NullBinder for android.net.action.RECOMMEND_NETWORKS triggering remote TransactionTooLargeException due to Service without Chimera impl, calling uid: 1000, calling pid: 0
02-23 12:56:59.433  9129  9342 W .gms.persistent: Large reply transaction of 2113536 bytes, interface descriptor , code 1
02-23 12:56:59.437  9050  9092 I BugleRcsEngine: Rcs is enabled from user settings: true [CONTEXT log_prefix="ProvisioningEngineDataRetriever" thread_id=759 ]
