2026-02-23 17:38:06.657  2028  2028 I ServiceConnector.Impl: unbindJobThread: connection = ServiceConnector@805(Intent { act=android.service.autofill.AutofillService cmp=com.google.android.gms/.autofill.service.AutofillService }, user: 0)[Unbinding...]service = null mBinding = false
2026-02-23 17:38:06.657  2028  2028 E ServiceConnector.Impl: Failed to unbind: java.lang.IllegalArgumentException: Service not registered: ServiceConnector@805(Intent { act=android.service.autofill.AutofillService cmp=com.google.android.gms/.autofill.service.AutofillService }, user: 0)[Unbinding...]
2026-02-23 17:38:06.657  2028  2028 I ServiceConnector.Impl: unbindJobThread: connection = ServiceConnector@843(Intent { act=android.service.autofill.AutofillService cmp=com.android.credentialmanager/.autofill.CredentialAutofillService }, user: 0)[Unbinding...]service = null mBinding = false
2026-02-23 17:38:06.657  2028  2028 E ServiceConnector.Impl: Failed to unbind: java.lang.IllegalArgumentException: Service not registered: ServiceConnector@843(Intent { act=android.service.autofill.AutofillService cmp=com.android.credentialmanager/.autofill.CredentialAutofillService }, user: 0)[Unbinding...]
2026-02-23 17:38:06.658  2028  5002 V AutofillSession: Primary service component name: ComponentInfo{com.google.android.gms/com.google.android.gms.autofill.service.AutofillService}, secondary service component name: ComponentInfo{com.android.credentialmanager/com.android.credentialmanager.autofill.CredentialAutofillService}
2026-02-23 17:38:06.658  2028  5002 V SecondaryProviderHandler: Creating a secondary provider handler with component name, ComponentInfo{com.android.credentialmanager/com.android.credentialmanager.autofill.CredentialAutofillService}
2026-02-23 17:38:06.853  3826  3884 V WindowManagerShell: Transition animation finished (aborted=false), notifying core (#10156) android.os.BinderProxy@5245f06@0
2026-02-23 17:38:06.854  3826  3884 D SplitScreen-->AppLockManager: setStartFromSafeControl mStartFromSafeControl=false
2026-02-23 17:38:06.858  2028  5002 D Transition: finishTransition ar ActivityRecord{57b2c37 u0 com.whatsapp/.home.ui.HomeActivity t742}, isVisibleRequested=false, state=PAUSED, visibleAtTransitionEndTokens={ActivityRecord{efc36eb u0 com.whatsapp/.Conversation t742}}, this=TransitionRecord{24575ea id=10156 track=0 type=OPEN flags=0x0 state=2}
2026-02-23 17:38:06.858  2028  5002 D ActivityTaskManager: commitVisibility: ActivityRecord{57b2c37 u0 com.whatsapp/.home.ui.HomeActivity t742}: visible=false visibleRequested=false, isInTransition=false, runningAnimation=false 
2026-02-23 17:38:06.859  2028  5002 D WindowManager: NFW_setClientVisible:ActivityRecord{57b2c37 u0 com.whatsapp/.home.ui.HomeActivity t742} clientVisible:false
2026-02-23 17:38:06.860  2028  5002 D Transition: finishTransition ar ActivityRecord{efc36eb u0 com.whatsapp/.Conversation t742}, isVisibleRequested=true, state=RESUMED, visibleAtTransitionEndTokens={ActivityRecord{efc36eb u0 com.whatsapp/.Conversation t742}}, this=TransitionRecord{24575ea id=10156 track=0 type=OPEN flags=0x0 state=2}
2026-02-23 17:38:06.860  2028  5002 I OplusAppSwitchManagerService:  handleAppVisible , r = ActivityRecord{efc36eb u0 com.whatsapp/.Conversation t742}
2026-02-23 17:38:06.861  2028  5002 D OplusTransitionController: finishTransition, transition: TransitionRecord{24575ea id=10156 track=0 type=OPEN flags=0x0 state=4}
2026-02-23 17:38:06.863  2028  5002 D TransitionController: NFW_send RECOMPUTE_FOCUS in finishTransition
2026-02-23 17:38:06.863  3826  3884 D ShellTaskOrganizer: onTransitionFinish, isRecent:false
2026-02-23 17:38:06.864  3826  3884 V WindowManagerShell: Track 0 became idle
2026-02-23 17:38:06.867  2028  2685 D WindowManager: NFW_findFocusedWindowIfNeeded:Window{f0e641d u0 com.whatsapp/com.whatsapp.Conversation} mCurrentFocus:Window{f0e641d u0 com.whatsapp/com.whatsapp.Conversation}
2026-02-23 17:38:06.867  2028  5007 W UserManagerService: Requested status bar icon for non-badged user 0
2026-02-23 17:38:06.872  2028  5007 W UserManagerService: Requested status bar icon for non-badged user 0
2026-02-23 17:38:06.878  2028  5002 D WindowManagerServiceExtImpl: extractConfigInfoAndRealFlags rotation=0, screenDp=360, residentWS:0, win=Window{3db6c72 u0 com.whatsapp/com.whatsapp.home.ui.HomeActivity}
2026-02-23 17:38:06.879  2028  5002 V WindowManager: Relayout Window{3db6c72 u0 com.whatsapp/com.whatsapp.home.ui.HomeActivity}: viewVisibility=8, oldvis=0, req=1080x2400, vsysui=LAYOUT_FULLSCREEN
2026-02-23 17:38:06.882  2028  5002 D WindowManager: NFW_findFocusedWindowIfNeeded:Window{f0e641d u0 com.whatsapp/com.whatsapp.Conversation} mCurrentFocus:Window{f0e641d u0 com.whatsapp/com.whatsapp.Conversation}
2026-02-23 17:38:06.883 26670 26670 D VRI[HomeActivity]: relayoutWindow result, sizeChanged:false, surfaceControlChanged:true, transformHintChanged:false, mSurfaceSize:Point(1080, 2400), mLastSurfaceSize:Point(1080, 2400), mWidth:1080, mHeight:2400, requestedWidth:1080, requestedHeight:2400, transformHint:0, installOrientation:0, displayRotation:0, isSurfaceValid:false, attr.flag:-2122252032, tmpFrames:ClientWindowFrames{frame=[0,0][1080,2400] display=[0,0][1080,2400] parentFrame=[0,0][0,0]}, relayoutAsync:false, mSyncSeqId:0
2026-02-23 17:38:06.893  2028  5002 D WindowManagerServiceExtImpl: extractConfigInfoAndRealFlags rotation=0, screenDp=360, residentWS:0, win=Window{3db6c72 u0 com.whatsapp/com.whatsapp.home.ui.HomeActivity}
2026-02-23 17:38:06.893  2028  5002 V WindowManager: Relayout Window{3db6c72 u0 com.whatsapp/com.whatsapp.home.ui.HomeActivity}: viewVisibility=8, oldvis=8, req=1080x2400, vsysui=LAYOUT_FULLSCREEN, x=0, y=0
2026-02-23 17:38:06.896 26670 26670 D VRI[HomeActivity]: relayoutWindow result, sizeChanged:false, surfaceControlChanged:true, transformHintChanged:false, mSurfaceSize:Point(1080, 2400), mLastSurfaceSize:Point(1080, 2400), mWidth:1080, mHeight:2400, requestedWidth:1080, requestedHeight:2400, transformHint:0, installOrientation:0, displayRotation:0, isSurfaceValid:false, attr.flag:-2122252032, tmpFrames:ClientWindowFrames{frame=[0,0][1080,2400] display=[0,0][1080,2400] parentFrame=[0,0][0,0]}, relayoutAsync:false, mSyncSeqId:0
2026-02-23 17:38:06.901  2028  5002 I WindowManager: Window{3db6c72 u0 com.whatsapp/com.whatsapp.home.ui.HomeActivity} state from HAS_DRAWN to NO_SURFACE; reason: destroySurface
2026-02-23 17:38:06.902  2028  5002 D ActivityTaskManager: Clearing startingData for activity=ActivityRecord{57b2c37 u0 com.whatsapp/.home.ui.HomeActivity t742} mStartingData=null mStartingSurface=null
2026-02-23 17:38:06.965  2028  2685 W AccessibilityWindowsPopulator: Windows change within in 2 frames continuously over 500 ms and notify windows changed immediately
2026-02-23 17:38:07.055  2028  3459 D PowerManagerService: userActivityNoUpdateLocked: groupId=0, eventTime=368249895, event=touch, flags=0x0, uid=1000
2026-02-23 17:38:07.073  2028  5002 D ShortcutService: rescanPackageIfNeeded 0@com.whatsapp, forceRescan=false , isNewApp=false
2026-02-23 17:38:07.087  2028  5002 D ShortcutService: rescanPackageIfNeeded 0@com.whatsapp, forceRescan=false , isNewApp=false
2026-02-23 17:38:07.092  2028  5007 D ShortcutService: rescanPackageIfNeeded 0@com.whatsapp, forceRescan=false , isNewApp=false
2026-02-23 17:38:07.093  2028  5007 E ShortcutService: Invalid icon type in shortcut 253982974984306@lid. Bitmaps are not allowed in long-lived shortcuts. Use Resource icons, or Uri-based icons instead.
2026-02-23 17:38:07.238  2028  3575 D ShortcutService: Saving package item com.whatsapp to /data/system_ce/0/shortcut_service/packages/com.whatsapp.xml
2026-02-23 17:38:07.239  2028  2679 D ShortcutService: Getting shortcuts for launcher= com.android.systemuiuser=0 pkg=com.whatsapp
2026-02-23 17:38:07.262  2028  2679 D ShortcutService: Getting shortcuts for launcher= com.android.launcheruser=0 pkg=com.whatsapp
2026-02-23 17:38:07.267  2028  2679 D ShortcutService: Getting shortcuts for launcher= com.google.android.asuser=0 pkg=com.whatsapp
2026-02-23 17:38:07.374  2028  2028 W AccessibilityManagerService:  wait for adding window timeout: 9044
2026-02-23 17:38:07.692  2028  3459 D PowerManagerService: userActivityNoUpdateLocked: groupId=0, eventTime=368250530, event=touch, flags=0x0, uid=1000
2026-02-23 17:38:07.777  2028  5002 D ActivityTaskManager: Skipping, invisible task: Task{e7e93cb #5 type=home I=com.android.launcher/.Launcher}
2026-02-23 17:38:07.777  2028  5002 D OplusSplitScreenManagerService: com.instagram.android unSupportsSplitScreen by blockList or ForbidActivityList
2026-02-23 17:38:07.778  2028  5002 D ActivityTaskManager: pre-Filtered:com.whatsapp # com.jarvis # com.instagram.android # com.google.android.apps.docs # com.application.zomato # 
2026-02-23 17:38:07.778  2028  5002 D ActivityTaskManager: after skip size 5
2026-02-23 17:38:08.492  2028  3459 D PowerManagerService: userActivityNoUpdateLocked: groupId=0, eventTime=368251331, event=touch, flags=0x0, uid=1000
2026-02-23 17:38:08.572  2028  3470 I FlexibleTaskController: onShowImeRequested
2026-02-23 17:38:08.573  2028  5002 W AutofillManagerServiceImpl: logViewEntered: not logging event because history is null
2026-02-23 17:38:08.610  2028  5007 D WindowManagerServiceExtImpl: extractConfigInfoAndRealFlags rotation=0, screenDp=360, residentWS:0, win=Window{22b7e37 u0 InputMethod}
2026-02-23 17:38:08.610  2028  5007 V WindowManager: Relayout Window{22b7e37 u0 InputMethod}: viewVisibility=0, oldvis=8, req=1080x2293, vsysui=, x=0, y=0
2026-02-23 17:38:08.610  2028  5007 I WindowManager: Window{22b7e37 u0 InputMethod} state from NO_SURFACE to DRAW_PENDING; reason: resetDrawState
2026-02-23 17:38:08.618 26670 26670 W VRI[Conversation]: handleResized abandoned!
2026-02-23 17:38:08.618  2028  5007 D WindowManager: NFW_findFocusedWindowIfNeeded:Window{f0e641d u0 com.whatsapp/com.whatsapp.Conversation} mCurrentFocus:Window{f0e641d u0 com.whatsapp/com.whatsapp.Conversation}
2026-02-23 17:38:08.618  3826  3826 W VRI[StatusBar]: handleResized abandoned!
2026-02-23 17:38:08.618  3826  3826 W VRI[NavigationBar_displayId_0]: handleResized abandoned!
2026-02-23 17:38:08.619  3826  4092 W VRI[ScreenDecorOverlay]: handleResized abandoned!
2026-02-23 17:38:08.619  3826  4092 W VRI[ScreenDecorOverlayBottom]: handleResized abandoned!
2026-02-23 17:38:08.619  3826  4092 W VRI[OplusPrivacyIconTopRight]: handleResized abandoned!
2026-02-23 17:38:08.620 27579 27579 W VRI[InputMethod]: updateBlastSurfaceIfNeeded, surfaceSize:Point(1080, 2293), lastSurfaceSize:Point(1080, 2293), format:-2, blastBufferQueue:null
2026-02-23 17:38:08.634  3826  3826 W VRI[StatusBar]: handleResized abandoned!
2026-02-23 17:38:08.635 26670 26670 W VRI[Conversation]: handleResized abandoned!
2026-02-23 17:38:08.635  3826  3826 W VRI[NavigationBar_displayId_0]: handleResized abandoned!
2026-02-23 17:38:08.635  3826  4092 W VRI[ScreenDecorOverlay]: handleResized abandoned!
2026-02-23 17:38:08.635  3826  4092 W VRI[ScreenDecorOverlayBottom]: handleResized abandoned!
2026-02-23 17:38:08.635  3826  4092 W VRI[OplusPrivacyIconTopRight]: handleResized abandoned!
2026-02-23 17:38:08.635  2028  5007 I WindowManager: Window{22b7e37 u0 InputMethod} state from DRAW_PENDING to COMMIT_DRAW_PENDING; reason: finishDrawingLocked
2026-02-23 17:38:08.642  2028  2687 I WindowManager: Window{22b7e37 u0 InputMethod} state from COMMIT_DRAW_PENDING to READY_TO_SHOW; reason: commitFinishDrawingLocked
2026-02-23 17:38:08.647  2028  2152 D OplusAppQuickStart_AppQuickStartController: reportImeDrawnOnTask taskid:742 mCurrentAppStartingSurface:null
2026-02-23 17:38:08.652  2028  2152 D WindowManager: setFrameRateStart invalid typeId return!
2026-02-23 17:38:08.654  2028  2685 V WindowStateExtImpl: notifyWindowStateChange input show
2026-02-23 17:38:08.659  2028  2685 I WindowManager: Window{22b7e37 u0 InputMethod} state from READY_TO_SHOW to HAS_DRAWN; reason: performShowLocked
2026-02-23 17:38:08.665  3826  3826 W VRI[StatusBar]: handleResized abandoned!
2026-02-23 17:38:08.665  3826  3826 W VRI[NavigationBar_displayId_0]: handleResized abandoned!
2026-02-23 17:38:08.665  3826  4092 W VRI[ScreenDecorOverlay]: handleResized abandoned!
2026-02-23 17:38:08.665  3826  4092 W VRI[ScreenDecorOverlayBottom]: handleResized abandoned!
2026-02-23 17:38:08.666  3826  4092 W VRI[OplusPrivacyIconTopRight]: handleResized abandoned!
2026-02-23 17:38:08.666 26670 26670 W VRI[Conversation]: handleResized abandoned!
2026-02-23 17:38:08.669 27579 27579 W VRI[InputMethod]: handleResized abandoned!
2026-02-23 17:38:08.669  3826  3884 D WindowManagerShell: onKeepClearAreasChanged: restricted={}, unrestricted={Rect(0, 1264 - 1080, 2400)}
2026-02-23 17:38:08.678  2028  5004 D ClipboardService: clipboardAccessAllowed: op=29 result=true callingPackage=com.whatsapp
2026-02-23 17:38:08.783  2028  5002 W FillRequestEventLogger: Shouldn't be logging AutofillFillRequestReported again for same event
2026-02-23 17:38:08.783  2028  5002 W FillResponseEventLogger: Shouldn't be logging AutofillFillRequestReported again for same event
2026-02-23 17:38:08.783  2028  5002 D AutofillSession: clearPendingIntentLocked
2026-02-23 17:38:08.784  2028  2028 I ServiceConnector.Impl: unbindJobThread: connection = ServiceConnector@607(Intent { act=android.service.autofill.AutofillService cmp=com.google.android.gms/.autofill.service.AutofillService }, user: 0)[Unbinding...]service = null mBinding = false
2026-02-23 17:38:08.785  2028  2028 E ServiceConnector.Impl: Failed to unbind: java.lang.IllegalArgumentException: Service not registered: ServiceConnector@607(Intent { act=android.service.autofill.AutofillService cmp=com.google.android.gms/.autofill.service.AutofillService }, user: 0)[Unbinding...]
2026-02-23 17:38:08.785  2028  2028 I ServiceConnector.Impl: unbindJobThread: connection = ServiceConnector@285(Intent { act=android.service.autofill.AutofillService cmp=com.android.credentialmanager/.autofill.CredentialAutofillService }, user: 0)[Unbinding...]service = null mBinding = false
2026-02-23 17:38:08.785  2028  2028 E ServiceConnector.Impl: Failed to unbind: java.lang.IllegalArgumentException: Service not registered: ServiceConnector@285(Intent { act=android.service.autofill.AutofillService cmp=com.android.credentialmanager/.autofill.CredentialAutofillService }, user: 0)[Unbinding...]
2026-02-23 17:38:08.785  2028  5002 V AutofillSession: Primary service component name: ComponentInfo{com.google.android.gms/com.google.android.gms.autofill.service.AutofillService}, secondary service component name: ComponentInfo{com.android.credentialmanager/com.android.credentialmanager.autofill.CredentialAutofillService}
2026-02-23 17:38:08.785  2028  5002 V SecondaryProviderHandler: Creating a secondary provider handler with component name, ComponentInfo{com.android.credentialmanager/com.android.credentialmanager.autofill.CredentialAutofillService}
2026-02-23 17:38:09.155  2028  3459 D PowerManagerService: userActivityNoUpdateLocked: groupId=0, eventTime=368251994, event=touch, flags=0x0, uid=1000
2026-02-23 17:38:09.268  2028  5004 W PresentationStatsEventLogger: Bad view state for: -1
2026-02-23 17:38:09.612  2028  3459 D PowerManagerService: userActivityNoUpdateLocked: groupId=0, eventTime=368252451, event=touch, flags=0x0, uid=1000
2026-02-23 17:38:09.695  2028  2152 W PresentationStatsEventLogger: Bad view state for: -1
2026-02-23 17:38:09.853  2028  3459 D PowerManagerService: userActivityNoUpdateLocked: groupId=0, eventTime=368252692, event=touch, flags=0x0, uid=1000
2026-02-23 17:38:09.934  2028  5004 W PresentationStatsEventLogger: Bad view state for: -1
2026-02-23 17:38:10.010  2028  3459 D PowerManagerService: userActivityNoUpdateLocked: groupId=0, eventTime=368252847, event=touch, flags=0x0, uid=1000
2026-02-23 17:38:10.092  2028  5004 W PresentationStatsEventLogger: Bad view state for: -1
2026-02-23 17:38:10.130  2028  3459 D PowerManagerService: userActivityNoUpdateLocked: groupId=0, eventTime=368252970, event=touch, flags=0x0, uid=1000
2026-02-23 17:38:10.219  2028  5007 W PresentationStatsEventLogger: Bad view state for: -1
2026-02-23 17:38:10.501  2028  3459 D PowerManagerService: userActivityNoUpdateLocked: groupId=0, eventTime=368253340, event=touch, flags=0x0, uid=1000
2026-02-23 17:38:10.577  2028  3880 W PresentationStatsEventLogger: Bad view state for: -1
2026-02-23 17:38:10.795  2028  3459 D PowerManagerService: userActivityNoUpdateLocked: groupId=0, eventTime=368253634, event=touch, flags=0x0, uid=1000
2026-02-23 17:38:10.837  2028  5007 W PresentationStatsEventLogger: Bad view state for: -1
2026-02-23 17:38:11.008  2028  3459 D PowerManagerService: userActivityNoUpdateLocked: groupId=0, eventTime=368253848, event=touch, flags=0x0, uid=1000
2026-02-23 17:38:11.113  2028  3880 W PresentationStatsEventLogger: Bad view state for: -1
2026-02-23 17:38:11.155  2028  2928 D OplusDisplayBrightnessBroadcastReceiver: onReceive action = android.intent.action.BATTERY_CHANGED , listeners = [com.android.server.display.OplusFeatureHDREnhanceBrightness$PhoneInfoReceiver@780cd78, com.android.server.display.OplusFeatureEdrEnhanceBrightness$PhoneInfoReceiver@3423c51]
2026-02-23 17:38:11.266  2028  3459 D PowerManagerService: userActivityNoUpdateLocked: groupId=0, eventTime=368254105, event=touch, flags=0x0, uid=1000
2026-02-23 17:38:11.347  2028  2152 W PresentationStatsEventLogger: Bad view state for: -1
2026-02-23 17:38:11.448  2028  3459 D PowerManagerService: userActivityNoUpdateLocked: groupId=0, eventTime=368254288, event=touch, flags=0x0, uid=1000
2026-02-23 17:38:11.455  2028  2152 W PresentationStatsEventLogger: Bad view state for: -1
2026-02-23 17:38:11.559  2028  3459 D PowerManagerService: userActivityNoUpdateLocked: groupId=0, eventTime=368254399, event=touch, flags=0x0, uid=1000
2026-02-23 17:38:11.567  2028  5004 W PresentationStatsEventLogger: Bad view state for: -1
2026-02-23 17:38:11.731  2028  3459 D PowerManagerService: userActivityNoUpdateLocked: groupId=0, eventTime=368254570, event=touch, flags=0x0, uid=1000
2026-02-23 17:38:11.812  2028  3880 W PresentationStatsEventLogger: Bad view state for: -1
2026-02-23 17:38:11.815  2028  3880 W PresentationStatsEventLogger: Bad view state for: -1
2026-02-23 17:38:12.432  2028  3459 D PowerManagerService: userActivityNoUpdateLocked: groupId=0, eventTime=368255271, event=touch, flags=0x0, uid=1000
2026-02-23 17:38:12.510  2028  3880 W PresentationStatsEventLogger: Bad view state for: -1
2026-02-23 17:38:12.609  2028  3459 D PowerManagerService: userActivityNoUpdateLocked: groupId=0, eventTime=368255448, event=touch, flags=0x0, uid=1000
2026-02-23 17:38:12.702  2028  5007 W PresentationStatsEventLogger: Bad view state for: -1
2026-02-23 17:38:12.740  2028  3459 D PowerManagerService: userActivityNoUpdateLocked: groupId=0, eventTime=368255578, event=touch, flags=0x0, uid=1000
2026-02-23 17:38:12.849  2028  3459 D PowerManagerService: userActivityNoUpdateLocked: groupId=0, eventTime=368255690, event=touch, flags=0x0, uid=1000
2026-02-23 17:38:12.866  2028  3880 W PresentationStatsEventLogger: Bad view state for: -1
2026-02-23 17:38:13.841  2028  3459 D PowerManagerService: userActivityNoUpdateLocked: groupId=0, eventTime=368256680, event=touch, flags=0x0, uid=1000
2026-02-23 17:38:13.860  2028  5004 W PresentationStatsEventLogger: Bad view state for: -1
2026-02-23 17:38:13.974  2028  3459 D PowerManagerService: userActivityNoUpdateLocked: groupId=0, eventTime=368256813, event=touch, flags=0x0, uid=1000
2026-02-23 17:38:14.052  2028  2152 W PresentationStatsEventLogger: Bad view state for: -1
2026-02-23 17:38:14.148  2028  3435 V AlarmManager: sending alarm Alarm{461479d type 3 origWhen 689385365 whenElapsed 689385365 android} uid 1000 whenElapsed 689385365 windowLength 22485 maxWhenElapsed 689407850 repeatInterval 0 action null component null tag *job.delay* flags 0x0 procName system_server
2026-02-23 17:38:14.148  2028  3435 D OplusProxyWakeLock: acquireProxyWakeLock failed, prevent uid: 1000 tag:*alar  WorkSource{10246 com.duolingo} result: TAG_NULL
2026-02-23 17:38:14.150  2028  3435 V AlarmManager: sending alarm Alarm{1ab8412 type 1 origWhen 1771848434134 whenElapsed 689334067 com.instagram.android} uid 10419 whenElapsed 689334067 windowLength 59999 maxWhenElapsed 689394066 repeatInterval 0 action com.instagram.warm_heartbeat component ComponentInfo{com.instagram.android/com.instagram.util.startup.appwarmer.KeepWarmReceiver} flags 0x0 procName com.instagram.android
2026-02-23 17:38:14.161  2028  3459 D PowerManagerService: userActivityNoUpdateLocked: groupId=0, eventTime=368257000, event=touch, flags=0x0, uid=1000
2026-02-23 17:38:14.219  2028  5007 W PresentationStatsEventLogger: Bad view state for: -1
2026-02-23 17:38:14.433  2028  3459 D PowerManagerService: userActivityNoUpdateLocked: groupId=0, eventTime=368257274, event=touch, flags=0x0, uid=1000
2026-02-23 17:38:14.502  2028  5004 W PresentationStatsEventLogger: Bad view state for: -1
2026-02-23 17:38:14.622  2028  3459 D PowerManagerService: userActivityNoUpdateLocked: groupId=0, eventTime=368257461, event=touch, flags=0x0, uid=1000
2026-02-23 17:38:14.689  2028  5002 W PresentationStatsEventLogger: Bad view state for: -1
2026-02-23 17:38:14.820  2028  3459 D PowerManagerService: userActivityNoUpdateLocked: groupId=0, eventTime=368257659, event=touch, flags=0x0, uid=1000
2026-02-23 17:38:14.903  2028  5004 W PresentationStatsEventLogger: Bad view state for: -1
2026-02-23 17:38:15.151  2028  3435 V AlarmManager: sending alarm Alarm{14cb00c type 2 origWhen 689385082 whenElapsed 689385082 com.heytap.mcs} uid 1000 whenElapsed 689385082 windowLength 10000 maxWhenElapsed 689395082 repeatInterval 0 action com.heytap.mcs.action component null flags 0x8 procName com.heytap.mcs
2026-02-23 17:38:15.297  2028  3459 D PowerManagerService: userActivityNoUpdateLocked: groupId=0, eventTime=368258134, event=touch, flags=0x0, uid=1000
2026-02-23 17:38:15.362  2028  5004 W PresentationStatsEventLogger: Bad view state for: -1
2026-02-23 17:38:15.495  2028  3459 D PowerManagerService: userActivityNoUpdateLocked: groupId=0, eventTime=368258334, event=touch, flags=0x0, uid=1000
2026-02-23 17:38:15.556  2028  2152 W PresentationStatsEventLogger: Bad view state for: -1
2026-02-23 17:38:15.626  2028  3459 D PowerManagerService: userActivityNoUpdateLocked: groupId=0, eventTime=368258465, event=touch, flags=0x0, uid=1000
2026-02-23 17:38:15.721  2028  5004 W PresentationStatsEventLogger: Bad view state for: -1
2026-02-23 17:38:16.310  2028  3459 D PowerManagerService: userActivityNoUpdateLocked: groupId=0, eventTime=368259149, event=touch, flags=0x0, uid=1000
2026-02-23 17:38:16.400  2028  5004 W PresentationStatsEventLogger: Bad view state for: -1
2026-02-23 17:38:16.526  2028  3459 D PowerManagerService: userActivityNoUpdateLocked: groupId=0, eventTime=368259366, event=touch, flags=0x0, uid=1000
2026-02-23 17:38:16.592  2028  5004 W PresentationStatsEventLogger: Bad view state for: -1
2026-02-23 17:38:16.668  2028  3459 D PowerManagerService: userActivityNoUpdateLocked: groupId=0, eventTime=368259506, event=touch, flags=0x0, uid=1000
2026-02-23 17:38:16.751  2028  5004 W PresentationStatsEventLogger: Bad view state for: -1
2026-02-23 17:38:16.897  2028  3459 D PowerManagerService: userActivityNoUpdateLocked: groupId=0, eventTime=368259736, event=touch, flags=0x0, uid=1000
2026-02-23 17:38:16.986  2028  5004 W PresentationStatsEventLogger: Bad view state for: -1
2026-02-23 17:38:17.342  2028  2928 D OplusFeatureEdrEnhanceBrightness: onReceive battery level=71 last=70
2026-02-23 17:38:17.349  2028  3476 W OplusStorageManagerFeature: mScreenReceiver action:android.intent.action.BATTERY_LEVEL_CHANGED
2026-02-23 17:38:17.349  2028  2816 D CompatChangeReporter: Compat change id reported: 151861875; UID 1000; state: ENABLED
2026-02-23 17:38:17.350  2028  3476 I OplusStorageManagerFeature: TmemoryBetterySwitch: level=71 state=2
2026-02-23 17:38:17.350  2028  3476 I OplusStorageManagerFeature: TmemoryBetterySwitch: action=0 state=2
2026-02-23 17:38:17.356  2028  2928 D OplusDisplayBrightnessBroadcastReceiver: onReceive action = android.intent.action.BATTERY_CHANGED , listeners = [com.android.server.display.OplusFeatureHDREnhanceBrightness$PhoneInfoReceiver@780cd78, com.android.server.display.OplusFeatureEdrEnhanceBrightness$PhoneInfoReceiver@3423c51]
2026-02-23 17:38:17.368  2028  2809 I ActivityManager: Start proc 3004:com.android.settings/1000 for broadcast {com.android.settings/com.android.settings.fuelgauge.batteryusage.BatteryUsageBroadcastReceiver}
2026-02-23 17:38:17.389  2028  5004 W SettingsStatsUtil: Can not parse value to float: +network
2026-02-23 17:38:17.395  2028  5004 W SettingsStatsUtil: Can not parse value to float: +network
2026-02-23 17:38:17.401  2028  3459 D PowerManagerService: userActivityNoUpdateLocked: groupId=0, eventTime=368260240, event=touch, flags=0x0, uid=1000
2026-02-23 17:38:17.421  2028  2152 D ActivityTaskManagerServiceExtImpl: preBindApplication record is null
2026-02-23 17:38:17.439  2028  2809 I ActivityManager: Start proc 3081:com.coloros.weather.service/u0a152 for service {com.coloros.weather.service/com.oplus.weather.external.WeatherCommonService}
2026-02-23 17:38:17.475  2028  2152 W PresentationStatsEventLogger: Bad view state for: -1
2026-02-23 17:38:17.484  2028  2152 D ActivityTaskManagerServiceExtImpl: preBindApplication record is null
2026-02-23 17:38:17.584  2028  3459 D PowerManagerService: userActivityNoUpdateLocked: groupId=0, eventTime=368260422, event=touch, flags=0x0, uid=1000
2026-02-23 17:38:17.618  3081  3081 D ResourcesManagerExtImpl: applyConfigurationToAppResourcesLocked app.getDisplayId() return callback.displayId:-1
2026-02-23 17:38:17.678  2028  5004 W PresentationStatsEventLogger: Bad view state for: -1
2026-02-23 17:38:17.684  2028  5007 I ActivityManager: Flag disabled. Ignoring finishAttachApplication from uid: 10152. pid: 3081
2026-02-23 17:38:17.783  2028  5007 D CompatChangeReporter: Compat change id reported: 151861875; UID 10000; state: ENABLED
2026-02-23 17:38:17.799  2028  2809 I ActivityManager: Start proc 3130:com.nearme.instant.platform:provider/u0a0 for content provider {com.nearme.instant.platform/com.nearme.instant.card.SharedDataProvider}
2026-02-23 17:38:17.815  2028  3459 D PowerManagerService: userActivityNoUpdateLocked: groupId=0, eventTime=368260656, event=touch, flags=0x0, uid=1000
2026-02-23 17:38:17.842  2028  5004 D ActivityTaskManagerServiceExtImpl: preBindApplication record is null
2026-02-23 17:38:17.896  2028  2152 W PresentationStatsEventLogger: Bad view state for: -1
2026-02-23 17:38:17.958  2028  3459 D PowerManagerService: userActivityNoUpdateLocked: groupId=0, eventTime=368260799, event=touch, flags=0x0, uid=1000
2026-02-23 17:38:17.977  3130  3130 D ResourcesManagerExtImpl: applyConfigurationToAppResourcesLocked app.getDisplayId() return callback.displayId:-1
2026-02-23 17:38:18.025  3004  3004 I Quality : GetResourcesInfo:363400989,/system_ext/priv-app/Settings/Settings.apk
2026-02-23 17:38:18.062  2028  2152 W PresentationStatsEventLogger: Bad view state for: -1
2026-02-23 17:38:18.279  2028  5002 D CompatChangeReporter: Compat change id reported: 297989574; UID 10000; state: ENABLED
2026-02-23 17:38:18.290  2028  5004 I ActivityManager: Flag disabled. Ignoring finishAttachApplication from uid: 10000. pid: 3130
2026-02-23 17:38:18.412  2028  3459 D PowerManagerService: userActivityNoUpdateLocked: groupId=0, eventTime=368261252, event=touch, flags=0x0, uid=1000
2026-02-23 17:38:18.472  3004  3274 E OplusCustomizeRestrictionManager: sInstance is null, start a new sInstance
2026-02-23 17:38:18.499  2028  2152 W PresentationStatsEventLogger: Bad view state for: -1
2026-02-23 17:38:18.532  2028  7231 I OplusFeatureConfigManagerService: registerFeatureObserver pid 3004 uid 1000
2026-02-23 17:38:18.572  2028  5004 I ActivityManager: Flag disabled. Ignoring finishAttachApplication from uid: 1000. pid: 3004
2026-02-23 17:38:18.574  2028  3459 D PowerManagerService: userActivityNoUpdateLocked: groupId=0, eventTime=368261415, event=touch, flags=0x0, uid=1000
2026-02-23 17:38:18.587  2028  2809 I ActivityManager: Start proc 3347:com.oplus.vdc/u0a294 for content provider {com.oplus.vdc/com.oplus.vdc.activity.VDCSettingProvider}
2026-02-23 17:38:18.595  2028  7231 E OplusCustomizeRestrictionManagerService: isBiometricDisabled start
2026-02-23 17:38:18.625  3004  3325 E ActivityThread: Failed to find provider info for com.oneplus.security.database.SafeProvider
2026-02-23 17:38:18.625  2028  5004 W PackageManager: package com.android.settings uid 1000 pid 3004 call SetEnabledSetting(com.android.settings component = com.oplus.partners.dolby.activity.DolbyMainActivity, 2, 0)
2026-02-23 17:38:18.627  2028  5004 W PackageManager: package com.android.settings uid 1000 pid 3004 call SetEnabledSetting(com.android.settings component = com.android.settings.DolbyMainActivity, 2, 0)
2026-02-23 17:38:18.629  2028  5004 W PackageManager: package com.android.settings uid 1000 pid 3004 call SetEnabledSetting(com.android.settings component = com.oplus.partners.dirac.activity.NewDiracMainActivity, 2, 0)
2026-02-23 17:38:18.632  2028  5002 D ActivityTaskManagerServiceExtImpl: preBindApplication record is null
2026-02-23 17:38:18.632  2028  7231 W PackageManager: package com.android.settings uid 1000 pid 3004 call SetEnabledSetting(com.android.settings component = com.oplus.settings.feature.gamebounce.widget.GameBounceWidgetProvider, 2, 0)
2026-02-23 17:38:18.633  2028  5004 W PackageManager: package com.android.settings uid 1000 pid 3004 call SetEnabledSetting(com.android.settings component = com.oplus.settings.feature.gamebounce.widget.GameBounceDataWidgetProvider, 2, 0)
2026-02-23 17:38:18.635  2028  5004 W PackageManager: package com.android.settings uid 1000 pid 3004 call SetEnabledSetting(com.android.settings component = com.oplus.settings.feature.othersettings.hypermode.HyperModeWidgetProvider, 2, 0)
2026-02-23 17:38:18.643  2028  4862 D OplusDarkModeService_OPFD: OTA Reboot = true, State = 1, UserID = 0
2026-02-23 17:38:18.658  2028  3880 W PackageManager: package com.android.settings uid 1000 pid 3004 call SetEnabledSetting(com.android.settings component = com.oplus.settings.feature.display.nightmode.AutoScreenTemperatureTileService, 2, 0)
2026-02-23 17:38:18.662  2028  5004 W PresentationStatsEventLogger: Bad view state for: -1
2026-02-23 17:38:18.713  2028  7231 W PackageManager: package com.android.settings uid 1000 pid 3004 call SetEnabledSetting(com.android.settings component = com.oplus.settings.feature.homepage.OplusDeepLinkHomepageActivity, 2, 0)
2026-02-23 17:38:18.714  2028  7231 W PackageManager: package com.android.settings uid 1000 pid 3004 call SetEnabledSetting(com.android.settings component = com.android.settings.search.SearchStateReceiver, 2, 0)
2026-02-23 17:38:18.748  2028  3459 D PowerManagerService: userActivityNoUpdateLocked: groupId=0, eventTime=368261589, event=touch, flags=0x0, uid=1000
2026-02-23 17:38:18.811  3347  3347 D ResourcesManagerExtImpl: applyConfigurationToAppResourcesLocked app.getDisplayId() return callback.displayId:-1
2026-02-23 17:38:18.828  2028  7231 W PresentationStatsEventLogger: Bad view state for: -1
2026-02-23 17:38:19.061  2028  7231 D CompatChangeReporter: Compat change id reported: 161145287; UID 10294; state: ENABLED
2026-02-23 17:38:19.067  2028  5007 I ActivityManager: Flag disabled. Ignoring finishAttachApplication from uid: 10294. pid: 3347
2026-02-23 17:38:19.071  2028  5007 D VRR [OPlusExternalRefreshRateManager]: isPkgTfcEnable: pkgName = com.oplus.vdc, enable = false
2026-02-23 17:38:19.071  2028  5007 D VRR [OPlusExternalRefreshRateManager]: getTfcMinFramerate: pkgName = com.oplus.vdc, min framerate = 0
2026-02-23 17:38:19.547  2028  3459 D PowerManagerService: userActivityNoUpdateLocked: groupId=0, eventTime=368262385, event=touch, flags=0x0, uid=1000
2026-02-23 17:38:19.629  2028  5007 W PresentationStatsEventLogger: Bad view state for: -1
2026-02-23 17:38:20.076  2028  3435 V AlarmManager: sending alarm Alarm{c994cd0 type 3 origWhen 689503421 whenElapsed 689400000 android} uid 1000 whenElapsed 689400000 windowLength 1350000 maxWhenElapsed 689400000 repeatInterval 1800000 action com.android.server.action.NETWORK_STATS_POLL component null flags 0x8 procName system_server
2026-02-23 17:38:20.080  2028  3435 V AlarmManager: sending alarm Alarm{b8d44c9 type 3 origWhen 689499933 whenElapsed 689400000 com.oplus.obrain} uid 1000 whenElapsed 689400000 windowLength 450000 maxWhenElapsed 689400000 repeatInterval 600000 action MIDAS TEN MINUTE CLOCK ACTION component null flags 0x8 procName com.oplus.midas
2026-02-23 17:38:20.124  2028  7231 E OCvtSystemService: Cannot get map: android.system.ErrnoException: nativeBpfFdGet failed: ENOENT (No such file or directory)
2026-02-23 17:38:20.144  2028  3512 V NetworkPolicy: updateNetworkEnabledNL() return
2026-02-23 17:38:20.144  2028  3512 V NetworkPolicy: updateNotificationsNL not process
2026-02-23 17:38:20.314  2028  3459 D PowerManagerService: userActivityNoUpdateLocked: groupId=0, eventTime=368263151, event=touch, flags=0x0, uid=1000
2026-02-23 17:38:20.338  2028  5007 W PresentationStatsEventLogger: Bad view state for: -1
2026-02-23 17:38:20.585  2028  3459 D PowerManagerService: userActivityNoUpdateLocked: groupId=0, eventTime=368263424, event=touch, flags=0x0, uid=1000
2026-02-23 17:38:20.674  2028  3880 W PresentationStatsEventLogger: Bad view state for: -1
2026-02-23 17:38:20.771  2028  3459 D PowerManagerService: userActivityNoUpdateLocked: groupId=0, eventTime=368263610, event=touch, flags=0x0, uid=1000
2026-02-23 17:38:20.850  2028  5007 W PresentationStatsEventLogger: Bad view state for: -1
2026-02-23 17:38:20.942  2028  3459 D PowerManagerService: userActivityNoUpdateLocked: groupId=0, eventTime=368263781, event=touch, flags=0x0, uid=1000
2026-02-23 17:38:21.029  2028  3880 W PresentationStatsEventLogger: Bad view state for: -1
2026-02-23 17:38:21.116  2028  3459 D PowerManagerService: userActivityNoUpdateLocked: groupId=0, eventTime=368263956, event=touch, flags=0x0, uid=1000
2026-02-23 17:38:21.128  2028  2152 W PresentationStatsEventLogger: Bad view state for: -1
2026-02-23 17:38:21.254  2028  3459 D PowerManagerService: userActivityNoUpdateLocked: groupId=0, eventTime=368264095, event=touch, flags=0x0, uid=1000
2026-02-23 17:38:21.259  2028  2816 D CompatChangeReporter: Compat change id reported: 151861875; UID 10209; state: ENABLED
2026-02-23 17:38:21.273  2028  2809 I ActivityManager: Start proc 3422:com.snapchat.android/u0a209 for broadcast {com.snapchat.android/com.google.firebase.iid.FirebaseInstanceIdReceiver}
2026-02-23 17:38:21.291  2028  3880 W PresentationStatsEventLogger: Bad view state for: -1
2026-02-23 17:38:21.319  2028  2152 D ActivityTaskManagerServiceExtImpl: preBindApplication record is null
2026-02-23 17:38:21.337  2028  3334 E JobScheduler.Background: Couldn't determine stopped state for unknown package: com.oplus.onet
2026-02-23 17:38:21.492  3422  3422 D ResourcesManagerExtImpl: applyConfigurationToAppResourcesLocked app.getDisplayId() return callback.displayId:-1
2026-02-23 17:38:21.656  2028  3459 D PowerManagerService: userActivityNoUpdateLocked: groupId=0, eventTime=368264496, event=touch, flags=0x0, uid=1000
2026-02-23 17:38:21.690  2028  2152 W PresentationStatsEventLogger: Bad view state for: -1
2026-02-23 17:38:21.720  2028  3880 I ActivityManager: Flag disabled. Ignoring finishAttachApplication from uid: 10209. pid: 3422
2026-02-23 17:38:21.869  2028  5007 D CompatChangeReporter: Compat change id reported: 311402873; UID 10209; state: ENABLED
2026-02-23 17:38:21.869  2028  5007 D CompatChangeReporter: Compat change id reported: 323349338; UID 10209; state: ENABLED
2026-02-23 17:38:21.888  2028  5007 D CompatChangeReporter: Compat change id reported: 311208629; UID 10209; state: ENABLED
2026-02-23 17:38:21.921  2028  2152 D CompatChangeReporter: Compat change id reported: 297989574; UID 10209; state: ENABLED
2026-02-23 17:38:21.981  2028  2152 D CompatChangeReporter: Compat change id reported: 319212206; UID 10209; state: ENABLED
2026-02-23 17:38:22.009  2028  3459 D PowerManagerService: userActivityNoUpdateLocked: groupId=0, eventTime=368264849, event=touch, flags=0x0, uid=1000
2026-02-23 17:38:22.120  2028  5004 W PresentationStatsEventLogger: Bad view state for: -1
2026-02-23 17:38:22.557  2028  3459 D PowerManagerService: userActivityNoUpdateLocked: groupId=0, eventTime=368265397, event=touch, flags=0x0, uid=1000
2026-02-23 17:38:22.645  2028  5007 W PresentationStatsEventLogger: Bad view state for: -1
2026-02-23 17:38:22.858  2028  3459 D PowerManagerService: userActivityNoUpdateLocked: groupId=0, eventTime=368265698, event=touch, flags=0x0, uid=1000
2026-02-23 17:38:22.946  2028  3880 W PresentationStatsEventLogger: Bad view state for: -1
2026-02-23 17:38:23.152  2028  3459 D PowerManagerService: userActivityNoUpdateLocked: groupId=0, eventTime=368265992, event=touch, flags=0x0, uid=1000
2026-02-23 17:38:23.188  2028  2928 D OplusDisplayBrightnessBroadcastReceiver: onReceive action = android.intent.action.BATTERY_CHANGED , listeners = [com.android.server.display.OplusFeatureHDREnhanceBrightness$PhoneInfoReceiver@780cd78, com.android.server.display.OplusFeatureEdrEnhanceBrightness$PhoneInfoReceiver@3423c51]
2026-02-23 17:38:23.279  2028  3459 D PowerManagerService: userActivityNoUpdateLocked: groupId=0, eventTime=368266119, event=touch, flags=0x0, uid=1000
2026-02-23 17:38:23.288  2028  5004 W PresentationStatsEventLogger: Bad view state for: -1
2026-02-23 17:38:23.393  2028  3459 D PowerManagerService: userActivityNoUpdateLocked: groupId=0, eventTime=368266234, event=touch, flags=0x0, uid=1000
2026-02-23 17:38:23.425  2028  5004 W PresentationStatsEventLogger: Bad view state for: -1
2026-02-23 17:38:23.553  2028  3459 D PowerManagerService: userActivityNoUpdateLocked: groupId=0, eventTime=368266393, event=touch, flags=0x0, uid=1000
2026-02-23 17:38:23.634  2028  5007 W PresentationStatsEventLogger: Bad view state for: -1
2026-02-23 17:38:23.895  2028  3459 D PowerManagerService: userActivityNoUpdateLocked: groupId=0, eventTime=368266735, event=touch, flags=0x0, uid=1000
2026-02-23 17:38:23.954  2028  3880 W PresentationStatsEventLogger: Bad view state for: -1
2026-02-23 17:38:24.056  2028  3459 D PowerManagerService: userActivityNoUpdateLocked: groupId=0, eventTime=368266897, event=touch, flags=0x0, uid=1000
2026-02-23 17:38:24.068  2028  5004 W PresentationStatsEventLogger: Bad view state for: -1
2026-02-23 17:38:24.463  2028  3459 D PowerManagerService: userActivityNoUpdateLocked: groupId=0, eventTime=368267303, event=touch, flags=0x0, uid=1000
2026-02-23 17:38:24.549  2028  3880 W PresentationStatsEventLogger: Bad view state for: -1
2026-02-23 17:38:24.561  2028  2152 W PresentationStatsEventLogger: Bad view state for: -1
2026-02-23 17:38:24.753  2028  3459 D PowerManagerService: userActivityNoUpdateLocked: groupId=0, eventTime=368267592, event=touch, flags=0x0, uid=1000
2026-02-23 17:38:24.861  2028  3880 W PresentationStatsEventLogger: Bad view state for: -1
2026-02-23 17:38:24.882  2028  5002 W PackageConfigPersister: App-specific configuration not found for packageName: com.whatsapp and userId: 0
2026-02-23 17:38:25.104  2028  5004 W FillRequestEventLogger: Shouldn't be logging AutofillFillRequestReported again for same event
2026-02-23 17:38:25.104  2028  5004 W FillResponseEventLogger: Shouldn't be logging AutofillFillRequestReported again for same event
2026-02-23 17:38:25.105  2028  3459 D PowerManagerService: userActivityNoUpdateLocked: groupId=0, eventTime=368267945, event=touch, flags=0x0, uid=1000
2026-02-23 17:38:25.107  2028  5004 D AutofillSession: clearPendingIntentLocked
2026-02-23 17:38:25.109  2028  5004 V AutofillSession: Primary service component name: ComponentInfo{com.google.android.gms/com.google.android.gms.autofill.service.AutofillService}, secondary service component name: ComponentInfo{com.android.credentialmanager/com.android.credentialmanager.autofill.CredentialAutofillService}
2026-02-23 17:38:25.109  2028  2028 I ServiceConnector.Impl: unbindJobThread: connection = ServiceConnector@228(Intent { act=android.service.autofill.AutofillService cmp=com.google.android.gms/.autofill.service.AutofillService }, user: 0)[Unbinding...]service = null mBinding = false
2026-02-23 17:38:25.109  2028  5004 V SecondaryProviderHandler: Creating a secondary provider handler with component name, ComponentInfo{com.android.credentialmanager/com.android.credentialmanager.autofill.CredentialAutofillService}
2026-02-23 17:38:25.109  2028  2028 E ServiceConnector.Impl: Failed to unbind: java.lang.IllegalArgumentException: Service not registered: ServiceConnector@228(Intent { act=android.service.autofill.AutofillService cmp=com.google.android.gms/.autofill.service.AutofillService }, user: 0)[Unbinding...]
2026-02-23 17:38:25.109  2028  2028 I ServiceConnector.Impl: unbindJobThread: connection = ServiceConnector@66(Intent { act=android.service.autofill.AutofillService cmp=com.android.credentialmanager/.autofill.CredentialAutofillService }, user: 0)[Unbinding...]service = null mBinding = false
2026-02-23 17:38:25.110  2028  2028 E ServiceConnector.Impl: Failed to unbind: java.lang.IllegalArgumentException: Service not registered: ServiceConnector@66(Intent { act=android.service.autofill.AutofillService cmp=com.android.credentialmanager/.autofill.CredentialAutofillService }, user: 0)[Unbinding...]
2026-02-23 17:38:25.127  2028  5004 D CoreBackPreview: startBackNavigation currentTask=Task{4c84f0d #742 type=standard A=10276:com.whatsapp}, topRunningActivity=ActivityRecord{efc36eb u0 com.whatsapp/.Conversation t742}, callbackInfo=OnBackInvokedCallbackInfo{mCallback=android.window.IOnBackInvokedCallback$Stub$Proxy@fdf3c60, mPriority=0, mIsAnimationCallback=false}, currentFocus=Window{f0e641d u0 com.whatsapp/com.whatsapp.Conversation}
2026-02-23 17:38:25.128  3826  3884 D ShellBackPreview: Received backNavigationInfo:BackNavigationInfo{mType=TYPE_CALLBACK (4), mOnBackNavigationDone=android.os.RemoteCallback@2019490, mOnBackInvokedCallback=android.window.IOnBackInvokedCallback$Stub$Proxy@d505189, mPrepareRemoteAnimation=false, mAnimationCallback=false, mCustomizeAnimationInfo=null}
2026-02-23 17:38:25.136  2028  2152 V WindowManager: Relayout Window{11634da u0 ColorSideGestureRight_displayId_0}: viewVisibility=0, oldvis=8, req=115x2713, vsysui=
2026-02-23 17:38:25.136  2028  2152 I WindowManager: Window{11634da u0 ColorSideGestureRight_displayId_0} state from NO_SURFACE to DRAW_PENDING; reason: resetDrawState
2026-02-23 17:38:25.143  2028  2152 D WindowManager: NFW_findFocusedWindowIfNeeded:Window{f0e641d u0 com.whatsapp/com.whatsapp.Conversation} mCurrentFocus:Window{f0e641d u0 com.whatsapp/com.whatsapp.Conversation}
2026-02-23 17:38:25.144  2028  2680 D WindowManager: request show transient bar, navigationBar already visible
2026-02-23 17:38:25.159  2028  5002 I WindowManager: Window{11634da u0 ColorSideGestureRight_displayId_0} state from DRAW_PENDING to COMMIT_DRAW_PENDING; reason: finishDrawingLocked
2026-02-23 17:38:25.162  2028  2687 I WindowManager: Window{11634da u0 ColorSideGestureRight_displayId_0} state from COMMIT_DRAW_PENDING to READY_TO_SHOW; reason: commitFinishDrawingLocked
2026-02-23 17:38:25.162  2028  2687 I WindowManager: Window{11634da u0 ColorSideGestureRight_displayId_0} state from READY_TO_SHOW to HAS_DRAWN; reason: performShowLocked
2026-02-23 17:38:25.208  2028  3459 D PowerManagerService: userActivityNoUpdateLocked: groupId=0, eventTime=368268049, event=touch, flags=0x0, uid=1000
2026-02-23 17:38:25.225  3826  3884 D ShellBackPreview: Finishing gesture with event action: 1
2026-02-23 17:38:25.226  3826  3884 D ShellBackPreview: onGestureFinished() mTriggerBack == true
2026-02-23 17:38:25.226  3826  3884 D ShellBackPreview: Trigger back without dispatching to animator.
2026-02-23 17:38:25.228  3826  3884 D ShellBackPreview: BackAnimationController: finishBackNavigation()
2026-02-23 17:38:25.233  2028  2152 D CoreBackPreview: onBackNavigationDone backType=4, triggerBack=true
2026-02-23 17:38:25.255  2028  3880 D WindowManager: setFrameRateStart invalid typeId return!
2026-02-23 17:38:25.257  2028  2685 V WindowStateExtImpl: notifyWindowStateChange input show
2026-02-23 17:38:25.265  3826  3826 W VRI[StatusBar]: handleResized abandoned!
2026-02-23 17:38:25.265  3826  3826 W VRI[NavigationBar_displayId_0]: handleResized abandoned!
2026-02-23 17:38:25.265  3826  4190 W VRI[ColorSideGestureRight_displayId_0]: handleResized abandoned!
2026-02-23 17:38:25.265  3826  4092 W VRI[ScreenDecorOverlay]: handleResized abandoned!
2026-02-23 17:38:25.265  3826  4092 W VRI[ScreenDecorOverlayBottom]: handleResized abandoned!
2026-02-23 17:38:25.266  3826  4092 W VRI[OplusPrivacyIconTopRight]: handleResized abandoned!
2026-02-23 17:38:25.266  2028  2152 D WindowManagerServiceExtImpl: extractConfigInfoAndRealFlags rotation=0, screenDp=360, residentWS:0, win=Window{22b7e37 u0 InputMethod}
2026-02-23 17:38:25.266  3826  3884 D WindowManagerShell: onKeepClearAreasChanged: restricted={}, unrestricted={}
2026-02-23 17:38:25.266  2028  2152 V WindowManager: Relayout Window{22b7e37 u0 InputMethod}: viewVisibility=0, oldvis=0, req=1080x2293, vsysui=, x=0, y=0
2026-02-23 17:38:25.268  2028  2152 D WindowManager: NFW_findFocusedWindowIfNeeded:Window{f0e641d u0 com.whatsapp/com.whatsapp.Conversation} mCurrentFocus:Window{f0e641d u0 com.whatsapp/com.whatsapp.Conversation}
2026-02-23 17:38:25.269 27579 27579 W VRI[InputMethod]: updateBlastSurfaceIfNeeded, surfaceSize:Point(1080, 2293), lastSurfaceSize:Point(1080, 2293), format:-2, blastBufferQueue:android.graphics.BLASTBufferQueue@537bbd3
2026-02-23 17:38:25.282  3826  3826 W VRI[StatusBar]: handleResized abandoned!
2026-02-23 17:38:25.282  3826  3826 W VRI[NavigationBar_displayId_0]: handleResized abandoned!
2026-02-23 17:38:25.282  3826  4190 W VRI[ColorSideGestureRight_displayId_0]: handleResized abandoned!
2026-02-23 17:38:25.283  3826  4092 W VRI[ScreenDecorOverlay]: handleResized abandoned!
2026-02-23 17:38:25.283  3826  4092 W VRI[ScreenDecorOverlayBottom]: handleResized abandoned!
2026-02-23 17:38:25.283  3826  4092 W VRI[OplusPrivacyIconTopRight]: handleResized abandoned!
2026-02-23 17:38:25.318 26670 26670 W VRI[Conversation]: handleResized abandoned!
2026-02-23 17:38:25.318 26670 26670 W VRI[Conversation]: handleResized abandoned!
2026-02-23 17:38:25.432  2028  5002 V WindowManager: Relayout Window{11634da u0 ColorSideGestureRight_displayId_0}: viewVisibility=8, oldvis=0, req=115x2713, vsysui=
2026-02-23 17:38:25.434  2028  5002 I WindowManager: Window{11634da u0 ColorSideGestureRight_displayId_0} state from HAS_DRAWN to NO_SURFACE; reason: destroySurface
2026-02-23 17:38:25.439  2028  5002 D WindowManager: NFW_findFocusedWindowIfNeeded:Window{f0e641d u0 com.whatsapp/com.whatsapp.Conversation} mCurrentFocus:Window{f0e641d u0 com.whatsapp/com.whatsapp.Conversation}
2026-02-23 17:38:25.447  2028  5004 W FillRequestEventLogger: Shouldn't be logging AutofillFillRequestReported again for same event
2026-02-23 17:38:25.447  2028  5004 W FillResponseEventLogger: Shouldn't be logging AutofillFillRequestReported again for same event
2026-02-23 17:38:25.447  2028  5004 D AutofillSession: clearPendingIntentLocked
2026-02-23 17:38:25.448  2028  2028 I ServiceConnector.Impl: unbindJobThread: connection = ServiceConnector@779(Intent { act=android.service.autofill.AutofillService cmp=com.google.android.gms/.autofill.service.AutofillService }, user: 0)[Unbinding...]service = null mBinding = false
2026-02-23 17:38:25.449  2028  2028 E ServiceConnector.Impl: Failed to unbind: java.lang.IllegalArgumentException: Service not registered: ServiceConnector@779(Intent { act=android.service.autofill.AutofillService cmp=com.google.android.gms/.autofill.service.AutofillService }, user: 0)[Unbinding...]
2026-02-23 17:38:25.449  2028  2028 I ServiceConnector.Impl: unbindJobThread: connection = ServiceConnector@841(Intent { act=android.service.autofill.AutofillService cmp=com.android.credentialmanager/.autofill.CredentialAutofillService }, user: 0)[Unbinding...]service = null mBinding = false
2026-02-23 17:38:25.449  2028  2028 E ServiceConnector.Impl: Failed to unbind: java.lang.IllegalArgumentException: Service not registered: ServiceConnector@841(Intent { act=android.service.autofill.AutofillService cmp=com.android.credentialmanager/.autofill.CredentialAutofillService }, user: 0)[Unbinding...]
2026-02-23 17:38:25.449  2028  5002 V AutofillSession: Primary service component name: ComponentInfo{com.google.android.gms/com.google.android.gms.autofill.service.AutofillService}, secondary service component name: ComponentInfo{com.android.credentialmanager/com.android.credentialmanager.autofill.CredentialAutofillService}
2026-02-23 17:38:25.449  2028  5002 V SecondaryProviderHandler: Creating a secondary provider handler with component name, ComponentInfo{com.android.credentialmanager/com.android.credentialmanager.autofill.CredentialAutofillService}
2026-02-23 17:38:25.575  2028  3459 D PowerManagerService: userActivityNoUpdateLocked: groupId=0, eventTime=368268415, event=touch, flags=0x0, uid=1000
2026-02-23 17:38:25.578  2028  5004 D CoreBackPreview: startBackNavigation currentTask=Task{4c84f0d #742 type=standard A=10276:com.whatsapp}, topRunningActivity=ActivityRecord{efc36eb u0 com.whatsapp/.Conversation t742}, callbackInfo=OnBackInvokedCallbackInfo{mCallback=android.window.IOnBackInvokedCallback$Stub$Proxy@fdf3c60, mPriority=0, mIsAnimationCallback=false}, currentFocus=Window{f0e641d u0 com.whatsapp/com.whatsapp.Conversation}
