02-23 13:21:36.014  9088 11136 I artd    : GetBestInfo: odex next to the dex file (/data/app/~~X5KTzKnyLz9HWlbBHpbeZw==/com.google.android.marvin.talkback-hnJxrGyU8EXjYTKXO63w2Q==/oat/arm64/base.odex) is kOatUpToDate with filter 'speed-profile' executable 'false'
02-23 13:21:36.096  2028  7203 D CompatChangeReporter: Compat change id reported: 297989574; UID 10279; state: ENABLED
02-23 13:21:36.133  2028  4296 I OplusHansManager : uid=10121, pkg=in.org.npci.upiapp F enter(), M stay=5
02-23 13:21:36.136  2028  4296 I OplusHansManager : freeze uid: 10121 in.org.npci.upiapp pids: [929] scene: LcdOn
02-23 13:21:36.136  2028  4307 I OplusHansManager : p_BC uid=10121 pkg=in.org.npci.upiapp
02-23 13:21:36.137  2028  4307 I OplusBinderProxy: proxyBinder uid: 10121 pkg: in.org.npci.upiapp proxy: true calling: OFreezer
02-23 13:21:36.143  9129 32460 I NearbyPresence: (REDACTED) %s verified [==] new request %s equals to the old request
02-23 13:21:36.289  2028  3514 D WifiStaIfaceHidlImpl: getCachedScanData is not implemented by HIDL
02-23 13:21:36.290 10669 11142 V ActivityThread: Recovering failed rename /storage/emulated/0/Android/data/org.telegram.messenger/cache/-6009468118751098988_120.temp to /storage/emulated/0/Android/data/org.telegram.messenger/files/Telegram/Telegram Images/-6009468118751098988_120.jpg
02-23 13:21:36.293 10669 11142 V ActivityThread: Recovering failed rename /storage/emulated/0/Android/data/org.telegram.messenger/cache/-6040506125121162510_120.temp to /storage/emulated/0/Android/data/org.telegram.messenger/files/Telegram/Telegram Images/-6040506125121162510_120.jpg
02-23 13:21:36.296  3826  3940 D WifiStatusTracker: mNetworkCallback onCapabilitiesChanged network:289 mPrimaryNetworkId:289
--------- beginning of radio
02-23 13:21:36.298  4239  5865 D Phone-0 : isWifiCallingEnabled =true
02-23 13:21:36.299  4441  4620 D SubsysEventListenerManager: onCapabilitiesChanged
02-23 13:21:36.299  3826  4011 D WifiPickerTracker: handleNetworkCapabilitiesChanged network:289
02-23 13:21:36.299  4441  4620 D DataStateTracker: getCurDataChannel, channel:1
02-23 13:21:36.300  2028  3615 D OplusWifiPower_TriggerCenter: mComponentCallback: wifistat
02-23 13:21:36.301  3826  4011 I WifiPickerTracker: wifi connected status realConnectedWifiEntry not null: true
02-23 13:21:36.301 22971 22971 W JobService: onNetworkChanged() not implemented in com.google.android.finsky.scheduler.process.mainimpl.PhoneskyJobServiceMain. Must override in a subclass.
02-23 13:21:36.302  2028  3615 D SystemNetworkObserver: wifi network 289 nc changed, primary=true
02-23 13:21:36.302  2028  3615 D SystemNetworkObserver: default network nc changed 289
02-23 13:21:36.302  2028  3653 D OplusSlaNetworkManager: isPrimaryWifi:true network:289
02-23 13:21:36.303  3826  3940 D WifiStatusTracker: mNetworkCallback onCapabilitiesChanged network:289 mPrimaryNetworkId:289
02-23 13:21:36.303  4441  4441 D VendorWifiService: onEvent event:9,action:1
02-23 13:21:36.306  3826  3940 I SystemUi--Statusbar: NetworkController.WifiSignalController-->handleStatusUpdated state=3 enabled=true connected=true isDefaultNetwork=true rssi=-68 level=3 statusLabel=null isDirty=false
02-23 13:21:36.309 10211 10375 I CardConfig.RxNetworkMonitor: onNetworkStateChange, current:true, last:true
02-23 13:21:36.310  3826  3940 I SystemUi--Statusbar: NetworkController.WifiSignalController-->handleStatusUpdated state=3 enabled=true connected=true isDefaultNetwork=true rssi=-68 level=3 statusLabel=null isDirty=false
02-23 13:21:36.310  3826  3940 I SystemUi--Statusbar: NetworkController.WifiSignalController-->handleStatusUpdated state=3 enabled=true connected=true isDefaultNetwork=true rssi=-68 level=3 statusLabel=null isDirty=false
02-23 13:21:36.311  9050  9092 I BugleRcsEngine: handleMessage processing message:[NOTIFY_UPTIME_IGNORE_STATE_CHANGED] with [non-null]:RcsEngineImpl reference [CONTEXT log_prefix="RcsEngineImpl[DUAL_REG]:[84532c06-c402]>Handler" thread_id=759 ]
02-23 13:21:36.312  9050  9082 I BugleRcsEngine: Connected state: [1], networkType: [WIFI] [CONTEXT thread_id=752 ]
02-23 13:21:36.318 10669 11142 V ActivityThread: Recovering failed rename /storage/emulated/0/Android/data/org.telegram.messenger/cache/-6038349574793443793_120.temp to /storage/emulated/0/Android/data/org.telegram.messenger/files/Telegram/Telegram Images/-6038349574793443793_120.jpg
02-23 13:21:36.318  9129  9830 I NullBinder: NullBinder for android.net.action.RECOMMEND_NETWORKS triggering remote TransactionTooLargeException due to Service without Chimera impl, calling uid: 1000, calling pid: 0
02-23 13:21:36.318  9129  9830 W .gms.persistent: Large reply transaction of 2113536 bytes, interface descriptor , code 1
02-23 13:21:36.318  9088  9088 I artd    : GetBestInfo: odex next to the dex file (/data/app/~~AOlkvozXoLwdyhRl198RWg==/com.jio.myjio-FPKhH67mz3LSitGbY1h3Cg==/oat/arm64/base.odex) is kOatUpToDate with filter 'speed-profile' executable 'false'
02-23 13:21:36.322  9050  9092 I BugleRcsEngine: Rcs is enabled from user settings: true [CONTEXT log_prefix="ProvisioningEngineDataRetriever" thread_id=759 ]
02-23 13:21:36.324  9129  9830 I NullBinder: NullBinder for android.net.action.RECOMMEND_NETWORKS triggering remote TransactionTooLargeException due to Service without Chimera impl, calling uid: 1000, calling pid: 0
02-23 13:21:36.324  9129  9830 W .gms.persistent: Large reply transaction of 2113536 bytes, interface descriptor , code 1
02-23 13:21:36.326  9129  9830 I NullBinder: NullBinder for android.net.action.RECOMMEND_NETWORKS triggering remote TransactionTooLargeException due to Service without Chimera impl, calling uid: 1000, calling pid: 0
02-23 13:21:36.326  9129  9830 W .gms.persistent: Large reply transaction of 2113536 bytes, interface descriptor , code 1
02-23 13:21:36.328  9129  9830 I NullBinder: NullBinder for android.net.action.RECOMMEND_NETWORKS triggering remote TransactionTooLargeException due to Service without Chimera impl, calling uid: 1000, calling pid: 0
02-23 13:21:36.328  9129  9830 W .gms.persistent: Large reply transaction of 2113536 bytes, interface descriptor , code 1
02-23 13:21:36.333  9088 11136 I artd    : GetBestInfo: vdex next to the dex file (/data/user/0/com.jio.myjio/app_pccache/5/C150A56EE81A7F41B729057EB1FA05CBFA504FB6/oat/arm64/pcam.vdex) is kOatUpToDate with filter 'verify' executable 'false'
02-23 13:21:36.339  9088  9088 I artd    : GetBestInfo: vdex next to the dex file (/data/user/0/com.jio.myjio/app_pccache/5/0DB12F04482D5EE6F1C4FAFDFA9C30C300995A35/oat/arm64/pcam.vdex) is kOatUpToDate with filter 'verify' executable 'false'
02-23 13:21:36.372  2028  3873 I Osense-BaseDecisionMaker: notifySceneToAthenaPolicy: SCENE_RES_IO_PSI, bundle: Bundle[{ioLevel=3}]
02-23 13:21:36.372  2028  3873 I Osense-BaseDecisionMaker: OSense not supported scene! SCENE_RES_IO_PSI
02-23 13:21:36.386  1474 26959 I vendor.qti.bluetooth@1.0-ibs_handler: ProcessIbsCmd: Received IBS_WAKE_IND: 0xFD
02-23 13:21:36.386  1474 26959 D vendor.qti.bluetooth@1.0-ibs_handler: SerialClockVote: vote for UART CLK ON
02-23 13:21:36.387  1474 26959 D vendor.qti.bluetooth@1.0-wake_lock: Acquire wakelock is acquired 
02-23 13:21:36.387  1474 26959 I vendor.qti.bluetooth@1.0-ibs_handler: ProcessIbsCmd: Writing IBS_WAKE_ACK
02-23 13:21:36.390 26895 26931 W bluetooth: [hci_layer.cc:617] on_vs_event: Unhandled vendor specific event of type BQR_EVENT(0x58)
02-23 13:21:36.428  1474 26959 I vendor.qti.bluetooth@1.0-ibs_handler: ProcessIbsCmd: Received IBS_SLEEP_IND: 0xFE
02-23 13:21:36.428  1474 26959 D vendor.qti.bluetooth@1.0-ibs_handler: SerialClockVote: vote for UART CLK OFF
02-23 13:21:36.429  9088  9088 I artd    : GetBestInfo: odex next to the dex file (/data/app/~~LJCb1uj87Qz8Gl4bQqH20A==/com.whatsapp-Aji45iEKpKExEFbESsQZdQ==/oat/arm64/base.odex) is kOatUpToDate with filter 'speed-profile' executable 'false'
02-23 13:21:36.453 10665 11151 D ProfileInstaller: Installing profile for com.facebook.appmanager
02-23 13:21:36.474  1474 26959 I vendor.qti.bluetooth@1.0-ibs_handler: ProcessIbsCmd: Received IBS_WAKE_IND: 0xFD
02-23 13:21:36.474  1474 26959 D vendor.qti.bluetooth@1.0-ibs_handler: SerialClockVote: vote for UART CLK ON
02-23 13:21:36.474  1474 26959 I vendor.qti.bluetooth@1.0-ibs_handler: ProcessIbsCmd: Writing IBS_WAKE_ACK
02-23 13:21:36.514  1474 26959 I vendor.qti.bluetooth@1.0-ibs_handler: ProcessIbsCmd: Received IBS_SLEEP_IND: 0xFE
02-23 13:21:36.514  1474 26959 D vendor.qti.bluetooth@1.0-ibs_handler: SerialClockVote: vote for UART CLK OFF
02-23 13:21:36.516  4306  4638 D CommonApp-289-10485: transport layer data is invalid
02-23 13:21:36.544  9088 11136 I artd    : GetBestInfo: odex next to the dex file (/data/app/~~0t9_h9YmMzt-unjH9NH3MA==/com.duolingo-TFYrAmMgXc-ZF23FQ1hNCA==/oat/arm64/base.odex) is kOatUpToDate with filter 'speed-profile' executable 'false'
02-23 13:21:36.555  9088 11136 I artd    : GetBestInfo: vdex next to the dex file (/data/user/0/com.duolingo/app_pccache/5/8C5AE28E06233ED046257CCB628AC34047ABB1F1/oat/arm64/pcam.vdex) is kOatUpToDate with filter 'verify' executable 'false'
02-23 13:21:36.568  9088  9088 I artd    : GetBestInfo: vdex next to the dex file (/data/user/0/com.duolingo/app_pccache/5/2A8265B47A1D9B3EFA0B68A58A01A5E195878859/oat/arm64/pcam.vdex) is kOatUpToDate with filter 'verify' executable 'false'
02-23 13:21:36.618  1545  1698 D BatteryChargeControl: bcc get no support from charging protocol
02-23 13:21:36.665  1474 26943 D vendor.qti.bluetooth@1.0-wake_lock: Release wakelock is released 
02-23 13:21:36.717  9088  9088 I artd    : GetBestInfo: odex next to the dex file (/data/app/~~ly9qrm5v4_PFreih6KVE3A==/com.agoda.mobile.consumer-HSOBHon2ybu4-u8RPZeT2Q==/oat/arm64/base.odex) is kOatUpToDate with filter 'speed-profile' executable 'false'
02-23 13:21:36.722  9088  9088 I artd    : GetBestInfo: /data/user/0/com.agoda.mobile.consumer/app_pccache/5/657D286E00C11C8B951CEC3800AAA5CE069E54A8/pcam.jar has no usable artifacts
02-23 13:21:36.792  9088 11136 I artd    : GetBestInfo: odex next to the dex file (/data/app/~~nexoK443gC0j23-EsKZfAw==/com.audible.application-jQUzAVSo8EUP3_YQCt8F9w==/oat/arm64/base.odex) is kOatUpToDate with filter 'speed-profile' executable 'false'
02-23 13:21:36.808  9129 32460 I NearbySharing: Network state changed: NetworkState(isRestricted=false, isOnline=true, isCongested=false, isMetered=false, isWifiConnected=true)
02-23 13:21:36.832  9129 32460 I NearbyConnections: Invalidate cached hpkeKey for client 41432731
02-23 13:21:36.850  9088 11136 I artd    : GetBestInfo: odex next to the dex file (/data/app/~~wXeb62uNi8lOy_F72ZNEmw==/com.google.android.dialer-t8Uh52RFgwBPc1T1cz0ObA==/oat/arm64/base.odex) is kOatUpToDate with filter 'speed-profile' executable 'false'
02-23 13:21:36.855  4239  4574 D OplusRadioExIndication: onSignalStrengthChange: slotId = 0
02-23 13:21:36.855  4239  4574 D RILExtJ : [UNSL]< OPLUS: UNSOL_NR_SIGNAL_STRENGTH_IND {-32768, -32768} [PHONE0]
02-23 13:21:36.855  4239  4239 D OplusSST: oemLevel_0=2,oemLevel_1:0
02-23 13:21:36.856  4239  4592 D OplusSignalSmooth/0: onSignalStrengthResultExt,oldSignalStrength:SignalStrength:{mCdma=CellSignalStrengthCdma: cdmaDbm=2147483647 cdmaEcio=2147483647 evdoDbm=2147483647 evdoEcio=2147483647 evdoSnr=2147483647 level=0,mGsm=CellSignalStrengthGsm: rssi=2147483647 ber=2147483647 mTa=2147483647 mLevel=0,mWcdma=CellSignalStrengthWcdma: ss=2147483647 ber=2147483647 rscp=2147483647 ecno=2147483647 level=0,mTdscdma=CellSignalStrengthTdscdma: rssi=2147483647 ber=2147483647 rscp=2147483647 level=0,mLte=CellSignalStrengthLte: rssi=-83 rsrp=-119 rsrq=-19 rssnr=-2 cqiTableIndex=2147483647 cqi=2147483647 ta=2147483647 level=1 parametersUseForLevel=1,mNr=CellSignalStrengthNr:{ csiRsrp = 2147483647 csiRsrq = 2147483647 csiCqiTableIndex = 2147483647 csiCqiReport = [] ssRsrp = 2147483647 ssRsrq = 2147483647 ssSinr = 2147483647 level = 0 parametersUseForLevel = 1 timingAdvance = 2147483647 },primary=CellSignalStrengthLte}
02-23 13:21:36.856  4239  4592 D OplusSignalSmooth/0: mOrigSignalStrength:SignalStrength:{mCdma=CellSignalStrengthCdma: cdmaDbm=2147483647 cdmaEcio=2147483647 evdoDbm=2147483647 evdoEcio=2147483647 evdoSnr=2147483647 level=0,mGsm=CellSignalStrengthGsm: rssi=2147483647 ber=2147483647 mTa=2147483647 mLevel=0,mWcdma=CellSignalStrengthWcdma: ss=2147483647 ber=2147483647 rscp=2147483647 ecno=2147483647 level=0,mTdscdma=CellSignalStrengthTdscdma: rssi=2147483647 ber=2147483647 rscp=2147483647 level=0,mLte=CellSignalStrengthLte: rssi=-83 rsrp=-120 rsrq=-20 rssnr=-4 cqiTableIndex=2147483647 cqi=2147483647 ta=2147483647 level=1 parametersUseForLevel=1,mNr=CellSignalStrengthNr:{ csiRsrp = 2147483647 csiRsrq = 2147483647 csiCqiTableIndex = 2147483647 csiCqiReport = [] ssRsrp = 2147483647 ssRsrq = 2147483647 ssSinr = 2147483647 level = 0 parametersUseForLevel = 1 timingAdvance = 2147483647 },primary=CellSignalStrengthLte}
02-23 13:21:36.857  4239  4592 D OplusSignalSmooth/0: alphaFiltering mSignalStrength:SignalStrength:{mCdma=CellSignalStrengthCdma: cdmaDbm=2147483647 cdmaEcio=2147483647 evdoDbm=2147483647 evdoEcio=2147483647 evdoSnr=2147483647 level=0,mGsm=CellSignalStrengthGsm: rssi=2147483647 ber=2147483647 mTa=2147483647 mLevel=0,mWcdma=CellSignalStrengthWcdma: ss=2147483647 ber=2147483647 rscp=2147483647 ecno=2147483647 level=0,mTdscdma=CellSignalStrengthTdscdma: rssi=2147483647 ber=2147483647 rscp=2147483647 level=0,mLte=CellSignalStrengthLte: rssi=-83 rsrp=-119 rsrq=-19 rssnr=-2 cqiTableIndex=2147483647 cqi=2147483647 ta=2147483647 level=1 parametersUseForLevel=1,mNr=CellSignalStrengthNr:{ csiRsrp = 2147483647 csiRsrq = 2147483647 csiCqiTableIndex = 2147483647 csiCqiReport = [] ssRsrp = 2147483647 ssRsrq = 2147483647 ssSinr = 2147483647 level = 0 parametersUseForLevel = 1 timingAdvance = 2147483647 },primary=CellSignalStrengthLte}
02-23 13:21:36.857  4239  4592 D OplusSignalSmooth/0: alphaFiltering mPendingSignalStrength:SignalStrength:{mCdma=CellSignalStrengthCdma: cdmaDbm=2147483647 cdmaEcio=2147483647 evdoDbm=2147483647 evdoEcio=2147483647 evdoSnr=2147483647 level=0,mGsm=CellSignalStrengthGsm: rssi=2147483647 ber=2147483647 mTa=2147483647 mLevel=0,mWcdma=CellSignalStrengthWcdma: ss=2147483647 ber=2147483647 rscp=2147483647 ecno=2147483647 level=0,mTdscdma=CellSignalStrengthTdscdma: rssi=2147483647 ber=2147483647 rscp=2147483647 level=0,mLte=CellSignalStrengthLte: rssi=-83 rsrp=-120 rsrq=-20 rssnr=-4 cqiTableIndex=2147483647 cqi=2147483647 ta=2147483647 level=1 parametersUseForLevel=1,mNr=CellSignalStrengthNr:{ csiRsrp = 2147483647 csiRsrq = 2147483647 csiCqiTableIndex = 2147483647 csiCqiReport = [] ssRsrp = 2147483647 ssRsrq = 2147483647 ssSinr = 2147483647 level = 0 parametersUseForLevel = 1 timingAdvance = 2147483647 },primary=CellSignalStrengthLte}
02-23 13:21:36.857  4239  4592 D OplusSST: oemLevel_0=2,oemLevel_1:0
02-23 13:21:36.858  4239  4592 D OplusSignalSmooth/0: after nextSignalStrength:SignalStrength:{mCdma=CellSignalStrengthCdma: cdmaDbm=2147483647 cdmaEcio=2147483647 evdoDbm=2147483647 evdoEcio=2147483647 evdoSnr=2147483647 level=0,mGsm=CellSignalStrengthGsm: rssi=2147483647 ber=2147483647 mTa=2147483647 mLevel=0,mWcdma=CellSignalStrengthWcdma: ss=2147483647 ber=2147483647 rscp=2147483647 ecno=2147483647 level=0,mTdscdma=CellSignalStrengthTdscdma: rssi=2147483647 ber=2147483647 rscp=2147483647 level=0,mLte=CellSignalStrengthLte: rssi=2147483647 rsrp=-120 rsrq=2147483647 rssnr=2147483647 cqiTableIndex=2147483647 cqi=2147483647 ta=2147483647 level=0 parametersUseForLevel=1,mNr=CellSignalStrengthNr:{ csiRsrp = 2147483647 csiRsrq = 2147483647 csiCqiTableIndex = 2147483647 csiCqiReport = [] ssRsrp = 2147483647 ssRsrq = 2147483647 ssSinr = 2147483647 level = 0 parametersUseForLevel = 1 timingAdvance = 2147483647 },primary=CellSignalStrengthLte}
02-23 13:21:36.858  4239  4592 D OplusSignalSmooth/0: noMessages delay:3000
02-23 13:21:36.858 22971 22971 W Finsky  : [2] STU: Failed to get storage stats for package 'com.google.android.mediaprovider' (1601: Error getting stats: android.content.pm.PackageManager.NameNotFoundException)
02-23 13:21:36.866  3826  3940 I SystemUi--Statusbar: OplusNetworkSpeedControllExImpl-->updateNetworkSpeed: isConnected:true,isSwitchOn:true
02-23 13:21:36.867  3826  3940 I SystemUi--Statusbar: OplusNetworkSpeedControllExImpl-->getTotalByte: totalRxBytes:22813384892,totalTxBytes:3617793868,loopbackTxBytes:2818007,loopbackRxBytes:2693087 ,totalBytes:26425667666
02-23 13:21:36.885  3826  3826 E OplusNotificationPullDownAnimationExImpl: updateShelfPosition, error! ambientState=com.android.systemui.statusbar.notification.stack.AmbientState@9cc2600, shelfViewState=com.android.systemui.statusbar.NotificationShelf$ShelfState@3805e39, lastViewState=null, stackLayout=com.android.systemui.statusbar.notification.stack.NotificationStackScrollLayout{373ac7e V.E...... ......ID 48,0-1032,2304 #7f0a0853 app:id/notification_stack_scroller alpha=1.0 viewInfo = }, shelfEx=com.oplus.systemui.statusbar.notification.row.OplusShelfExImpl@e4305df
02-23 13:21:36.920  9088 11136 I artd    : GetBestInfo: odex next to the dex file (/data/app/Pictorial/oat/arm64/Pictorial.odex) is kOatBootImageOutOfDate with filter 'speed-profile' executable 'false': Image checksum mismatch, expected i;20/a75a7286:i;27/c0ac4b95 to start with i;20/a3f1ec2b
02-23 13:21:36.921  7113 17152 E CursorWindow: Failed alloc newOffset: 980328mAllocOffset: 980224mSlotsOffset: 980288: Success
02-23 13:21:36.921  7113 17152 E CursorWindow: Failed NO_MEMORY: Success
02-23 13:21:36.926  9088 11136 I artd    : GetBestInfo: vdex next to the dex file (/data/app/Pictorial/oat/arm64/Pictorial.vdex) is kOatUpToDate with filter 'verify' executable 'false'
02-23 13:21:36.935  9088 11136 I artd    : GetBestInfo: vdex next to the dex file (/data/user/0/com.heytap.pictorial/app_pccache/5/2A8265B47A1D9B3EFA0B68A58A01A5E195878859/oat/arm64/pcam.vdex) is kOatUpToDate with filter 'verify' executable 'false'
02-23 13:21:36.944  9088  9088 I artd    : GetBestInfo: vdex next to the dex file (/data/user/0/com.heytap.pictorial/app_pccache/5/D6A6862E57300EBB9D9EF1C1C983A838A749EA4F/oat/arm64/pcam.vdex) is kOatUpToDate with filter 'verify' executable 'false'
02-23 13:21:37.034  9088  9088 I artd    : GetBestInfo: odex next to the dex file (/data/app/~~D3aGS11wm3lUkWUojP6z8g==/cris.org.in.prs.ima-ZwFF5GmpR1-WByW8F6f0bw==/oat/arm64/base.odex) is kOatBootImageOutOfDate with filter 'speed-profile' executable 'false': Image checksum mismatch, expected i;20/7dd5e1ae:i;27/6ff54880 to start with i;20/a3f1ec2b
02-23 13:21:37.042  9088  9088 I artd    : GetBestInfo: vdex next to the dex file (/data/app/~~D3aGS11wm3lUkWUojP6z8g==/cris.org.in.prs.ima-ZwFF5GmpR1-WByW8F6f0bw==/oat/arm64/base.vdex) is kOatUpToDate with filter 'verify' executable 'false'
02-23 13:21:37.057  9088  9088 I artd    : GetBestInfo: odex next to the dex file (/data/user/0/cris.org.in.prs.ima/app_pccache/5/657D286E00C11C8B951CEC3800AAA5CE069E54A8/oat/arm64/pcam.odex) is kOatBootImageOutOfDate with filter 'verify' executable 'false': Image checksum mismatch, expected i;20/a75a7286:i;27/c0ac4b95 to start with i;20/a3f1ec2b
02-23 13:21:37.057  9088  9088 I artd    : GetBestInfo: vdex next to the dex file (/data/user/0/cris.org.in.prs.ima/app_pccache/5/657D286E00C11C8B951CEC3800AAA5CE069E54A8/oat/arm64/pcam.vdex) is kOatUpToDate with filter 'verify' executable 'false'
02-23 13:21:37.076  9088 11136 I artd    : GetBestInfo: vdex next to the dex file (/data/user/0/cris.org.in.prs.ima/app_pccache/5/C150A56EE81A7F41B729057EB1FA05CBFA504FB6/oat/arm64/pcam.vdex) is kOatUpToDate with filter 'verify' executable 'false'
02-23 13:21:37.138  9836  9847 D IHansComunication: HANS sendMessageToKernel: threadId = 490288954480, netLinkSetup = 1, type = FROZEN_TRANS, targetUid = 10121, pkgCmd = PKG_CMD_MAX
02-23 13:21:37.214 22971 22971 W Finsky  : [2] STU: Failed to get storage stats for package 'com.android.virt' (1601: Error getting stats: android.content.pm.PackageManager.NameNotFoundException)
02-23 13:21:37.215 22971 22971 W Finsky  : [2] STU: Failed to get storage stats for package 'com.google.android.resolv' (1601: Error getting stats: android.content.pm.PackageManager.NameNotFoundException)
02-23 13:21:37.230  1474 26959 I vendor.qti.bluetooth@1.0-ibs_handler: ProcessIbsCmd: Received IBS_WAKE_IND: 0xFD
02-23 13:21:37.231  1474 26959 D vendor.qti.bluetooth@1.0-ibs_handler: SerialClockVote: vote for UART CLK ON
02-23 13:21:37.231  1474 26959 D vendor.qti.bluetooth@1.0-wake_lock: Acquire wakelock is acquired 
02-23 13:21:37.231  1474 26959 I vendor.qti.bluetooth@1.0-ibs_handler: ProcessIbsCmd: Writing IBS_WAKE_ACK
02-23 13:21:37.272  1474 26959 I vendor.qti.bluetooth@1.0-ibs_handler: ProcessIbsCmd: Received IBS_SLEEP_IND: 0xFE
02-23 13:21:37.272  1474 26959 D vendor.qti.bluetooth@1.0-ibs_handler: SerialClockVote: vote for UART CLK OFF
02-23 13:21:37.273  9088  9088 I artd    : GetBestInfo: odex next to the dex file (/data/app/~~YPe2UDCGVNLVFt5XPuPhpA==/in.fabrico.knoty-jo5EIUn3eWz-9lRmqcJuVA==/oat/arm64/base.odex) is kOatBootImageOutOfDate with filter 'speed-profile' executable 'false': Image checksum mismatch, expected i;20/a75a7286:i;27/c0ac4b95 to start with i;20/a3f1ec2b
02-23 13:21:37.274  9088  9088 I artd    : GetBestInfo: vdex next to the dex file (/data/app/~~YPe2UDCGVNLVFt5XPuPhpA==/in.fabrico.knoty-jo5EIUn3eWz-9lRmqcJuVA==/oat/arm64/base.vdex) is kOatUpToDate with filter 'verify' executable 'false'
02-23 13:21:37.314  2028  9252 D UsageStatsService: User[0] type=0 b=1771832951465 e=1771833097313 cb=1771764266287 ce=1771833095601 disk=0 all=12
02-23 13:21:37.338  9088  9088 I artd    : GetBestInfo: odex next to the dex file (/data/app/~~1up5xgJGZSPFP-wB8sIfUw==/com.google.android.apps.bard-poeFA1BtVqR3ic8R6S0b6Q==/oat/arm64/base.odex) is kOatBootImageOutOfDate with filter 'speed-profile' executable 'false': Image checksum mismatch, expected i;20/a75a7286:i;27/c0ac4b95 to start with i;20/a3f1ec2b
02-23 13:21:37.339  9088  9088 I artd    : GetBestInfo: vdex next to the dex file (/data/app/~~1up5xgJGZSPFP-wB8sIfUw==/com.google.android.apps.bard-poeFA1BtVqR3ic8R6S0b6Q==/oat/arm64/base.vdex) is kOatUpToDate with filter 'verify' executable 'false'
02-23 13:21:37.389  4306  4638 D CommonApp-289-10485: DefaultState EVENT_SCENARIOS_CHANGE
02-23 13:21:37.389  4306  4638 D CommonApp-289-10485: scene=COMMON pn=com.jarvis
02-23 13:21:37.408  2028  3873 I Osense-BaseDecisionMaker: notifySceneToAthenaPolicy: SCENE_RES_IO_PSI, bundle: Bundle[{ioLevel=3}]
02-23 13:21:37.408  2028  3873 I Osense-BaseDecisionMaker: OSense not supported scene! SCENE_RES_IO_PSI
02-23 13:21:37.410  9088  9088 I artd    : GetBestInfo: odex next to the dex file (/data/app/~~_THFpB-ChYczNDHRIKe4sw==/com.strava-3H88rU-ySxmYll0zQLLkkQ==/oat/arm64/base.odex) is kOatUpToDate with filter 'speed-profile' executable 'false'
02-23 13:21:37.422  1474 26943 D vendor.qti.bluetooth@1.0-wake_lock: Release wakelock is released 
02-23 13:21:37.447  9088 11136 I artd    : GetBestInfo: odex next to the dex file (/data/app/~~xFjXRi3X2NQFfpaE8-uCsQ==/com.google.android.apps.nbu.paisa.user-xPX__nH9KhD4V8i9UEzedA==/oat/arm64/base.odex) is kOatUpToDate with filter 'speed-profile' executable 'false'
02-23 13:21:37.453  9088 11136 I artd    : GetBestInfo: vdex next to the dex file (/data/user/0/com.google.android.apps.nbu.paisa.user/app_pccache2/5/2A8265B47A1D9B3EFA0B68A58A01A5E195878859/oat/arm64/pcam.vdex) is kOatUpToDate with filter 'verify' executable 'false'
02-23 13:21:37.458  9088 11136 I artd    : GetBestInfo: vdex next to the dex file (/data/user/0/com.google.android.apps.nbu.paisa.user/app_pccache2/5/8C5AE28E06233ED046257CCB628AC34047ABB1F1/oat/arm64/pcam.vdex) is kOatUpToDate with filter 'verify' executable 'false'
02-23 13:21:37.497 22971 22971 W Finsky  : [2] STU: Failed to get storage stats for package 'com.google.android.configinfrastructure' (1601: Error getting stats: android.content.pm.PackageManager.NameNotFoundException)
02-23 13:21:37.498 22971 22971 W Finsky  : [2] STU: Failed to get storage stats for package 'com.google.android.media' (1601: Error getting stats: android.content.pm.PackageManager.NameNotFoundException)
02-23 13:21:37.540  4306  4638 D CommonApp-289-10485: transport layer data is invalid
02-23 13:21:37.543  9088  9088 I artd    : GetBestInfo: odex next to the dex file (/data/app/~~u0KdXy5ZckJoNrGUInyCFA==/com.google.android.apps.maps-7SnUnwhgmICKcISeZ7u4pw==/oat/arm64/base.odex) is kOatUpToDate with filter 'speed-profile' executable 'false'
02-23 13:21:37.567  1545  1545 D vendor.oplus.hardware.charger-V6-service: get_ui_charge_icon_type 0 0 0 0 0
02-23 13:21:37.569  1545  1545 D vendor.oplus.hardware.charger-V6-service: oplus_chg_get_cpa_power 2500 charge_online 1 retention_topic 0
02-23 13:21:37.577  3826  3826 I SystemUi--Statusbar: BatteryControllerExt-->updateBatteryChangeIntent():broadcast=android.intent.action.BATTERY_CHANGED,level=85,scale=100
02-23 13:21:37.577  3826  3826 I SystemUi--Statusbar: BatteryRepository-->level: 85 -- isSavingMode: false
02-23 13:21:37.579  2028  2928 D OplusDisplayBrightnessBroadcastReceiver: onReceive action = android.intent.action.BATTERY_CHANGED , listeners = [com.android.server.display.OplusFeatureHDREnhanceBrightness$PhoneInfoReceiver@780cd78, com.android.server.display.OplusFeatureEdrEnhanceBrightness$PhoneInfoReceiver@3423c51]
02-23 13:21:37.580  4441  4441 D SubsysBroadcastManager: onReceive action:android.intent.action.BATTERY_CHANGED
02-23 13:21:37.580  4239  4239 I LocalBus: [LocalBroadcastManager]onReceive: android.intent.action.BATTERY_CHANGED
02-23 13:21:37.582  4291  4291 D DeviceStatisticsService: onReceive: action= android.intent.action.BATTERY_CHANGED
02-23 13:21:37.585  4291  4291 D DeviceInfoHidlClient: isRadioOn()=true
02-23 13:21:37.585  4291  4291 I DeviceInfoHidlClient: isPowerInfoNeverSent=false batteryLevel=85 batteryLevelIndex=3 chargingMode=2 totalCapacity=4040000 powerSaveMode=false
02-23 13:21:37.588  3013  3013 D CustomLogManagerService: onReceive android.intent.action.BATTERY_CHANGED
02-23 13:21:37.589  7318  8179 I DeepThinkerSDK: [APP] ClientConnection: getDeepThinkerBridge start
02-23 13:21:37.589  7318  8179 I DeepThinkerSDK: [APP] ClientConnection: getDeepThinkerBridge end
02-23 13:21:37.589  7318  8179 I DeepThinkerSDK: [APP] UserDomainManager: businessId : 401 threshold : 0.6 learnPeriod:30
02-23 13:21:37.592  7318  8179 I DeepThinkerSDK: [APP] UserDomainManager: PerformanceOfLongCharging{probabilityOfLocation=0.0, probabilityOfApps=0.0, probabilityOfTime=0.0, probabilityOfTotal=0.0, duration=0}
02-23 13:21:37.592  7318  8185 E Battery : ChargeProtectionUtils: mCanlendarTmp.isEmpty()!
02-23 13:21:37.602  9088 11136 I artd    : GetBestInfo: odex next to the dex file (/data/app/~~PvQDIwzAAt_9JNYWc1dRcQ==/com.il.mcdelivery-Lfwzz7YaFAiRM1MuAw8Ibg==/oat/arm64/base.odex) is kOatUpToDate with filter 'speed-profile' executable 'false'
02-23 13:21:37.619  1545  1698 D BatteryChargeControl: bcc get no support from charging protocol
02-23 13:21:37.630  9088 11136 I artd    : GetBestInfo: odex next to the dex file (/data/app/~~YyeyA8vb8wrnRq6uqcjY3w==/com.google.android.apps.messaging-P-2BO1WT5qDBDMcdN5fxKg==/oat/arm64/base.odex) is kOatUpToDate with filter 'speed-profile' executable 'false'
02-23 13:21:37.637  9088  9088 I artd    : GetBestInfo: vdex next to the dex file (/data/user/0/com.google.android.apps.messaging/app_dg_cache/4346EA85CDA1436041B029D54013FBB1AA13E134/oat/arm64/the.vdex) is kOatUpToDate with filter 'verify' executable 'false'
02-23 13:21:37.644  9088  9088 I artd    : GetBestInfo: vdex next to the dex file (/data/user/0/com.google.android.apps.messaging/app_dg_cache/2DB167EF440159FF365B49D8B91441B1CFD017F9/oat/arm64/the.vdex) is kOatUpToDate with filter 'verify' executable 'false'
02-23 13:21:37.652  9088  9088 I artd    : GetBestInfo: vdex next to the dex file (/data/user/0/com.google.android.apps.messaging/app_dg_cache/646DA7BE3AF9B756DEFD88CA7189FC9D7C55EC0F/oat/arm64/the.vdex) is kOatUpToDate with filter 'verify' executable 'false'
02-23 13:21:37.696  9088 11136 I artd    : GetBestInfo: odex next to the dex file (/data/app/~~rpZoDGO1rWi5eVD8PVrUEg==/com.google.android.googlequicksearchbox-u-SPPmJc51FVsj2vqhfVyg==/oat/arm64/base.odex) is kOatUpToDate with filter 'speed-profile' executable 'false'
02-23 13:21:37.719  1495 11693 I WifiHAL : event received NL80211_CMD_VENDOR, vendor_id = 0x1374, subcmd = 0xd
02-23 13:21:37.723  9088  9088 I artd    : GetBestInfo: odex next to the dex file (/data/app/~~FUI5BxwfHkGdv2bhpIcIbw==/com.google.ar.lens-VTpsNQDhO04-1dvfg7nuVw==/oat/arm64/base.odex) is kOatBootImageOutOfDate with filter 'speed-profile' executable 'false': Image checksum mismatch, expected i;20/a75a7286:i;27/c0ac4b95 to start with i;20/a3f1ec2b
02-23 13:21:37.725  9088  9088 I artd    : GetBestInfo: vdex next to the dex file (/data/app/~~FUI5BxwfHkGdv2bhpIcIbw==/com.google.ar.lens-VTpsNQDhO04-1dvfg7nuVw==/oat/arm64/base.vdex) is kOatUpToDate with filter 'verify' executable 'false'
02-23 13:21:37.748 22971 22971 W Finsky  : [2] STU: Failed to get storage stats for package 'com.android.vndk.v30' (1601: Error getting stats: android.content.pm.PackageManager.NameNotFoundException)
02-23 13:21:37.821  9088 11136 I artd    : GetBestInfo: odex next to the dex file (/data/app/~~iRzOyjA3oeB_20WqNCDTFA==/in.swiggy.android.instamart-hVqgn3VlTXkQ1IeUU1q4pg==/oat/arm64/base.odex) is kOatUpToDate with filter 'speed-profile' executable 'false'
02-23 13:21:37.858  1474 26959 I vendor.qti.bluetooth@1.0-ibs_handler: ProcessIbsCmd: Received IBS_WAKE_IND: 0xFD
02-23 13:21:37.858  1474 26959 D vendor.qti.bluetooth@1.0-ibs_handler: SerialClockVote: vote for UART CLK ON
02-23 13:21:37.859  1474 26959 D vendor.qti.bluetooth@1.0-wake_lock: Acquire wakelock is acquired 
02-23 13:21:37.859  1474 26959 I vendor.qti.bluetooth@1.0-ibs_handler: ProcessIbsCmd: Writing IBS_WAKE_ACK
02-23 13:21:37.871  9088 11136 I artd    : GetBestInfo: odex next to the dex file (/data/app/~~FNoaumPwFXyrw9om0YGgAA==/com.oplus.melody-tSo7_GBrSY44Fg03RsBQ-g==/oat/arm64/base.odex) is kOatUpToDate with filter 'speed-profile' executable 'false'
02-23 13:21:37.899  9088  9088 I artd    : GetBestInfo: odex next to the dex file (/data/app/~~-Zw8IrzgsP7ByZpHhlyz4Q==/com.google.android.documentsui-sxY97mUM43kJ50LPejFEww==/oat/arm64/base.odex) is kOatUpToDate with filter 'speed-profile' executable 'false'
02-23 13:21:37.899  1474 26959 I vendor.qti.bluetooth@1.0-ibs_handler: ProcessIbsCmd: Received IBS_SLEEP_IND: 0xFE
02-23 13:21:37.900  1474 26959 D vendor.qti.bluetooth@1.0-ibs_handler: SerialClockVote: vote for UART CLK OFF
02-23 13:21:37.939  1474 26959 I vendor.qti.bluetooth@1.0-ibs_handler: ProcessIbsCmd: Received IBS_WAKE_IND: 0xFD
02-23 13:21:37.939  1474 26959 D vendor.qti.bluetooth@1.0-ibs_handler: SerialClockVote: vote for UART CLK ON
02-23 13:21:37.939  1474 26959 I vendor.qti.bluetooth@1.0-ibs_handler: ProcessIbsCmd: Writing IBS_WAKE_ACK
02-23 13:21:37.958 10669 11152 D ProfileInstaller: Installing profile for org.telegram.messenger
02-23 13:21:37.959  2028  2757 D Theia.TransparentWindow: handleMessage CHECK_TRANS_WINDOW_ERROR_MSG
02-23 13:21:37.980  1474 26959 I vendor.qti.bluetooth@1.0-ibs_handler: ProcessIbsCmd: Received IBS_SLEEP_IND: 0xFE
02-23 13:21:37.980  1474 26959 D vendor.qti.bluetooth@1.0-ibs_handler: SerialClockVote: vote for UART CLK OFF
02-23 13:21:38.130  1474 26943 D vendor.qti.bluetooth@1.0-wake_lock: Release wakelock is released 
02-23 13:21:38.195  9088  9088 I artd    : GetBestInfo: odex next to the dex file (/data/app/~~j_36PljyFW96y9hUvz62gQ==/com.heytap.browser-JpHBqPARIjgo5osANTro3Q==/oat/arm64/base.odex) is kOatUpToDate with filter 'speed-profile' executable 'false'
02-23 13:21:38.205  9088  9088 I artd    : GetBestInfo: dm (/data/app/~~j_36PljyFW96y9hUvz62gQ==/com.heytap.browser-JpHBqPARIjgo5osANTro3Q==/split_feature_account.dm) is kOatUpToDate with filter 'verify' executable 'false'
02-23 13:21:38.206  2028  3521 D InetDiagMessage: Destroyed 0 sockets, proto=IPPROTO_TCP, family=AF_INET, states=14
02-23 13:21:38.209  2028  3521 D InetDiagMessage: Destroyed 2 sockets, proto=IPPROTO_TCP, family=AF_INET6, states=14
02-23 13:21:38.209  2028  3521 D InetDiagMessage: Destroyed live tcp sockets for uids={10277} in 6ms
02-23 13:21:38.210 10470 11153 D ProfileInstaller: Skipping profile installation for com.linkedin.android
02-23 13:21:38.211  2028  3521 D InetDiagMessage: Destroyed 0 sockets, proto=IPPROTO_TCP, family=AF_INET, states=14
02-23 13:21:38.212  2028  3521 D InetDiagMessage: Destroyed 0 sockets, proto=IPPROTO_TCP, family=AF_INET6, states=14
02-23 13:21:38.212  2028  3521 D InetDiagMessage: Destroyed live tcp sockets for uids={20277} in 3ms
02-23 13:21:38.212  9088 11136 I artd    : GetBestInfo: dm (/data/app/~~j_36PljyFW96y9hUvz62gQ==/com.heytap.browser-JpHBqPARIjgo5osANTro3Q==/split_feature_cloudkit.dm) is kOatUpToDate with filter 'verify' executable 'false'
02-23 13:21:38.218  9088 11136 I artd    : GetBestInfo: dm (/data/app/~~j_36PljyFW96y9hUvz62gQ==/com.heytap.browser-JpHBqPARIjgo5osANTro3Q==/split_feature_exptools.dm) is kOatUpToDate with filter 'verify' executable 'false'
02-23 13:21:38.224  9088  9088 I artd    : GetBestInfo: dm (/data/app/~~j_36PljyFW96y9hUvz62gQ==/com.heytap.browser-JpHBqPARIjgo5osANTro3Q==/split_feature_feedback.dm) is kOatUpToDate with filter 'verify' executable 'false'
02-23 13:21:38.296  7051  7066 E MIDASApplication: MIDASPullAtomManager: onPullAtom 150122
02-23 13:21:38.302  2028  3514 D WifiStaIfaceHidlImpl: getCachedScanData is not implemented by HIDL
02-23 13:21:38.303  9088 11136 I artd    : GetBestInfo: odex next to the dex file (/data/app/~~3Tpcmq3IAVHFcOodFzhmYw==/com.microsoft.appmanager-VgvFPRZux6-wRw6NjaiCfg==/oat/arm64/base.odex) is kOatBootImageOutOfDate with filter 'speed-profile' executable 'false': Image checksum mismatch, expected i;20/7dd5e1ae:i;27/6ff54880 to start with i;20/a3f1ec2b
02-23 13:21:38.307  9088 11136 I artd    : GetBestInfo: vdex next to the dex file (/data/app/~~3Tpcmq3IAVHFcOodFzhmYw==/com.microsoft.appmanager-VgvFPRZux6-wRw6NjaiCfg==/oat/arm64/base.vdex) is kOatUpToDate with filter 'verify' executable 'false'
02-23 13:21:38.309 22971 22971 W JobService: onNetworkChanged() not implemented in com.google.android.finsky.scheduler.process.mainimpl.PhoneskyJobServiceMain. Must override in a subclass.
02-23 13:21:38.310  3826  3940 D WifiStatusTracker: mNetworkCallback onCapabilitiesChanged network:289 mPrimaryNetworkId:289
02-23 13:21:38.310  4441  4441 D VendorWifiService: onEvent event:9,action:1
02-23 13:21:38.313  4441  4620 D SubsysEventListenerManager: onCapabilitiesChanged
02-23 13:21:38.313  4441  4620 D DataStateTracker: getCurDataChannel, channel:1
02-23 13:21:38.313  9129  9830 I NullBinder: NullBinder for android.net.action.RECOMMEND_NETWORKS triggering remote TransactionTooLargeException due to Service without Chimera impl, calling uid: 1000, calling pid: 0
02-23 13:21:38.313  9129  9830 W .gms.persistent: Large reply transaction of 2113536 bytes, interface descriptor , code 1
02-23 13:21:38.313  3826  4011 D WifiPickerTracker: handleNetworkCapabilitiesChanged network:289
02-23 13:21:38.314  3826  3940 D WifiStatusTracker: mNetworkCallback onCapabilitiesChanged network:289 mPrimaryNetworkId:289
02-23 13:21:38.316  9129  9830 I NullBinder: NullBinder for android.net.action.RECOMMEND_NETWORKS triggering remote TransactionTooLargeException due to Service without Chimera impl, calling uid: 1000, calling pid: 0
02-23 13:21:38.316  9129  9830 W .gms.persistent: Large reply transaction of 2113536 bytes, interface descriptor , code 1
02-23 13:21:38.317  2028  3615 D SystemNetworkObserver: wifi network 289 nc changed, primary=true
02-23 13:21:38.317  2028  3615 D SystemNetworkObserver: default network nc changed 289
02-23 13:21:38.317  2028  3653 D OplusSlaNetworkManager: isPrimaryWifi:true network:289
02-23 13:21:38.318  3826  4011 I WifiPickerTracker: wifi connected status realConnectedWifiEntry not null: true
02-23 13:21:38.318  3826  3940 I SystemUi--Statusbar: NetworkController.WifiSignalController-->handleStatusUpdated state=3 enabled=true connected=true isDefaultNetwork=true rssi=-70 level=3 statusLabel=null isDirty=false
02-23 13:21:38.318  9129  9830 I NullBinder: NullBinder for android.net.action.RECOMMEND_NETWORKS triggering remote TransactionTooLargeException due to Service without Chimera impl, calling uid: 1000, calling pid: 0
02-23 13:21:38.318  9129  9830 W .gms.persistent: Large reply transaction of 2113536 bytes, interface descriptor , code 1
02-23 13:21:38.319  3826  3940 I SystemUi--Statusbar: NetworkController.WifiSignalController-->handleStatusUpdated state=3 enabled=true connected=true isDefaultNetwork=true rssi=-70 level=3 statusLabel=null isDirty=false
02-23 13:21:38.320  3826  3940 I SystemUi--Statusbar: NetworkController.WifiSignalController-->handleStatusUpdated state=3 enabled=true connected=true isDefaultNetwork=true rssi=-70 level=3 statusLabel=null isDirty=false
02-23 13:21:38.320  9129  9830 I NullBinder: NullBinder for android.net.action.RECOMMEND_NETWORKS triggering remote TransactionTooLargeException due to Service without Chimera impl, calling uid: 1000, calling pid: 0
02-23 13:21:38.320  9129  9830 W .gms.persistent: Large reply transaction of 2113536 bytes, interface descriptor , code 1
02-23 13:21:38.323 10211 10375 I CardConfig.RxNetworkMonitor: onNetworkStateChange, current:true, last:true
02-23 13:21:38.325  9050  9092 I BugleRcsEngine: handleMessage processing message:[NOTIFY_UPTIME_IGNORE_STATE_CHANGED] with [non-null]:RcsEngineImpl reference [CONTEXT log_prefix="RcsEngineImpl[DUAL_REG]:[84532c06-c402]>Handler" thread_id=759 ]
02-23 13:21:38.326  9050  9082 I BugleRcsEngine: Connected state: [1], networkType: [WIFI] [CONTEXT thread_id=752 ]
02-23 13:21:38.333  9050  9092 I BugleRcsEngine: Rcs is enabled from user settings: true [CONTEXT log_prefix="ProvisioningEngineDataRetriever" thread_id=759 ]
02-23 13:21:38.344  2028  2152 W Settings: Setting notification_bubbles has moved from android.provider.Settings.Global to android.provider.Settings.Secure, returning read-only value.
02-23 13:21:38.344  2028  2152 W Settings: Setting apply_ramping_ringer has moved from android.provider.Settings.Global to android.provider.Settings.System, returning read-only value.
02-23 13:21:38.349  2028  2152 W SettingsStatsUtil: Can not parse value to float: +network
02-23 13:21:38.353  2028  2152 W SettingsStatsUtil: Can not parse value to float: +network
02-23 13:21:38.364  9088 11136 I artd    : GetBestInfo: odex next to the dex file (/data/app/OppoNote2/oat/arm64/OppoNote2.odex) is kOatBootImageOutOfDate with filter 'verify' executable 'false': Image checksum mismatch, expected i;20/7dd5e1ae:i;27/6ff54880 to start with i;20/a3f1ec2b
02-23 13:21:38.367  9088 11136 I artd    : GetBestInfo: vdex next to the dex file (/data/app/OppoNote2/oat/arm64/OppoNote2.vdex) is kOatUpToDate with filter 'verify' executable 'false'
02-23 13:21:38.372  9088 11136 I artd    : GetBestInfo: vdex next to the dex file (/data/user/0/com.oneplus.note/app_files_tbl_64/500142/oat/arm64/tblcore_dex.vdex) is kOatUpToDate with filter 'verify' executable 'false'
02-23 13:21:38.384  9088  9088 I artd    : GetBestInfo: odex next to the dex file (/data/user/0/com.oneplus.note/app_files_tbl_64/500142/oat/arm64/tbl_webview_res.odex) is kOatBootImageOutOfDate with filter 'verify' executable 'false': Image checksum mismatch, expected i;20/a75a7286:i;27/c0ac4b95 to start with i;20/a3f1ec2b
02-23 13:21:38.387  9088  9088 I artd    : GetBestInfo: vdex next to the dex file (/data/user/0/com.oneplus.note/app_files_tbl_64/500142/oat/arm64/tbl_webview_res.vdex) is kOatUpToDate with filter 'verify' executable 'false'
02-23 13:21:38.444  2028  3873 I Osense-BaseDecisionMaker: notifySceneToAthenaPolicy: SCENE_RES_IO_PSI, bundle: Bundle[{ioLevel=3}]
02-23 13:21:38.444  2028  3873 I Osense-BaseDecisionMaker: OSense not supported scene! SCENE_RES_IO_PSI
02-23 13:21:38.459  9088  9088 I artd    : GetBestInfo: odex next to the dex file (/data/app/~~mBIm1NPLwCWLoik39Dabqw==/com.nextbillion.groww-fybEiaLpRQFEVR-qkIF9hQ==/oat/arm64/base.odex) is kOatUpToDate with filter 'speed-profile' executable 'false'
02-23 13:21:38.507  9088 11136 I artd    : GetBestInfo: odex next to the dex file (/data/app/~~70-V8C0SBTOVh0T4lVCdvQ==/com.flipkart.android-Rqn7LNcKEONNdbDCaJRCeg==/oat/arm64/base.odex) is kOatUpToDate with filter 'speed-profile' executable 'false'
02-23 13:21:38.519  9088 11136 I artd    : GetBestInfo: dm (/data/app/~~70-V8C0SBTOVh0T4lVCdvQ==/com.flipkart.android-Rqn7LNcKEONNdbDCaJRCeg==/split_juspay_sdk.dm) is kOatUpToDate with filter 'verify' executable 'false'
02-23 13:21:38.532 22971 22971 W Finsky  : [2] STU: Failed to get storage stats for package 'com.google.android.sdkext' (1601: Error getting stats: android.content.pm.PackageManager.NameNotFoundException)
02-23 13:21:38.563  4306  4638 D CommonApp-289-10485: transport layer data is invalid
02-23 13:21:38.596  1474 26959 I vendor.qti.bluetooth@1.0-ibs_handler: ProcessIbsCmd: Received IBS_WAKE_IND: 0xFD
02-23 13:21:38.596  1474 26959 D vendor.qti.bluetooth@1.0-ibs_handler: SerialClockVote: vote for UART CLK ON
02-23 13:21:38.597  1474 26959 D vendor.qti.bluetooth@1.0-wake_lock: Acquire wakelock is acquired 
02-23 13:21:38.597  1474 26959 I vendor.qti.bluetooth@1.0-ibs_handler: ProcessIbsCmd: Writing IBS_WAKE_ACK
02-23 13:21:38.599  9088 11136 I artd    : GetBestInfo: odex next to the dex file (/data/app/~~C2m5Rl359NlfEplT5S_Y3Q==/com.instagram.android-6mlpc6dGkInHxEGUNKuSTg==/oat/arm64/base.odex) is kOatUpToDate with filter 'speed-profile' executable 'false'
02-23 13:21:38.602  7113 19387 D ModernMediaScanner: Skipping preVisitDirectory /storage/emulated/0/Android/media/com.whatsapp/WhatsApp/Media/WhatsApp Documents/Sent
02-23 13:21:38.603  7113 19387 D ModernMediaScanner: Skipping preVisitDirectory /storage/emulated/0/Android/media/com.whatsapp/WhatsApp/Media/WhatsApp Documents/Private
02-23 13:21:38.613  9088 11136 I artd    : GetBestInfo: /data/app/~~As60L6Cf1ynd4fHUQ1_CVA==/com.jarvis-aR4gVXoGtEKoIlUpXFecNw==/base.apk has no usable artifacts
02-23 13:21:38.621  1545  1698 D BatteryChargeControl: bcc get no support from charging protocol
02-23 13:21:38.623 22971 22971 W Finsky  : [2] STU: Failed to get storage stats for package 'com.google.android.adservices' (1601: Error getting stats: android.content.pm.PackageManager.NameNotFoundException)
02-23 13:21:38.624 22971 22971 W Finsky  : [2] STU: Failed to get storage stats for package 'com.google.android.tethering' (1601: Error getting stats: android.content.pm.PackageManager.NameNotFoundException)
02-23 13:21:38.638  1474 26959 I vendor.qti.bluetooth@1.0-ibs_handler: ProcessIbsCmd: Received IBS_SLEEP_IND: 0xFE
02-23 13:21:38.638  1474 26959 D vendor.qti.bluetooth@1.0-ibs_handler: SerialClockVote: vote for UART CLK OFF
02-23 13:21:38.642  9088 11136 I artd    : GetBestInfo: odex next to the dex file (/data/app/~~Fb0ueGYVVhty4RixMOmqdw==/com.google.android.captiveportallogin-o4aTfmq7x0S1GyBELJ8lmQ==/oat/arm64/base.odex) is kOatUpToDate with filter 'speed-profile' executable 'false'
02-23 13:21:38.728  9088 11136 I artd    : GetBestInfo: odex next to the dex file (/data/app/~~xNKvcQWUN9Q_Ek1mNTTWRw==/com.zingbusbtoc.zingbus-ECikHyJyHyYg2wwdkLRS7w==/oat/arm64/base.odex) is kOatUpToDate with filter 'speed-profile' executable 'false'
02-23 13:21:38.751  9088  9088 I artd    : GetBestInfo: odex next to the dex file (/data/app/~~4ZLG4_6Id-rfLtkwyUHGJg==/com.android.chrome-6bywOn2uas0ezDmH5SqzGQ==/oat/arm64/base.odex) is kOatUpToDate with filter 'speed-profile' executable 'false'
02-23 13:21:38.757  9088  9088 I artd    : GetBestInfo: dm (/data/app/~~4ZLG4_6Id-rfLtkwyUHGJg==/com.android.chrome-6bywOn2uas0ezDmH5SqzGQ==/split_chrome.dm) is kOatUpToDate with filter 'verify' executable 'false'
02-23 13:21:38.760  9088  9088 I artd    : GetBestInfo: dm (/data/app/~~4ZLG4_6Id-rfLtkwyUHGJg==/com.android.chrome-6bywOn2uas0ezDmH5SqzGQ==/split_dev_ui.dm) is kOatUpToDate with filter 'verify' executable 'false'
02-23 13:21:38.768  9088 11136 I artd    : GetBestInfo: dm (/data/app/~~4ZLG4_6Id-rfLtkwyUHGJg==/com.android.chrome-6bywOn2uas0ezDmH5SqzGQ==/split_on_demand.dm) is kOatUpToDate with filter 'verify' executable 'false'
02-23 13:21:38.774  9088 11136 I artd    : GetBestInfo: dm (/data/app/~~4ZLG4_6Id-rfLtkwyUHGJg==/com.android.chrome-6bywOn2uas0ezDmH5SqzGQ==/split_stack_unwinder.dm) is kOatUpToDate with filter 'verify' executable 'false'
02-23 13:21:38.779  9088 11136 I artd    : GetBestInfo: dm (/data/app/~~4ZLG4_6Id-rfLtkwyUHGJg==/com.android.chrome-6bywOn2uas0ezDmH5SqzGQ==/split_test_dummy.dm) is kOatUpToDate with filter 'verify' executable 'false'
02-23 13:21:38.788  1474 26943 D vendor.qti.bluetooth@1.0-wake_lock: Release wakelock is released 
02-23 13:21:38.807  7113 19387 D ModernMediaScanner: Skipping preVisitDirectory /storage/emulated/0/Android/media/com.whatsapp/WhatsApp/Media/WallPaper
02-23 13:21:38.810  7113 19387 D ModernMediaScanner: Skipping preVisitDirectory /storage/emulated/0/Android/media/com.whatsapp/WhatsApp/Media/.Links
02-23 13:21:38.812  7113 19387 D ModernMediaScanner: Skipping preVisitDirectory /storage/emulated/0/Android/media/com.whatsapp/WhatsApp/Media/.Statuses
02-23 13:21:38.821  7113 19387 D ModernMediaScanner: Skipping preVisitDirectory /storage/emulated/0/Android/media/com.whatsapp/WhatsApp/Media/WhatsApp Audio/Sent
02-23 13:21:38.822  7113 19387 D ModernMediaScanner: Skipping preVisitDirectory /storage/emulated/0/Android/media/com.whatsapp/WhatsApp/Media/WhatsApp Audio/Private
02-23 13:21:38.825  9129 10567 I NearbySharing: Network state changed: NetworkState(isRestricted=false, isOnline=true, isCongested=false, isMetered=false, isWifiConnected=true)
02-23 13:21:38.826  7113 19387 D ModernMediaScanner: Skipping preVisitDirectory /storage/emulated/0/Android/media/com.whatsapp/WhatsApp/Media/WhatsApp Animated Gifs/Sent
02-23 13:21:38.827  7113 19387 D ModernMediaScanner: Skipping preVisitDirectory /storage/emulated/0/Android/media/com.whatsapp/WhatsApp/Media/WhatsApp Animated Gifs/Private
02-23 13:21:38.829  7113 19387 D ModernMediaScanner: Skipping preVisitDirectory /storage/emulated/0/Android/media/com.whatsapp/WhatsApp/Media/WhatsApp Stickers
02-23 13:21:38.830  7113 19387 D ModernMediaScanner: Skipping preVisitDirectory /storage/emulated/0/Android/media/com.whatsapp/WhatsApp/Media/.Wamo
02-23 13:21:38.832  7113 19387 D ModernMediaScanner: Skipping preVisitDirectory /storage/emulated/0/Android/media/com.whatsapp/WhatsApp/Media/WhatsApp Sticker Packs
02-23 13:21:38.833  7113 19387 D ModernMediaScanner: Skipping preVisitDirectory /storage/emulated/0/Android/media/com.whatsapp/WhatsApp/Media/WhatsApp Backup Excluded Stickers
02-23 13:21:38.835  7113 19387 D ModernMediaScanner: Skipping preVisitDirectory /storage/emulated/0/Android/media/com.whatsapp/WhatsApp/Media/.udDHFY8K4Eqg
02-23 13:21:38.837  7113 19387 D ModernMediaScanner: Skipping preVisitDirectory /storage/emulated/0/Android/media/com.whatsapp/WhatsApp/Media/ AI Media
02-23 13:21:38.839  7113 19387 D ModernMediaScanner: Skipping preVisitDirectory /storage/emulated/0/Android/media/com.whatsapp/WhatsApp/Media/WhatsApp AI Media
02-23 13:21:38.840  7113 19387 D ModernMediaScanner: Skipping preVisitDirectory /storage/emulated/0/Android/media/com.whatsapp/WhatsApp/Media/WhatsApp Bug Report Attachments
02-23 13:21:38.843  7113 19387 D ModernMediaScanner: Skipping preVisitDirectory /storage/emulated/0/Android/media/com.whatsapp/WhatsApp/Media/.wamocache
02-23 13:21:38.864  9129 10567 I NearbyMediums: No BLE Fast/GATT advertisements found in the latest cycle.
02-23 13:21:38.864  9129 10567 I NearbyMediums: Current Tracked Scanning Clients are : {NearbyConnections.EnvironmentMonitor, NearbySharing}
02-23 13:21:38.898  9088 11136 I artd    : GetBestInfo: odex next to the dex file (/data/app/~~IV_L-vxiLIch3OBZNFVr8w==/xyz.penpencil.physicswala-PznknBHoE6g9V0iWv42qGA==/oat/arm64/base.odex) is kOatUpToDate with filter 'speed-profile' executable 'false'
02-23 13:21:38.911  9088  9088 I artd    : GetBestInfo: odex next to the dex file (/data/app/OppoTranslation/oat/arm64/OppoTranslation.odex) is kOatCannotOpen: In oat file '/data/app/OppoTranslation/oat/arm64/OppoTranslation.odex': invalid oat header: Invalid oat version, expected 0x32363500, got 0x32353900.
02-23 13:21:38.918  9088  9088 I artd    : GetBestInfo: vdex next to the dex file (/data/app/OppoTranslation/oat/arm64/OppoTranslation.vdex) is kOatUpToDate with filter 'verify' executable 'false'
02-23 13:21:38.941  9088  9088 I artd    : GetBestInfo: odex next to the dex file (/data/app/~~biYyVynvmMtjDnoVoXBrhA==/com.facebook.services-gehocvSGFJtNpueON7454g==/oat/arm64/base.odex) is kOatUpToDate with filter 'verify' executable 'false'
02-23 13:21:38.954 22971 22971 W Finsky  : [2] STU: Failed to get storage stats for package 'com.android.runtime' (1601: Error getting stats: android.content.pm.PackageManager.NameNotFoundException)
02-23 13:21:38.962  1579 31213 D AudioPolicyService: updateUidStates_l() current->uid=10485 current->pid=10607 allowCapture=1 UidState=2 apmStat=2
02-23 13:21:38.964  1318 17649 E TetherController: property_get sys.radio.data.modem_share_flag return 0, 1!
02-23 13:21:38.967  4306  4633 I NetworkUtils: curOpVersion : 34
02-23 13:21:38.970  1579 31213 D AudioPolicyService: updateUidStates_l() current->uid=10485 current->pid=10607 allowCapture=1 UidState=2 apmStat=2
02-23 13:21:38.976  4306  4633 I NetworkUtils: getUidTxBytesByPowerManager : 13701
02-23 13:21:38.976  4306  4633 I LiveScene: handleCheckLiveUploadTraffic : currentTx : 13701
02-23 13:21:38.976  4306  4633 I LiveScene: check upload traffic, byte = 0 byte,uid =10485,targetUid=10485,times=2,targetPkg:com.jarvis
