02-23 13:16:57.464  2028  3594 D KernelStatsHelper: data over! check: true
02-23 13:16:57.466  7097  9960 I metis_v2_OsenseCallBack: memLevel: 0 [Metis|com.oplus.metis|1.4.54-aa2067f]
02-23 13:16:57.468  3826  3826 I OplusSeedlingService: StateManager-->onReceive.action: android.intent.action.SCREEN_ON
02-23 13:16:57.468  3826  3826 D OplusSeedlingService: FlashlightTip-->onLocked. locked: true, lastFlashlightState: 2
02-23 13:16:57.469  7051 27017 I OplusObrain: OplusObrainClientInvoke.nativeGetTrafficTypeInfoForNetworkType networkType 0
02-23 13:16:57.473  1570  1570 I aidl_vibrator: Vibrator off
02-23 13:16:57.474 27579 27579 I PkDeviceHelper: PkDeviceHelper.refreshDevices():87 refreshing devices
02-23 13:16:57.481  7313 31969 I PTC.DISC.ServerSocketGroup: joinMulticastGroup, listen=true, nifName=wlan0, desc=Screen Unlock, count=3156
02-23 13:16:57.482  9129  9754 I NearbyDiscovery: (REDACTED) PureOffloadFastPairScanner: eventType=%s, isInternalReq=%s, isScanning=%s, isScanningAllowed=%s
02-23 13:16:57.483  3826  4092 I SurfaceControl:  setExtendedRangeBrightness sc=Surface(name=OplusPrivacyIconTopRight)/@0xb084979,currentBufferRatio=1.0,desiredRatio=1.0
02-23 13:16:57.485 27579  5461 I DeviceStatusMonitor: DeviceStatusMonitor.handleBroadcast():138 onReceive() : Action = android.intent.action.SCREEN_ON
02-23 13:16:57.487  2028  2687 I WindowManager: Window{80d4fd5 u0 NotificationShade} state from COMMIT_DRAW_PENDING to READY_TO_SHOW; reason: commitFinishDrawingLocked
02-23 13:16:57.487  2028  2687 I WindowManager: Window{80d4fd5 u0 NotificationShade} state from READY_TO_SHOW to HAS_DRAWN; reason: performShowLocked
02-23 13:16:57.493  3826  3702 I KeyguardStyleClockPlugin: WeatherEffectController-->updateNetworkAndLocationState: isNetAble = true;  isLocationAble = true
02-23 13:16:57.493  3826  3702 I KeyguardStyleClockPlugin: WeatherEffectController-->checkWeatherRemind isInitial = true timeOverGap = false networkAndLocationEnable = true
02-23 13:16:57.493  3826  3826 I KeyguardStyleClockPlugin: WeatherEffectController-->sendWeatherData mCurrentData = WeatherData(weatherId=38, weatherDescription='Fog', dayTemperature=32, NightTemperature=20, resId=-66583745, cityId=2)
02-23 13:16:57.493  2028  2687 I WindowManager: Waiting for drawn Window{80d4fd5 u0 NotificationShade}: removed=false visible=true mHasSurface=true drawState=4
02-23 13:16:57.494  2028  2687 D OplusWindowAnimationManager: Is NotificationShade draw check disabled: false, win: Window{80d4fd5 u0 NotificationShade}, clientRotation: 0, isFullscreen: true, requestedWidth: 1080, requestedHeight: 2400, physicalHeight: 2400, physicalWidth: 1080
02-23 13:16:57.495  2028  2680 W WindowManager: All windows drawn on display -1
02-23 13:16:57.498  2028  2680 D FSS_FoldScreenBlackCoverController: finishWindowsDrawn, displayId:-1
02-23 13:16:57.500   644   644 E lowmemorykiller: device memory 466586 free 67208 file 414274
02-23 13:16:57.501 27579  5461 I DeviceStatusMonitor: DeviceStatusMonitor.updateCountryInfo():154 updateCountryInfo(), notifyAnyway = false
02-23 13:16:57.503  4617  4617 I MainLooperBlockDetector: com.oplus.assistantscreen.common.helper.ApplicationStateChangeMonitor$ScreenOnOffBroadcastReceiver.onReceive
02-23 13:16:57.504  4617  4617 I MainLooperBlockDetector: checkMainLooperBlocked: detector not initialized
02-23 13:16:57.504  4617  4617 I AstScreen.ApplicationStateChangeMonitor: ScreenOnOffBroadcastReceiver onReceive, startIntent { act=android.intent.action.SCREEN_ON flg=0x58200010 }
02-23 13:16:57.504  4617  4617 I AstScreen.ApplicationStateChangeMonitor: onScreenOnOff true
02-23 13:16:57.504  4617  4617 I AstScreen.ApplicationStateChangeMonitor: ScreenOnOffBroadcastReceiver onReceive,   end android.intent.action.SCREEN_ON
02-23 13:16:57.508  2028  2680 I WindowManager: Finished screen turning on...0
02-23 13:16:57.509  2028  2680 D DpcExtImpl[0]: ScreenOnUnblocker, onScreenOn
02-23 13:16:57.509  2028  2902 I DisplayPowerController[0]: Unblocked screen on after 360 ms
02-23 13:16:57.509  2028  2680 V SystemSensorManagerExtImpl: RegisterListener device_orient  Non-wakeup type:27 delay:66667us by com.android.server.wm.WindowOrientationListener$OrientationSensorJudge@b558923 from android
02-23 13:16:57.509  2028  2680 D SensorService: createSensorEventConnection, mCurrentOperatingMode = 0, requestedMode = 0
02-23 13:16:57.509  2028  2902 D DisplayPowerState[0]: setColorFadeLevel: level=1.0
02-23 13:16:57.509  2028  3892 V WindowManager: Relayout Window{fc41411 u0 OplusPrivacyIconTopRight}: viewVisibility=0, oldvis=0, req=12x12, vsysui=LAYOUT_STABLE, x=35, y=56
02-23 13:16:57.510  2028  2680 W SensorService: SensorEventConnection sensor handle=271, package = com.android.server.wm.WindowOrientationListener enable
02-23 13:16:57.510  2028  2680 E SensorService: Required app com.android.server.wm.WindowOrientationListener, uid 1000, pid 2028
02-23 13:16:57.510  2028  2680 D SensorService: Calling batch handle==271 flags=0rate=66667000 timeout== 0
02-23 13:16:57.510  2028  2680 D SensorService: SensorDevice::batch: ident=0xb4000075ba4f6c80, handle=0x0000010f, flags=0, period_ns=66667000 timeout=0
02-23 13:16:57.510  2028  2680 D SensorService: 	>>> actuating h/w BATCH 0x0000010f 66667000 0
02-23 13:16:57.510  1490  1490 I sensors-hal: batch:254, android.sensor.device_orientation/271, period=66667000, max_latency=0
02-23 13:16:57.511  1490  1490 I sensors-hal: batch:276, android.sensor.device_orientation/271, period=66667000, max_latency=0 request completed
02-23 13:16:57.512 27579 27579 W NotificationCenter: NotificationCenter$NotificationQueue.notifyPendingNotificationsOnExecutor():877 Heavy notify work detected on UI thread: [mpi->hmi, mpi->hmi, mpi->ioz, mpi->nee, ojt->glh, ojt->mtd, ojt->isv] takes 27ms
02-23 13:16:57.514  9129  9754 I NearbyDiscovery: (REDACTED) ApFastPairScanner: isScreenOn=%s, isLocationEnabled=%s, disableLocationRequirement=%s, isDiscoveryScanningEnabled=%s, during24GhzWifiWarmingUpPeriod=%s
02-23 13:16:57.515  9129  9754 D BluetoothAdapter: isLeEnabled(): ON
02-23 13:16:57.515  9129  9754 I NearbyDiscovery: (REDACTED) ApFastPairScanner: eventType=%s, intReq=%s, scanning=%s, scanAllowed=%s, bleEnabled=%s, lockScanRate=%s, startScanningByLowPowerMode=%s
02-23 13:16:57.515  2028  2680 D SensorService: Calling activate on 271
02-23 13:16:57.515  2028  2680 D SensorService: SensorDevice::activate: ident=0xb4000075ba4f6c80, handle=0x0000010f, enabled=1, count=1
02-23 13:16:57.515  2028  2680 D SensorService: enable index=0
02-23 13:16:57.515  2028  2680 D SensorService: info.numActiveClients() = 1, info.isActive = 0
02-23 13:16:57.515  2028  2680 D SensorService: activateHardware = 1
02-23 13:16:57.515  2028  2680 D SensorService: 	>>> actuating h/w activate handle=271 enabled=1
02-23 13:16:57.520  4617  4617 D DeviceStateMonitor: mScreenOff = false , false
02-23 13:16:57.520  2028  2928 D OplusDisplayBrightnessBroadcastReceiver: onReceive action = android.intent.action.SCREEN_ON , listeners = [com.android.server.display.stat.BackLightStat$EventReceiver@817131a]
02-23 13:16:57.527  1499  3630 E SDM     : HWDeviceDRM::write_node: write_node: access path: /sys/kernel/oplus_display/video : 1
02-23 13:16:57.528  2028  2902 D BLASTBufferQueue: [ColorFade#1616](f:0,a:1) destructor()
02-23 13:16:57.528  2028  2902 D BufferQueueConsumer: [ColorFade#1616(BLAST Consumer)1616](id:7ec00000cac,api:0,p:-1,c:2028) disconnect
02-23 13:16:57.534  7073  7073 V GestureMonitorController: onDeviceStateChanged
02-23 13:16:57.535  7073  7189 D GestureMonitorController: updateScreenOn settingName = oplus_customize_smart_apperceive_auto_answer
02-23 13:16:57.536  1490  1490 I sensors-hal: activate:213, android.sensor.device_orientation/271 en=1
02-23 13:16:57.537  1499  3630 I SDM     : DisplayBase::SetDisplayState: active 1-1 state 1-1 pending_power_state_ 0
02-23 13:16:57.537  1592  1592 D SurfaceFlinger: Finished setting power mode 2 on display 4630946896948975233
02-23 13:16:57.537  1592  1592 D OplusSurfaceFlinger: SetPowerModeInternal: Current scheduler Policy: 1, Priority: 2
02-23 13:16:57.537  1592  1997 D VRR [OTI]: handleIdle from 1 to 0
02-23 13:16:57.538  1592  1997 D VRR [OTI-HW]: isStateReady 0
02-23 13:16:57.538  1592  1997 D VRR [OTI-HW]: rate range: min {id=2, hwcId=4, resolution=1080x2400, vsyncRate=60.00 Hz, dpi=391.89x390.77, group=0, vrrConfig=N/A} cur {id=0, hwcId=0, resolution=1080x2400, vsyncRate=120.00 Hz, dpi=391.89x390.77, group=0, vrrConfig=N/A} max {id=0, hwcId=0, resolution=1080x2400, vsyncRate=120.00 Hz, dpi=391.89x390.77, group=0, vrrConfig=N/A}
02-23 13:16:57.538  1592  1997 D VRR [OTI-HW]: keep rate.
02-23 13:16:57.538  1592  1592 I OplusSurfaceFlinger: setDisplayLayerStack 0, old -1
02-23 13:16:57.538  2028  3624 D SurfaceControl: nativeSetDisplayPowerMode elapsed time(300,2)ms token=0xb40000776409a180
02-23 13:16:57.539  2028  3624 D DisplayAdapterExt: sendDisplayDeviceEventLocked event=2,now=673717471,timestamp=673717471 device:[id=local:4630946896948975233,stack=0],isFirst=true,activeMode=1,state=ON,commitState=ON,devInfo:null
02-23 13:16:57.541  7073  7189 D GestureState: Screen is locked
02-23 13:16:57.542  2028  2685 D DisplayDeviceRepositoryExtImpl: onDisplayDeviceEvent event=2,now=673717471,timestamp=673717471 device:[id=local:4630946896948975233,stack=0],isFirst=true,activeMode=1,state=ON,commitState=ON,devInfo:DisplayDeviceInfo{"null": uniqueId="local:4630946896948975233", 1080 x 2400, modeId 1, renderFrameRate 120.00001, defaultModeId 1, userPreferredModeId -1, supportedModes [{id=1, width=1080, height=2400, fps=120.00001, vsync=120.00001, synthetic=false, alternativeRefreshRates=[30.000002, 48.000004, 50.0, 60.000004, 90.0], supportedHdrTypes=[]}, {id=2, width=1080, height=2400, fps=90.0, vsync=90.0, synthetic=false, alternativeRefreshRates=[30.000002, 48.000004, 50.0, 60.000004, 120.00001], supportedHdrTypes=[]}, {id=3, width=1080, height=2400, fps=60.000004, vsync=60.000004, synthetic=false, alternativeRefreshRates=[30.000002, 48.000004, 50.0, 90.0, 120.00001], supportedHdrTypes=[]}, {id=4, width=1080, height=2400, fps=50.0, vsync=50.0, synthetic=false, alternativeRefreshRates=[30.000002, 48.000004, 60.000004, 90.0, 120.00001], supportedHdrTypes=[]}, {id=5, width=1080, height=2400, fps=48.000004, vsync=48.000004, synthetic=false, alternativeRefreshRates=[30.000002, 50.0, 60.000004, 90.0, 120.00001], supportedHdrTypes=[]}, {id=6, width=1080, height=2400, fps=30.000002, vsync=30.000002, synthetic=false, alternativeRefreshRates=[48.000004, 50.0, 60.000004, 90.0, 120.00001], supportedHdrTypes=[]}], colorMode 0, supportedColorModes [0, 7, 9], hdrCapabilities HdrCapabilities{mSupportedHdrTypes=[], mMaxLuminance=500.0, mMaxAverageLuminance=500.0, mMinLuminance=0.0}, allmSupported false, gameContentTypeSupported false, density 480, 391.885 x 390.769 dpi, appVsyncOff 1000000, presDeadline 12666666, cutout DisplayCutout{insets=Rect(0, 107 - 0, 0) waterfall=Insets{left=0, top=0, right=0, bottom=0} boundingRect={Bounds=[Rect(0, 0 - 0, 0), Rect(502, 0 - 578, 107), Rect(0, 0 - 0, 0), Rect(0, 0 - 0, 0)]} cutoutPathParserInfo={CutoutPathParserInfo{displayWidth=1080 displayHeight=2400 physicalDisplayWidth=1080 physicalDisplayHeight=2400 density={3.0} cutoutSpec={M -38,0 L -38,107 L 38,107 L 38,0 Z} rotation={0} scale={1.0} physicalPixelDisplaySizeRatio={1.0}}} sideOverrides={}}, touch NONE, rotation 0, type UNKNOWN, address {port=129, model=0x40446daabe5756}, deviceProductInfo DeviceProductInfo{name=, manufacturerPnpId=QCM, productId=1, modelYear=null, manufactureDate=ManufactureDate{week=27, year=2006}, connectionToSinkType=0}, state ON, committedState ON, frameRateOverride , brightnessMinimum 0.0, brightnessMaximum 0.0, brightnessDefault 0.0, hdrSdrRatio NaN, backlightType 0, roundedCorners RoundedCorners{[RoundedCorner{position=TopLeft, radius=60, center=Point(60, 60)}, RoundedCorner{position=TopRight, radius=60, center=Point(1020, 60)}, RoundedCorner{position=BottomRight, radius=60, center=Point(1020, 2340)}, RoundedCorner{position=BottomLeft, radius=60, center=Point(60, 2340)}]}, FLAG_ALLOWED_TO_BE_DEFAULT_DISPLAY, FLAG_SECURE, FLAG_SUPPORTS_PROTECTED_BUFFERS, installOrientation 0}
02-23 13:16:57.545  2028  3624 I LocalDisplayAdapterExtImpl: power on! sync real time brightness:344.0 isFirst=true
02-23 13:16:57.545  2028  3624 I OplusSmartBrightnessController: setPowerOnRealTimeBrightness -1.0
02-23 13:16:57.546  2028  2928 I OplusSmartBrightnessController: handleMessage MSG_UPDATE_BRIGHTNESS_NO_ANIMATION changed:false
02-23 13:16:57.546  2028  2928 D OplusSmartBrightnessController: setBrightnessNoAnimation true->false
02-23 13:16:57.547  1592  1592 E HWComposer: getDisplayDecorationSupport: getDisplayDecorationSupport failed for display 4630946896948975233: Unsupported (8)
02-23 13:16:57.546  2028  3624 D DisplayDeviceExt: setDisplayBrightness(4630946896948975233,344.0, 0.084005, 63.493),verbose[(0,ON):-1.0->344.0,(344.0, 344.0)]
02-23 13:16:57.548  2028  2685 I DisplayDeviceRepositoryExtImpl: Display device changed committed state: "Built-in Screen", ON
02-23 13:16:57.548  1543  1543 D OplusTouch: in_deviceId = 0,in_nodeFlag = 171
02-23 13:16:57.548  1543  1543 D OplusTouch: path = /proc/touchpanel/reclining_mode,len = 256
02-23 13:16:57.548  2028  2685 D LogicalDisplayMapper: Display device changed: DisplayDeviceInfo{"Built-in Screen": uniqueId="local:4630946896948975233", 1080 x 2400, modeId 1, renderFrameRate 120.00001, defaultModeId 1, userPreferredModeId -1, supportedModes [{id=1, width=1080, height=2400, fps=120.00001, vsync=120.00001, synthetic=false, alternativeRefreshRates=[30.000002, 48.000004, 50.0, 60.000004, 90.0], supportedHdrTypes=[]}, {id=2, width=1080, height=2400, fps=90.0, vsync=90.0, synthetic=false, alternativeRefreshRates=[30.000002, 48.000004, 50.0, 60.000004, 120.00001], supportedHdrTypes=[]}, {id=3, width=1080, height=2400, fps=60.000004, vsync=60.000004, synthetic=false, alternativeRefreshRates=[30.000002, 48.000004, 50.0, 90.0, 120.00001], supportedHdrTypes=[]}, {id=4, width=1080, height=2400, fps=50.0, vsync=50.0, synthetic=false, alternativeRefreshRates=[30.000002, 48.000004, 60.000004, 90.0, 120.00001], supportedHdrTypes=[]}, {id=5, width=1080, height=2400, fps=48.000004, vsync=48.000004, synthetic=false, alternativeRefreshRates=[30.000002, 50.0, 60.000004, 90.0, 120.00001], supportedHdrTypes=[]}, {id=6, width=1080, height=2400, fps=30.000002, vsync=30.000002, synthetic=false, alternativeRefreshRates=[48.000004, 50.0, 60.000004, 90.0, 120.00001], supportedHdrTypes=[]}], colorMode 0, supportedColorModes [0, 7, 9], hdrCapabilities HdrCapabilities{mSupportedHdrTypes=[], mMaxLuminance=500.0, mMaxAverageLuminance=500.0, mMinLuminance=0.0}, allmSupported false, gameContentTypeSupported false, density 480, 391.885 x 390.769 dpi, appVsyncOff 1000000, presDeadline 12666666, cutout DisplayCutout{insets=Rect(0, 107 - 0, 0) waterfall=Insets{left=0, top=0, right=0, bottom=0} boundingRect={Bounds=[Rect(0, 0 - 0, 0), Rect(502, 0 - 578, 107), Rect(0, 0 - 0, 0), Rect(0, 0 - 0, 0)]} cutoutPathParserInfo={CutoutPathParserInfo{displayWidth=1080 displayHeight=2400 physicalDisplayWidth=1080 physicalDisplayHeight=2400 density={3.0} cutoutSpec={M -38,0 L -38,107 L 38,107 L 38,0 Z} rotation={0} scale={1.0} physicalPixelDisplaySizeRatio={1.0}}} sideOverrides={}}, touch INTERNAL, rotation 0, type INTERNAL, address {port=129, model=0x40446daabe5756}, deviceProductInfo DeviceProductInfo{name=, manufacturerPnpId=QCM, productId=1, modelYear=null, manufactureDate=ManufactureDate{week=27, year=2006}, connectionToSinkType=0}, state ON, committedState ON, frameRateOverride , brightnessMinimum 0.0, brightnessMaximum 1.0, brightnessDefault 738.8214, hdrSdrRatio 1.0, backlightType 0, roundedCorners RoundedCorners{[RoundedCorner{position=TopLeft, radius=60, center=Point(60, 60)}, RoundedCorner{position=TopRight, radius=60, center=Point(1020, 60)}, RoundedCorner{position=BottomRight, radius=60, center=Point(1020, 2340)}, RoundedCorner{position=BottomLeft, radius=60, center=Point(60, 2340)}]}, FLAG_ALLOWED_TO_BE_DEFAULT_DISPLAY, FLAG_ROTATES_WITH_CONTENT, FLAG_SECURE, FLAG_SUPPORTS_PROTECTED_BUFFERS, FLAG_TRUSTED, installOrientation 0, displayShape DisplayShape{ spec=-1893857183 displayWidth=1080 displayHeight=2400 physicalPixelDisplaySizeRatio=1.0 rotation=0 offsetX=0 offsetY=0 scale=1.0}} diff=4
02-23 13:16:57.548  2028  2685 D LogicalDisplayExt: set displayInfo flag FLAG_ROTATES_WITH_CONTENT
02-23 13:16:57.549  2028  3892 D ColorTouchNodeManagerService: isTouchNodeSupport, nodeFlag: 171, dId:0, result:-1
02-23 13:16:57.550  7073  7189 V GestureState: startStopGesture, mSettingName = oplus_customize_smart_apperceive_auto_answer, mGestureType = 4, mIsStarted = false, mGesturestate false, gestureName = GestureBringToEar, mIsSettingOn = true, mIsScreenOn = true, mIsUnLocked = false, mIsEnabledTop = false, mIsEnabledPhoneState = false, mIsEnabledBroadcast = false
02-23 13:16:57.550  7073  7189 D GestureState: setting = oplus_customize_smart_apperceive_auto_answer, has been stoped
02-23 13:16:57.550  7073  7189 D GestureMonitorController: updateScreenOn settingName = oppo_smart_micromsg_pre_acc
02-23 13:16:57.550  7073  7189 V GestureState: startStopGesture, mSettingName = oppo_smart_micromsg_pre_acc, mGestureType = 1, mIsStarted = false, mGesturestate false, gestureName = GesturePreAcc, mIsSettingOn = true, mIsScreenOn = true, mIsUnLocked = false, mIsEnabledTop = false, mIsEnabledPhoneState = false, mIsEnabledBroadcast = false
02-23 13:16:57.550  7073  7189 D GestureState: setting = oppo_smart_micromsg_pre_acc, has been stoped
02-23 13:16:57.550  7073  7189 D GestureMonitorController: updateScreenOn settingName = oplus_customize_smart_apperceive_slient
02-23 13:16:57.550  7073  7189 V GestureState: startStopGesture, mSettingName = oplus_customize_smart_apperceive_slient, mGestureType = 4, mIsStarted = false, mGesturestate false, gestureName = GestureTurn, mIsSettingOn = true, mIsScreenOn = true, mIsUnLocked = false, mIsEnabledTop = false, mIsEnabledPhoneState = false, mIsEnabledBroadcast = false
02-23 13:16:57.550  7073  7189 D GestureState: setting = oplus_customize_smart_apperceive_slient, has been stoped
02-23 13:16:57.550  1543  1543 D OplusTouch: in_deviceId = 1,in_nodeFlag = 171
02-23 13:16:57.551  1543  1543 D OplusTouch: path = /proc/touchpanel1/reclining_mode,len = 256
02-23 13:16:57.551  2028  4098 D ColorTouchNodeManagerService: isTouchNodeSupport, nodeFlag: 171, dId:1, result:-1
02-23 13:16:57.552  2028  2685 D DisplayManagerServiceExtImpl: scheduleTraversalLocked intraversal=false
02-23 13:16:57.552  2028  2685 I DisplayManagerServiceExtImpl: handle logical display changed logicalDisplay=id=0,stack=0,content=true,displayInfo{stack=0,type=1,id=0,uId=local:4630946896948975233,state=ON,pkg=null}
02-23 13:16:57.552  2028  2685 D DisplayManagerService: Delivering display event: displayId=0, event=CHANGED
02-23 13:16:57.554  1592  1592 E HWComposer: getDisplayDecorationSupport: getDisplayDecorationSupport failed for display 4630946896948975233: Unsupported (8)
02-23 13:16:57.555  1592  1592 I DispPerfService: updateLayerMask 0
02-23 13:16:57.556  2028  2028 E OplusGestureAnimationManagerPolicy: mScreenHeight:2400 mScreenWidth:1080 mRotation:0
02-23 13:16:57.557  1579  8135 D AudioFlingerExtImpl: AudioFlingerExtImpl oplusSetParameters: keyvalue screen_state=on
02-23 13:16:57.557  1499  3630 I SDM     : HWCDisplayBuiltIn::SetColorTransform: fps = 120,flag = 0
02-23 13:16:57.558  1499  3630 I SDM     : HWCDisplayBuiltIn::SetColorTransform: fps = 120,flag = 0
02-23 13:16:57.558  7096 17753 I MSP-LOG-SDK-MspSdk: Sdk has initialized! version:2.0.1.14
02-23 13:16:57.558  3013  3050 D OplusDisplayStateMonitor: onDisplayChanged:0
02-23 13:16:57.558  7096 17754 I MSP-LOG-SDK-MspSdk: Sdk has initialized! version:2.0.1.14
02-23 13:16:57.560  7073  7073 D ScreenOffGestureService: mWakeUpArouseReceiver action= android.intent.action.SCREEN_ON mScreenOnByLiftHand = false
02-23 13:16:57.560  7073  7073 D ScreenOffGestureService: onReceive: LIMIT  = 2622005
02-23 13:16:57.560  7073  7073 D ScreenOffGestureService: mWakeUpArouseRunnable disableWakeUpArouseWork mHasWakeupUnloadAlgDisableFeature = false
02-23 13:16:57.560  7073  7073 D ScreenOffGestureService: unRegisterTiltSensor
02-23 13:16:57.561  7073  7073 V SystemSensorManagerExtImpl: unRegisterListener by com.oplus.gesture.server.ScreenOffGestureService$s@f8e2d94
02-23 13:16:57.561  2028  5005 W SensorService: SensorEventConnection sensor handle=222, package = com.oplus.gesture.server.ScreenOffGestureService disable
02-23 13:16:57.561  2028  3615 E OplusSmartScanManager: Unexpected state, don't detected motion state
02-23 13:16:57.561  1470  3538 D audio_hw_primary: adev_set_parameters: enter: screen_state=on
02-23 13:16:57.561  1470  3538 D sound_trigger_hw: handle_screen_status_change: screen on
02-23 13:16:57.561  1470  3538 D audio_hw_primary: adev_set_parameters: exit with code(0)
02-23 13:16:57.562  2028  2902 D DisplayPowerController[0]: screenTurnedOn state=2 brightnessState=344.0 mustNotify=true
02-23 13:16:57.563  3826  4156 D KeyguardService: onScreenTurnedOn
02-23 13:16:57.563  7096 17753 E MSP-LOG-SDK-RateLimitManager: not_allow_invoke because of time_window_not_allow queue = [1771831784857], config = RateLimitConfig{maxCalls=1, timeWindowSeconds=7200, callIntervalSeconds=0}, ipcInvokeTimeQueueMapKey = com.heytap.nearx.tangramconfig.kit.client.ICloudCtrlServiceModule?@?Push-Overseas?@?2?@?com.heytap.mcs, has already call 1 times in 7200 seconds before
02-23 13:16:57.563  3826  4156 I SystemUi--Keyguard: OplusKeyguardServiceExI-->[onScreenTurnedOn] needCheckPureBlack
02-23 13:16:57.563  7096 17753 E MSP-LOG-SDK-: MspSdkException{code=3014,message=com.heytap.mspsdk.ratelimit.MspRateLimitExceededException: ipc rate limit exceeded in time window}
02-23 13:16:57.563  7096 17753 E MSP-LOG-SDK-: 	at com.heytap.mspsdk.ratelimit.d.a(SourceFile:5)
02-23 13:16:57.563  7096 17753 E MSP-LOG-SDK-: 	at com.heytap.mspsdk.interceptor.c.proceed(SourceFile:5)
02-23 13:16:57.563  7096 17753 E MSP-LOG-SDK-: 	at com.heytap.mspsdk.proxy.c.a(SourceFile:7)
02-23 13:16:57.563  7096 17753 E MSP-LOG-SDK-: 	at com.heytap.mspsdk.interceptor.c.proceed(SourceFile:5)
02-23 13:16:57.563  7096 17753 E MSP-LOG-SDK-: 	at com.heytap.mspsdk.proxy.g.invoke(SourceFile:22)
02-23 13:16:57.563  7096 17753 E MSP-LOG-SDK-: 	at java.lang.reflect.Proxy.invoke(Proxy.java:1006)
02-23 13:16:57.563  7096 17753 E MSP-LOG-SDK-: 	at $Proxy5.getConfigData(Unknown Source)
02-23 13:16:57.563  7096 17753 E MSP-LOG-SDK-: 	at com.heytap.nearx.tangramconfig.kit.client.KitProxy.getConfigData$lambda$1(SourceFile:3)
02-23 13:16:57.563  7096 17753 E MSP-LOG-SDK-: 	at com.heytap.nearx.tangramconfig.kit.client.KitProxy.d(Unknown Source:0)
02-23 13:16:57.563  7096 17753 E MSP-LOG-SDK-: 	at com.heytap.nearx.tangramconfig.kit.client.d.run(Unknown Source:8)
02-23 13:16:57.563  7096 17753 E MSP-LOG-SDK-: 	at java.util.concurrent.ThreadPoolExecutor.runWorker(ThreadPoolExecutor.java:1154)
02-23 13:16:57.563  7096 17753 E MSP-LOG-SDK-: 	at java.util.concurrent.ThreadPoolExecutor$Worker.run(ThreadPoolExecutor.java:652)
02-23 13:16:57.563  7096 17753 E MSP-LOG-SDK-: 	at java.lang.Thread.run(Thread.java:1564)
02-23 13:16:57.563  2028  2902 D DpcExtImpl[0]: RECORD:onUpdatePowerState policy:3 state:2 brightness:344
02-23 13:16:57.564  2028  2902 D BrightnessThermalClamper: Thermal status observer already started
02-23 13:16:57.564  2028  2902 D BrightnessPowerClamper: Power throttling data is missing for configuration data.
02-23 13:16:57.565  2028  2902 W PowerManagerService: Screen on took 539 ms. groupId = 0
02-23 13:16:57.566  2028  2902 D OplusPowerManagerHelper: [onWakeUpFinish]
02-23 13:16:57.566  3774  3774 D CastManagerService: onDisplayChanged.
02-23 13:16:57.566  2028  2902 E OplusCustomizeRestrictionManagerService: isBiometricDisabled start
02-23 13:16:57.566  2028  3509 D Biometrics/Fingerprint/OplusFingerprintSupportUtil: getSupportSensorType mSensorType:side
02-23 13:16:57.566  2028  3509 D Biometrics/Fingerprint/OplusFingerprintSupportUtil: getSupportSensorType mSensorType:side
02-23 13:16:57.566  2028  2902 D OplusFeatureAOD: notifySfUnBlockScreenOn
02-23 13:16:57.567  1592  1883 I DispPerfService: NOTIFY_UNBLOCKSCREEN
02-23 13:16:57.569  2028  2685 D DisplayManagerService: MSG_REQUEST_TRAVERSAL pendingCompleted=false
02-23 13:16:57.574  3826  5894 D KeyguardService: onFinishedWakingUp
02-23 13:16:57.576  4153 25296 E ProcfsParsingUtils: failed to read /sys/class/net/wlan0/mtu
02-23 13:16:57.576  4153 25296 E ProcfsParsingUtils: java.nio.file.AccessDeniedException: /sys/class/net/wlan0/mtu
02-23 13:16:57.576  4153 25296 E ProcfsParsingUtils: 	at sun.nio.fs.UnixFileSystemProvider.newByteChannel(UnixFileSystemProvider.java:220)
02-23 13:16:57.576  4153 25296 E ProcfsParsingUtils: 	at java.nio.file.Files.newByteChannel(Files.java:371)
02-23 13:16:57.576  4153 25296 E ProcfsParsingUtils: 	at java.nio.file.Files.newByteChannel(Files.java:422)
02-23 13:16:57.576  4153 25296 E ProcfsParsingUtils: 	at java.nio.file.spi.FileSystemProvider.newInputStream(FileSystemProvider.java:420)
02-23 13:16:57.576  4153 25296 E ProcfsParsingUtils: 	at java.nio.file.Files.newInputStream(Files.java:156)
02-23 13:16:57.576  4153 25296 E ProcfsParsingUtils: 	at java.nio.file.Files.newBufferedReader(Files.java:2844)
02-23 13:16:57.576  4153 25296 E ProcfsParsingUtils: 	at com.android.networkstack.com.android.net.module.util.ProcfsParsingUtils.readFile(ProcfsParsingUtils.java:75)
02-23 13:16:57.576  4153 25296 E ProcfsParsingUtils: 	at com.android.networkstack.com.android.net.module.util.ProcfsParsingUtils.getInterfaceMtu(ProcfsParsingUtils.java:350)
02-23 13:16:57.576  4153 25296 E ProcfsParsingUtils: 	at com.android.networkstack.android.net.apf.ApfFilter$Dependencies.getInterfaceMtu(ApfFilter.java:823)
02-23 13:16:57.576  4153 25296 E ProcfsParsingUtils: 	at com.android.networkstack.android.net.apf.ApfFilter.installNewProgram(ApfFilter.java:4004)
02-23 13:16:57.576  4153 25296 E ProcfsParsingUtils: 	at com.android.networkstack.android.net.apf.ApfFilter.setMulticastFilter(ApfFilter.java:4290)
02-23 13:16:57.576  4153 25296 E ProcfsParsingUtils: 	at com.android.networkstack.android.net.ip.IpClient$RunningState.processMessage(IpClient.java:3887)
02-23 13:16:57.576  4153 25296 E ProcfsParsingUtils: 	at com.android.networkstack.com.android.internal.util.StateMachine$SmHandler.processMsg(StateMachine.java:1007)
02-23 13:16:57.576  4153 25296 E ProcfsParsingUtils: 	at com.android.networkstack.com.android.internal.util.StateMachine$SmHandler.handleMessage(StateMachine.java:820)
02-23 13:16:57.576  4153 25296 E ProcfsParsingUtils: 	at android.os.Handler.dispatchMessage(Handler.java:107)
02-23 13:16:57.576  4153 25296 E ProcfsParsingUtils: 	at android.os.Looper.loopOnce(Looper.java:282)
02-23 13:16:57.576  4153 25296 E ProcfsParsingUtils: 	at android.os.Looper.loop(Looper.java:387)
02-23 13:16:57.576  4153 25296 E ProcfsParsingUtils: 	at android.os.HandlerThread.run(HandlerThread.java:85)
02-23 13:16:57.576  2541  3006 I [FP_HAL][BiometricsFingerprintAdaptS]: enter to [sendFingerprintCmd], cmdId =1011
02-23 13:16:57.577  2541  3006 I [FP_HAL][BiometricsFingerprintAdaptS]: enter to [setScreenState], screen_state =1
02-23 13:16:57.577  2541  3006 I [FP_HAL][FingerprintCommon]: [postIrq]start post irq, irq_event = 7
02-23 13:16:57.577  2541  3006 I [FP_HAL][FingerprintCommon]: [postIrq]sem value = 1
02-23 13:16:57.577  2541  3006 I [FP_HAL][BiometricsFingerprintAdaptS]: exit to [sendFingerprintCmd], cmdId =1011
02-23 13:16:57.577  2541  2880 I [FP_HAL][FingerprintCommon]: [waitIrq] exit irq wait, ret = 0 mIrqEvent = 7.
02-23 13:16:57.577  2541  2880 I [FP_HAL][FingerprintCommon]: waitIrq take time 411192 ms
02-23 13:16:57.577  2541  2880 I [FP_HAL][CapacitiveCore]: runWorkSwitch: FP_IRQ_BROKEN
02-23 13:16:57.577  2541  2880 I [FP_HAL][CapacitiveCore]: [doBrokenCheckAndHandle] broken_check check_scene = 2, screen_status = 1
02-23 13:16:57.577  2541  2880 I [FP_HAL][FpCa]: ca module:1, cmd:2044 ca time:47817577 cmd_len:168 extra_len:61440 buffer_len:61608
02-23 13:16:57.577  2541  2880 E [FP_HAL][QseeCa]: [sendCommand]  ION_QSECOM_HEAP_ID = 7
02-23 13:16:57.581  1551  1636 I gameoptHal: handleed TGPA tfps 1 to -1
02-23 13:16:57.581  1551  1629 I gameoptHal: targetfps updated 0 -- -1
02-23 13:16:57.582  1502  1502 E ANDR-PERF-MPCTL: Active req limit reached, No optimizations performed
02-23 13:16:57.583  3182  3186 E Diag_Lib: [IMS_AP]"ims-rtp-daemon ims_rtp_qmi_handler_thread_func waiting on select thread>"
02-23 13:16:57.585  3182  3186 E Diag_Lib: [IMS_AP]"ims-rtp-daemon ims_rtp_qmi_handler_thread_func waiting on select thread>"
02-23 13:16:57.586  3182  3186 E Diag_Lib: [IMS_AP]"ims-rtp-daemon ims_rtp_qmi_handler_thread_func waiting on select thread>"
02-23 13:16:57.586  1490  1490 I sensors-hal: send_sensor_config_request:517, dt=device_orient, sp=0, bp=0, fp=0, resampling=0
02-23 13:16:57.586  1490  1490 I sensors-hal: send_sync_sensor_request:368, send sync request
02-23 13:16:57.586  1490  1490 I sensors-hal: send_sync_sensor_request:394, wait for notification of response
02-23 13:16:57.587  4153 25296 D IpClient.wlan0: set max DTIM multiplier to 1
02-23 13:16:57.588  1592  1867 D VFX_HSLEffect:  makeShader::tyep 3 vfxAnimProcess 0.000 StatusBar#104
02-23 13:16:57.589  7096 17754 E MSP-LOG-SDK-RateLimitManager: not_allow_invoke because of time_window_not_allow queue = [1771831784857], config = RateLimitConfig{maxCalls=1, timeWindowSeconds=21600, callIntervalSeconds=0}, ipcInvokeTimeQueueMapKey = com.heytap.nearx.tangramconfig.kit.client.ICloudCtrlServiceModule?@?Push-Overseas?@?1?@?com.heytap.mcs, has already call 1 times in 21600 seconds before
02-23 13:16:57.590  7096 17754 E MSP-LOG-SDK-: MspSdkException{code=3014,message=com.heytap.mspsdk.ratelimit.MspRateLimitExceededException: ipc rate limit exceeded in time window}
02-23 13:16:57.590  7096 17754 E MSP-LOG-SDK-: 	at com.heytap.mspsdk.ratelimit.d.a(SourceFile:5)
02-23 13:16:57.590  7096 17754 E MSP-LOG-SDK-: 	at com.heytap.mspsdk.interceptor.c.proceed(SourceFile:5)
02-23 13:16:57.590  7096 17754 E MSP-LOG-SDK-: 	at com.heytap.mspsdk.proxy.c.a(SourceFile:7)
02-23 13:16:57.590  7096 17754 E MSP-LOG-SDK-: 	at com.heytap.mspsdk.interceptor.c.proceed(SourceFile:5)
02-23 13:16:57.590  7096 17754 E MSP-LOG-SDK-: 	at com.heytap.mspsdk.proxy.g.invoke(SourceFile:22)
02-23 13:16:57.590  7096 17754 E MSP-LOG-SDK-: 	at java.lang.reflect.Proxy.invoke(Proxy.java:1006)
02-23 13:16:57.590  7096 17754 E MSP-LOG-SDK-: 	at $Proxy5.getDynamicCondition(Unknown Source)
02-23 13:16:57.590  7096 17754 E MSP-LOG-SDK-: 	at com.heytap.nearx.tangramconfig.kit.client.KitProxy.getDynamicCondition$lambda$0(SourceFile:3)
02-23 13:16:57.590  7096 17754 E MSP-LOG-SDK-: 	at com.heytap.nearx.tangramconfig.kit.client.KitProxy.b(Unknown Source:0)
02-23 13:16:57.590  7096 17754 E MSP-LOG-SDK-: 	at com.heytap.nearx.tangramconfig.kit.client.b.run(Unknown Source:8)
02-23 13:16:57.590  7096 17754 E MSP-LOG-SDK-: 	at java.util.concurrent.ThreadPoolExecutor.runWorker(ThreadPoolExecutor.java:1154)
02-23 13:16:57.590  7096 17754 E MSP-LOG-SDK-: 	at java.util.concurrent.ThreadPoolExecutor$Worker.run(ThreadPoolExecutor.java:652)
02-23 13:16:57.590  7096 17754 E MSP-LOG-SDK-: 	at java.lang.Thread.run(Thread.java:1564)
02-23 13:16:57.589  1490  5464 I sensors-hal: ssc_conn_resp_cb:687, resp_value = 0
02-23 13:16:57.591  1490  1490 I sensors-hal: send_sync_sensor_request:400, takes 4 ms to receive the response with 0
02-23 13:16:57.591  1490  1490 I sensors-hal: activate:232, android.sensor.device_orientation/271 en=1 completed
02-23 13:16:57.592  7096 17758 I MSP-LOG-SDK-MspSdk: Sdk has initialized! version:2.0.1.14
02-23 13:16:57.593  1592  1867 D VFX_HSLEffect:  makeShader::tyep 3 vfxAnimProcess 0.000 NotificationShade#123885
02-23 13:16:57.593  1592  1867 D VFX_HSLEffect:  makeShader::tyep 3 vfxAnimProcess 0.000 OplusPrivacyIconTopRight#123902
02-23 13:16:57.594  1499  5467 I SDM     : RCParserIntfImpl::GenerateRCMask: RC mask generation in thread 5467...
02-23 13:16:57.595   918  1340 D VideoFrameExtractor: extractFrames, timeUs:4000000
02-23 13:16:57.595  1499  3630 I SDM     : HWPeripheralDRM::SetPanelFeature: Set Panel feature property 7
02-23 13:16:57.595  7051  1246 D Quality-ScreenOnOffLogProcessor: screenStateInfo: timestamp_millis: 1771832817573
02-23 13:16:57.595  7051  1246 D Quality-ScreenOnOffLogProcessor: interactive: true
02-23 13:16:57.595  7051  1246 D Quality-ScreenOnOffLogProcessor: change_latency: 547
02-23 13:16:57.595  7051  1246 D Quality-ScreenOnOffLogProcessor: change_reason: 0
02-23 13:16:57.595  7051  1246 D Quality-ScreenOnOffLogProcessor: process_pid: 2028
02-23 13:16:57.597  7096 17758 E MSP-LOG-SDK-RateLimitManager: not_allow_invoke because of time_window_not_allow queue = [1771831784892], config = RateLimitConfig{maxCalls=1, timeWindowSeconds=7200, callIntervalSeconds=0}, ipcInvokeTimeQueueMapKey = com.heytap.nearx.tangramconfig.kit.client.ICloudCtrlServiceModule?@?Push-Overseas?@?4?@?com.heytap.mcs, has already call 1 times in 7200 seconds before
02-23 13:16:57.597  7096 17758 E MSP-LOG-SDK-: MspSdkException{code=3014,message=com.heytap.mspsdk.ratelimit.MspRateLimitExceededException: ipc rate limit exceeded in time window}
02-23 13:16:57.597  7096 17758 E MSP-LOG-SDK-: 	at com.heytap.mspsdk.ratelimit.d.a(SourceFile:5)
02-23 13:16:57.597  7096 17758 E MSP-LOG-SDK-: 	at com.heytap.mspsdk.interceptor.c.proceed(SourceFile:5)
02-23 13:16:57.597  7096 17758 E MSP-LOG-SDK-: 	at com.heytap.mspsdk.proxy.c.a(SourceFile:7)
02-23 13:16:57.597  7096 17758 E MSP-LOG-SDK-: 	at com.heytap.mspsdk.interceptor.c.proceed(SourceFile:5)
02-23 13:16:57.597  7096 17758 E MSP-LOG-SDK-: 	at com.heytap.mspsdk.proxy.g.invoke(SourceFile:22)
02-23 13:16:57.597  7096 17758 E MSP-LOG-SDK-: 	at java.lang.reflect.Proxy.invoke(Proxy.java:1006)
02-23 13:16:57.597  7096 17758 E MSP-LOG-SDK-: 	at $Proxy5.checkUpdateConfig(Unknown Source)
02-23 13:16:57.597  7096 17758 E MSP-LOG-SDK-: 	at com.heytap.nearx.tangramconfig.kit.client.KitProxy.checkUpdateConfig$lambda$3(SourceFile:3)
02-23 13:16:57.597  7096 17758 E MSP-LOG-SDK-: 	at com.heytap.nearx.tangramconfig.kit.client.KitProxy.c(Unknown Source:0)
02-23 13:16:57.597  7096 17758 E MSP-LOG-SDK-: 	at com.heytap.nearx.tangramconfig.kit.client.c.run(Unknown Source:8)
02-23 13:16:57.597  7096 17758 E MSP-LOG-SDK-: 	at java.util.concurrent.ThreadPoolExecutor.runWorker(ThreadPoolExecutor.java:1154)
02-23 13:16:57.597  7096 17758 E MSP-LOG-SDK-: 	at java.util.concurrent.ThreadPoolExecutor$Worker.run(ThreadPoolExecutor.java:652)
02-23 13:16:57.597  7096 17758 E MSP-LOG-SDK-: 	at java.lang.Thread.run(Thread.java:1564)
02-23 13:16:57.598  3826  5309 D MediaPlayer: MediaPlayer start called
02-23 13:16:57.601  1502  1502 E ANDR-PERF-MPCTL: Active req limit reached, No optimizations performed
02-23 13:16:57.602  1592  1867 D VFX_HSLEffect:  makeShader::tyep 3 vfxAnimProcess 0.000 StatusBar#104
02-23 13:16:57.602   644   644 E lowmemorykiller: device memory 486629 free 77520 file 412114
02-23 13:16:57.602  1592  1867 D VFX_HSLEffect:  makeShader::tyep 3 vfxAnimProcess 0.000 NotificationShade#123885
02-23 13:16:57.602  1592  1867 D VFX_HSLEffect:  makeShader::tyep 3 vfxAnimProcess 0.000 OplusPrivacyIconTopRight#123902
02-23 13:16:57.608  1502  1502 E ANDR-PERF-MPCTL: Active req limit reached, No optimizations performed
02-23 13:16:57.609  1592  1867 D VFX_HSLEffect:  makeShader::tyep 3 vfxAnimProcess 0.000 StatusBar#104
02-23 13:16:57.609  1592  1867 D VFX_HSLEffect:  makeShader::tyep 3 vfxAnimProcess 0.000 NotificationShade#123885
02-23 13:16:57.609  1592  1867 D VFX_HSLEffect:  makeShader::tyep 3 vfxAnimProcess 0.000 OplusPrivacyIconTopRight#123902
02-23 13:16:57.613  3826  3826 I SystemUi--Keyguard: KeyguardRapidUnlockUtils-->checkNotificationShadeSurface force show again, sKeyguardComposed true,view alpha:1.0
02-23 13:16:57.613  3826  3826 I SystemUi--Keyguard: KeyguardRapidUnlockUtils-->setVisibilityBySurfaceControl isShow: true, view: com.android.systemui.shade.NotificationShadeWindowView{434d4e3 V.E...... ........ 0,0-1080,2400 #7f0a06a4 app:id/legacy_window_root aid=821 alpha=1.0 viewInfo = }
02-23 13:16:57.615  3826  3826 I SystemUi--Keyguard: OplusKeyguardViewMediator-->post detect black screen runnable, delay 6000
02-23 13:16:57.616  1592  1867 D VFX_HSLEffect:  makeShader::tyep 3 vfxAnimProcess 0.000 StatusBar#104
02-23 13:16:57.616  1502  1502 E ANDR-PERF-MPCTL: Active req limit reached, No optimizations performed
02-23 13:16:57.617  1592  1867 D VFX_HSLEffect:  makeShader::tyep 3 vfxAnimProcess 0.000 NotificationShade#123885
02-23 13:16:57.617  1592  1867 D VFX_HSLEffect:  makeShader::tyep 3 vfxAnimProcess 0.000 OplusPrivacyIconTopRight#123902
02-23 13:16:57.618  3826  3826 I SystemUi--Keyguard: KgIndicationRotatingCtrl-->mview is gone return
02-23 13:16:57.618  3826  3826 I SystemUi--Keyguard: PictorialWallpaperHelper-->onScreenTurnedOn
02-23 13:16:57.618  3826  3826 I SystemUi--Keyguard: PictorialWallpaperHelper-->is not PictorialType, return
02-23 13:16:57.618  3826  3826 I SystemUi--Keyguard: OplusPowerBlockController-->updatePowerBlock mFpAuthInScreenOff:false, mScreenTurnedOff:false, screenFinishedSleep:true, screenRealSleep:false, mInOccluding:false, reason:ScreenTurnedOn
02-23 13:16:57.618  3826  3826 I SystemUi--Keyguard: KeyguardVFXController-->startVFX showVFX: false withAnim: true STATE_ALREADY_SHOW
02-23 13:16:57.618  3826  4041 I SystemUi--Keyguard: KeyguardVFXController-->SOA startAnim duration: 420
02-23 13:16:57.619  3826  4041 I SystemUi--Keyguard: KeyguardThreadUtil-->setKgdAnimUADState type=1 enable=true lastState=0
02-23 13:16:57.619  3826  4041 I SystemUi--Keyguard: KeyguardThreadUtil-->setKgdAnimUADState done UADEnable=true finishState=1
02-23 13:16:57.621  3826  4041 I SystemUi--Keyguard: KeyguardVFXController-->startVFXAmimation type=VFX_OVAL_USB, showVFX=false
02-23 13:16:57.621  3826  3826 I SystemUi--Notification: OplusNotificationShadeWindowControllerExImpl-->SHADE_FOCUSABLE-->mNotificationShadeFocusable= true, mPanelExpanded= true, mBouncerShowing= false, mKeyguardShowing= true, mKeyguardOccluded= false, mKeyguardNeedsInput= false, ENABLE_REMOTE_INPUT= true, mRemoteInputActive= false, layoutFlags= -2120875968
02-23 13:16:57.621  3826  3826 I SystemUi--Notification: OplusNotificationShadeWindowControllerExImpl-->SHADE_VISIBLE-->mKeyguardShowing= true, mKeyguardOccluded= false, mPanelVisible= true, mKeyguardFadingAway= false, mKeyguardGoingAway= false, mBouncerShowing= false, mScrimsVisibility= 0, mBackgroundBlurRadius= 0, mForcePluginOpen= false, mediaBackdropShowing= false, viewVisibility= true
02-23 13:16:57.622  3826  3826 I OplusNotificationShadeWindowControllerExImpl: mPowerBlock: block=false shouldRealBlock=false
02-23 13:16:57.623  1592  1592 D OplusLayerSnapshotBuilder: setVFXAnimation, snapshot Type[0x9], Progress[0.350000], Center[0.000000x0.000000], StartRadius[0.000000], EndRadius[0.000000]
02-23 13:16:57.624  3826  3826 I SystemUi--Aod: SmoothTransitionController-->onPowerBlockCallback, powerBlock=false, reason=ScreenTurnedOn
02-23 13:16:57.624  3826  3826 I SystemUi--Aod: SmoothTransitionController-->notifyPowerUnblockUiStateOfSmoothTransition:KEYGUARD, reason:ScreenTurnedOn
02-23 13:16:57.624  3826  3826 I SystemUi--Keyguard: KeyguardThreadUtil-->setKgdAnimUADState type=0 enable=true lastState=1
02-23 13:16:57.626  1592  1867 D VFX_OvalEffect:  makeShader::tyep 9 vfxAnimProcess 0.350 StatusBar#104
02-23 13:16:57.626  1592  1867 D VFX_OvalEffect:  makeShader::tyep 9 vfxAnimProcess 0.350 NotificationShade#123885
02-23 13:16:57.626  1502  1502 E ANDR-PERF-MPCTL: Active req limit reached, No optimizations performed
02-23 13:16:57.626  1592  1867 D VFX_OvalEffect:  makeShader::tyep 9 vfxAnimProcess 0.350 OplusPrivacyIconTopRight#123902
02-23 13:16:57.627  3826  4148 I SystemUi--Aod: SmoothTransitionController-->updateCurrentUiState, same ui state ignore, KEYGUARD:KEYGUARD
02-23 13:16:57.627  3826  3826 I SystemUi--Aod: CommonUtils-->notifyAodMode=0, sf=Surface(name=NotificationShade)/@0x1dc57a0#123885
02-23 13:16:57.628  3826  3826 I SystemUi--Aod: AODDisplayUtil-->aodBlackLayout com.oplus.systemui.aod.aodclock.off.AodBlackLayout{72c7e79 V.E...... ........ 0,0-1080,2400 #7f0a0e55 app:id/workshop_aod_black_container alpha=1.0 viewInfo = }
02-23 13:16:57.629  2243 21452 D OplusStagefrightMetadataRetriever: getFrameAtTime+ timeUs:4000000 option:2 colorFormat:1, metaOnly:0 mime:video/mp4
02-23 13:16:57.630  3826  3826 I SystemUi--Aod: AodBlackLayout-->hideAnimMock android.view.View{710e7be G.ED..... ......ID 0,0-1080,2400 #7f0a0e54 app:id/workshop_aod_anim_mock alpha=0.0 viewInfo = }
02-23 13:16:57.630  3826  3826 I SystemUi--Notification: OplusNotificationShadeWindowControllerExImpl-->SHADE_FOCUSABLE-->mNotificationShadeFocusable= true, mPanelExpanded= true, mBouncerShowing= false, mKeyguardShowing= true, mKeyguardOccluded= false, mKeyguardNeedsInput= false, ENABLE_REMOTE_INPUT= true, mRemoteInputActive= false, layoutFlags= -2120875968
02-23 13:16:57.630  3826  3826 I SystemUi--Notification: OplusNotificationShadeWindowControllerExImpl-->SHADE_VISIBLE-->mKeyguardShowing= true, mKeyguardOccluded= false, mPanelVisible= true, mKeyguardFadingAway= false, mKeyguardGoingAway= false, mBouncerShowing= false, mScrimsVisibility= 0, mBackgroundBlurRadius= 0, mForcePluginOpen= false, mediaBackdropShowing= false, viewVisibility= true
02-23 13:16:57.631  1592  1592 I OplusRequestedLayerState: setFlags AOD 0
02-23 13:16:57.632  3826  4041 I SystemUi--Keyguard: OplusWallpaperAnimControllerImpl-->createRemoteSurfaceScaleAnimator info=OplusWindowInfo { window = com.android.systemui.wallpapers.ImageWallpaper, userId = 10184, package = com.android.systemui, componentName = null, taskId = 1, windowingMode = 1, mBounds = Rect(0, 0 - 1080, 2400), isEmbedded = false, isSplitMode = false, type = 2013, mframe = Rect(0, 0 - 1080, 2402), content frame = Rect(0, 0 - 0, 0), visible frame = Rect(0, 0 - 0, 0), windowAttributes = {(0,0)(1080x2402) gr=TOP START CENTER layoutInDisplayCutoutMode=always ty=WALLPAPER fmt=RGBX_8888 wanim=0x1030319 alpha=0.76
02-23 13:16:57.632  3826  4041 I SystemUi--Keyguard:   fl=NOT_FOCUSABLE NOT_TOUCHABLE LAYOUT_IN_SCREEN LAYOUT_NO_LIMITS SCALED LAYOUT_INSET_DECOR
02-23 13:16:57.632  3826  4041 I SystemUi--Keyguard:   pfl=SHOW_FOR_ALL_USERS
02-23 13:16:57.632  3826  4041 I SystemUi--Keyguard:   bhv=DEFAULT
02-23 13:16:57.632  3826  4041 I SystemUi--Keyguard:   frameRateBoostOnTouch=true
02-23 13:16:57.632  3826  4041 I SystemUi--Keyguard:   dvrrWindowFrameRateHint=true CLP[ ]}, SurfaceControl = Surface(name=8f7a108 com.android.systemui.wallpapers.ImageWallpaper)/@0x803014}
02-23 13:16:57.632  3826  4041 I SystemUi--Keyguard: KeyguardThreadUtil-->setKgdAnimUADState type=8 enable=true lastState=1
02-23 13:16:57.632  3826  4041 I SystemUi--Keyguard: KeyguardThreadUtil-->setKgdAnimUADState done UADEnable=true finishState=9
02-23 13:16:57.632  3826  4041 I SystemUi--Keyguard: OplusWallpaperAnimControllerImpl-->setRemoteWindowScale w=1080 h=2400 hS=1.0009267 vS=1.0008334 offset=Point(0, -1) scale=1.0 matrix=Matrix{[1.0009267, 0.0, 0.0][0.0, 1.0008334, -1.0][0.0, 0.0, 1.0]}
02-23 13:16:57.633  2243 21452 D StagefrightMetadataRetriever: getFrameAtTime: 4000000 us option: 2 colorFormat: 1, metaOnly: 0
02-23 13:16:57.633  1502  1502 E ANDR-PERF-MPCTL: Active req limit reached, No optimizations performed
02-23 13:16:57.634  1592  1867 D VFX_OvalEffect:  makeShader::tyep 9 vfxAnimProcess 0.350 StatusBar#104
02-23 13:16:57.634  1592  1867 D VFX_OvalEffect:  makeShader::tyep 9 vfxAnimProcess 0.350 NotificationShade#123885
02-23 13:16:57.634  1592  1867 D VFX_OvalEffect:  makeShader::tyep 9 vfxAnimProcess 0.350 OplusPrivacyIconTopRight#123902
02-23 13:16:57.635  2243  6786 D NuPlayerDriver: start(0xeb1a8640)+ state is 4, eos is 0
02-23 13:16:57.635  2243  6786 D NuPlayerDriver: start(0xeb1a8640)-
02-23 13:16:57.636  3826  4041 I SystemUi--Keyguard: OplusWallpaperAnimControllerImpl-->setRemoteWindowScale w=1080 h=2400 hS=1.0009267 vS=1.0008334 offset=Point(0, -1) scale=1.0 matrix=Matrix{[1.0009267, 0.0, 0.0][0.0, 1.0008334, -1.0][0.0, 0.0, 1.0]}
02-23 13:16:57.636  2243  5363 I GenericSource: start
02-23 13:16:57.590  2028  2687 D DisplayManagerService: performTraversalInternal pendingTraversal
02-23 13:16:57.638  2028  2680 D SensorService: SensorDev::activateLocked()line=637 cost 80 ms
02-23 13:16:57.638  2028  2903 D AlarmWakeupCheck: SCREEN_ON: CntAlarmWakeup = 4
02-23 13:16:57.638  2028  2687 D DisplayDevice: setLayerStackLocked id=local:4630946896948975233 token=android.os.BinderProxy@5905c34 stack=0->0
02-23 13:16:57.640  2028  3514 D WifiStaIfaceHidlImpl: setDtimMultiplier is not implemented by HIDL
02-23 13:16:57.640  2028  2680 D SensorService: SensorService::enable() line=2517 cost 128 ms
02-23 13:16:57.640  1592  1592 D OplusLayerSnapshotBuilder: setVFXAnimation, snapshot Type[0x9], Progress[0.350000], Center[0.000000x0.000000], StartRadius[0.000000], EndRadius[0.000000]
02-23 13:16:57.641  2028  2680 W Looper  : Slow dispatch took 132ms android.ui h=android.os.Handler c=com.android.server.wm.DisplayRotation$OrientationListener@61a9181 m=0
02-23 13:16:57.641  2028  5005 D SensorService: 0xb4000076d2587780 removeFd fd=928
02-23 13:16:57.641  2028  5005 D SensorService: SensorDevice::activate: ident=0xb4000076d2587780, handle=0x000000de, enabled=0, count=1
02-23 13:16:57.641  2028  5005 D SensorService: disable index=0
02-23 13:16:57.641  2028  5005 D SensorService: activateHardware = 1
02-23 13:16:57.641  2028  5005 D SensorService: 	>>> actuating h/w activate handle=222 enabled=0
02-23 13:16:57.644  3826  3826 I SystemUi--Keyguard: ClockSwitchHelper-->onFinishedWakingUp
02-23 13:16:57.644  3826  3826 I SystemUi--Keyguard: ChargingAnimationImpl-->onFinishedWakingUp-isBootComplete=true, mPendingShowTips=true
02-23 13:16:57.644  3826  3826 I SystemUi--Keyguard: ChargingAnimationImpl-->dispatchChargeTipChange refreshAnim=true, tipKey=Charging %s, tip=Charging 85%, disChargingMessage=Battery level: 85%
02-23 13:16:57.644  3826  3826 D OplusKeyguardStyleClock: setDateMessageInfo messageInfo={"refreshAnim":true,"refreshAnimRandom":2,"showAnim":true,"extraKey":"Charging %s","extraMessage":"Charging 85%","extraMessageExtraToData":"Battery level: 85%"}
02-23 13:16:57.644  3826  3826 I DateMessageViewModule: setDateMessageInfo-setExtra,info=DateMessageInfo(time=1771832817487, extraMsgType=2, isSetTips=true, tipsKey=Charging %s, tips=Charging 85%, tipsExtraToData=Battery level: 85%, refreshAnim=true, showAnim=true, extraRandom=2)
02-23 13:16:57.645  3826  3826 I SystemUi--Keyguard: KeyguardRapidUnlockUtils-->onFinishedWakingUp
02-23 13:16:57.645  3826  3826 I SystemUi--QuickSettings: OplusQSRootViewController-->setTouchAndAnimationDisabled false
02-23 13:16:57.645  3826  3826 I SystemUi--Keyguard: KeyguardVFXController-->SOA onFinishedWakingUp mDreaming: false
02-23 13:16:57.645  1502  1502 E ANDR-PERF-MPCTL: Active req limit reached, No optimizations performed
02-23 13:16:57.645  1592  1867 D VFX_OvalEffect:  makeShader::tyep 9 vfxAnimProcess 0.350 StatusBar#104
02-23 13:16:57.645  1592  1867 D VFX_OvalEffect:  makeShader::tyep 9 vfxAnimProcess 0.350 NotificationShade#123885
02-23 13:16:57.645  1592  1867 D VFX_OvalEffect:  makeShader::tyep 9 vfxAnimProcess 0.350 OplusPrivacyIconTopRight#123902
02-23 13:16:57.645  3826  3826 I SystemUi--Keyguard: KeyguardEngineContainer-->isNeedShow , mUpdateMonitor.isKeyguardVisible() = true, mStatusBarState = 1, !mBouncerShow = true, KeyguardUtils.isFloatEqual(mCurrentProcessY, 1f) = false, mUpdateMonitor.isScreenOn() = true, !mIsQsExpanded = true
02-23 13:16:57.646  3826  3884 D ShellSplitScreen: onFinishedWakingUp
02-23 13:16:57.646  3826  3884 D OneHandedController: setLockedDisabled locked = false, enabled = false ,FeatureEnabled = true
02-23 13:16:57.647  3826  4041 I SystemUi--Keyguard: OplusWallpaperAnimControllerImpl-->setRemoteWindowScale w=1080 h=2400 hS=1.0009267 vS=1.0008334 offset=Point(0, -1) scale=1.001963 matrix=Matrix{[1.0028915, 0.0, -1.0600586][0.0, 1.0027981, -3.357554][0.0, 0.0, 1.0]}
02-23 13:16:57.647  3826  3826 I SystemUi--Statusbar: DisplayRepository-->combining enabled=[0], connectedExternalDisplayIds=[], ignored=[]
02-23 13:16:57.648  1592  1592 D OplusLayerSnapshotBuilder: setVFXAnimation, snapshot Type[0x9], Progress[0.390394], Center[0.000000x0.000000], StartRadius[0.000000], EndRadius[0.000000]
02-23 13:16:57.648  3826  3826 D ViewRootImplExtImpl: wrapConfigInfoIntoFlags rotation=0, smallestScreenWidthDp=360, relayoutAsync=true, flags=1, newFlags=23592961, residentWS=false, title=NotificationShade
02-23 13:16:57.649  3826  3826 W VRI[NotificationShade]: updateBlastSurfaceIfNeeded, surfaceSize:Point(1080, 2400), lastSurfaceSize:Point(1080, 2400), format:-3, blastBufferQueue:android.graphics.BLASTBufferQueue@a4b58b
02-23 13:16:57.650  3826  3826 I SurfaceControl:  setExtendedRangeBrightness sc=Surface(name=NotificationShade)/@0x1dc57a0,currentBufferRatio=1.0,desiredRatio=1.0
02-23 13:16:57.651  1502  1502 E ANDR-PERF-MPCTL: Active req limit reached, No optimizations performed
02-23 13:16:57.651  1592  1867 D VFX_OvalEffect:  makeShader::tyep 9 vfxAnimProcess 0.390 StatusBar#104
02-23 13:16:57.651  1592  1867 D VFX_OvalEffect:  makeShader::tyep 9 vfxAnimProcess 0.390 NotificationShade#123885
02-23 13:16:57.652  1592  1867 D VFX_OvalEffect:  makeShader::tyep 9 vfxAnimProcess 0.390 OplusPrivacyIconTopRight#123902
