02-23 13:21:42.160  1545  1545 D vendor.oplus.hardware.charger-V6-service: main_soc=82
02-23 13:21:42.160  8443  8490 D BroadcastCompat: 1)Register receiver:com.oplus.dataprovider.server.h1$a@de43b0f
02-23 13:21:42.166  8443  8490 I CpuTaskStatsManager: set ctp1.0 enable state:true
02-23 13:21:42.177  2028  4117 I OplusAppSwitchManagerService: appswitch registerAppSwitchObserver pName = com@@oplus@@onetrace observer = com.oplus.app.IOplusAppSwitchObserver$Stub$Proxy@12b0883 config = OplusAppSwitchConfig = {  mConfigs = {} observerFingerPrint = 144185689}
02-23 13:21:42.177  2028  4117 I OplusAppSwitchStateDispatcher: registerAppSwitchObserver addDynamicListener OK, info = OplusAppSwitchRuleInfo = {  observer = com.oplus.app.IOplusAppSwitchObserver$Stub$Proxy@12b0883 observerFingerPrint = 144185689} rule size =1
02-23 13:21:42.187  8443  8490 D BroadcastCompat: 2)Register receiver:com.oplus.dataprovider.server.l$a@da06fcc
02-23 13:21:42.188 10470 10724 I WM-WorkerWrapper: Worker result SUCCESS for Work [ id=253dec48-e430-44c0-b709-ce3759272709, tags={ com.linkedin.android.profile.components.games.widgets.WidgetRefreshWorker } ]
02-23 13:21:42.193  1579 31213 D AudioPolicyService: updateUidStates_l() current->uid=10485 current->pid=10607 allowCapture=1 UidState=2 apmStat=2
02-23 13:21:42.193  8443  8443 W ContextImpl: Calling a method in the system process without a qualified user: android.app.ContextImpl.bindService:2061 android.content.ContextWrapper.bindService:873 com.oplus.dataprovider.producer.AppJankDataMonitor.bindSender:23 com.oplus.dataprovider.producer.AppJankDataMonitor.c:1 com.oplus.dataprovider.producer.f.run:3 
02-23 13:21:42.198  7051 26665 W OplusExSystemServiceHelper: checkOplusExSystemService intent getComponent is null
02-23 13:21:42.203  7113 19387 I MediaProvider: Scanned external_primary due to REASON_DEMAND, found 9354 items in 7426ms, 0 inserts 0 updates 0 deletes
02-23 13:21:42.204  8443  8490 W SystemPropertyStatsProvider: System property with key=vendor.oplus.media.vpp.osie_sr.on is not found!
02-23 13:21:42.207  8565 17111 D MediaScannerConnection: Scanned /storage/emulated/0 to content://media/external_primary/file/1000000003
02-23 13:21:42.207  1579 31213 D AudioPolicyService: updateUidStates_l() current->uid=10485 current->pid=10607 allowCapture=1 UidState=2 apmStat=2
02-23 13:21:42.208  1538  1538 D PerformanceService: open /proc/oplus_healthinfo/alloc_wait failed! err:No such file or directory, Linux version 5.4.254
02-23 13:21:42.209  7051  7051 D ClientMessengerHelper: Succeed register client: com.oplus.onetrace
02-23 13:21:42.209  8443  8490 D BroadcastCompat: 1)Register receiver:com.oplus.dataprovider.server.o1$b@74aec64
02-23 13:21:42.212  8443  8478 W ContextImpl: Calling a method in the system process without a qualified user: android.app.ContextImpl.bindService:2061 android.content.ContextWrapper.bindService:873 com.oplus.dataprovider.server.ThermalControlStatsProvider.h:37 com.oplus.dataprovider.server.ThermalControlStatsProvider.m:35 com.oplus.dataprovider.app.Z.n:3 
02-23 13:21:42.214  2028  5001 W ActivityManager: Unable to start service Intent { act=com.oplus.battery.ThermalTraceService pkg=com.oplus.battery mCallingUid=1000 } U=0: not found
02-23 13:21:42.216  8443  8478 D BroadcastCompat: 2)Register receiver:com.oplus.dataprovider.server.ThermalControlStatsProvider$a@3133382
02-23 13:21:42.220  8443  8490 W HidlServiceHelper: Failed to read task schedule version with kernel returns
02-23 13:21:42.251  1474 26959 I vendor.qti.bluetooth@1.0-ibs_handler: ProcessIbsCmd: Received IBS_WAKE_IND: 0xFD
02-23 13:21:42.251  1474 26959 D vendor.qti.bluetooth@1.0-ibs_handler: SerialClockVote: vote for UART CLK ON
02-23 13:21:42.252  1474 26959 D vendor.qti.bluetooth@1.0-wake_lock: Acquire wakelock is acquired 
02-23 13:21:42.252  1474 26959 I vendor.qti.bluetooth@1.0-ibs_handler: ProcessIbsCmd: Writing IBS_WAKE_ACK
02-23 13:21:42.293  1474 26959 I vendor.qti.bluetooth@1.0-ibs_handler: ProcessIbsCmd: Received IBS_SLEEP_IND: 0xFE
02-23 13:21:42.293  1474 26959 D vendor.qti.bluetooth@1.0-ibs_handler: SerialClockVote: vote for UART CLK OFF
02-23 13:21:42.334  2028  3514 D WifiStaIfaceHidlImpl: getCachedScanData is not implemented by HIDL
02-23 13:21:42.336  1474 26959 I vendor.qti.bluetooth@1.0-ibs_handler: ProcessIbsCmd: Received IBS_WAKE_IND: 0xFD
02-23 13:21:42.337  1474 26959 D vendor.qti.bluetooth@1.0-ibs_handler: SerialClockVote: vote for UART CLK ON
02-23 13:21:42.337  1474 26959 I vendor.qti.bluetooth@1.0-ibs_handler: ProcessIbsCmd: Writing IBS_WAKE_ACK
02-23 13:21:42.355  4441  4441 D VendorWifiService: onEvent event:9,action:1
02-23 13:21:42.357  3826  3940 D WifiStatusTracker: mNetworkCallback onCapabilitiesChanged network:289 mPrimaryNetworkId:289
02-23 13:21:42.360  4441  4620 D SubsysEventListenerManager: onCapabilitiesChanged
02-23 13:21:42.360  4441  4620 D DataStateTracker: getCurDataChannel, channel:1
02-23 13:21:42.360  3826  3940 D WifiStatusTracker: mNetworkCallback onCapabilitiesChanged network:289 mPrimaryNetworkId:289
02-23 13:21:42.362  3826  4011 D WifiPickerTracker: handleNetworkCapabilitiesChanged network:289
02-23 13:21:42.362  3826  3940 I SystemUi--Statusbar: NetworkController.WifiSignalController-->handleStatusUpdated state=3 enabled=true connected=true isDefaultNetwork=true rssi=-70 level=3 statusLabel=null isDirty=false
02-23 13:21:42.363  3826  3940 I SystemUi--Statusbar: NetworkController.WifiSignalController-->handleStatusUpdated state=3 enabled=true connected=true isDefaultNetwork=true rssi=-70 level=3 statusLabel=null isDirty=false
02-23 13:21:42.363  3826  3940 I SystemUi--Statusbar: NetworkController.WifiSignalController-->handleStatusUpdated state=3 enabled=true connected=true isDefaultNetwork=true rssi=-70 level=3 statusLabel=null isDirty=false
02-23 13:21:42.365  3826  4011 I WifiPickerTracker: wifi connected status realConnectedWifiEntry not null: true
02-23 13:21:42.366 22971 22971 W JobService: onNetworkChanged() not implemented in com.google.android.finsky.scheduler.process.mainimpl.PhoneskyJobServiceMain. Must override in a subclass.
02-23 13:21:42.366  2028  3653 D OplusSlaNetworkManager: isPrimaryWifi:true network:289
02-23 13:21:42.368  2028  3615 D SystemNetworkObserver: wifi network 289 nc changed, primary=true
02-23 13:21:42.368  2028  3615 D SystemNetworkObserver: default network nc changed 289
02-23 13:21:42.375 10211 10375 I CardConfig.RxNetworkMonitor: onNetworkStateChange, current:true, last:true
02-23 13:21:42.377  9050  9082 I BugleRcsEngine: Connected state: [1], networkType: [WIFI] [CONTEXT thread_id=752 ]
02-23 13:21:42.377  9050  9092 I BugleRcsEngine: handleMessage processing message:[NOTIFY_UPTIME_IGNORE_STATE_CHANGED] with [non-null]:RcsEngineImpl reference [CONTEXT log_prefix="RcsEngineImpl[DUAL_REG]:[84532c06-c402]>Handler" thread_id=759 ]
02-23 13:21:42.377  9129  9139 I NullBinder: NullBinder for android.net.action.RECOMMEND_NETWORKS triggering remote TransactionTooLargeException due to Service without Chimera impl, calling uid: 1000, calling pid: 0
02-23 13:21:42.377  9129  9139 W .gms.persistent: Large reply transaction of 2113536 bytes, interface descriptor , code 1
02-23 13:21:42.384  2028  4304 I OplusHansManager : unfreeze uid: 10419 com.instagram.android pids: [22368] reason: FullAsyncBinder scene: LcdOn
02-23 13:21:42.384  2028  4296 I OplusHansManager : uid=10419, pkg=com.instagram.android F exit(), F stay=273, reason=FullAsyncBinder
02-23 13:21:42.384  2028  4307 I OplusHansManager : up_BC uid=10419 pkg=com.instagram.android
02-23 13:21:42.385  2028  4307 I OplusBinderProxy: un_pb uid: 10419 pid: 22368 rst: true , Desc: com.android.internal.telephony.IPhoneStateListener/10
02-23 13:21:42.385  2028  4307 I OplusBinderProxy: un_pb uid: 10419 pid: 22368 rst: true , Desc: android.view.accessibility.IAccessibilityManagerClient/4
02-23 13:21:42.385  2028  4307 I OplusBinderProxy: un_pb uid: 10419 pid: 22368 rst: true , Desc: com.android.internal.telephony.IPhoneStateListener/10
02-23 13:21:42.385  2028  4307 I OplusBinderProxy: proxyBinder uid: 10419 pkg: com.instagram.android proxy: false calling: OFreezer
02-23 13:21:42.385  2028  4304 I OplusHansManager : forceUnfreezeApp uid= 10419 unfreezeForKernel: FullAsyncBinder false
02-23 13:21:42.390  9129  9139 I NullBinder: NullBinder for android.net.action.RECOMMEND_NETWORKS triggering remote TransactionTooLargeException due to Service without Chimera impl, calling uid: 1000, calling pid: 0
02-23 13:21:42.390  9129  9139 W .gms.persistent: Large reply transaction of 2113536 bytes, interface descriptor , code 1
02-23 13:21:42.392  9050  9092 I BugleRcsEngine: Rcs is enabled from user settings: true [CONTEXT log_prefix="ProvisioningEngineDataRetriever" thread_id=759 ]
02-23 13:21:42.400  9129  9138 I NullBinder: NullBinder for android.net.action.RECOMMEND_NETWORKS triggering remote TransactionTooLargeException due to Service without Chimera impl, calling uid: 1000, calling pid: 0
02-23 13:21:42.400  9129  9138 W .gms.persistent: Large reply transaction of 2113536 bytes, interface descriptor , code 1
02-23 13:21:42.411  9129  9138 I NullBinder: NullBinder for android.net.action.RECOMMEND_NETWORKS triggering remote TransactionTooLargeException due to Service without Chimera impl, calling uid: 1000, calling pid: 0
02-23 13:21:42.412  9129  9138 W .gms.persistent: Large reply transaction of 2113536 bytes, interface descriptor , code 1
02-23 13:21:42.486  1474 26959 I vendor.qti.bluetooth@1.0-ibs_handler: ProcessIbsCmd: Received IBS_SLEEP_IND: 0xFE
02-23 13:21:42.486  1474 26959 D vendor.qti.bluetooth@1.0-ibs_handler: SerialClockVote: vote for UART CLK OFF
02-23 13:21:42.486 26895 26931 W bluetooth: [hci_layer.cc:617] on_vs_event: Unhandled vendor specific event of type BQR_EVENT(0x58)
02-23 13:21:42.600  2028  3873 I Osense-BaseDecisionMaker: notifySceneToAthenaPolicy: SCENE_RES_IO_PSI, bundle: Bundle[{ioLevel=3}]
02-23 13:21:42.600  2028  3873 I Osense-BaseDecisionMaker: OSense not supported scene! SCENE_RES_IO_PSI
02-23 13:21:42.628  1545  1698 D BatteryChargeControl: bcc get no support from charging protocol
02-23 13:21:42.636  1474 26943 D vendor.qti.bluetooth@1.0-wake_lock: Release wakelock is released 
02-23 13:21:42.660  4306  4638 D CommonApp-289-10485: transport layer data is invalid
02-23 13:21:42.711 22368 22368 D ActivityThread: Package [com.jarvis] reported as REPLACED, but missing application info. Assuming REMOVED.
02-23 13:21:42.712 22368 22368 D ActivityThread: Package [com.jarvis] reported as REPLACED, but missing application info. Assuming REMOVED.
02-23 13:21:42.877  9129 32457 I NearbySharing: Network state changed: NetworkState(isRestricted=false, isOnline=true, isCongested=false, isMetered=false, isWifiConnected=true)
02-23 13:21:42.890 22368 22461 E msys    : E[N mns]_CacheRefreshTimerCallback(454)=>Start active cache refresh DNS resolution
02-23 13:21:42.890 22368 22461 E msys    : E[N mns]_CacheRefreshTimerCallback(454)=>Start active cache refresh DNS resolution
02-23 13:21:42.890 22368 22461 E msys    : E[N mns]_CacheRefreshTimerCallback(454)=>Start active cache refresh DNS resolution
02-23 13:21:42.890 22368 22505 W RealtimeClientManager: Channel state: MqttChannelState{mConnectionState=DISCONNECTED, mDisconnectionReason=null, mLastConnectionMs=671989896, mLastDisconnectMs=674002823}
02-23 13:21:42.890 22368 22461 E msys    : E[N mns]_CacheRefreshTimerCallback(454)=>Start active cache refresh DNS resolution
02-23 13:21:42.890 22368 22461 E msys    : E[N mns]_CacheRefreshTimerCallback(454)=>Start active cache refresh DNS resolution
02-23 13:21:42.890 22368 22461 E msys    : E[N mns]_CacheRefreshTimerCallback(454)=>Start active cache refresh DNS resolution
02-23 13:21:42.891 22368 22461 E msys    : E[N mns]_OnDiskCacheGetData(632)=>Start post callback cache refresh DNS resolution
02-23 13:21:42.897 22368 22461 E msys    : E[N mns]_LogError(228)=>Failed to resolve using system DNS resolver, getaddrinfo(): No address associated with hostname
02-23 13:21:42.897 22368 22461 E msys    : E[N mns]_LogError(228)=>Failed to resolve using system DNS resolver, getaddrinfo(): No address associated with hostname
02-23 13:21:42.897 22368 22461 E msys    : E[N mns]_LogError(228)=>Failed to resolve using system DNS resolver, getaddrinfo(): No address associated with hostname
02-23 13:21:42.897 22368 22461 E msys    : E[N mns]_LogError(228)=>Failed to resolve using system DNS resolver, getaddrinfo(): No address associated with hostname
02-23 13:21:42.897 22368 22461 E msys    : E[N mns]_OnDiskCacheGetData(632)=>Start post callback cache refresh DNS resolution
02-23 13:21:42.897 22368 22461 E msys    : E[N mns]_LogError(228)=>Failed to resolve using system DNS resolver, getaddrinfo(): No address associated with hostname
02-23 13:21:42.900 22368 22461 E msys    : E[N mns]_LogError(228)=>Failed to resolve using system DNS resolver, getaddrinfo(): No address associated with hostname
02-23 13:21:42.900 22368 22461 E msys    : E[N mns]_LogError(228)=>Failed to resolve using system DNS resolver, getaddrinfo(): No address associated with hostname
02-23 13:21:42.900 22368 22461 E msys    : E[N mns]_LogError(228)=>Failed to resolve using system DNS resolver, getaddrinfo(): No address associated with hostname
02-23 13:21:42.959  9129  9129 D BoundBrokerSvc: onUnbind: Intent { act=com.google.android.gms.auth.aang.events.services.START dat=chimera-action:/... cmp=com.google.android.gms/.chimera.PersistentApiService mCallingUid=10108 }
02-23 13:21:42.980 22368 22700 E msys    : E[N MQTT]onConnectError(562)=>Connect Error: folly::AsyncSocketException: AsyncSocketException: connect timed out after 199996ms, type = Timed out
02-23 13:21:42.982  1474 26959 I vendor.qti.bluetooth@1.0-ibs_handler: ProcessIbsCmd: Received IBS_WAKE_IND: 0xFD
02-23 13:21:42.982  1474 26959 D vendor.qti.bluetooth@1.0-ibs_handler: SerialClockVote: vote for UART CLK ON
02-23 13:21:42.983  1474 26959 D vendor.qti.bluetooth@1.0-wake_lock: Acquire wakelock is acquired 
02-23 13:21:42.983  1474 26959 I vendor.qti.bluetooth@1.0-ibs_handler: ProcessIbsCmd: Writing IBS_WAKE_ACK
02-23 13:21:42.993 22368 22461 E msys    : E[N mns]_OnDiskCacheGetData(632)=>Start post callback cache refresh DNS resolution
02-23 13:21:42.998 22368 22461 E msys    : E[N mns]_LogError(228)=>Failed to resolve using system DNS resolver, getaddrinfo(): No address associated with hostname
02-23 13:21:42.998 22368 22461 E msys    : E[N mns]_OnDiskCacheGetData(632)=>Start post callback cache refresh DNS resolution
02-23 13:21:43.000 22368 22461 E msys    : E[N mns]_LogError(228)=>Failed to resolve using system DNS resolver, getaddrinfo(): No address associated with hostname
02-23 13:21:43.024  1474 26959 I vendor.qti.bluetooth@1.0-ibs_handler: ProcessIbsCmd: Received IBS_SLEEP_IND: 0xFE
02-23 13:21:43.024  1474 26959 D vendor.qti.bluetooth@1.0-ibs_handler: SerialClockVote: vote for UART CLK OFF
02-23 13:21:43.096 22368 22548 E msys    : E[N mns]_OnDiskCacheGetData(632)=>Start post callback cache refresh DNS resolution
02-23 13:21:43.101 22368 22548 E msys    : E[N mns]_LogError(228)=>Failed to resolve using system DNS resolver, getaddrinfo(): No address associated with hostname
02-23 13:21:43.102 22368 22548 E msys    : E[N mns]_OnDiskCacheGetData(632)=>Start post callback cache refresh DNS resolution
02-23 13:21:43.111 22368 22548 E msys    : E[N mns]_LogError(228)=>Failed to resolve using system DNS resolver, getaddrinfo(): No address associated with hostname
02-23 13:21:43.160 22368 22548 E msys    : E[N mns]_OnDiskCacheGetData(632)=>Start post callback cache refresh DNS resolution
02-23 13:21:43.166 22368 22548 E msys    : E[N mns]_LogError(228)=>Failed to resolve using system DNS resolver, getaddrinfo(): No address associated with hostname
02-23 13:21:43.168 22368 22548 E msys    : E[N mns]_OnDiskCacheGetData(632)=>Start post callback cache refresh DNS resolution
02-23 13:21:43.173 22368 22548 E msys    : E[N mns]_LogError(228)=>Failed to resolve using system DNS resolver, getaddrinfo(): No address associated with hostname
02-23 13:21:43.174  1474 26943 D vendor.qti.bluetooth@1.0-wake_lock: Release wakelock is released 
02-23 13:21:43.264 22971 22971 W Finsky  : [2] STU: Failed to get storage stats for package 'com.google.android.media.swcodec' (1601: Error getting stats: android.content.pm.PackageManager.NameNotFoundException)
02-23 13:21:43.317  9088  9107 I artd    : GetBestInfo: odex next to the dex file (/data/app/~~98atnhwiUOW9I08sQXDfUg==/com.ido.noise-JG4M2vCTDS9J8fb8bO3ekg==/oat/arm64/base.odex) is kOatBootImageOutOfDate with filter 'speed-profile' executable 'false': Image checksum mismatch, expected i;20/a75a7286:i;27/c0ac4b95 to start with i;20/a3f1ec2b
02-23 13:21:43.320  9088  9107 I artd    : GetBestInfo: vdex next to the dex file (/data/app/~~98atnhwiUOW9I08sQXDfUg==/com.ido.noise-JG4M2vCTDS9J8fb8bO3ekg==/oat/arm64/base.vdex) is kOatUpToDate with filter 'verify' executable 'false'
02-23 13:21:43.413  9088  9088 I artd    : GetBestInfo: odex next to the dex file (/data/app/~~8_gH9qdEI0s3hFLhhRpq2g==/com.google.android.projection.gearhead-J8CxTev9EgzQaeVKCtqP3g==/oat/arm64/base.odex) is kOatUpToDate with filter 'speed-profile' executable 'false'
02-23 13:21:43.420  9088  9088 I artd    : GetBestInfo: vdex next to the dex file (/data/user/0/com.google.android.projection.gearhead/app_impl/oat/arm64/sdk_impl.vdex) is kOatUpToDate with filter 'verify' executable 'false'
02-23 13:21:43.446 22971 22971 W Finsky  : [2] STU: Failed to get storage stats for package 'com.android.profiling' (1601: Error getting stats: android.content.pm.PackageManager.NameNotFoundException)
02-23 13:21:43.462  1545  1545 D vendor.oplus.hardware.charger-V6-service: get_ui_charge_icon_type 0 0 0 0 0
02-23 13:21:43.463  1545  1545 D vendor.oplus.hardware.charger-V6-service: oplus_chg_get_cpa_power 2500 charge_online 1 retention_topic 0
02-23 13:21:43.475  2028  2928 D OplusDisplayBrightnessBroadcastReceiver: onReceive action = android.intent.action.BATTERY_CHANGED , listeners = [com.android.server.display.OplusFeatureHDREnhanceBrightness$PhoneInfoReceiver@780cd78, com.android.server.display.OplusFeatureEdrEnhanceBrightness$PhoneInfoReceiver@3423c51]
02-23 13:21:43.476  4441  4441 D SubsysBroadcastManager: onReceive action:android.intent.action.BATTERY_CHANGED
02-23 13:21:43.477  3826  3826 I SystemUi--Statusbar: BatteryControllerExt-->updateBatteryChangeIntent():broadcast=android.intent.action.BATTERY_CHANGED,level=85,scale=100
02-23 13:21:43.478  3826  3826 I SystemUi--Statusbar: BatteryRepository-->level: 85 -- isSavingMode: false
02-23 13:21:43.480  4239  4239 I LocalBus: [LocalBroadcastManager]onReceive: android.intent.action.BATTERY_CHANGED
02-23 13:21:43.482  4291  4291 D DeviceStatisticsService: onReceive: action= android.intent.action.BATTERY_CHANGED
02-23 13:21:43.489  7318  8179 I DeepThinkerSDK: [APP] ClientConnection: getDeepThinkerBridge start
02-23 13:21:43.489  7318  8179 I DeepThinkerSDK: [APP] ClientConnection: getDeepThinkerBridge end
02-23 13:21:43.489  7318  8179 I DeepThinkerSDK: [APP] UserDomainManager: businessId : 401 threshold : 0.6 learnPeriod:30
02-23 13:21:43.494  7318  8185 E Battery : ChargeProtectionUtils: mCanlendarTmp.isEmpty()!
02-23 13:21:43.494  7318  8179 I DeepThinkerSDK: [APP] UserDomainManager: PerformanceOfLongCharging{probabilityOfLocation=0.0, probabilityOfApps=0.0, probabilityOfTime=0.0, probabilityOfTotal=0.0, duration=0}
02-23 13:21:43.495  3013  3013 D CustomLogManagerService: onReceive android.intent.action.BATTERY_CHANGED
02-23 13:21:43.516  1545  1545 D vendor.oplus.hardware.charger-V6-service: getChargerControl:sub_current=100
02-23 13:21:43.516  1545  1545 D vendor.oplus.hardware.charger-V6-service: sub_voltage=3800
02-23 13:21:43.516  1545  1545 D vendor.oplus.hardware.charger-V6-service: sub_soc=-1
02-23 13:21:43.516  1545  1545 D vendor.oplus.hardware.charger-V6-service: sub_temperature=250
02-23 13:21:43.516  1545  1545 D vendor.oplus.hardware.charger-V6-service: main_soc=82
02-23 13:21:43.524  9088  9107 I artd    : GetBestInfo: odex next to the dex file (/data/app/~~lnX0NPlnYvlcDYpTRQFT8Q==/com.google.ambient.streaming-slO7rGDyTraxLtQZDIeoLg==/oat/arm64/base.odex) is kOatBootImageOutOfDate with filter 'speed-profile' executable 'false': Image checksum mismatch, expected i;20/a75a7286:i;27/c0ac4b95 to start with i;20/a3f1ec2b
02-23 13:21:43.525  9088  9107 I artd    : GetBestInfo: vdex next to the dex file (/data/app/~~lnX0NPlnYvlcDYpTRQFT8Q==/com.google.ambient.streaming-slO7rGDyTraxLtQZDIeoLg==/oat/arm64/base.vdex) is kOatUpToDate with filter 'verify' executable 'false'
02-23 13:21:43.601  9088  9088 I artd    : GetBestInfo: odex next to the dex file (/data/app/~~rZfv4qHyvxn58VaIhwK23w==/com.zerodha.kite3-eOaVodLNHo3c4dySbf47Ww==/oat/arm64/base.odex) is kOatBootImageOutOfDate with filter 'speed-profile' executable 'false': Image checksum mismatch, expected i;20/a75a7286:i;27/c0ac4b95 to start with i;20/a3f1ec2b
02-23 13:21:43.603  9088  9088 I artd    : GetBestInfo: vdex next to the dex file (/data/app/~~rZfv4qHyvxn58VaIhwK23w==/com.zerodha.kite3-eOaVodLNHo3c4dySbf47Ww==/oat/arm64/base.vdex) is kOatUpToDate with filter 'verify' executable 'false'
02-23 13:21:43.630  1545  1698 D BatteryChargeControl: bcc get no support from charging protocol
02-23 13:21:43.640  2028  3873 I Osense-BaseDecisionMaker: notifySceneToAthenaPolicy: SCENE_RES_IO_PSI, bundle: Bundle[{ioLevel=3}]
02-23 13:21:43.640  2028  3873 I Osense-BaseDecisionMaker: OSense not supported scene! SCENE_RES_IO_PSI
02-23 13:21:43.645 21366 21366 D BoundBrokerSvc: onUnbind: Intent { act=com.google.android.gms.pay.service.BIND dat=chimera-action:/... cmp=com.google.android.gms/.chimera.GmsApiService mCallingUid=10108 }
02-23 13:21:43.660  4239  4595 I m.android.phone: Explicit concurrent copying GC freed 5115KB AllocSpace bytes, 3(60KB) LOS objects, 49% free, 8813KB/17MB, paused 527us,55us total 93.147ms
02-23 13:21:43.684  4306  4638 D CommonApp-289-10485: transport layer data is invalid
02-23 13:21:43.695  9088  9088 I artd    : GetBestInfo: odex next to the dex file (/data/app/~~dR3FftmR7k6qGr7f-17uUw==/com.google.android.apps.docs.editors.sheets-2el15fqvKaM5FTTuRt8sXg==/oat/arm64/base.odex) is kOatUpToDate with filter 'speed-profile' executable 'false'
02-23 13:21:43.709  1474 26959 I vendor.qti.bluetooth@1.0-ibs_handler: ProcessIbsCmd: Received IBS_WAKE_IND: 0xFD
02-23 13:21:43.709  1474 26959 D vendor.qti.bluetooth@1.0-ibs_handler: SerialClockVote: vote for UART CLK ON
02-23 13:21:43.711  1474 26959 D vendor.qti.bluetooth@1.0-wake_lock: Acquire wakelock is acquired 
02-23 13:21:43.711  1474 26959 I vendor.qti.bluetooth@1.0-ibs_handler: ProcessIbsCmd: Writing IBS_WAKE_ACK
02-23 13:21:43.731  1495 11693 I WifiHAL : event received NL80211_CMD_VENDOR, vendor_id = 0x1374, subcmd = 0xd
02-23 13:21:43.751  1474 26959 I vendor.qti.bluetooth@1.0-ibs_handler: ProcessIbsCmd: Received IBS_SLEEP_IND: 0xFE
02-23 13:21:43.752  1474 26959 D vendor.qti.bluetooth@1.0-ibs_handler: SerialClockVote: vote for UART CLK OFF
02-23 13:21:43.824  2028  4296 I OplusHansManager : uid=10343, pkg=com.truecaller cannot transition from R to M, importance=bound-fg-service
02-23 13:21:43.899 10211 26882 I CardConfig.CardConfigRepository: subscribePackageChange4Ocs, check ocs
02-23 13:21:43.901  9088  9107 I artd    : GetBestInfo: odex next to the dex file (/data/app/~~5RllOMM3LjwFZ5gqzsptzg==/com.lemon.lvoverseas-yg1onGo6NBxTOkl4gF8xnQ==/oat/arm64/base.odex) is kOatUpToDate with filter 'speed-profile' executable 'false'
02-23 13:21:43.902  1474 26943 D vendor.qti.bluetooth@1.0-wake_lock: Release wakelock is released 
02-23 13:21:43.980  9088  9107 I artd    : GetBestInfo: odex next to the dex file (/data/app/~~8i2yw5XvESVtOC855Mb3tw==/in.upstox.app-dSaC-PPUEdadckfKE3jSxQ==/oat/arm64/base.odex) is kOatUpToDate with filter 'speed-profile' executable 'false'
02-23 13:21:44.045  9088  9088 I artd    : GetBestInfo: odex next to the dex file (/data/app/~~eDXYIwjLOY9GAoMYFXjJag==/com.cris.utsmobile-sOFUuLhGTbNVH6vv06lTAw==/oat/arm64/base.odex) is kOatUpToDate with filter 'speed-profile' executable 'false'
02-23 13:21:44.054  9088  9107 I artd    : GetBestInfo: odex next to the dex file (/data/user/0/com.cris.utsmobile/app_pccache/5/0C27F8F29F18E5FB9C36CBB9EA9B2F06C1974D7B/oat/arm64/pcam.odex) is kOatBootImageOutOfDate with filter 'verify' executable 'false': Image checksum mismatch, expected i;20/a75a7286:i;27/c0ac4b95 to start with i;20/a3f1ec2b
02-23 13:21:44.054  9088  9107 I artd    : GetBestInfo: vdex next to the dex file (/data/user/0/com.cris.utsmobile/app_pccache/5/0C27F8F29F18E5FB9C36CBB9EA9B2F06C1974D7B/oat/arm64/pcam.vdex) is kOatUpToDate with filter 'verify' executable 'false'
02-23 13:21:44.061  9088  9088 I artd    : GetBestInfo: odex next to the dex file (/data/user/0/com.cris.utsmobile/app_pccache/5/657D286E00C11C8B951CEC3800AAA5CE069E54A8/oat/arm64/pcam.odex) is kOatBootImageOutOfDate with filter 'verify' executable 'false': Image checksum mismatch, expected i;20/a75a7286:i;27/c0ac4b95 to start with i;20/a3f1ec2b
02-23 13:21:44.061  9088  9088 I artd    : GetBestInfo: vdex next to the dex file (/data/user/0/com.cris.utsmobile/app_pccache/5/657D286E00C11C8B951CEC3800AAA5CE069E54A8/oat/arm64/pcam.vdex) is kOatUpToDate with filter 'verify' executable 'false'
02-23 13:21:44.233  9088  9088 I artd    : GetBestInfo: odex next to the dex file (/data/app/~~aZdNlgrX7wSzZu9r6A-1Gw==/com.twitter.android-PkEGwjq4Stfovny4tqisIg==/oat/arm64/base.odex) is kOatUpToDate with filter 'speed-profile' executable 'false'
02-23 13:21:44.241  9088  9107 I artd    : GetBestInfo: vdex next to the dex file (/data/user/0/com.twitter.android/app_pccache/5/D6A6862E57300EBB9D9EF1C1C983A838A749EA4F/oat/arm64/pcam.vdex) is kOatUpToDate with filter 'verify' executable 'false'
02-23 13:21:44.251  9088  9088 I artd    : GetBestInfo: vdex next to the dex file (/data/user/0/com.twitter.android/app_pccache/5/2A8265B47A1D9B3EFA0B68A58A01A5E195878859/oat/arm64/pcam.vdex) is kOatUpToDate with filter 'verify' executable 'false'
02-23 13:21:44.264 22971 22971 W Finsky  : [2] STU: Failed to get storage stats for package 'com.google.android.adbd' (1601: Error getting stats: android.content.pm.PackageManager.NameNotFoundException)
02-23 13:21:44.302  9088  9107 I artd    : GetBestInfo: odex next to the dex file (/data/app/~~tYtd-sVFl4C0vmiyJdBETw==/com.digilocker.android-uswyhrICcyuV1GUCEq5ESg==/oat/arm64/base.odex) is kOatUpToDate with filter 'speed-profile' executable 'false'
02-23 13:21:44.351 22971 22971 W Finsky  : [2] STU: Failed to get storage stats for package 'com.android.i18n' (1601: Error getting stats: android.content.pm.PackageManager.NameNotFoundException)
02-23 13:21:44.352  2028  3514 D WifiStaIfaceHidlImpl: getCachedScanData is not implemented by HIDL
02-23 13:21:44.361  4239 24330 D Phone-0 : isWifiCallingEnabled =true
02-23 13:21:44.362  4441  4441 D VendorWifiService: onEvent event:9,action:1
02-23 13:21:44.364 22971 22971 W JobService: onNetworkChanged() not implemented in com.google.android.finsky.scheduler.process.mainimpl.PhoneskyJobServiceMain. Must override in a subclass.
02-23 13:21:44.365  3826  3940 D WifiStatusTracker: mNetworkCallback onCapabilitiesChanged network:289 mPrimaryNetworkId:289
02-23 13:21:44.368  2028  3615 D OplusWifiPower_TriggerCenter: mComponentCallback: wifistat
02-23 13:21:44.373  4441  4620 D SubsysEventListenerManager: onCapabilitiesChanged
02-23 13:21:44.373  4441  4620 D DataStateTracker: getCurDataChannel, channel:1
02-23 13:21:44.374  3826  4011 D WifiPickerTracker: handleNetworkCapabilitiesChanged network:289
02-23 13:21:44.375  3826  3940 D WifiStatusTracker: mNetworkCallback onCapabilitiesChanged network:289 mPrimaryNetworkId:289
02-23 13:21:44.376  2028  3615 D SystemNetworkObserver: wifi network 289 nc changed, primary=true
02-23 13:21:44.376  2028  3615 D SystemNetworkObserver: default network nc changed 289
02-23 13:21:44.376  2028  3653 D OplusSlaNetworkManager: isPrimaryWifi:true network:289
02-23 13:21:44.377  3826  4011 I WifiPickerTracker: wifi connected status realConnectedWifiEntry not null: true
02-23 13:21:44.378  3826  3940 I SystemUi--Statusbar: NetworkController.WifiSignalController-->handleStatusUpdated state=3 enabled=true connected=true isDefaultNetwork=true rssi=-68 level=3 statusLabel=null isDirty=false
02-23 13:21:44.379  3826  3940 I SystemUi--Statusbar: NetworkController.WifiSignalController-->handleStatusUpdated state=3 enabled=true connected=true isDefaultNetwork=true rssi=-68 level=3 statusLabel=null isDirty=false
02-23 13:21:44.379  3826  3940 I SystemUi--Statusbar: NetworkController.WifiSignalController-->handleStatusUpdated state=3 enabled=true connected=true isDefaultNetwork=true rssi=-68 level=3 statusLabel=null isDirty=false
02-23 13:21:44.384 10211 10375 I CardConfig.RxNetworkMonitor: onNetworkStateChange, current:true, last:true
02-23 13:21:44.387  9129  9139 I NullBinder: NullBinder for android.net.action.RECOMMEND_NETWORKS triggering remote TransactionTooLargeException due to Service without Chimera impl, calling uid: 1000, calling pid: 0
02-23 13:21:44.387  9129  9139 W .gms.persistent: Large reply transaction of 2113536 bytes, interface descriptor , code 1
02-23 13:21:44.390  9050  9092 I BugleRcsEngine: handleMessage processing message:[NOTIFY_UPTIME_IGNORE_STATE_CHANGED] with [non-null]:RcsEngineImpl reference [CONTEXT log_prefix="RcsEngineImpl[DUAL_REG]:[84532c06-c402]>Handler" thread_id=759 ]
02-23 13:21:44.390  9050  9082 I BugleRcsEngine: Connected state: [1], networkType: [WIFI] [CONTEXT thread_id=752 ]
02-23 13:21:44.393 22971 22971 W Finsky  : [2] STU: Failed to get storage stats for package 'com.google.android.conscrypt' (1601: Error getting stats: android.content.pm.PackageManager.NameNotFoundException)
02-23 13:21:44.393  9129  9139 I NullBinder: NullBinder for android.net.action.RECOMMEND_NETWORKS triggering remote TransactionTooLargeException due to Service without Chimera impl, calling uid: 1000, calling pid: 0
02-23 13:21:44.393  9129  9139 W .gms.persistent: Large reply transaction of 2113536 bytes, interface descriptor , code 1
02-23 13:21:44.396  9129  9139 I NullBinder: NullBinder for android.net.action.RECOMMEND_NETWORKS triggering remote TransactionTooLargeException due to Service without Chimera impl, calling uid: 1000, calling pid: 0
02-23 13:21:44.396  4306  4638 D CommonApp-289-10485: DefaultState EVENT_SCENARIOS_CHANGE
02-23 13:21:44.396  4306  4638 D CommonApp-289-10485: scene=COMMON pn=com.jarvis
02-23 13:21:44.396  9129  9139 W .gms.persistent: Large reply transaction of 2113536 bytes, interface descriptor , code 1
02-23 13:21:44.399  9129  9139 I NullBinder: NullBinder for android.net.action.RECOMMEND_NETWORKS triggering remote TransactionTooLargeException due to Service without Chimera impl, calling uid: 1000, calling pid: 0
02-23 13:21:44.399  9129  9139 W .gms.persistent: Large reply transaction of 2113536 bytes, interface descriptor , code 1
02-23 13:21:44.402  9050  9092 I BugleRcsEngine: Rcs is enabled from user settings: true [CONTEXT log_prefix="ProvisioningEngineDataRetriever" thread_id=759 ]
02-23 13:21:44.439  9088  9088 I artd    : GetBestInfo: odex next to the dex file (/data/app/~~ixQRrYhiaMQx5AFyx1fLqw==/com.shazam.android-W07Ih8EGnZjRjp9_vsqVyQ==/oat/arm64/base.odex) is kOatUpToDate with filter 'speed-profile' executable 'false'
02-23 13:21:44.467  8565  8720 W SQLiteConnectionPool: The connection pool for database '/data/user/0/com.microsoft.appmanager/databases/AriaStorage.db' has been unable to grant a connection to thread 795 (Aria-Stats-thread-1) with flags 0x2 for 6033.2754 seconds.
02-23 13:21:44.467  8565  8720 W SQLiteConnectionPool: Connections: 0 active, 1 idle, 0 available.
02-23 13:21:44.502  9088  9088 I artd    : GetBestInfo: odex next to the dex file (/data/app/~~d3tfcb9eMdTZtPepjuslDA==/org.telegram.messenger-AuaRnrFkE3g8CpxR2fTwwA==/oat/arm64/base.odex) is kOatUpToDate with filter 'speed-profile' executable 'false'
02-23 13:21:44.509 22971 22971 W Finsky  : [2] STU: Failed to get storage stats for package 'com.google.android.neuralnetworks' (1601: Error getting stats: android.content.pm.PackageManager.NameNotFoundException)
02-23 13:21:44.562  9088  9107 I artd    : GetBestInfo: odex next to the dex file (/data/app/~~oC2lovFjh9iTvQyy9XO--A==/com.definedge.zone-EZmcdumZXb1f_gPs4WJzMQ==/oat/arm64/base.odex) is kOatUpToDate with filter 'speed-profile' executable 'false'
02-23 13:21:44.576 22971 22971 W Finsky  : [2] STU: Failed to get storage stats for package 'com.google.android.ipsec' (1601: Error getting stats: android.content.pm.PackageManager.NameNotFoundException)
02-23 13:21:44.577 22971 22971 W Finsky  : [2] STU: Failed to get storage stats for package 'com.android.devicelock' (1601: Error getting stats: android.content.pm.PackageManager.NameNotFoundException)
02-23 13:21:44.631  1545  1698 D BatteryChargeControl: bcc get no support from charging protocol
02-23 13:21:44.663  9088  9088 I artd    : GetBestInfo: odex next to the dex file (/data/app/~~iQIwsKn7QovMZjYcZRB25w==/com.truecaller-glGGjEAJlA7vqN31GAMk4Q==/oat/arm64/base.odex) is kOatUpToDate with filter 'speed-profile' executable 'false'
02-23 13:21:44.676  2028  3873 I Osense-BaseDecisionMaker: notifySceneToAthenaPolicy: SCENE_RES_IO_PSI, bundle: Bundle[{ioLevel=3}]
02-23 13:21:44.676  2028  3873 I Osense-BaseDecisionMaker: OSense not supported scene! SCENE_RES_IO_PSI
02-23 13:21:44.678  9088  9088 I artd    : GetBestInfo: dm (/data/app/~~iQIwsKn7QovMZjYcZRB25w==/com.truecaller-glGGjEAJlA7vqN31GAMk4Q==/split_insights_category_model.dm) is kOatUpToDate with filter 'verify' executable 'false'
02-23 13:21:44.684  9088  9088 I artd    : GetBestInfo: vdex next to the dex file (/data/user/0/com.truecaller/app_pccache/5/2A8265B47A1D9B3EFA0B68A58A01A5E195878859/oat/arm64/pcam.vdex) is kOatUpToDate with filter 'verify' executable 'false'
02-23 13:21:44.696  9088  9088 I artd    : GetBestInfo: vdex next to the dex file (/data/user/0/com.truecaller/app_pccache/5/8C5AE28E06233ED046257CCB628AC34047ABB1F1/oat/arm64/pcam.vdex) is kOatUpToDate with filter 'verify' executable 'false'
02-23 13:21:44.708  4306  4638 D CommonApp-289-10485: transport layer data is invalid
02-23 13:21:44.772  2028  7231 D CompatChangeReporter: Compat change id reported: 151861875; UID 10334; state: ENABLED
02-23 13:21:44.773  2028  7231 V GrammaticalInflectionUtils: AttributionSource: android.content.AttributionSource@1339470b does not have READ_SYSTEM_GRAMMATICAL_GENDER permission.
02-23 13:21:44.773  2028  7231 I am_uid_running: 10334
02-23 13:21:44.778  9088 11136 I artd    : GetBestInfo: odex next to the dex file (/data/app/~~6505Oom80bsX-UcFImemZQ==/com.google.android.as.oss-uvDT5sc4R2iDtJmZ9sK9HA==/oat/arm64/base.odex) is kOatUpToDate with filter 'speed-profile' executable 'false'
02-23 13:21:44.780  1318 17649 E TetherController: property_get sys.radio.data.modem_share_flag return 0, 1!
02-23 13:21:44.793  1319  1319 D Zygote  : Forked child process 11187
02-23 13:21:44.794  2028  2809 I am_proc_start: [0,11187,10334,com.oplus.dmp:main,content provider,{com.oplus.dmp/com.oplus.oss.daemon.RemoteDaemonProxy},{ callingPackage = com.oplus.metis }]
02-23 13:21:44.794  2028  2809 I ActivityManager: Start proc 11187:com.oplus.dmp:main/u0a334 for content provider {com.oplus.dmp/com.oplus.oss.daemon.RemoteDaemonProxy}
02-23 13:21:44.795  7051  1246 D ShellSubscriberWorkerThread: the first 8 bytes empty, and RestData length > 8 
02-23 13:21:44.815 11187 11187 E .oplus.dmp:main: Unknown bits set in runtime_flags: 0x40000000
02-23 13:21:44.816 11187 11187 I .oplus.dmp:main: Using CollectorTypeCC GC.
02-23 13:21:44.818 22971 22971 W Finsky  : [2] STU: Failed to get storage stats for package 'com.google.android.ondevicepersonalization' (1601: Error getting stats: android.content.pm.PackageManager.NameNotFoundException)
02-23 13:21:44.821 11187 11187 D nativeloader: Load libframework-connectivity-tiramisu-jni.so using APEX ns com_android_tethering for caller /apex/com.android.tethering/javalib/framework-connectivity-t.jar: ok
02-23 13:21:44.825 11187 11187 D OplusActivityThreadExtImpl: java.lang.NoSuchMethodException: dalvik.system.VMRuntime.SupressionGC [int, int]
02-23 13:21:44.825 11187 11187 W libc    : Access denied finding property "persist.vendor.sys.activitylog"
02-23 13:21:44.825 11187 11187 I OneTrace: Mark active for pid=11187? true
02-23 13:21:44.825 11187 11187 D cutils-dev: otrace_set_tracing_enabled? true tag:0
02-23 13:21:44.826 11187 11187 D cutils-dev: properties changed in otrace_seq_number_changed!
02-23 13:21:44.828  2028  3297 I am_proc_bound: [0,11187,com.oplus.dmp:main]
02-23 13:21:44.830  2028  3297 D ActivityTaskManagerServiceExtImpl: preBindApplication record is null
02-23 13:21:44.831  2028  3297 D RGBNormalizeServer: OplusRGBNormalize feature enabled ? false
02-23 13:21:44.831  2028  3297 D ResourcesManagerCache: For package com.oplus.dmp we got cacheList [null] appInfoExt is null ? false hasFeature ? false
02-23 13:21:44.833  2028  3297 I am_uid_active: 10334
02-23 13:21:44.836  1579 31213 D AudioPolicyService: updateUidStates_l() current->uid=10485 current->pid=10607 allowCapture=1 UidState=2 apmStat=2
02-23 13:21:44.837 11187 11187 D OplusActivityManager: get AMS extension: android.os.BinderProxy@138e60a
02-23 13:21:44.838 11187 11196 D OplusAppHeapManager: java.lang.NoSuchMethodException: dalvik.system.VMRuntime.updateProcessValue [int, int, int]
02-23 13:21:44.839 11187 11187 D callGcSupression: java.lang.NullPointerException: Attempt to invoke virtual method 'java.lang.Object java.lang.reflect.Method.invoke(java.lang.Object, java.lang.Object[])' on a null object reference
02-23 13:21:44.840 11187 11187 D CompactWindowAppManager: initCompactApplicationInfo CompactMode: , NormalMode: 
02-23 13:21:44.841  1579 31213 D AudioPolicyService: updateUidStates_l() current->uid=10485 current->pid=10607 allowCapture=1 UidState=2 apmStat=2
02-23 13:21:44.841  1579 31213 D AudioPolicyService: updateUidStates_l() current->uid=10485 current->pid=10607 allowCapture=1 UidState=2 apmStat=2
02-23 13:21:44.844 11187 11187 D OplusScrollToTopManager: setIsInWhiteList false
02-23 13:21:44.844 11187 11187 D OplusViewDebugManager: OplusViewDebugManager Constructor android.view.debug.OplusViewDebugManager@4e87498 [mHasViewDebugProperty true] [mHasMsgDebugProperty false] [DEBUG false] [EXTRAINFOENABLE false] [LIGHT_OS false]
02-23 13:21:44.849 11187 11187 W libc    : Access denied finding property "ro.odm.prev.product.name"
02-23 13:21:44.850 11187 11187 D ApplicationLoaders: Returning zygote-cached class loader: /system_ext/framework/androidx.window.extensions.jar
02-23 13:21:44.850 11187 11187 D ApplicationLoaders: Returning zygote-cached class loader: /system_ext/framework/androidx.window.sidecar.jar
02-23 13:21:44.869  3826  3940 I SystemUi--Statusbar: OplusNetworkSpeedControllExImpl-->updateNetworkSpeed: isConnected:true,isSwitchOn:true
02-23 13:21:44.873  3826  3940 I SystemUi--Statusbar: OplusNetworkSpeedControllExImpl-->getTotalByte: totalRxBytes:22813392332,totalTxBytes:3617809044,loopbackTxBytes:2818007,loopbackRxBytes:2693087 ,totalBytes:26425690282
02-23 13:21:44.883  2028  3334 V GrammaticalInflectionUtils: AttributionSource: android.content.AttributionSource@74869548 does not have READ_SYSTEM_GRAMMATICAL_GENDER permission.
02-23 13:21:44.884  2028  3334 I am_uid_running: 10241
02-23 13:21:44.893  3826  3826 I SystemUi--Notification: NotificationStackScrollLayoutExtImpl-->bind scrollGridCount 0 o.visibleChildrenCount 2 o.childCount 5
02-23 13:21:44.893  2028  3334 V GrammaticalInflectionUtils: AttributionSource: android.content.AttributionSource@50b0d03d does not have READ_SYSTEM_GRAMMATICAL_GENDER permission.
02-23 13:21:44.894  2028  3334 I am_uid_running: 10220
02-23 13:21:44.895  9129 32457 I NearbySharing: Network state changed: NetworkState(isRestricted=false, isOnline=true, isCongested=false, isMetered=false, isWifiConnected=true)
02-23 13:21:44.906  1319  1319 D Zygote  : Forked child process 11198
02-23 13:21:44.907  2028  2809 I am_proc_start: [0,11198,10241,com.google.android.apps.photos,service,{com.google.android.apps.photos/com.google.android.libraries.social.mediamonitor.MediaMonitorJobSchedulerService},{ callingPackage = android, serviceType = bindService }]
02-23 13:21:44.907  2028  2809 I ActivityManager: Start proc 11198:com.google.android.apps.photos/u0a241 for service {com.google.android.apps.photos/com.google.android.libraries.social.mediamonitor.MediaMonitorJobSchedulerService}
02-23 13:21:44.916 11198 11198 E oid.apps.photos: Unknown bits set in runtime_flags: 0x40000000
02-23 13:21:44.917 11198 11198 I oid.apps.photos: Using CollectorTypeCC GC.
02-23 13:21:44.918  1319  1319 D Zygote  : Forked child process 11200
02-23 13:21:44.919  9088  9088 I artd    : GetBestInfo: odex next to the dex file (/data/app/~~zq5iCaAeyy2vb-ry4oeZOA==/com.instagram.basel-z9WNl2ynDaRAYVO0g41rhQ==/oat/arm64/base.odex) is kOatUpToDate with filter 'speed-profile' executable 'false'
02-23 13:21:44.920  2028  2809 I am_proc_start: [0,11200,10220,com.google.android.apps.nbu.files,service,{com.google.android.apps.nbu.files/androidx.work.impl.background.systemjob.SystemJobService},{ callingPackage = android, serviceType = bindService }]
02-23 13:21:44.920  2028  2809 I ActivityManager: Start proc 11200:com.google.android.apps.nbu.files/u0a220 for service {com.google.android.apps.nbu.files/androidx.work.impl.background.systemjob.SystemJobService}
02-23 13:21:44.928 11198 11198 D nativeloader: Load libframework-connectivity-tiramisu-jni.so using APEX ns com_android_tethering for caller /apex/com.android.tethering/javalib/framework-connectivity-t.jar: ok
02-23 13:21:44.931 11187 11187 D nativeloader: InitLlndkLibrariesProduct: libEGL.so:libGLESv1_CM.so:libGLESv2.so:libGLESv3.so:libRS.so:libandroid_net.so:libapexsupport.so:libbinder_ndk.so:libc.so:libcgrouprc.so:libclang_rt.asan-aarch64-android.so:libclang_rt.asan-arm-android.so:libclang_rt.hwasan-aarch64-android.so:libcom.android.tethering.connectivity_native.so:libdl.so:libft2.so:liblog.so:libm.so:libmediandk.so:libnativewindow.so:libneuralnetworks.so:libselinux.so:libsync.so:libvendorsupport.so:libvndksupport.so:libvulkan.so
02-23 13:21:44.931 11187 11187 D nativeloader: Configuring product-clns-7 for unbundled product apk /product/priv-app/dmp/dmp.apk. target_sdk_version=35, uses_libraries=, library_path=/product/priv-app/dmp/lib/arm64:/product/priv-app/dmp/dmp.apk!/lib/arm64-v8a:/product/lib64:/system/product/lib64, permitted_path=/data:/mnt/expand:/data/user/0/com.oplus.dmp:/product/lib64:/system/product/lib64
02-23 13:21:44.932 11187 11187 D nativeloader: InitVndkspLibrariesProduct: VNDK is deprecated with product
02-23 13:21:44.933 11198 11198 D OplusActivityThreadExtImpl: java.lang.NoSuchMethodException: dalvik.system.VMRuntime.SupressionGC [int, int]
02-23 13:21:44.934 11198 11198 W libc    : Access denied finding property "persist.vendor.sys.activitylog"
02-23 13:21:44.934 11198 11198 I OneTrace: Mark active for pid=11198? true
02-23 13:21:44.934 11198 11198 D cutils-dev: otrace_set_tracing_enabled? true tag:0
02-23 13:21:44.934 22971 22971 W Finsky  : [2] STU: Failed to get storage stats for package 'com.google.android.healthfitness' (1601: Error getting stats: android.content.pm.PackageManager.NameNotFoundException)
02-23 13:21:44.935 11198 11198 D cutils-dev: properties changed in otrace_seq_number_changed!
02-23 13:21:44.937  2028  3297 I am_proc_bound: [0,11198,com.google.android.apps.photos]
02-23 13:21:44.938  2028  3297 D ActivityTaskManagerServiceExtImpl: preBindApplication record is null
02-23 13:21:44.939  2028  3297 D RGBNormalizeServer: OplusRGBNormalize feature enabled ? false
02-23 13:21:44.939  2028  3297 D ResourcesManagerCache: For package com.google.android.apps.photos we got cacheList [null] appInfoExt is null ? false hasFeature ? false
02-23 13:21:44.943 11187 11187 D CompatChangeReporter: Compat change id reported: 202956589; UID 10334; state: ENABLED
02-23 13:21:44.944 11198 11198 D OplusActivityManager: get AMS extension: android.os.BinderProxy@138e60a
02-23 13:21:44.945 11198 11208 D OplusAppHeapManager: java.lang.NoSuchMethodException: dalvik.system.VMRuntime.updateProcessValue [int, int, int]
02-23 13:21:44.946 11200 11200 E .apps.nbu.files: Unknown bits set in runtime_flags: 0x40000000
02-23 13:21:44.946 11200 11200 I .apps.nbu.files: Using CollectorTypeCC GC.
02-23 13:21:44.947  1579 31213 D AudioPolicyService: updateUidStates_l() current->uid=10485 current->pid=10607 allowCapture=1 UidState=2 apmStat=2
02-23 13:21:44.948 11198 11198 D callGcSupression: java.lang.NullPointerException: Attempt to invoke virtual method 'java.lang.Object java.lang.reflect.Method.invoke(java.lang.Object, java.lang.Object[])' on a null object reference
02-23 13:21:44.950 11198 11198 D CompactWindowAppManager: initCompactApplicationInfo CompactMode: , NormalMode: 
02-23 13:21:44.953 11198 11198 D OplusScrollToTopManager: setIsInWhiteList false
02-23 13:21:44.953 11198 11198 D OplusViewDebugManager: OplusViewDebugManager Constructor android.view.debug.OplusViewDebugManager@4e87498 [mHasViewDebugProperty true] [mHasMsgDebugProperty false] [DEBUG false] [EXTRAINFOENABLE false] [LIGHT_OS false]
02-23 13:21:44.953  1579 21275 D AudioPolicyService: updateUidStates_l() current->uid=10485 current->pid=10607 allowCapture=1 UidState=2 apmStat=2
02-23 13:21:44.955 11200 11200 D nativeloader: Load libframework-connectivity-tiramisu-jni.so using APEX ns com_android_tethering for caller /apex/com.android.tethering/javalib/framework-connectivity-t.jar: ok
02-23 13:21:44.958 11198 11198 W libc    : Access denied finding property "ro.odm.prev.product.name"
02-23 13:21:44.958 11200 11200 D OplusActivityThreadExtImpl: java.lang.NoSuchMethodException: dalvik.system.VMRuntime.SupressionGC [int, int]
02-23 13:21:44.958 11200 11200 W libc    : Access denied finding property "persist.vendor.sys.activitylog"
02-23 13:21:44.958 11200 11200 I OneTrace: Mark active for pid=11200? true
02-23 13:21:44.959 11200 11200 D cutils-dev: otrace_set_tracing_enabled? true tag:0
02-23 13:21:44.959 11200 11215 D cutils-dev: properties changed in otrace_seq_number_changed!
02-23 13:21:44.960 11198 11198 D ApplicationLoaders: Returning zygote-cached class loader: /system/framework/org.apache.http.legacy.jar
02-23 13:21:44.960 11198 11198 D ApplicationLoaders: Returning zygote-cached class loader: /system_ext/framework/androidx.window.extensions.jar
02-23 13:21:44.960 11198 11198 D ApplicationLoaders: Returning zygote-cached class loader: /system_ext/framework/androidx.window.sidecar.jar
02-23 13:21:44.960  2028  2151 I am_proc_bound: [0,11200,com.google.android.apps.nbu.files]
02-23 13:21:44.962  2028  2151 D ActivityTaskManagerServiceExtImpl: preBindApplication record is null
02-23 13:21:44.962  2028  2151 D RGBNormalizeServer: OplusRGBNormalize feature enabled ? false
02-23 13:21:44.962  2028  2151 D ResourcesManagerCache: For package com.google.android.apps.nbu.files we got cacheList [null] appInfoExt is null ? false hasFeature ? false
02-23 13:21:44.967  1579 21275 D AudioPolicyService: updateUidStates_l() current->uid=10485 current->pid=10607 allowCapture=1 UidState=2 apmStat=2
02-23 13:21:44.969 11200 11200 D OplusActivityManager: get AMS extension: android.os.BinderProxy@138e60a
02-23 13:21:44.970  1579 31213 D AudioPolicyService: updateUidStates_l() current->uid=10485 current->pid=10607 allowCapture=1 UidState=2 apmStat=2
02-23 13:21:44.970 11200 11219 D OplusAppHeapManager: java.lang.NoSuchMethodException: dalvik.system.VMRuntime.updateProcessValue [int, int, int]
02-23 13:21:44.971 11200 11200 D callGcSupression: java.lang.NullPointerException: Attempt to invoke virtual method 'java.lang.Object java.lang.reflect.Method.invoke(java.lang.Object, java.lang.Object[])' on a null object reference
02-23 13:21:44.972 11200 11200 D CompactWindowAppManager: initCompactApplicationInfo CompactMode: , NormalMode: 
02-23 13:21:44.975 11200 11200 D OplusScrollToTopManager: setIsInWhiteList false
02-23 13:21:44.975 11200 11200 D OplusViewDebugManager: OplusViewDebugManager Constructor android.view.debug.OplusViewDebugManager@4e87498 [mHasViewDebugProperty true] [mHasMsgDebugProperty false] [DEBUG false] [EXTRAINFOENABLE false] [LIGHT_OS false]
02-23 13:21:44.980 11200 11200 W libc    : Access denied finding property "ro.odm.prev.product.name"
02-23 13:21:44.982  1579 31213 D AudioPolicyService: updateUidStates_l() current->uid=10485 current->pid=10607 allowCapture=1 UidState=2 apmStat=2
02-23 13:21:44.982  2028  2764 W ProcessStats: Tracking association SourceState{39a5c1a com.oplus.pantanal.ums/10285 BFgs #1257466} whose proc state 4 is better than process ProcessState{d4fa901 com.oplus.statistics.rom/10094 pkg=com.oplus.statistics.rom} proc state 5 (24 skipped)
02-23 13:21:44.984 11200 11200 D ApplicationLoaders: Returning zygote-cached class loader: /system_ext/framework/androidx.window.extensions.jar
02-23 13:21:44.984 11200 11200 D ApplicationLoaders: Returning zygote-cached class loader: /system_ext/framework/androidx.window.sidecar.jar
02-23 13:21:44.986 11187 11187 V GraphicsEnvironment: Currently set values for:
02-23 13:21:44.986 11187 11187 V GraphicsEnvironment:   angle_gl_driver_selection_pkgs=[]
02-23 13:21:44.986 11187 11187 V GraphicsEnvironment:   angle_gl_driver_selection_values=[]
02-23 13:21:44.986 11187 11187 V GraphicsEnvironment: Global.Settings values are invalid: number of packages: 0, number of values: 0
02-23 13:21:44.986 11187 11187 V GraphicsEnvironment: Neither updatable production driver nor prerelease driver is supported.
02-23 13:21:44.989 11187 11187 D ResourcesManagerExtImpl: applyConfigurationToAppResourcesLocked app.getDisplayId() return callback.displayId:-1
