02-23 13:04:46.315 31109 31164 D OplusInputMethodUtil: updateDebugToClass ImeFocusController.DEBUG = false
02-23 13:04:46.315 31109 31164 D OplusInputMethodUtil: updateDebugToClass InsetsController.DEBUG = false
02-23 13:04:46.315 31109 31164 D OplusInputMethodUtil: updateDebugToClass BaseInputConnection.DEBUG = false
02-23 13:04:46.395  2028  3941 D CompatChangeReporter: Compat change id reported: 319212206; UID 10209; state: ENABLED
02-23 13:04:46.487  2028  4803 I ActivityManager: Death received, pid = 25551, processName = com.google.android.apps.photos for thread android.os.BinderProxy@c2f3ede
02-23 13:04:46.497  2028  7225 I ActivityManager: Death received, pid = 25552, processName = com.google.android.apps.nbu.files for thread android.os.BinderProxy@2f998bf
02-23 13:04:46.500  2028  3946 I ActivityManager: Process com.google.android.apps.nbu.files (pid 25552) has died: cch+75 CEM 
02-23 13:04:46.503  2028  3941 I ActivityManager: Death received, pid = 25540, processName = com.oplus.dmp:main for thread android.os.BinderProxy@38a6b8c
02-23 13:04:46.504  2028  3946 I ActivityManager: Process com.oplus.dmp:main (pid 25540) has died: cch+75 CEM 
02-23 13:04:46.506  2028  2680 D DisplayManagerService: Drop pending events for gone uid 10220
02-23 13:04:46.519  2028  3944 I ActivityManager: Process com.google.android.apps.photos (pid 25551) has died: cch+75 CEM 
02-23 13:04:46.522  2028  5008 I ActivityManager: Death received, pid = 27912, processName = com.google.android.apps.docs.editors.docs for thread android.os.BinderProxy@bbadbbc
02-23 13:04:46.527  2028  3946 I ActivityManager: Process com.google.android.apps.docs.editors.docs (pid 27912) has died: cch+55 CEM 
02-23 13:04:46.533  2028  7231 I ActivityManager: Death received, pid = 27578, processName = com.myntra.android for thread android.os.BinderProxy@53c3453
02-23 13:04:46.536  2028  2680 D DisplayManagerService: Drop pending events for gone uid 10334
02-23 13:04:46.550  2028  3944 I ActivityManager: Process com.myntra.android (pid 27578) has died: cch+65 CEM 
02-23 13:04:46.551  2028  2680 D DisplayManagerService: Drop pending events for gone uid 10241
02-23 13:04:46.551  2028  2680 D DisplayManagerService: Drop pending events for gone uid 10423
02-23 13:04:46.566  2028  2680 D DisplayManagerService: Drop pending events for gone uid 10277
02-23 13:04:47.284  2028  7239 I AppsFilter: interaction: PackageSetting{5e9becd com.jarvis/10485} -> PackageSetting{2910683 com.google.android.as/10219} BLOCKED
02-23 13:04:47.360  2028  2028 W SoundTriggerHelper: Recognition aborted
02-23 13:04:47.360  2028  3548 I SoundTriggerMiddlewareLogging: RECOGNITION (5, PhraseRecognitionEventSys{phraseRecognitionEvent: PhraseRecognitionEvent{common: RecognitionEvent{status: 1, type: 0, captureAvailable: false, captureDelayMs: 0, capturePreambleMs: 0, triggerInData: false, audioConfig: null, data: [], recognitionStillActive: false}, phraseExtras: []}, halEventReceivedMillis: -1, token: android.os.Binder@4b95c96}, 87441)
02-23 13:04:47.360 30055 30091 I AlwaysOnHotwordDetector: onRecognitionPaused
02-23 13:04:47.362 30055 30207 I AlwaysOnHotwordDetector: handle message 4
02-23 13:04:47.432  2028  2928 D OplusDisplayBrightnessBroadcastReceiver: onReceive action = android.intent.action.BATTERY_CHANGED , listeners = [com.android.server.display.OplusFeatureHDREnhanceBrightness$PhoneInfoReceiver@780cd78, com.android.server.display.OplusFeatureEdrEnhanceBrightness$PhoneInfoReceiver@3423c51]
02-23 13:04:47.444  2028  4892 V WindowManager: Relayout Window{e7b50bc u0 StatusBar}: viewVisibility=0, oldvis=0, req=1080x107, vsysui=, x=0, y=0
02-23 13:04:47.445  2028  4892 D OplusAppQuickStart_AppQuickStartController: onFirstWindowDrawn ar=ActivityRecord{4fc095e u0 com.jarvis/.MainActivity t726}
02-23 13:04:47.445  2028  4892 D ActivityTaskManager: Clearing startingData for activity=ActivityRecord{4fc095e u0 com.jarvis/.MainActivity t726} mStartingData=null mStartingSurface=null
02-23 13:04:47.454  2028  2687 D OplusAppQuickStart_AppQuickStartController: onFirstWindowDrawn ar=ActivityRecord{4fc095e u0 com.jarvis/.MainActivity t726}
02-23 13:04:47.454  2028  2687 D ActivityTaskManager: Clearing startingData for activity=ActivityRecord{4fc095e u0 com.jarvis/.MainActivity t726} mStartingData=null mStartingSurface=null
02-23 13:04:47.499  2028  2685 W AccessibilityWindowsPopulator: The displayInfo of this displayId (0) called back from the surface fligner is null
02-23 13:04:47.594  2028  5001 D WindowManagerServiceExtImpl: extractConfigInfoAndRealFlags rotation=0, screenDp=360, residentWS:0, win=Window{8ae1ced u0 com.jarvis/com.jarvis.MainActivity}
02-23 13:04:47.595  2028  5001 V WindowManager: Relayout Window{8ae1ced u0 com.jarvis/com.jarvis.MainActivity}: viewVisibility=4, oldvis=0, req=1080x2400, vsysui=
02-23 13:04:47.598  2028  5001 D OplusAppQuickStart_AppQuickStartController: onFirstWindowDrawn ar=ActivityRecord{4fc095e u0 com.jarvis/.MainActivity t726}
02-23 13:04:47.598  2028  5001 D ActivityTaskManager: Clearing startingData for activity=ActivityRecord{4fc095e u0 com.jarvis/.MainActivity t726} mStartingData=null mStartingSurface=null
02-23 13:04:47.599  2028  5001 D WindowManager: NFW_findFocusedWindowIfNeeded:Window{80d4fd5 u0 NotificationShade} mCurrentFocus:Window{80d4fd5 u0 NotificationShade}
02-23 13:04:47.601 31094 31094 D VRI[MainActivity]: relayoutWindow result, sizeChanged:false, surfaceControlChanged:true, transformHintChanged:false, mSurfaceSize:Point(1080, 2400), mLastSurfaceSize:Point(1080, 2400), mWidth:1080, mHeight:2400, requestedWidth:1080, requestedHeight:2400, transformHint:0, installOrientation:0, displayRotation:0, isSurfaceValid:false, attr.flag:-2122252032, tmpFrames:ClientWindowFrames{frame=[0,0][1080,2400] display=[0,0][1080,2400] parentFrame=[0,0][0,0]}, relayoutAsync:false, mSyncSeqId:0
02-23 13:04:47.604  2028  5001 D WindowManager: NFW_setClientVisible:ActivityRecord{4fc095e u0 com.jarvis/.MainActivity t726} clientVisible:false
02-23 13:04:47.605  2028  5001 I WindowManager: Window{8ae1ced u0 com.jarvis/com.jarvis.MainActivity} state from READY_TO_SHOW to NO_SURFACE; reason: destroySurface
02-23 13:04:47.606  2028  5001 D ActivityTaskManager: Clearing startingData for activity=ActivityRecord{4fc095e u0 com.jarvis/.MainActivity t726} mStartingData=null mStartingSurface=null
02-23 13:04:47.658  2028  2685 W AccessibilityWindowsPopulator: The displayInfo of this displayId (0) called back from the surface fligner is null
02-23 13:04:49.258  2028  2808 I ActivityManager: Waited long enough for: ServiceRecord{5aaf959 u0 com.oplus.sau/com.oplusos.sau.aidl.SauBinderUpdateService c:com.oplus.sau}
02-23 13:04:49.299  2028  7239 V WindowManager: Relayout Window{e7b50bc u0 StatusBar}: viewVisibility=0, oldvis=0, req=1080x107, vsysui=, x=0, y=0
02-23 13:04:49.359  2028  2685 W AccessibilityWindowsPopulator: The displayInfo of this displayId (0) called back from the surface fligner is null
02-23 13:04:50.394  2028  3512 V NetworkPolicy: updateNetworkEnabledNL() return
02-23 13:04:50.394  2028  3512 V NetworkPolicy: updateNotificationsNL not process
02-23 13:04:50.853  2028  4570 D OplusProxyWakeLock: check proxy worksource [ 10209] failed, reason:TAG_NULL ,tag: *job*
02-23 13:04:52.522  2028  2928 D OplusDisplayBrightnessBroadcastReceiver: onReceive action = android.intent.action.BATTERY_CHANGED , listeners = [com.android.server.display.OplusFeatureHDREnhanceBrightness$PhoneInfoReceiver@780cd78, com.android.server.display.OplusFeatureEdrEnhanceBrightness$PhoneInfoReceiver@3423c51]
02-23 13:04:55.957  2028  2808 I OplusStatusBarManagerServiceEnhance:  getTopIsFullscreen mTopIsFullscreen: false
02-23 13:04:55.958  2028  2028 D NotificationService--OplusNotificationManagerServiceExtImpl: isForwardToAssistants: true, case : Is local notification
02-23 13:04:55.958  2028  2028 D NotificationService: This application enqueue notifications is need postDelayed mcsAssistantDelayTime: 200
02-23 13:04:56.158  2028  7239 D OplusFeatureAOD: notifySfUnBlockScreenOn
02-23 13:04:56.159  2028  7239 D OplusPowerManagerHelper: scheduleNotifyStopDream
02-23 13:04:56.159  2028  7239 D OplusPowerManagerHelper: [onWakeUp]
02-23 13:04:56.159  2028  2902 D OplusPowerManagerHelper: handleMessage:102
02-23 13:04:56.159  2028  2902 D OplusPowerManagerHelper: MSG_STOP_DEAM
02-23 13:04:56.160  2028  7239 E OplusCustomizeRestrictionManagerService: isBiometricDisabled start
02-23 13:04:56.160  2028  7239 D OplusPowerManagerHelper: [requestKeyguard]
02-23 13:04:56.160  2028  7239 I PowerGroup: Waking up power group from Asleep (groupId=0, uid=10184, reason=WAKE_REASON_UNKNOWN, details=wakeUp)...
02-23 13:04:56.160  2028  7239 D PowerManagerService: userActivityNoUpdateLocked: groupId=0, eventTime=352300634, event=other, flags=0x0, uid=10184
02-23 13:04:56.161  2028  7239 I PowerManagerService: Waking up from Asleep (uid=10184, reason=WAKE_REASON_UNKNOWN, details=wakeUp)...
02-23 13:04:56.164  2028  7239 D OplusScreenOffTorchHelper: onWakeUp
02-23 13:04:56.165  2028  7239 D DisplayPowerController[0]: requestPowerState: policy=BRIGHT, useProximitySensor=false, screenBrightnessOverride=-1.0, useAutoBrightness=false, screenAutoBrightnessAdjustmentOverride=NaN, screenLowPowerBrightnessFactor=1.0, blockScreenOn=false, lowPowerMode=false, boostScreenBrightness=false, dozeScreenBrightness=NaN, dozeScreenState=UNKNOWN, dozeScreenStateReason=DEFAULT_POLICY, waitForNegativeProximity=false displayReady=false pendingRequest=true
02-23 13:04:56.165  2028  7239 D DisplayManagerServiceExtImpl: request size(1,1),dpc=com.android.server.display.DisplayPowerController@867fbb8 size(0,1),flags=0X200F,id(0,0,local:4630946896948975233),enable=true,ready=false,waitForNegativeProximity=false policy=BRIGHT,useProximitySensor=false,dozeState=UNKNOWN,screenBrightnessOverride=-1.000000,useAuto=false,lowPower=false,lowPowerFactor=1.000000
02-23 13:04:56.165  2028  2928 I OplusSmartBrightnessController: handleMessage MSG_UPDATE_BRIGHTNESS_NO_ANIMATION changed:true
02-23 13:04:56.165  2028  2928 D OplusSmartBrightnessController: setBrightnessNoAnimation false->true
02-23 13:04:56.166  2028  2902 D BackLightStat: setScreenState: state changed:OFF->ON
02-23 13:04:56.166  2028  2902 D OplusDisplayState: setScreenState = true isPrimary = true
02-23 13:04:56.166  2028  2902 D OplusSmartBrightnessController: onScreenEvent isScreenOn displayId[0]=true isFolding=false policy=BRIGHT
02-23 13:04:56.166  2028  2902 D Arc[OplusBrightnessAmbientAdapter]: onScreenEvent displayId:0 isScreenOn:true isFolding:false
02-23 13:04:56.166  2028  2985 D VRR [OPlusRefreshRateService]: handleScreenStateChange state: 2
02-23 13:04:56.166  2028  2985 D VRR [OPlusExternalRefreshRateManager]: screenStateChange state: 2
02-23 13:04:56.173  2028  2902 D Arc[OplusFeatureBrightnessBarController]: BrightnessBarController is not support.
02-23 13:04:56.173  2028  2928 I OplusSmartBrightnessController: handleMessage MSG_FORCE_UPDATE_BRIGHTNESS.
02-23 13:04:56.173  2028  2928 I OplusSmartBrightnessController: onTargetBrightnessChange brightness change to (6861.5127, 547.6225, 3260.0583)
02-23 13:04:56.174  2028  2902 D DisplayPowerState[0]: setScreenState changed:OFF->ON
02-23 13:04:56.174  2028  2902 I DisplayPowerController[0]: Blocking screen on until initial contents have been drawn.
02-23 13:04:56.175  2028  2902 D WindowManager: screenTurnedOn  Display{#0 state=OFF size=1080x2400 ROTATION_0}
02-23 13:04:56.175  2028  2903 W ProcessStats: Tracking association SourceState{a01d5e9 com.microsoft.appmanager:accsvc/10284 BFgs #1254599} whose proc state 4 is better than process ProcessState{20504de com.microsoft.appmanager:permsvc/10284 pkg=com.microsoft.appmanager} proc state 5 (1 skipped)
02-23 13:04:56.177  2028  2902 D OplusScreenOffGestureManager: unRegisterSensor:
02-23 13:04:56.180  2028  3566 I MR2ServiceImpl: Updating composite discovery preference | preference: RouteDiscoveryRequest{ preferredFeatures={}, activeScan=false }, active routers: []
02-23 13:04:56.182  2028  2902 D DisplayPowerController[0]: animateScreenStateChange screen on blocked blocker=com.android.server.display.DisplayPowerController$ScreenOnUnblocker@1368891
02-23 13:04:56.182  2028  2902 I DisplayBrightnessStrategySelector: Changing the DisplayBrightnessStrategy from ScreenOffBrightnessStrategy to InvalidBrightnessStrategy for display 0
02-23 13:04:56.182  2028  2902 D OplusSmartBrightnessController: wakeup displayId[0]=2400 -> 0
02-23 13:04:56.182  2028  2902 I OplusSmartBrightnessController: setPowerOnRealTimeBrightness 344.0
02-23 13:04:56.182  2028  2902 D OplusFeatureHDREnhanceBrightness: setAnimating : displayId[0]=false
02-23 13:04:56.182  2028  2902 D OplusFeatureReduceBrightness: setAnimating : animating = false
02-23 13:04:56.182  2028  2902 D OplusFeatureEdrEnhanceBrightness: setAnimating: false
02-23 13:04:56.182  2028  2902 D OplusFeaturePwEdrEnhanceBrightness: setAnimating: false
02-23 13:04:56.191  2028  2902 D DpcExtImpl[0]: Animating brightness: hdrBrightness target=13->344,sdrBrightness target=13->344,rate=2400->0,type=manual,byUse=false local:4630946896948975233
02-23 13:04:56.191  2028  2902 D DisplayPowerController[0]: updatePowerStateInternal policy:OFF->BRIGHT,state:OFF->ON policy=BRIGHT, useProximitySensor=false, screenBrightnessOverride=-1.0, useAutoBrightness=false, screenAutoBrightnessAdjustmentOverride=NaN, screenLowPowerBrightnessFactor=1.0, blockScreenOn=false, lowPowerMode=false, boostScreenBrightness=false, dozeScreenBrightness=NaN, dozeScreenState=UNKNOWN, dozeScreenStateReason=DEFAULT_POLICY
02-23 13:04:56.193 23494 23494 D ActivityThread: Package [com.jarvis] reported as REPLACED, but missing application info. Assuming REMOVED.
02-23 13:04:56.194  2028  2757 D AppProfilerExtImpl: Skipped pss collection for CPU busy
02-23 13:04:56.194 23494 23494 D ActivityThread: Package [com.jarvis] reported as REPLACED, but missing application info. Assuming REMOVED.
02-23 13:04:56.196  2028 31274 W ContextImpl: Calling a method in the system process without a qualified user: android.app.ContextImpl.sendBroadcast:1276 com.android.server.policy.PhoneWindowManagerExtImpl$5.run:1726 java.lang.Thread.run:1564 <bottom of call stack> <bottom of call stack> 
02-23 13:04:56.197  2028  2902 I ColorAutomaticBrightnessController: updateAutoBrightness: Auto, sendUpdate = true adjustment=6423.529297,changed:344->3260,modified:3260->3260->3260,changed=true,cameraMode=-1,ProximityNear=false
02-23 13:04:56.198  2028  2902 I OplusSmartBrightnessController: handleBrightnessTotalRateType displayId[0]=manual->automatic
02-23 13:04:56.198  2028  2902 D DisplayPowerState[0]: updateRunnable run fadeLevle=0.0 state=ON brightness changed:344.0->-1.0
02-23 13:04:56.198  2028  2902 D DisplayPowerController[0]: animateScreenStateChange screen on blocked blocker=com.android.server.display.DisplayPowerController$ScreenOnUnblocker@1368891
02-23 13:04:56.198  2028  3624 D DisplayPowerState[0]: Updating screen state: id=0, state=ON, backlight=-1.0, sdrBacklight=-1.0
02-23 13:04:56.198  2028  7203 D CoreBackPreview: Window{80d4fd5 u0 NotificationShade}: Setting back callback OnBackInvokedCallbackInfo{mCallback=android.window.IOnBackInvokedCallback$Stub$Proxy@a2a1ccd, mPriority=0, mIsAnimationCallback=false}
02-23 13:04:56.202  2028  2903 W ContextImpl: Calling a method in the system process without a qualified user: android.app.ContextImpl.sendBroadcast:1261 com.android.server.am.OplusAppStartupConfig.handleCountRestrictedList:1698 com.android.server.am.OplusAppStartupManager.updateScreenStatus:5352 com.android.server.OplusSysStateManager$LocalService.onWakefulnessChanged:417 com.android.server.power.NotifierExtImpl.onWakefulnessChanged:134 
02-23 13:04:56.202  2028  3941 D WindowManager: mKeyguardDelegate.ShowListener.onDrawn.
02-23 13:04:56.202 26493 26493 D ActivityThread: Package [com.jarvis] reported as REPLACED, but missing application info. Assuming REMOVED.
02-23 13:04:56.203  2028  2903 D NotifierExtImpl: notifyScreenOnOff: on = true
02-23 13:04:56.203  2028  2903 D OplusPowerManagerServiceEnhance: notifyScreenOnOff on=true
02-23 13:04:56.203 26493 26493 D ActivityThread: Package [com.jarvis] reported as REPLACED, but missing application info. Assuming REMOVED.
02-23 13:04:56.205  2028  2680 W WindowManager: Setting mKeyguardDrawComplete
02-23 13:04:56.206  2028  3624 D DisplayAdapterExt: sendDisplayDeviceEventLocked event=2,now=672996138,timestamp=672996138 device:[id=local:4630946896948975233,stack=-1],isFirst=true,activeMode=1,state=ON,commitState=OFF,devInfo:null
02-23 13:04:56.206  2028  3624 D OplusSmartBrightnessController: requestDisplayState isFirstDisplay=true state=2 globalDisplayState=0x2
02-23 13:04:56.206  2028  3624 D DisplayDeviceExt: setDisplayState([4630946896948975233,true],OFF->ON),t-Name=PhotonicModulator
02-23 13:04:56.206  2028  2680 I WindowManager: Window{80d4fd5 u0 NotificationShade} state from HAS_DRAWN to DRAW_PENDING; reason: requestDrawIfNeeded
02-23 13:04:56.206  2028  2685 D DisplayDeviceRepositoryExtImpl: onDisplayDeviceEvent event=2,now=672996138,timestamp=672996138 device:[id=local:4630946896948975233,stack=-1],isFirst=true,activeMode=1,state=ON,commitState=OFF,devInfo:null
02-23 13:04:56.207  2028  2680 I WindowManager: Waiting for drawn Window{80d4fd5 u0 NotificationShade}: removed=false visible=true mHasSurface=true drawState=1
02-23 13:04:56.207  2028  2680 D OplusWindowAnimationManager: Is NotificationShade draw check disabled: false, win: Window{80d4fd5 u0 NotificationShade}, clientRotation: 0, isFullscreen: true, requestedWidth: 1080, requestedHeight: 2400, physicalHeight: 2400, physicalWidth: 1080
02-23 13:04:56.207  2028  2680 D WindowManager: waitForAllWindowsDrawn displayId=-1,false,message={ when=-4d1h51m40s683ms what=7 arg1=-1 target=com.android.server.policy.PhoneWindowManager$PolicyHandler }
02-23 13:04:56.207  2028  2685 I DisplayDeviceRepository: Display device changed state: "Built-in Screen", ON
02-23 13:04:56.208  2028  2685 D LogicalDisplayMapper: Display device changed: DisplayDeviceInfo{"Built-in Screen": uniqueId="local:4630946896948975233", 1080 x 2400, modeId 1, renderFrameRate 120.00001, defaultModeId 1, userPreferredModeId -1, supportedModes [{id=1, width=1080, height=2400, fps=120.00001, vsync=120.00001, synthetic=false, alternativeRefreshRates=[30.000002, 48.000004, 50.0, 60.000004, 90.0], supportedHdrTypes=[]}, {id=2, width=1080, height=2400, fps=90.0, vsync=90.0, synthetic=false, alternativeRefreshRates=[30.000002, 48.000004, 50.0, 60.000004, 120.00001], supportedHdrTypes=[]}, {id=3, width=1080, height=2400, fps=60.000004, vsync=60.000004, synthetic=false, alternativeRefreshRates=[30.000002, 48.000004, 50.0, 90.0, 120.00001], supportedHdrTypes=[]}, {id=4, width=1080, height=2400, fps=50.0, vsync=50.0, synthetic=false, alternativeRefreshRates=[30.000002, 48.000004, 60.000004, 90.0, 120.00001], supportedHdrTypes=[]}, {id=5, width=1080, height=2400, fps=48.000004, vsync=48.000004, synthetic=false, alternativeRefreshRates=[30.000002, 50.0, 60.000004, 90.0, 120.00001], supportedHdrTypes=[]}, {id=6, width=1080, height=2400, fps=30.000002, vsync=30.000002, synthetic=false, alternativeRefreshRates=[48.000004, 50.0, 60.000004, 90.0, 120.00001], supportedHdrTypes=[]}], colorMode 0, supportedColorModes [0, 7, 9], hdrCapabilities HdrCapabilities{mSupportedHdrTypes=[], mMaxLuminance=500.0, mMaxAverageLuminance=500.0, mMinLuminance=0.0}, allmSupported false, gameContentTypeSupported false, density 480, 391.885 x 390.769 dpi, appVsyncOff 1000000, presDeadline 12666666, cutout DisplayCutout{insets=Rect(0, 107 - 0, 0) waterfall=Insets{left=0, top=0, right=0, bottom=0} boundingRect={Bounds=[Rect(0, 0 - 0, 0), Rect(502, 0 - 578, 107), Rect(0, 0 - 0, 0), Rect(0, 0 - 0, 0)]} cutoutPathParserInfo={CutoutPathParserInfo{displayWidth=1080 displayHeight=2400 physicalDisplayWidth=1080 physicalDisplayHeight=2400 density={3.0} cutoutSpec={M -38,0 L -38,107 L 38,107 L 38,0 Z} rotation={0} scale={1.0} physicalPixelDisplaySizeRatio={1.0}}} sideOverrides={}}, touch INTERNAL, rotation 0, type INTERNAL, address {port=129, model=0x40446daabe5756}, deviceProductInfo DeviceProductInfo{name=, manufacturerPnpId=QCM, productId=1, modelYear=null, manufactureDate=ManufactureDate{week=27, year=2006}, connectionToSinkType=0}, state ON, committedState OFF, frameRateOverride , brightnessMinimum 0.0, brightnessMaximum 1.0, brightnessDefault 738.8214, hdrSdrRatio 1.0, backlightType 0, roundedCorners RoundedCorners{[RoundedCorner{position=TopLeft, radius=60, center=Point(60, 60)}, RoundedCorner{position=TopRight, radius=60, center=Point(1020, 60)}, RoundedCorner{position=BottomRight, radius=60, center=Point(1020, 2340)}, RoundedCorner{position=BottomLeft, radius=60, center=Point(60, 2340)}]}, FLAG_ALLOWED_TO_BE_DEFAULT_DISPLAY, FLAG_ROTATES_WITH_CONTENT, FLAG_SECURE, FLAG_SUPPORTS_PROTECTED_BUFFERS, FLAG_TRUSTED, installOrientation 0, displayShape DisplayShape{ spec=-1893857183 displayWidth=1080 displayHeight=2400 physicalPixelDisplaySizeRatio=1.0 rotation=0 offsetX=0 offsetY=0 scale=1.0}} diff=2
02-23 13:04:56.208  2028  2685 D LogicalDisplayExt: set displayInfo flag FLAG_ROTATES_WITH_CONTENT
02-23 13:04:56.215  2028  2028 V AlarmManager: sending alarm Alarm{dba1bce type 3 origWhen 672939933 whenElapsed 672939933 android} uid 1000 whenElapsed 672939933 windowLength 0 maxWhenElapsed 672939933 repeatInterval 0 action null component null tag TIME_TICK flags 0x9 procName system_server
02-23 13:04:56.216  2028  2685 D DisplayManagerServiceExtImpl: scheduleTraversalLocked intraversal=false
02-23 13:04:56.216  2028  2685 I DisplayManagerServiceExtImpl: handle logical display changed logicalDisplay=id=0,stack=0,content=true,displayInfo{stack=0,type=1,id=0,uId=local:4630946896948975233,state=ON,pkg=null}
02-23 13:04:56.217  2028  2687 D DisplayManagerService: performTraversalInternal pendingTraversal
02-23 13:04:56.217  2028  2687 D DisplayDevice: setLayerStackLocked id=local:4630946896948975233 token=android.os.BinderProxy@5905c34 stack=-1->0
02-23 13:04:56.217  2028  2687 I DisplayDevice: [0] Layerstack set to 0 for local:4630946896948975233
02-23 13:04:56.218  2028  2902 D BrightnessThermalClamper: Thermal status observer already started
02-23 13:04:56.218  2028  2902 D BrightnessPowerClamper: Power throttling data is missing for configuration data.
02-23 13:04:56.220  2028  2687 I WindowManager: Waiting for drawn Window{80d4fd5 u0 NotificationShade}: removed=false visible=true mHasSurface=true drawState=1
02-23 13:04:56.220  2028  2687 D OplusWindowAnimationManager: Is NotificationShade draw check disabled: false, win: Window{80d4fd5 u0 NotificationShade}, clientRotation: 0, isFullscreen: true, requestedWidth: 1080, requestedHeight: 2400, physicalHeight: 2400, physicalWidth: 1080
02-23 13:04:56.223  2028  2028 V AlarmManager: sending alarm Alarm{163270b type 3 origWhen 672942265 whenElapsed 672942265 com.whatsapp} uid 10276 whenElapsed 672942265 windowLength 11249 maxWhenElapsed 672953514 repeatInterval 0 action com.whatsapp.alarm.CLIENT_PING_PERIODIC component null flags 0x8 procName com.whatsapp
02-23 13:04:56.226  2028  2028 V AlarmManager: sending alarm Alarm{5f9b801 type 3 origWhen 672964219 whenElapsed 672964219 com.oplus.nhs} uid 1001 whenElapsed 672964219 windowLength 225000 maxWhenElapsed 673189219 repeatInterval 300000 action oplus.intent.action.INTERNAL_LOOP_UPDATE_ACTIVITYINFO_ALARM component ComponentInfo{com.oplus.nhs/com.oplus.nhs.pwr.ModemAci.ModemAciAlarmReceiver} flags 0x8 procName com.oplus.nhs
02-23 13:04:56.228  2028  2028 V AlarmManager: sending alarm Alarm{329d6a6 type 3 origWhen 672975678 whenElapsed 672975678 android} uid 1000 whenElapsed 672975678 windowLength 0 maxWhenElapsed 672975678 repeatInterval 0 action null component null tag StatsCompanionService.pull flags 0x9 procName system_server
02-23 13:04:56.229  2028  2028 V AlarmManager: sending alarm Alarm{29b28e7 type 3 origWhen 672985758 whenElapsed 672985758 com.google.android.gms} uid 10108 whenElapsed 672985758 windowLength 0 maxWhenElapsed 672985758 repeatInterval 0 action com.google.android.gms.gcm.ACTION_CHECK_QUEUE component ComponentInfo{com.google.android.gms/com.google.android.gms.gcm.nts.SchedulerInternalReceiver} flags 0x0 procName com.google.android.gms.persistent
02-23 13:04:56.230  2028  2028 V AlarmManager: sending alarm Alarm{c30fc94 type 3 origWhen 672988264 whenElapsed 672988264 android} uid 1000 whenElapsed 672988264 windowLength 0 maxWhenElapsed 672988264 repeatInterval 0 action null component null tag *job.delay* flags 0x0 procName system_server
02-23 13:04:56.232  2028  2028 I OplusProxyWakeLock: prevent update worksource , it becomes empty, release wakelock: lock:65474384 PARTIAL_WAKE_LOCK                 '*alar' DISABLED (uid=1000 pid=2028 ws=WorkSource{1000})
02-23 13:04:56.236  2028  3579 I OplusProxyWakeLock: prevent update worksource , it becomes empty, release wakelock: wakelock is not exist
02-23 13:04:56.237  2028  2685 D DisplayManagerService: Delivering display event: displayId=0, event=CHANGED
02-23 13:04:56.241  3826  3826 W VRI[NotificationShade]: handleResized, msg:, frameChanged:false, configChanged:false, displayChanged:false, attachedFrameChanged:false, compatScaleChanged:false, pendingDragResizing=false
02-23 13:04:56.241  2028  2680 D OplusVFXScreenEffectFeature: notifySFCompatWindowStateChange entered false
02-23 13:04:56.242  2028  2680 D FSS_FoldScreenBlackCoverController: displayChangeToOn, dc:Display{#0 state=ON size=1080x2400 ROTATION_0}
02-23 13:04:56.248  2028  2685 D DisplayManagerService: MSG_REQUEST_TRAVERSAL pendingCompleted=false
02-23 13:04:56.252  3774  3774 D CastManagerService: onDisplayChanged.
02-23 13:04:56.258  2028  2680 I WindowManager: Waiting for drawn Window{80d4fd5 u0 NotificationShade}: removed=false visible=true mHasSurface=true drawState=1
02-23 13:04:56.258  2028  2680 D OplusWindowAnimationManager: Is NotificationShade draw check disabled: false, win: Window{80d4fd5 u0 NotificationShade}, clientRotation: 0, isFullscreen: true, requestedWidth: 1080, requestedHeight: 2400, physicalHeight: 2400, physicalWidth: 1080
02-23 13:04:56.264  2028  2687 I WindowManager: Waiting for drawn Window{80d4fd5 u0 NotificationShade}: removed=false visible=true mHasSurface=true drawState=1
02-23 13:04:56.264  2028  2687 D OplusWindowAnimationManager: Is NotificationShade draw check disabled: false, win: Window{80d4fd5 u0 NotificationShade}, clientRotation: 0, isFullscreen: true, requestedWidth: 1080, requestedHeight: 2400, physicalHeight: 2400, physicalWidth: 1080
02-23 13:04:56.280  2028  2903 D OplusAlarmAdjustment: MSG_SCREEN_ON, mScreenOnElapsed=672996213 ms
02-23 13:04:56.280  2028  2903 D OplusAlarmAdjustMap: removeAlignUid, uid=0, requester=0
02-23 13:04:56.284  2028  3334 I OplusProxyWakeLock: prevent update worksource , it becomes empty, release wakelock: wakelock is not exist
02-23 13:04:56.292  2028  4119 I WindowManager: Window{80d4fd5 u0 NotificationShade} state from DRAW_PENDING to COMMIT_DRAW_PENDING; reason: finishDrawingLocked
02-23 13:04:56.294  2028  2687 I WindowManager: Window{80d4fd5 u0 NotificationShade} state from COMMIT_DRAW_PENDING to READY_TO_SHOW; reason: commitFinishDrawingLocked
02-23 13:04:56.295  2028  2687 I WindowManager: Window{80d4fd5 u0 NotificationShade} state from READY_TO_SHOW to HAS_DRAWN; reason: performShowLocked
02-23 13:04:56.296  2028  3296 D OplusCustomizeRestrictionManagerService: isSuperPowerSavingModeDisabled Pid: 7318, Uid: 1000
02-23 13:04:56.296  2028  2687 I WindowManager: Waiting for drawn Window{80d4fd5 u0 NotificationShade}: removed=false visible=true mHasSurface=true drawState=4
02-23 13:04:56.296  2028  2687 D OplusWindowAnimationManager: Is NotificationShade draw check disabled: false, win: Window{80d4fd5 u0 NotificationShade}, clientRotation: 0, isFullscreen: true, requestedWidth: 1080, requestedHeight: 2400, physicalHeight: 2400, physicalWidth: 1080
02-23 13:04:56.297  2028  3296 D OplusCustomizeRestrictionManagerService: isSuperPowerSavingModeDisabled Pid: 7318, Uid: 1000
02-23 13:04:56.308  2028  2680 W WindowManager: All windows drawn on display -1
02-23 13:04:56.308  2028  2680 D FSS_FoldScreenBlackCoverController: finishWindowsDrawn, displayId:-1
02-23 13:04:56.309  2028  2680 I WindowManager: Finished screen turning on...0
02-23 13:04:56.309  2028  2680 D DpcExtImpl[0]: ScreenOnUnblocker, onScreenOn
02-23 13:04:56.309  2028  2902 I DisplayPowerController[0]: Unblocked screen on after 135 ms
02-23 13:04:56.310  2028  2902 D DisplayPowerState[0]: setColorFadeLevel: level=1.0
02-23 13:04:56.318  2028  2685 W AccessibilityWindowsPopulator: The displayInfo of this displayId (0) called back from the surface fligner is null
02-23 13:04:56.326  2028  7206 D OplusBatteryServiceFeature: setSmartCoolDown: coolDown = 3, normalCoolDown = 3, pkgName = com.jarvis
02-23 13:04:56.332  2028  4119 V WindowManager: Relayout Window{1a32c95 u0 OplusPrivacyIconTopLeft}: viewVisibility=8, oldvis=8, req=12x12, vsysui=LAYOUT_STABLE, x=35, y=56
02-23 13:04:56.337  2028  5006 D WindowManagerServiceExtImpl: extractConfigInfoAndRealFlags rotation=0, screenDp=360, residentWS:0, win=Window{8ae1ced u0 com.jarvis/com.jarvis.MainActivity}
02-23 13:04:56.337  2028  5006 V WindowManager: Relayout Window{8ae1ced u0 com.jarvis/com.jarvis.MainActivity}: viewVisibility=8, oldvis=4, req=1080x2400, vsysui=
02-23 13:04:56.339  2028  5006 D WindowManager: NFW_findFocusedWindowIfNeeded:Window{80d4fd5 u0 NotificationShade} mCurrentFocus:Window{80d4fd5 u0 NotificationShade}
02-23 13:04:56.340 31094 31094 D VRI[MainActivity]: relayoutWindow result, sizeChanged:false, surfaceControlChanged:false, transformHintChanged:false, mSurfaceSize:Point(1080, 2400), mLastSurfaceSize:Point(1080, 2400), mWidth:1080, mHeight:2400, requestedWidth:1080, requestedHeight:2400, transformHint:0, installOrientation:0, displayRotation:0, isSurfaceValid:false, attr.flag:-2122252032, tmpFrames:ClientWindowFrames{frame=[0,0][1080,2400] display=[0,0][1080,2400] parentFrame=[0,0][0,0]}, relayoutAsync:false, mSyncSeqId:0
02-23 13:04:56.346  2028  7239 V WindowManager: Relayout Window{fc41411 u0 OplusPrivacyIconTopRight}: viewVisibility=0, oldvis=8, req=12x12, vsysui=LAYOUT_STABLE, x=35, y=56
02-23 13:04:56.346  2028  7239 I WindowManager: Window{fc41411 u0 OplusPrivacyIconTopRight} state from NO_SURFACE to DRAW_PENDING; reason: resetDrawState
02-23 13:04:56.354  2028  7239 D WindowManager: NFW_findFocusedWindowIfNeeded:Window{80d4fd5 u0 NotificationShade} mCurrentFocus:Window{80d4fd5 u0 NotificationShade}
02-23 13:04:56.358  2028  2028 I OplusProxyWakeLock: prevent update worksource , it becomes empty, release wakelock: wakelock is not exist
02-23 13:04:56.448  2028  2928 D OplusDisplayBrightnessBroadcastReceiver: onReceive action = android.intent.action.SCREEN_ON , listeners = [com.android.server.display.stat.BackLightStat$EventReceiver@817131a]
02-23 13:04:56.462  2028  2903 D AlarmWakeupCheck: SCREEN_ON: CntAlarmWakeup = 3
02-23 13:04:56.468  2028  3624 D DisplayAdapterExt: sendDisplayDeviceEventLocked event=2,now=672996401,timestamp=672996401 device:[id=local:4630946896948975233,stack=0],isFirst=true,activeMode=1,state=ON,commitState=ON,devInfo:null
02-23 13:04:56.469  2028  2685 D DisplayDeviceRepositoryExtImpl: onDisplayDeviceEvent event=2,now=672996401,timestamp=672996401 device:[id=local:4630946896948975233,stack=0],isFirst=true,activeMode=1,state=ON,commitState=ON,devInfo:DisplayDeviceInfo{"null": uniqueId="local:4630946896948975233", 1080 x 2400, modeId 1, renderFrameRate 120.00001, defaultModeId 1, userPreferredModeId -1, supportedModes [{id=1, width=1080, height=2400, fps=120.00001, vsync=120.00001, synthetic=false, alternativeRefreshRates=[30.000002, 48.000004, 50.0, 60.000004, 90.0], supportedHdrTypes=[]}, {id=2, width=1080, height=2400, fps=90.0, vsync=90.0, synthetic=false, alternativeRefreshRates=[30.000002, 48.000004, 50.0, 60.000004, 120.00001], supportedHdrTypes=[]}, {id=3, width=1080, height=2400, fps=60.000004, vsync=60.000004, synthetic=false, alternativeRefreshRates=[30.000002, 48.000004, 50.0, 90.0, 120.00001], supportedHdrTypes=[]}, {id=4, width=1080, height=2400, fps=50.0, vsync=50.0, synthetic=false, alternativeRefreshRates=[30.000002, 48.000004, 60.000004, 90.0, 120.00001], supportedHdrTypes=[]}, {id=5, width=1080, height=2400, fps=48.000004, vsync=48.000004, synthetic=false, alternativeRefreshRates=[30.000002, 50.0, 60.000004, 90.0, 120.00001], supportedHdrTypes=[]}, {id=6, width=1080, height=2400, fps=30.000002, vsync=30.000002, synthetic=false, alternativeRefreshRates=[48.000004, 50.0, 60.000004, 90.0, 120.00001], supportedHdrTypes=[]}], colorMode 0, supportedColorModes [0, 7, 9], hdrCapabilities HdrCapabilities{mSupportedHdrTypes=[], mMaxLuminance=500.0, mMaxAverageLuminance=500.0, mMinLuminance=0.0}, allmSupported false, gameContentTypeSupported false, density 480, 391.885 x 390.769 dpi, appVsyncOff 1000000, presDeadline 12666666, touch NONE, rotation 0, type UNKNOWN, address {port=129, model=0x40446daabe5756}, deviceProductInfo DeviceProductInfo{name=, manufacturerPnpId=QCM, productId=1, modelYear=null, manufactureDate=ManufactureDate{week=27, year=2006}, connectionToSinkType=0}, state ON, committedState ON, frameRateOverride , brightnessMinimum 0.0, brightnessMaximum 0.0, brightnessDefault 0.0, hdrSdrRatio NaN, backlightType 0, FLAG_ALLOWED_TO_BE_DEFAULT_DISPLAY, FLAG_SECURE, FLAG_SUPPORTS_PROTECTED_BUFFERS, installOrientation 0}
02-23 13:04:56.469  2028  3624 I LocalDisplayAdapterExtImpl: power on! sync real time brightness:344.0 isFirst=true
02-23 13:04:56.469  2028  3624 I OplusSmartBrightnessController: setPowerOnRealTimeBrightness -1.0
02-23 13:04:56.470  2028  2928 I OplusSmartBrightnessController: handleMessage MSG_UPDATE_BRIGHTNESS_NO_ANIMATION changed:false
02-23 13:04:56.470  2028  2928 D OplusSmartBrightnessController: setBrightnessNoAnimation true->false
02-23 13:04:56.470  2028  3624 D DisplayDeviceExt: setDisplayBrightness(4630946896948975233,344.0, 0.084005, 63.493),verbose[(0,ON):-1.0->344.0,(344.0, 344.0)]
02-23 13:04:56.471  2028  2685 I DisplayDeviceRepositoryExtImpl: Display device changed committed state: "Built-in Screen", ON
02-23 13:04:56.474  2028  2685 D LogicalDisplayMapper: Display device changed: DisplayDeviceInfo{"Built-in Screen": uniqueId="local:4630946896948975233", 1080 x 2400, modeId 1, renderFrameRate 120.00001, defaultModeId 1, userPreferredModeId -1, supportedModes [{id=1, width=1080, height=2400, fps=120.00001, vsync=120.00001, synthetic=false, alternativeRefreshRates=[30.000002, 48.000004, 50.0, 60.000004, 90.0], supportedHdrTypes=[]}, {id=2, width=1080, height=2400, fps=90.0, vsync=90.0, synthetic=false, alternativeRefreshRates=[30.000002, 48.000004, 50.0, 60.000004, 120.00001], supportedHdrTypes=[]}, {id=3, width=1080, height=2400, fps=60.000004, vsync=60.000004, synthetic=false, alternativeRefreshRates=[30.000002, 48.000004, 50.0, 90.0, 120.00001], supportedHdrTypes=[]}, {id=4, width=1080, height=2400, fps=50.0, vsync=50.0, synthetic=false, alternativeRefreshRates=[30.000002, 48.000004, 60.000004, 90.0, 120.00001], supportedHdrTypes=[]}, {id=5, width=1080, height=2400, fps=48.000004, vsync=48.000004, synthetic=false, alternativeRefreshRates=[30.000002, 50.0, 60.000004, 90.0, 120.00001], supportedHdrTypes=[]}, {id=6, width=1080, height=2400, fps=30.000002, vsync=30.000002, synthetic=false, alternativeRefreshRates=[48.000004, 50.0, 60.000004, 90.0, 120.00001], supportedHdrTypes=[]}], colorMode 0, supportedColorModes [0, 7, 9], hdrCapabilities HdrCapabilities{mSupportedHdrTypes=[], mMaxLuminance=500.0, mMaxAverageLuminance=500.0, mMinLuminance=0.0}, allmSupported false, gameContentTypeSupported false, density 480, 391.885 x 390.769 dpi, appVsyncOff 1000000, presDeadline 12666666, cutout DisplayCutout{insets=Rect(0, 107 - 0, 0) waterfall=Insets{left=0, top=0, right=0, bottom=0} boundingRect={Bounds=[Rect(0, 0 - 0, 0), Rect(502, 0 - 578, 107), Rect(0, 0 - 0, 0), Rect(0, 0 - 0, 0)]} cutoutPathParserInfo={CutoutPathParserInfo{displayWidth=1080 displayHeight=2400 physicalDisplayWidth=1080 physicalDisplayHeight=2400 density={3.0} cutoutSpec={M -38,0 L -38,107 L 38,107 L 38,0 Z} rotation={0} scale={1.0} physicalPixelDisplaySizeRatio={1.0}}} sideOverrides={}}, touch INTERNAL, rotation 0, type INTERNAL, address {port=129, model=0x40446daabe5756}, deviceProductInfo DeviceProductInfo{name=, manufacturerPnpId=QCM, productId=1, modelYear=null, manufactureDate=ManufactureDate{week=27, year=2006}, connectionToSinkType=0}, state ON, committedState ON, frameRateOverride , brightnessMinimum 0.0, brightnessMaximum 1.0, brightnessDefault 738.8214, hdrSdrRatio 1.0, backlightType 0, roundedCorners RoundedCorners{[RoundedCorner{position=TopLeft, radius=60, center=Point(60, 60)}, RoundedCorner{position=TopRight, radius=60, center=Point(1020, 60)}, RoundedCorner{position=BottomRight, radius=60, center=Point(1020, 2340)}, RoundedCorner{position=BottomLeft, radius=60, center=Point(60, 2340)}]}, FLAG_ALLOWED_TO_BE_DEFAULT_DISPLAY, FLAG_ROTATES_WITH_CONTENT, FLAG_SECURE, FLAG_SUPPORTS_PROTECTED_BUFFERS, FLAG_TRUSTED, installOrientation 0, displayShape DisplayShape{ spec=-1893857183 displayWidth=1080 displayHeight=2400 physicalPixelDisplaySizeRatio=1.0 rotation=0 offsetX=0 offsetY=0 scale=1.0}} diff=4
02-23 13:04:56.474  2028  2685 D LogicalDisplayExt: set displayInfo flag FLAG_ROTATES_WITH_CONTENT
02-23 13:04:56.476  2028  3566 I MR2ServiceImpl: Updating composite discovery preference | preference: RouteDiscoveryRequest{ preferredFeatures={}, activeScan=false }, active routers: []
02-23 13:04:56.482  2028  2685 D DisplayManagerServiceExtImpl: scheduleTraversalLocked intraversal=false
02-23 13:04:56.482  2028  2685 I DisplayManagerServiceExtImpl: handle logical display changed logicalDisplay=id=0,stack=0,content=true,displayInfo{stack=0,type=1,id=0,uId=local:4630946896948975233,state=ON,pkg=null}
02-23 13:04:56.482  2028  2685 D DisplayManagerService: Delivering display event: displayId=0, event=CHANGED
02-23 13:04:56.484  2028  2902 D DisplayPowerController[0]: screenTurnedOn state=2 brightnessState=344.0 mustNotify=true
02-23 13:04:56.484  2028  2902 D DpcExtImpl[0]: RECORD:onUpdatePowerState policy:3 state:2 brightness:344
02-23 13:04:56.489  2028  2680 D OplusVFXScreenEffectFeature: notifySFCompatWindowStateChange entered false
02-23 13:04:56.489  2028  2680 D FSS_FoldScreenBlackCoverController: displayChangeToOn, dc:Display{#0 state=ON size=1080x2400 ROTATION_0}
02-23 13:04:56.489  2028  7206 W PowerManagerService: Screen on took 332 ms. groupId = 0
02-23 13:04:56.489  2028  7206 D OplusPowerManagerHelper: [onWakeUpFinish]
02-23 13:04:56.490  2028  7206 E OplusCustomizeRestrictionManagerService: isBiometricDisabled start
02-23 13:04:56.490  2028  7206 D OplusFeatureAOD: notifySfUnBlockScreenOn
02-23 13:04:56.491  2028  2902 D BrightnessThermalClamper: Thermal status observer already started
02-23 13:04:56.491  2028  2902 D BrightnessPowerClamper: Power throttling data is missing for configuration data.
02-23 13:04:56.492  3774  3774 D CastManagerService: onDisplayChanged.
02-23 13:04:56.495  2028  2680 D DisplayManagerService: performTraversalInternal pendingTraversal
02-23 13:04:56.495  2028  2680 D DisplayDevice: setLayerStackLocked id=local:4630946896948975233 token=android.os.BinderProxy@5905c34 stack=0->0
02-23 13:04:56.495  2028  2685 D DisplayManagerService: MSG_REQUEST_TRAVERSAL pendingCompleted=false
02-23 13:04:56.513  3826  3826 W VRI[NotificationShade]: updateBlastSurfaceIfNeeded, surfaceSize:Point(1080, 2400), lastSurfaceSize:Point(1080, 2400), format:-3, blastBufferQueue:android.graphics.BLASTBufferQueue@a4b58b
02-23 13:04:56.513  2028  3296 D WindowManagerServiceExtImpl: extractConfigInfoAndRealFlags rotation=0, screenDp=360, residentWS:0, win=Window{80d4fd5 u0 NotificationShade}
02-23 13:04:56.514  2028  3296 V WindowManager: Relayout Window{80d4fd5 u0 NotificationShade}: viewVisibility=0, oldvis=0, req=1080x2400, vsysui=, x=0, y=0
02-23 13:04:56.520  3826  3884 D ShellSplitScreen: onFinishedWakingUp
02-23 13:04:56.520  3826  3884 D OneHandedController: setLockedDisabled locked = false, enabled = false ,FeatureEnabled = true
02-23 13:04:56.527  2028  5005 W AccessibilityWindowsPopulator: The displayInfo of this displayId (0) called back from the surface fligner is null
02-23 13:04:56.530  2028  3296 I WindowManager: Window{fc41411 u0 OplusPrivacyIconTopRight} state from DRAW_PENDING to COMMIT_DRAW_PENDING; reason: finishDrawingLocked
02-23 13:04:56.541  2028  2687 D WindowManager: NFW_setClientVisible:WallpaperWindowToken{dcde4c2 token=android.os.Binder@facd675 showWhenLocked=true} clientVisible:true
02-23 13:04:56.544  2028  2687 I WindowManager: Window{fc41411 u0 OplusPrivacyIconTopRight} state from COMMIT_DRAW_PENDING to READY_TO_SHOW; reason: commitFinishDrawingLocked
02-23 13:04:56.544  2028  2687 I WindowManager: Window{fc41411 u0 OplusPrivacyIconTopRight} state from READY_TO_SHOW to HAS_DRAWN; reason: performShowLocked
02-23 13:04:56.586  2028  3614 D OplusBatteryManager: getPsyBatteryRm: 3363
02-23 13:04:56.672  2028  4570 D OplusProxyWakeLock: restore uid: 10276 wakelock: lock:65474384 PARTIAL_WAKE_LOCK                 '*alar' (uid=1000 pid=2028 ws=WorkSource{10276})  from proxyedWakeLock list.
02-23 13:04:56.764  2028  3476 W OplusStorageManagerFeature: mScreenReceiver action:android.intent.action.SCREEN_ON
02-23 13:04:56.789  2028  3476 W OplusStorageManagerFeature: turn screenOn, maintPrepared:false
02-23 13:04:56.794  2028  3476 W OplusStorageManagerFeature: sendToTarget over,paramStr:0
02-23 13:04:56.807  2028  2928 D OplusDisplayBrightnessBroadcastReceiver: onReceive action = android.intent.action.TIME_TICK , listeners = []
02-23 13:04:56.810   688 31307 D vold    : [storage]aborting idle start
02-23 13:04:56.810   688 31307 D vold    : [storage]idle maintenance stopped
02-23 13:04:56.836  2028  3476 W OplusStorageManagerFeature: Ready to deal actionParam:0
02-23 13:04:57.031  2028  2028 W AccessibilityManagerService:  wait for adding window timeout: 8797
02-23 13:04:57.045  2028  2685 W AccessibilityWindowsPopulator: Windows change within in 2 frames continuously over 500 ms and notify windows changed immediately
02-23 13:04:57.062  2028  3334 E JobScheduler.Background: Couldn't determine stopped state for unknown package: com.oplus.onet
02-23 13:04:57.315  2028  7205 D OplusWallpaperAnimationManager: cancelSurfaceAnimation reason: move_animation, isAnimating: false, by window: Window{80d4fd5 u0 NotificationShade}
02-23 13:04:57.317  2028  7205 D OplusWallpaperAnimationManager: setWallpaperScale, onAnimationStopped
02-23 13:04:57.317  2028  7205 V OplusWallpaperAnimationManager: setWallpaperScale scale: 1.1, targetZoom: 0.0, by Window{80d4fd5 u0 NotificationShade}
02-23 13:04:57.324  2028  2688 I WallpaperControllerExtImpl: begin setLockWallpaperZoomOut zoom: 0.0, by Window{80d4fd5 u0 NotificationShade}
02-23 13:04:57.326  2028  2764 I WallpaperControllerExtImpl: setLockWallpaperZoomOut zoom: 0.0, by Window{80d4fd5 u0 NotificationShade}
02-23 13:04:57.333  2028  7237 W AppOps  : Noting op not finished: uid 10091 pkg com.google.android.apps.wellbeing code 79 startTime of in progress event=1771832097309
02-23 13:04:57.374  2028  7203 W AppOps  : Noting op not finished: uid 10108 pkg com.google.android.gms code 79 startTime of in progress event=1771831954361
02-23 13:04:57.402  2028  7225 W AppOps  : Noting op not finished: uid 10108 pkg com.google.android.gms code 113 startTime of in progress event=1771831954361
02-23 13:04:57.442  2028  7237 W AppOps  : Noting op not finished: uid 10108 pkg com.google.android.gms code 113 startTime of in progress event=1771831954361
02-23 13:04:57.454  2028  7205 W AppOps  : Noting op not finished: uid 10108 pkg com.google.android.gms code 113 startTime of in progress event=1771831954361
02-23 13:04:57.497  2028  7203 W AppOps  : Noting op not finished: uid 10108 pkg com.google.android.gms code 113 startTime of in progress event=1771832097362
02-23 13:04:57.510  2028  5001 W AppOps  : Noting op not finished: uid 10108 pkg com.google.android.gms code 113 startTime of in progress event=1771831954361
02-23 13:04:58.003  2028  2985 D VRR [OPlusExternalRefreshRateManager]: notifyDisableOtiMode: false
02-23 13:04:58.003  2028  2985 D VRR [OPlusSurfaceFlingerController]:  setTouchIdleShouldPause : false
02-23 13:04:58.609  2028  2928 D OplusDisplayBrightnessBroadcastReceiver: onReceive action = android.intent.action.BATTERY_CHANGED , listeners = [com.android.server.display.OplusFeatureHDREnhanceBrightness$PhoneInfoReceiver@780cd78, com.android.server.display.OplusFeatureEdrEnhanceBrightness$PhoneInfoReceiver@3423c51]
02-23 13:05:00.000  2028  3435 V AlarmManager: sending alarm Alarm{a748b2c type 3 origWhen 672999933 whenElapsed 672999933 android} uid 1000 whenElapsed 672999933 windowLength 0 maxWhenElapsed 672999933 repeatInterval 0 action null component null tag TIME_TICK flags 0x9 procName system_server
02-23 13:05:00.009  2028  2928 D OplusDisplayBrightnessBroadcastReceiver: onReceive action = android.intent.action.TIME_TICK , listeners = []
02-23 13:05:01.243  2028  7205 I ActivityManager: Death received, pid = 30437, processName = com.heytap.mcs.appservice for thread android.os.BinderProxy@78b2a65
02-23 13:05:01.244  2028  3946 I ActivityManager: Process com.heytap.mcs.appservice (pid 30437) has died: vis IMPF
02-23 13:05:01.247  7096  7096 I ActivityThread: Removing dead content provider:android.content.ContentProviderProxy@a5dc7f
02-23 13:05:01.535  2028  7203 D OplusProxyWakeLock: acquireProxyWakeLock failed, prevent uid: 10108 tag:GOOGL  WorkSource{10209 com.snapchat.android} result: TAG_NULL
02-23 13:05:01.576  2028  3334 E JobScheduler.Background: Couldn't determine stopped state for unknown package: com.oplus.onet
02-23 13:05:04.161  2028  2902 D DisplayPowerController[0]: requestPowerState: policy=DIM, useProximitySensor=false, screenBrightnessOverride=-1.0, useAutoBrightness=false, screenAutoBrightnessAdjustmentOverride=NaN, screenLowPowerBrightnessFactor=1.0, blockScreenOn=false, lowPowerMode=false, boostScreenBrightness=false, dozeScreenBrightness=NaN, dozeScreenState=UNKNOWN, dozeScreenStateReason=DEFAULT_POLICY, waitForNegativeProximity=false displayReady=false pendingRequest=true
02-23 13:05:04.161  2028  2902 D DisplayManagerServiceExtImpl: request size(1,1),dpc=com.android.server.display.DisplayPowerController@867fbb8 size(0,1),flags=0X200F,id(0,0,local:4630946896948975233),enable=true,ready=false,waitForNegativeProximity=false policy=DIM,useProximitySensor=false,dozeState=UNKNOWN,screenBrightnessOverride=-1.000000,useAuto=false,lowPower=false,lowPowerFactor=1.000000
02-23 13:05:04.162  2028  2902 I OplusSmartBrightnessController: handleBrightnessTotalRateType displayId[0]=automatic->dim
02-23 13:05:04.162  2028  2902 D OplusFeatureHDREnhanceBrightness: setAnimating : displayId[0]=true
02-23 13:05:04.162  2028  2902 D OplusFeatureReduceBrightness: setAnimating : animating = true
02-23 13:05:04.162  2028  2902 D OplusFeatureEdrEnhanceBrightness: setAnimating: true
02-23 13:05:04.162  2028  2902 D OplusFeaturePwEdrEnhanceBrightness: setAnimating: true
02-23 13:05:04.165  2028  2902 D DpcExtImpl[0]: Animating brightness: hdrBrightness target=344->13,sdrBrightness target=344->13,rate=2400->2400,type=dim,byUse=false local:4630946896948975233
02-23 13:05:04.166  2028  2902 D DpcExtImpl[0]: RECORD:onUpdatePowerState policy:2 state:2 brightness:13
02-23 13:05:04.166  2028  2902 D DisplayPowerController[0]: updatePowerStateInternal policy:BRIGHT->DIM,state:ON->ON policy=DIM, useProximitySensor=false, screenBrightnessOverride=-1.0, useAutoBrightness=false, screenAutoBrightnessAdjustmentOverride=NaN, screenLowPowerBrightnessFactor=1.0, blockScreenOn=false, lowPowerMode=false, boostScreenBrightness=false, dozeScreenBrightness=NaN, dozeScreenState=UNKNOWN, dozeScreenStateReason=DEFAULT_POLICY
02-23 13:05:04.173  2028  3624 D DisplayDeviceExt: setDisplayBrightness(4630946896948975233,323.0, 0.078877, 59.682),verbose[(1,ON):344.0->323.0,(323.0, 323.0)]
02-23 13:05:04.181  2028  3624 D DisplayDeviceExt: setDisplayBrightness(4630946896948975233,301.0, 0.073504, 55.513),verbose[(2,ON):323.0->301.0,(301.0, 301.0)]
02-23 13:05:04.196  2028  3624 D DisplayDeviceExt: setDisplayBrightness(4630946896948975233,281.0, 0.068620, 51.938),verbose[(3,ON):301.0->281.0,(281.0, 281.0)]
02-23 13:05:04.206  2028  3624 D DisplayDeviceExt: setDisplayBrightness(4630946896948975233,261.0, 0.063736, 48.330),verbose[(4,ON):281.0->261.0,(261.0, 261.0)]
02-23 13:05:04.306  2028  2902 D OplusFeatureHDREnhanceBrightness: setAnimating : displayId[0]=false
02-23 13:05:04.306  2028  2902 D OplusFeatureReduceBrightness: setAnimating : animating = false
02-23 13:05:04.306  2028  2902 D OplusFeatureEdrEnhanceBrightness: setAnimating: false
02-23 13:05:04.306  2028  2902 D OplusFeaturePwEdrEnhanceBrightness: setAnimating: false
02-23 13:05:04.306  2028  2902 D RampAnimatorExtImpl: onAnimationEnd id[0]=[true,0],changed=[344->344->13],duration:144,phaseCounts=[0, 0, 0]
02-23 13:05:04.564  2028  2928 D OplusDisplayBrightnessBroadcastReceiver: onReceive action = android.intent.action.BATTERY_CHANGED , listeners = [com.android.server.display.OplusFeatureHDREnhanceBrightness$PhoneInfoReceiver@780cd78, com.android.server.display.OplusFeatureEdrEnhanceBrightness$PhoneInfoReceiver@3423c51]
02-23 13:05:06.160  2028  2902 D OplusPowerManagerHelper: [notifyPowerKeyPressed] reason = other
02-23 13:05:06.173  2028  2902 D OplusPowerManagerHelper: goToSleepNoUpdateLocked  needIntercepet: false
02-23 13:05:06.173  2028  2902 I PowerGroup: Powering off display group due to timeout (groupId= 0, uid= 1000, millisSinceLastUserActivity=10002, lastUserActivityEvent=other)...
