02-23 13:05:06.173  2028  2902 I PowerManagerService: Going to sleep due to timeout (uid 1000, screenOffTimeout=300000, activityTimeoutWM=10000, maxDimRatio=0.20000005, maxDimDur=7000)...
02-23 13:05:06.178  2028  2902 D OplusPowerManagerHelper: wakelock list dump: mLocks.size=2:
02-23 13:05:06.178  2028  2902 D OplusPowerManagerHelper: No.0: PARTIAL_WAKE_LOCK                activated(flags=1, uid=1041, pid=0) total=18898ms)
02-23 13:05:06.178  2028  2902 D OplusPowerManagerHelper: No.1: PARTIAL_WAKE_LOCK                activated(flags=1, uid=1000, pid=2028) total=9887ms)
02-23 13:05:06.180  2028  2902 D DisplayPowerController[0]: requestPowerState: policy=OFF, useProximitySensor=false, screenBrightnessOverride=-1.0, useAutoBrightness=false, screenAutoBrightnessAdjustmentOverride=NaN, screenLowPowerBrightnessFactor=1.0, blockScreenOn=false, lowPowerMode=false, boostScreenBrightness=false, dozeScreenBrightness=NaN, dozeScreenState=UNKNOWN, dozeScreenStateReason=DEFAULT_POLICY, waitForNegativeProximity=false displayReady=false pendingRequest=true
02-23 13:05:06.180  2028  2902 D DisplayManagerServiceExtImpl: request size(1,1),dpc=com.android.server.display.DisplayPowerController@867fbb8 size(0,1),flags=0X200F,id(0,0,local:4630946896948975233),enable=true,ready=false,waitForNegativeProximity=false policy=OFF,useProximitySensor=false,dozeState=UNKNOWN,screenBrightnessOverride=-1.000000,useAuto=false,lowPower=false,lowPowerFactor=1.000000
02-23 13:05:06.205  2028  5001 D CoreBackPreview: Window{80d4fd5 u0 NotificationShade}: Setting back callback null
02-23 13:05:06.215  2028  2757 D AppProfilerExtImpl: Skipped pss collection for CPU busy
02-23 13:05:06.221  3826  3884 D OneHandedController: setLockedDisabled locked = true, enabled = false ,FeatureEnabled = true
02-23 13:05:06.225  2028  2985 D VRR [OPlusExternalRefreshRateManager]: notifyDisableOtiMode: true
02-23 13:05:06.225  2028  2985 D VRR [OPlusExternalRefreshRateManager]:  [OTI] handleTouchIdlePauseState: Force
02-23 13:05:06.225  2028  2985 D VRR [OPlusSurfaceFlingerController]:  setTouchIdleShouldPause : true
02-23 13:05:06.232  2028  2902 I OplusSmartBrightnessController: handleBrightnessTotalRateType displayId[0]=dim->manual
02-23 13:05:06.233  2028  2902 D DisplayPowerController[0]: updatePowerStateInternal policy:DIM->OFF,state:ON->OFF policy=OFF, useProximitySensor=false, screenBrightnessOverride=-1.0, useAutoBrightness=false, screenAutoBrightnessAdjustmentOverride=NaN, screenLowPowerBrightnessFactor=1.0, blockScreenOn=false, lowPowerMode=false, boostScreenBrightness=false, dozeScreenBrightness=NaN, dozeScreenState=UNKNOWN, dozeScreenStateReason=DEFAULT_POLICY
02-23 13:05:06.240  2028  2902 D DisplayPowerState[0]: setColorFadeLevel: level=0.98429155
02-23 13:05:06.249  2028  2902 D DisplayPowerState[0]: setColorFadeLevel: level=0.93037105
02-23 13:05:06.259  2028  2902 D DisplayPowerState[0]: setColorFadeLevel: level=0.8535534
02-23 13:05:06.265  2028  2902 D DisplayPowerState[0]: setColorFadeLevel: level=0.75452065
02-23 13:05:06.274  2028  2902 D DisplayPowerState[0]: setColorFadeLevel: level=0.624345
02-23 13:05:06.282  2028  2902 D DisplayPowerState[0]: setColorFadeLevel: level=0.5
02-23 13:05:06.291  2028  2902 D DisplayPowerState[0]: setColorFadeLevel: level=0.36050457
02-23 13:05:06.299  2028  2902 D DisplayPowerState[0]: setColorFadeLevel: level=0.24547923
02-23 13:05:06.307  2028  2902 D DisplayPowerState[0]: setColorFadeLevel: level=0.14644659
02-23 13:05:06.316  2028  2902 D DisplayPowerState[0]: setColorFadeLevel: level=0.061846733
02-23 13:05:06.324  2028  2902 D DisplayPowerState[0]: setColorFadeLevel: level=0.015708387
02-23 13:05:06.332  2028  2902 D DisplayPowerState[0]: setColorFadeLevel: level=0.0
02-23 13:05:06.333  2028  2902 D DpcExtImpl[0]: RECORD: Animation finished when screen is off isInteractive: false
02-23 13:05:06.333  2028  2902 D Biometrics_DEBUG: [onGoToSleepFinish]
02-23 13:05:06.334  2028  2902 E OplusCustomizeRestrictionManagerService: isBiometricDisabled start
02-23 13:05:06.348  2028  2902 D DisplayPowerState[0]: updateRunnable run fadeLevle=0.0 state=ON brightness changed:13.0->-1.0
02-23 13:05:06.348  2028  2902 I DisplayPowerController[0]: Blocking screen off
02-23 13:05:06.349  2028  2902 I DisplayPowerController[0]: Unblocked screen off after 1 ms
02-23 13:05:06.349  2028  2902 D BackLightStat: setScreenState: state changed:ON->OFF
02-23 13:05:06.349  2028  2902 D OplusDisplayState: setScreenState = false isPrimary = true
02-23 13:05:06.349  2028  2985 D VRR [OPlusRefreshRateService]: handleScreenStateChange state: 1
02-23 13:05:06.349  2028  2902 D OplusSmartBrightnessController: onScreenEvent isScreenOn displayId[0]=false isFolding=false policy=OFF
02-23 13:05:06.349  2028  2985 D VRR [OPlusExternalRefreshRateManager]: screenStateChange state: 1
02-23 13:05:06.349  2028  2902 D Arc[OplusBrightnessAmbientAdapter]: onScreenEvent displayId:0 isScreenOn:false isFolding:false
02-23 13:05:06.350  2028  2902 D Arc[OplusFeatureBrightnessBarController]: BrightnessBarController is not support.
02-23 13:05:06.353  2028  2902 D DisplayPowerState[0]: setScreenState changed:ON->OFF
02-23 13:05:06.361  2028  2928 D OplusFeatureHDREnhanceBrightness: MSG_RUS_APPLY false
02-23 13:05:06.365  2028  2902 D WindowManager: screenTurnedOff  Display{#0 state=ON size=1080x2400 ROTATION_0}
02-23 13:05:06.368  2028  2902 D OplusScreenOffGestureManager: registerSensor:
02-23 13:05:06.368  2028  2902 D OplusScreenOffGestureManager: priority sensor is null, get p sensor 
02-23 13:05:06.388  2028  2680 D OplusScreenOffGestureManager: onSensorChanged
02-23 13:05:06.389  2028  7203 D LockSettingsService: [scheduleNonStrongBiometricIdleTimeout]  userId = 0
02-23 13:05:06.398  2028  2902 I DisplayBrightnessStrategySelector: Changing the DisplayBrightnessStrategy from InvalidBrightnessStrategy to ScreenOffBrightnessStrategy for display 0
02-23 13:05:06.406  2028  2902 D DpcExtImpl[0]: handleMessage:6791
02-23 13:05:06.406  2028  2902 D DisplayPowerState[0]: updateRunnable run fadeLevle=0.0 state=OFF brightness changed:13.0->-1.0
02-23 13:05:06.406  2028  3624 D DisplayPowerState[0]: Updating screen state: id=0, state=OFF, backlight=-1.0, sdrBacklight=-1.0
02-23 13:05:06.406  2028  3624 D DisplayAdapterExt: sendDisplayDeviceEventLocked event=2,now=673006339,timestamp=673006339 device:[id=local:4630946896948975233,stack=0],isFirst=true,activeMode=1,state=OFF,commitState=ON,devInfo:null
02-23 13:05:06.407  2028  3624 D OplusSmartBrightnessController: requestDisplayState isFirstDisplay=true state=1 globalDisplayState=0x0
02-23 13:05:06.407  2028  3624 D DisplayDeviceExt: setDisplayState([4630946896948975233,true],ON->OFF),t-Name=PhotonicModulator
02-23 13:05:06.407  3826  3826 W VRI[NotificationShade]: updateBlastSurfaceIfNeeded, surfaceSize:Point(1080, 2400), lastSurfaceSize:Point(1080, 2400), format:-3, blastBufferQueue:android.graphics.BLASTBufferQueue@a4b58b
02-23 13:05:06.408  2028  2685 D DisplayDeviceRepositoryExtImpl: onDisplayDeviceEvent event=2,now=673006339,timestamp=673006339 device:[id=local:4630946896948975233,stack=0],isFirst=true,activeMode=1,state=OFF,commitState=ON,devInfo:null
02-23 13:05:06.408  2028  4803 D WindowManagerServiceExtImpl: extractConfigInfoAndRealFlags rotation=0, screenDp=360, residentWS:0, win=Window{80d4fd5 u0 NotificationShade}
02-23 13:05:06.409  2028  2685 I DisplayDeviceRepository: Display device changed state: "Built-in Screen", OFF
02-23 13:05:06.409  2028  4803 V WindowManager: Relayout Window{80d4fd5 u0 NotificationShade}: viewVisibility=0, oldvis=0, req=1080x2400, vsysui=, x=0, y=0
02-23 13:05:06.409  2028  2685 D LogicalDisplayMapper: Display device changed: DisplayDeviceInfo{"Built-in Screen": uniqueId="local:4630946896948975233", 1080 x 2400, modeId 1, renderFrameRate 120.00001, defaultModeId 1, userPreferredModeId -1, supportedModes [{id=1, width=1080, height=2400, fps=120.00001, vsync=120.00001, synthetic=false, alternativeRefreshRates=[30.000002, 48.000004, 50.0, 60.000004, 90.0], supportedHdrTypes=[]}, {id=2, width=1080, height=2400, fps=90.0, vsync=90.0, synthetic=false, alternativeRefreshRates=[30.000002, 48.000004, 50.0, 60.000004, 120.00001], supportedHdrTypes=[]}, {id=3, width=1080, height=2400, fps=60.000004, vsync=60.000004, synthetic=false, alternativeRefreshRates=[30.000002, 48.000004, 50.0, 90.0, 120.00001], supportedHdrTypes=[]}, {id=4, width=1080, height=2400, fps=50.0, vsync=50.0, synthetic=false, alternativeRefreshRates=[30.000002, 48.000004, 60.000004, 90.0, 120.00001], supportedHdrTypes=[]}, {id=5, width=1080, height=2400, fps=48.000004, vsync=48.000004, synthetic=false, alternativeRefreshRates=[30.000002, 50.0, 60.000004, 90.0, 120.00001], supportedHdrTypes=[]}, {id=6, width=1080, height=2400, fps=30.000002, vsync=30.000002, synthetic=false, alternativeRefreshRates=[48.000004, 50.0, 60.000004, 90.0, 120.00001], supportedHdrTypes=[]}], colorMode 0, supportedColorModes [0, 7, 9], hdrCapabilities HdrCapabilities{mSupportedHdrTypes=[], mMaxLuminance=500.0, mMaxAverageLuminance=500.0, mMinLuminance=0.0}, allmSupported false, gameContentTypeSupported false, density 480, 391.885 x 390.769 dpi, appVsyncOff 1000000, presDeadline 12666666, cutout DisplayCutout{insets=Rect(0, 107 - 0, 0) waterfall=Insets{left=0, top=0, right=0, bottom=0} boundingRect={Bounds=[Rect(0, 0 - 0, 0), Rect(502, 0 - 578, 107), Rect(0, 0 - 0, 0), Rect(0, 0 - 0, 0)]} cutoutPathParserInfo={CutoutPathParserInfo{displayWidth=1080 displayHeight=2400 physicalDisplayWidth=1080 physicalDisplayHeight=2400 density={3.0} cutoutSpec={M -38,0 L -38,107 L 38,107 L 38,0 Z} rotation={0} scale={1.0} physicalPixelDisplaySizeRatio={1.0}}} sideOverrides={}}, touch INTERNAL, rotation 0, type INTERNAL, address {port=129, model=0x40446daabe5756}, deviceProductInfo DeviceProductInfo{name=, manufacturerPnpId=QCM, productId=1, modelYear=null, manufactureDate=ManufactureDate{week=27, year=2006}, connectionToSinkType=0}, state OFF, committedState ON, frameRateOverride , brightnessMinimum 0.0, brightnessMaximum 1.0, brightnessDefault 738.8214, hdrSdrRatio 1.0, backlightType 0, roundedCorners RoundedCorners{[RoundedCorner{position=TopLeft, radius=60, center=Point(60, 60)}, RoundedCorner{position=TopRight, radius=60, center=Point(1020, 60)}, RoundedCorner{position=BottomRight, radius=60, center=Point(1020, 2340)}, RoundedCorner{position=BottomLeft, radius=60, center=Point(60, 2340)}]}, FLAG_ALLOWED_TO_BE_DEFAULT_DISPLAY, FLAG_ROTATES_WITH_CONTENT, FLAG_SECURE, FLAG_SUPPORTS_PROTECTED_BUFFERS, FLAG_TRUSTED, installOrientation 0, displayShape DisplayShape{ spec=-1893857183 displayWidth=1080 displayHeight=2400 physicalPixelDisplaySizeRatio=1.0 rotation=0 offsetX=0 offsetY=0 scale=1.0}} diff=2
02-23 13:05:06.409  2028  2685 D LogicalDisplayExt: set displayInfo flag FLAG_ROTATES_WITH_CONTENT
02-23 13:05:06.412  2028  2685 D DisplayManagerServiceExtImpl: scheduleTraversalLocked intraversal=false
02-23 13:05:06.412  2028  2685 I DisplayManagerServiceExtImpl: handle logical display changed logicalDisplay=id=0,stack=0,content=true,displayInfo{stack=0,type=1,id=0,uId=local:4630946896948975233,state=OFF,pkg=null}
02-23 13:05:06.413  2028  2902 D BrightnessThermalClamper: Thermal status observer already started
02-23 13:05:06.413  2028  2902 D BrightnessPowerClamper: Power throttling data is missing for configuration data.
02-23 13:05:06.413  2028  4803 D DisplayManagerService: performTraversalInternal pendingTraversal
02-23 13:05:06.413  2028  4803 D DisplayDevice: setLayerStackLocked id=local:4630946896948975233 token=android.os.BinderProxy@5905c34 stack=0->-1
02-23 13:05:06.413  2028  4803 I DisplayDevice: [0] Layerstack set to -1 for local:4630946896948975233
02-23 13:05:06.420  2028  2685 D DisplayManagerService: Delivering display event: displayId=0, event=CHANGED
02-23 13:05:06.421  2028  4803 D WindowManager: NFW_setClientVisible:WallpaperWindowToken{dcde4c2 token=android.os.Binder@facd675 showWhenLocked=true} clientVisible:false
02-23 13:05:06.422  2028  4803 D DisplayManagerService: performTraversalInternal pendingTraversal
02-23 13:05:06.422  2028  4803 D DisplayDevice: setLayerStackLocked id=local:4630946896948975233 token=android.os.BinderProxy@5905c34 stack=-1->-1
02-23 13:05:06.428  3774  3774 D CastManagerService: onDisplayChanged.
02-23 13:05:06.431  2028  2685 D DisplayManagerService: MSG_REQUEST_TRAVERSAL pendingCompleted=false
02-23 13:05:06.438  2028  2680 D OplusVFXScreenEffectFeature: notifySFCompatWindowStateChange entered false
02-23 13:05:06.690  2028  3880 W SettingsProvider: You shouldn't keep your settings in the secure settings. This will soon become an error!!!
02-23 13:05:06.691  2028  3401 D OplusScreenOffGestureManager: mIsWriteNodeFinished = true
02-23 13:05:06.701  2028  3401 D OplusScreenOffGestureManager: mIsWriteNodeFinished = false
02-23 13:05:06.728  2028  3624 D DisplayAdapterExt: sendDisplayDeviceEventLocked event=2,now=673006660,timestamp=673006660 device:[id=local:4630946896948975233,stack=-1],isFirst=true,activeMode=1,state=OFF,commitState=OFF,devInfo:null
02-23 13:05:06.728  2028  2685 D DisplayDeviceRepositoryExtImpl: onDisplayDeviceEvent event=2,now=673006660,timestamp=673006660 device:[id=local:4630946896948975233,stack=-1],isFirst=true,activeMode=1,state=OFF,commitState=OFF,devInfo:null
02-23 13:05:06.729  2028  2685 I DisplayDeviceRepositoryExtImpl: Display device changed committed state: "Built-in Screen", OFF
02-23 13:05:06.729  2028  3624 D HidlDisplayPanelFeature: getDisplayPanelFeatureValue +++, featureID:20
02-23 13:05:06.729  2028  2685 D LogicalDisplayMapper: Display device changed: DisplayDeviceInfo{"Built-in Screen": uniqueId="local:4630946896948975233", 1080 x 2400, modeId 1, renderFrameRate 120.00001, defaultModeId 1, userPreferredModeId -1, supportedModes [{id=1, width=1080, height=2400, fps=120.00001, vsync=120.00001, synthetic=false, alternativeRefreshRates=[30.000002, 48.000004, 50.0, 60.000004, 90.0], supportedHdrTypes=[]}, {id=2, width=1080, height=2400, fps=90.0, vsync=90.0, synthetic=false, alternativeRefreshRates=[30.000002, 48.000004, 50.0, 60.000004, 120.00001], supportedHdrTypes=[]}, {id=3, width=1080, height=2400, fps=60.000004, vsync=60.000004, synthetic=false, alternativeRefreshRates=[30.000002, 48.000004, 50.0, 90.0, 120.00001], supportedHdrTypes=[]}, {id=4, width=1080, height=2400, fps=50.0, vsync=50.0, synthetic=false, alternativeRefreshRates=[30.000002, 48.000004, 60.000004, 90.0, 120.00001], supportedHdrTypes=[]}, {id=5, width=1080, height=2400, fps=48.000004, vsync=48.000004, synthetic=false, alternativeRefreshRates=[30.000002, 50.0, 60.000004, 90.0, 120.00001], supportedHdrTypes=[]}, {id=6, width=1080, height=2400, fps=30.000002, vsync=30.000002, synthetic=false, alternativeRefreshRates=[48.000004, 50.0, 60.000004, 90.0, 120.00001], supportedHdrTypes=[]}], colorMode 0, supportedColorModes [0, 7, 9], hdrCapabilities HdrCapabilities{mSupportedHdrTypes=[], mMaxLuminance=500.0, mMaxAverageLuminance=500.0, mMinLuminance=0.0}, allmSupported false, gameContentTypeSupported false, density 480, 391.885 x 390.769 dpi, appVsyncOff 1000000, presDeadline 12666666, cutout DisplayCutout{insets=Rect(0, 107 - 0, 0) waterfall=Insets{left=0, top=0, right=0, bottom=0} boundingRect={Bounds=[Rect(0, 0 - 0, 0), Rect(502, 0 - 578, 107), Rect(0, 0 - 0, 0), Rect(0, 0 - 0, 0)]} cutoutPathParserInfo={CutoutPathParserInfo{displayWidth=1080 displayHeight=2400 physicalDisplayWidth=1080 physicalDisplayHeight=2400 density={3.0} cutoutSpec={M -38,0 L -38,107 L 38,107 L 38,0 Z} rotation={0} scale={1.0} physicalPixelDisplaySizeRatio={1.0}}} sideOverrides={}}, touch INTERNAL, rotation 0, type INTERNAL, address {port=129, model=0x40446daabe5756}, deviceProductInfo DeviceProductInfo{name=, manufacturerPnpId=QCM, productId=1, modelYear=null, manufactureDate=ManufactureDate{week=27, year=2006}, connectionToSinkType=0}, state OFF, committedState OFF, frameRateOverride , brightnessMinimum 0.0, brightnessMaximum 1.0, brightnessDefault 738.8214, hdrSdrRatio 1.0, backlightType 0, roundedCorners RoundedCorners{[RoundedCorner{position=TopLeft, radius=60, center=Point(60, 60)}, RoundedCorner{position=TopRight, radius=60, center=Point(1020, 60)}, RoundedCorner{position=BottomRight, radius=60, center=Point(1020, 2340)}, RoundedCorner{position=BottomLeft, radius=60, center=Point(60, 2340)}]}, FLAG_ALLOWED_TO_BE_DEFAULT_DISPLAY, FLAG_ROTATES_WITH_CONTENT, FLAG_SECURE, FLAG_SUPPORTS_PROTECTED_BUFFERS, FLAG_TRUSTED, installOrientation 0, displayShape DisplayShape{ spec=-1893857183 displayWidth=1080 displayHeight=2400 physicalPixelDisplaySizeRatio=1.0 rotation=0 offsetX=0 offsetY=0 scale=1.0}} diff=4
02-23 13:05:06.729  2028  2685 D LogicalDisplayExt: set displayInfo flag FLAG_ROTATES_WITH_CONTENT
02-23 13:05:06.731  2028  2685 D DisplayManagerServiceExtImpl: scheduleTraversalLocked intraversal=false
02-23 13:05:06.731  2028  2685 I DisplayManagerServiceExtImpl: handle logical display changed logicalDisplay=id=0,stack=0,content=true,displayInfo{stack=0,type=1,id=0,uId=local:4630946896948975233,state=OFF,pkg=null}
02-23 13:05:06.731  2028  2902 D BrightnessThermalClamper: Thermal status observer already started
02-23 13:05:06.731  2028  2902 D BrightnessPowerClamper: Power throttling data is missing for configuration data.
02-23 13:05:06.731  2028  2685 D DisplayManagerService: Delivering display event: displayId=0, event=CHANGED
02-23 13:05:06.732  2028  3624 D HidlDisplayPanelFeature: getDisplayPanelFeatureValue, ret = 0
02-23 13:05:06.732  2028  3624 I HidlDisplayPanelFeature: [0]
02-23 13:05:06.732  2028  3624 D HidlDisplayPanelFeature: getDisplayPanelFeatureValue ---, result = [0]
02-23 13:05:06.732  2028  3624 D OplusSilentRebootManager: silence flags file value is :0
02-23 13:05:06.732  2028  2902 D DisplayPowerState[0]: updateRunnable run fadeLevle=0.0 state=OFF brightness changed:13.0->-1.0
02-23 13:05:06.733  2028  2902 I PowerGroup: Sleeping power group (groupId=0, uid=1000, reason=timeout)...
02-23 13:05:06.733  2028  2902 I PowerManagerService: Sleeping (uid 1000)...
02-23 13:05:06.734  2028  2680 D OplusVFXScreenEffectFeature: notifySFCompatWindowStateChange entered false
02-23 13:05:06.736  2028  2680 D DisplayManagerService: performTraversalInternal pendingTraversal
02-23 13:05:06.737  2028  2680 D DisplayDevice: setLayerStackLocked id=local:4630946896948975233 token=android.os.BinderProxy@5905c34 stack=-1->-1
02-23 13:05:06.740  2028  5001 D OplusWallpaperAnimationManager: cancelSurfaceAnimation reason: move_animation, isAnimating: false, by window: Window{80d4fd5 u0 NotificationShade}
02-23 13:05:06.740  2028  5001 D OplusWallpaperAnimationManager: setWallpaperScale, onAnimationStopped
02-23 13:05:06.740  2028  5001 V OplusWallpaperAnimationManager: setWallpaperScale scale: 1.0, targetZoom: 1.0, by Window{80d4fd5 u0 NotificationShade}
02-23 13:05:06.741  2028  2685 D DisplayManagerService: MSG_REQUEST_TRAVERSAL pendingCompleted=false
02-23 13:05:06.741  2028  2688 I WallpaperControllerExtImpl: begin setLockWallpaperZoomOut zoom: 1.0, by Window{80d4fd5 u0 NotificationShade}
02-23 13:05:06.742  3774  3774 D CastManagerService: onDisplayChanged.
02-23 13:05:06.742  2028  2902 D OplusPowerManagerHelper: [onGoToSleep]
02-23 13:05:06.742  2028  2902 E OplusCustomizeRestrictionManagerService: isBiometricDisabled start
02-23 13:05:06.742  2028  2902 D OplusPowerManagerHelper: [requestKeyguard]
02-23 13:05:06.742  2028  2902 D OplusFeatureAOD: notifySfUnBlockScreenOn
02-23 13:05:06.750  2028  2764 I WallpaperControllerExtImpl: setLockWallpaperZoomOut zoom: 1.0, by Window{80d4fd5 u0 NotificationShade}
02-23 13:05:06.755  2028  2903 D NotifierExtImpl: notifyScreenOnOff: on = false
02-23 13:05:06.755  2028  2903 D OplusPowerManagerServiceEnhance: notifyScreenOnOff on=false
02-23 13:05:06.759  2028  7225 D OplusGuardElfFeature: ICharger service = vendor.oplus.hardware.charger.ICharger$Stub$Proxy@4ae7d5a
02-23 13:05:06.760  2028  7225 D OplusGuardElfFeature: ICharger set value = 0
02-23 13:05:06.760  2028  7225 D OplusGuardElfFeature: calling class name = ThermalControlUtils
02-23 13:05:06.761  7318  8069 D OplusBatteryManager: set charge value = 0
02-23 13:05:06.783  2028  2028 D OplusCustomizeAIStatistics: onReceive android.intent.action.SCREEN_OFF
02-23 13:05:06.787  2028  2764 I PowerManagerService: onFlip(): Face up.
02-23 13:05:06.787  2028  2764 D PowerManagerService: onFlip: isFaceDown=false
02-23 13:05:06.787  2028  2764 D PowerManagerService: userActivityNoUpdateLocked: groupId=0, eventTime=352311263, event=other, flags=0x0, uid=1000
02-23 13:05:06.802  2028  2685 W AccessibilityWindowsPopulator: The displayInfo of this displayId (0) called back from the surface fligner is null
02-23 13:05:06.815  2028  2903 D OplusAlarmAdjustment: MSG_SCREEN_OFF,  adjustInterval =300000 ms, mDefaultAlignInterval=300000 ms, mScreenOffElapsed=673006748 ms
02-23 13:05:06.826  2028  5005 W AlarmManager: Alarms must either supply a PendingIntent or an AlarmReceiver
02-23 13:05:06.895  2028  2928 D OplusFeatureColorMode: +updateUserDreaming
02-23 13:05:06.895  2028  2928 D OplusDisplayBrightnessBroadcastReceiver: onReceive action = android.intent.action.SCREEN_OFF , listeners = [com.android.server.display.stat.BackLightStat$EventReceiver@817131a, com.android.server.display.color.OplusFeatureColorMode$UserSwitchedReceiver@12bb03d]
02-23 13:05:06.930  2028  7225 W AppOps  : Noting op not finished: uid 10108 pkg com.google.android.gms code 79 startTime of in progress event=1771831954361
02-23 13:05:06.930  2028  3566 I MR2ServiceImpl: Updating composite discovery preference | preference: RouteDiscoveryRequest{ preferredFeatures={}, activeScan=false }, active routers: []
02-23 13:05:06.938  2028  7237 W AppOps  : Noting op not finished: uid 10108 pkg com.google.android.gms code 113 startTime of in progress event=1771831954361
02-23 13:05:06.942  2028  7237 W AppOps  : Noting op not finished: uid 10108 pkg com.google.android.gms code 113 startTime of in progress event=1771831954361
02-23 13:05:06.949  2028  4803 W AppOps  : Noting op not finished: uid 10108 pkg com.google.android.gms code 113 startTime of in progress event=1771831954361
02-23 13:05:06.954  2028  7225 W AppOps  : Noting op not finished: uid 10108 pkg com.google.android.gms code 113 startTime of in progress event=1771832097362
02-23 13:05:06.966  2028  7237 W AppOps  : Noting op not finished: uid 10108 pkg com.google.android.gms code 113 startTime of in progress event=1771831954361
02-23 13:05:06.986  2028  7225 D WindowManagerServiceExtImpl: extractConfigInfoAndRealFlags rotation=0, screenDp=360, residentWS:0, win=Window{8c18b37 u0 com.oneplus.deskclock/com.oplus.alarmclock.AlarmClock}
02-23 13:05:06.986  2028  7225 V WindowManager: Relayout Window{8c18b37 u0 com.oneplus.deskclock/com.oplus.alarmclock.AlarmClock}: viewVisibility=8, oldvis=8, req=1080x2400, vsysui=LAYOUT_STABLE LAYOUT_FULLSCREEN IMMERSIVE_STICKY, x=0, y=0
02-23 13:05:06.991 22819 22819 D VRI[AlarmClock]: relayoutWindow result, sizeChanged:false, surfaceControlChanged:false, transformHintChanged:false, mSurfaceSize:Point(1080, 2400), mLastSurfaceSize:Point(1080, 2400), mWidth:1080, mHeight:2400, requestedWidth:1080, requestedHeight:2400, transformHint:0, installOrientation:0, displayRotation:0, isSurfaceValid:false, attr.flag:-2122252032, tmpFrames:ClientWindowFrames{frame=[0,0][1080,2400] display=[0,0][1080,2400] parentFrame=[0,0][0,0]}, relayoutAsync:false, mSyncSeqId:0
02-23 13:05:06.995  2028  3614 D OplusBatteryManager: getPsyBatteryRm: 3363
02-23 13:05:07.016  2028  7237 D CompatChangeReporter: Compat change id reported: 311402873; UID 10299; state: ENABLED
02-23 13:05:07.017  2028  7237 D CompatChangeReporter: Compat change id reported: 323349338; UID 10299; state: ENABLED
02-23 13:05:07.025  2028  3614 D OplusBatteryManager: getPsyBatteryRm: 3363
02-23 13:05:07.031  2028  3476 W OplusStorageManagerFeature: mScreenReceiver action:android.intent.action.SCREEN_OFF
02-23 13:05:07.033  2028  3476 W OplusStorageManagerFeature: turn screenOff, maintPrepared:false
02-23 13:05:07.034  2028  3476 W OplusStorageManagerFeature: sendToTarget over,paramStr:5
02-23 13:05:07.036   688 31391 D vold    : ufshid started
02-23 13:05:07.036  2028  3476 W OplusStorageManagerFeature: Ready to deal actionParam:5
02-23 13:05:07.036   688 31391 I vold    : [libfstab] dt_fstab: Skip disabled entry for partition vendor
02-23 13:05:07.038   688 31391 I vold    : [libfstab] mgs test solvit start
02-23 13:05:07.038   688 31391 I vold    : [libfstab] stream not support 
02-23 13:05:07.040   688 31391 D vold    : ufshid end
02-23 13:05:07.044  2028  2685 W AccessibilityWindowsPopulator: The displayInfo of this displayId (0) called back from the surface fligner is null
02-23 13:05:08.201  2028  3566 I MR2ServiceImpl: Updating composite discovery preference | preference: RouteDiscoveryRequest{ preferredFeatures={}, activeScan=false }, active routers: []
02-23 13:05:08.317  2028  4803 W SettingsStatsUtil: Can not parse value to float: +network
02-23 13:05:08.322  2028  4803 W SettingsStatsUtil: Can not parse value to float: +network
02-23 13:05:08.495  2028  2685 W AccessibilityWindowsPopulator: The displayInfo of this displayId (0) called back from the surface fligner is null
02-23 13:05:10.666  2028  2928 D OplusDisplayBrightnessBroadcastReceiver: onReceive action = android.intent.action.BATTERY_CHANGED , listeners = [com.android.server.display.OplusFeatureHDREnhanceBrightness$PhoneInfoReceiver@780cd78, com.android.server.display.OplusFeatureEdrEnhanceBrightness$PhoneInfoReceiver@3423c51]
02-23 13:05:12.016  7051  7051 W ContextImpl: Calling a method in the system process without a qualified user: android.app.ContextImpl.bindService:2061 android.content.ContextWrapper.bindService:873 com.oplus.onetrace.connection.a.f:23 com.oplus.onetrace.connection.b.c:24 T.b.j:8 
02-23 13:05:12.039 20563 20563 W ContextImpl: Calling a method in the system process without a qualified user: android.app.ContextImpl.bindService:2061 android.content.ContextWrapper.bindService:873 com.oplus.dataprovider.utils.AthenaManager.p:19 com.oplus.dataprovider.utils.AthenaManager.u:24 com.oplus.dataprovider.utils.AthenaManager.s:1 
02-23 13:05:12.042  2028  4119 V ActivityManager: Has totaly same connectionRecord, just reuse it!
02-23 13:05:12.044 20563 20563 W ContextImpl: Calling a method in the system process without a qualified user: android.app.ContextImpl.bindService:2061 android.content.ContextWrapper.bindService:873 com.oplus.dataprovider.utils.AthenaManager.o:19 com.oplus.dataprovider.utils.AthenaManager.t:24 com.oplus.dataprovider.utils.AthenaManager.s:4 
02-23 13:05:12.048  2028  4119 V ActivityManager: Has totaly same connectionRecord, just reuse it!
02-23 13:05:12.094  2028  7203 E OplusAthenaAm: AthenaAmManagerInternal transact code hello:13,flags:0
02-23 13:05:12.195  2028  4803 I OplusAppSwitchManagerService: appswitch registerAppSwitchObserver pName = com@@oplus@@onetrace observer = com.oplus.app.IOplusAppSwitchObserver$Stub$Proxy@d861828 config = OplusAppSwitchConfig = {  mConfigs = {} observerFingerPrint = 233246574}
02-23 13:05:12.195  2028  4803 I OplusAppSwitchStateDispatcher: registerAppSwitchObserver addDynamicListener OK, info = OplusAppSwitchRuleInfo = {  observer = com.oplus.app.IOplusAppSwitchObserver$Stub$Proxy@d861828 observerFingerPrint = 233246574} rule size =1
02-23 13:05:12.209 20563 20563 W ContextImpl: Calling a method in the system process without a qualified user: android.app.ContextImpl.bindService:2061 android.content.ContextWrapper.bindService:873 com.oplus.dataprovider.producer.AppJankDataMonitor.bindSender:23 com.oplus.dataprovider.producer.AppJankDataMonitor.c:1 com.oplus.dataprovider.producer.f.run:3 
02-23 13:05:12.223 20563 20580 W ContextImpl: Calling a method in the system process without a qualified user: android.app.ContextImpl.bindService:2061 android.content.ContextWrapper.bindService:873 com.oplus.dataprovider.server.ThermalControlStatsProvider.h:37 com.oplus.dataprovider.server.ThermalControlStatsProvider.m:35 com.oplus.dataprovider.app.Z.n:3 
02-23 13:05:12.225  2028  7203 W ActivityManager: Unable to start service Intent { act=com.oplus.battery.ThermalTraceService pkg=com.oplus.battery mCallingUid=1000 } U=0: not found
02-23 13:05:16.582  2028  2928 D OplusDisplayBrightnessBroadcastReceiver: onReceive action = android.intent.action.BATTERY_CHANGED , listeners = [com.android.server.display.OplusFeatureHDREnhanceBrightness$PhoneInfoReceiver@780cd78, com.android.server.display.OplusFeatureEdrEnhanceBrightness$PhoneInfoReceiver@3423c51]
02-23 13:05:16.810  2028  3512 V NetworkPolicy: updateNetworkEnabledNL() return
02-23 13:05:16.810  2028  3512 V NetworkPolicy: updateNotificationsNL not process
02-23 13:05:17.326  2028  4570 D OplusProxyWakeLock: check proxy worksource [ 10276] failed, reason:TAG_NULL ,tag: *job*
02-23 13:05:20.809  2028  4119 D ShortcutService: rescanPackageIfNeeded 0@com.whatsapp, forceRescan=false , isNewApp=false
02-23 13:05:20.884  2028  4119 D ShortcutService: rescanPackageIfNeeded 0@com.whatsapp, forceRescan=false , isNewApp=false
02-23 13:05:20.897  2028  4119 D ShortcutService: rescanPackageIfNeeded 0@com.whatsapp, forceRescan=false , isNewApp=false
02-23 13:05:20.901  2028  4119 E ShortcutService: Invalid icon type in shortcut 133784087359716@lid. Bitmaps are not allowed in long-lived shortcuts. Use Resource icons, or Uri-based icons instead.
02-23 13:05:21.043  2028  3575 D ShortcutService: Saving package item com.whatsapp to /data/system_ce/0/shortcut_service/packages/com.whatsapp.xml
02-23 13:05:21.043  2028  2679 D ShortcutService: Getting shortcuts for launcher= com.android.systemuiuser=0 pkg=com.whatsapp
02-23 13:05:21.062  2028  2679 D ShortcutService: Getting shortcuts for launcher= com.android.launcheruser=0 pkg=com.whatsapp
02-23 13:05:21.065  2028  2679 D ShortcutService: Getting shortcuts for launcher= com.google.android.asuser=0 pkg=com.whatsapp
02-23 13:05:21.596  2028  3334 E JobScheduler.Background: Couldn't determine stopped state for unknown package: com.oplus.onet
02-23 13:05:22.494  2028  2928 D OplusDisplayBrightnessBroadcastReceiver: onReceive action = android.intent.action.BATTERY_CHANGED , listeners = [com.android.server.display.OplusFeatureHDREnhanceBrightness$PhoneInfoReceiver@780cd78, com.android.server.display.OplusFeatureEdrEnhanceBrightness$PhoneInfoReceiver@3423c51]
02-23 13:05:27.040  2028  3334 E JobScheduler.Background: Couldn't determine stopped state for unknown package: com.oplus.onet
02-23 13:05:28.636  2028  2928 D OplusDisplayBrightnessBroadcastReceiver: onReceive action = android.intent.action.BATTERY_CHANGED , listeners = [com.android.server.display.OplusFeatureHDREnhanceBrightness$PhoneInfoReceiver@780cd78, com.android.server.display.OplusFeatureEdrEnhanceBrightness$PhoneInfoReceiver@3423c51]
02-23 13:05:37.314  2028  9252 D UsageStatsService: User[0] type=0 b=1771831970798 e=1771832137313 cb=1771764266287 ce=1771832116281 disk=0 all=10
02-23 13:05:38.311  2028  4119 W SettingsStatsUtil: Can not parse value to float: +network
02-23 13:05:38.317  2028  4119 W SettingsStatsUtil: Can not parse value to float: +network
02-23 13:05:38.776  2028  4803 D ShortcutService: rescanPackageIfNeeded 0@com.whatsapp, forceRescan=false , isNewApp=false
02-23 13:05:38.815  2028  4803 D ShortcutService: rescanPackageIfNeeded 0@com.whatsapp, forceRescan=false , isNewApp=false
02-23 13:05:38.827  2028  4803 D ShortcutService: rescanPackageIfNeeded 0@com.whatsapp, forceRescan=false , isNewApp=false
02-23 13:05:38.831  2028  4803 E ShortcutService: Invalid icon type in shortcut 133784087359716@lid. Bitmaps are not allowed in long-lived shortcuts. Use Resource icons, or Uri-based icons instead.
02-23 13:05:38.976  2028  3575 D ShortcutService: Saving package item com.whatsapp to /data/system_ce/0/shortcut_service/packages/com.whatsapp.xml
02-23 13:05:38.976  2028  2679 D ShortcutService: Getting shortcuts for launcher= com.android.systemuiuser=0 pkg=com.whatsapp
02-23 13:05:38.998  2028  2679 D ShortcutService: Getting shortcuts for launcher= com.android.launcheruser=0 pkg=com.whatsapp
02-23 13:05:38.999  2028  2679 D ShortcutService: Getting shortcuts for launcher= com.google.android.asuser=0 pkg=com.whatsapp
02-23 13:05:40.283  2028  2808 W ActivityManager: Stopping service due to app idle: u0a299 -59s31ms com.oplus.aiunit/.daemon.publisher.OPushPublisher$OPushDataMessageCallbackService
02-23 13:05:40.285  2028  2808 D CompatChangeReporter: Compat change id reported: 311208629; UID 10299; state: ENABLED
02-23 13:05:40.661  2028  2928 D OplusDisplayBrightnessBroadcastReceiver: onReceive action = android.intent.action.BATTERY_CHANGED , listeners = [com.android.server.display.OplusFeatureHDREnhanceBrightness$PhoneInfoReceiver@780cd78, com.android.server.display.OplusFeatureEdrEnhanceBrightness$PhoneInfoReceiver@3423c51]
02-23 13:05:46.564  2028  2928 D OplusDisplayBrightnessBroadcastReceiver: onReceive action = android.intent.action.BATTERY_CHANGED , listeners = [com.android.server.display.OplusFeatureHDREnhanceBrightness$PhoneInfoReceiver@780cd78, com.android.server.display.OplusFeatureEdrEnhanceBrightness$PhoneInfoReceiver@3423c51]
02-23 13:05:52.044  2028  4803 I OplusAppSwitchManagerService: appswitch unregisterAppSwitchObserver pkgName = com.oplus.onetrace config = OplusAppSwitchConfig = {  mConfigs = {} observerFingerPrint = 233246574}
02-23 13:05:52.044  2028  4803 I OplusAppSwitchStateDispatcher: unregisterAppSwitchObserver ok, pkgName = com.oplus.onetrace info = OplusAppSwitchRuleInfo = {  observer = null observerFingerPrint = 233246574}
02-23 13:05:52.047  2028  4803 D CompatChangeReporter: Compat change id reported: 311208629; UID 1000; state: ENABLED
02-23 13:05:52.052  2028  7203 W ActivityManager: Unbind failed: could not find connection for android.os.BinderProxy@308e400
02-23 13:05:52.061  2028  4119 E OplusAthenaAm: AthenaAmManagerInternal transact code hello:13,flags:0
02-23 13:05:52.447  2028  2928 D OplusDisplayBrightnessBroadcastReceiver: onReceive action = android.intent.action.BATTERY_CHANGED , listeners = [com.android.server.display.OplusFeatureHDREnhanceBrightness$PhoneInfoReceiver@780cd78, com.android.server.display.OplusFeatureEdrEnhanceBrightness$PhoneInfoReceiver@3423c51]
02-23 13:05:58.594  2028  2928 D OplusDisplayBrightnessBroadcastReceiver: onReceive action = android.intent.action.BATTERY_CHANGED , listeners = [com.android.server.display.OplusFeatureHDREnhanceBrightness$PhoneInfoReceiver@780cd78, com.android.server.display.OplusFeatureEdrEnhanceBrightness$PhoneInfoReceiver@3423c51]
02-23 13:06:04.467  2028  2928 D OplusDisplayBrightnessBroadcastReceiver: onReceive action = android.intent.action.BATTERY_CHANGED , listeners = [com.android.server.display.OplusFeatureHDREnhanceBrightness$PhoneInfoReceiver@780cd78, com.android.server.display.OplusFeatureEdrEnhanceBrightness$PhoneInfoReceiver@3423c51]
02-23 13:06:06.873  3774  3965 D PowerMonitorNotifier: handleMessage: 20/0
02-23 13:06:07.174  3013  3050 D MiscManager: error ! ReadBreathLightTime not support.
02-23 13:06:07.754  3013  3050 W ContextImpl: Calling a method in the system process without a qualified user: android.app.ContextImpl.bindService:2061 android.content.ContextWrapper.bindService:873 com.oplus.powermonitor.standbymonitor.powerstats.modem.MpssActivityMonitor.connectService:36 com.oplus.powermonitor.standbymonitor.powerstats.modem.MpssActivityMonitor.n:0 com.oplus.powermonitor.standbymonitor.powerstats.modem.MpssActivityMonitor$WorkHandler.handleMessage:52 
02-23 13:06:08.346  2028  4119 W SettingsStatsUtil: Can not parse value to float: +network
02-23 13:06:08.354  2028  4119 W SettingsStatsUtil: Can not parse value to float: +network
02-23 13:06:10.607  2028  2928 D OplusDisplayBrightnessBroadcastReceiver: onReceive action = android.intent.action.BATTERY_CHANGED , listeners = [com.android.server.display.OplusFeatureHDREnhanceBrightness$PhoneInfoReceiver@780cd78, com.android.server.display.OplusFeatureEdrEnhanceBrightness$PhoneInfoReceiver@3423c51]
02-23 13:06:16.512  2028  2928 D OplusDisplayBrightnessBroadcastReceiver: onReceive action = android.intent.action.BATTERY_CHANGED , listeners = [com.android.server.display.OplusFeatureHDREnhanceBrightness$PhoneInfoReceiver@780cd78, com.android.server.display.OplusFeatureEdrEnhanceBrightness$PhoneInfoReceiver@3423c51]
02-23 13:06:17.598  2028  4119 D OplusProxyWakeLock: acquireProxyWakeLock failed, prevent uid: 10108 tag:GOOGL  WorkSource{10209 com.snapchat.android} result: TAG_NULL
02-23 13:06:17.631  2028  3334 E JobScheduler.Background: Couldn't determine stopped state for unknown package: com.oplus.onet
02-23 13:06:22.661  2028  2928 D OplusDisplayBrightnessBroadcastReceiver: onReceive action = android.intent.action.BATTERY_CHANGED , listeners = [com.android.server.display.OplusFeatureHDREnhanceBrightness$PhoneInfoReceiver@780cd78, com.android.server.display.OplusFeatureEdrEnhanceBrightness$PhoneInfoReceiver@3423c51]
02-23 13:06:25.115  8565  8565 D OplusClipboardManager: get clip extension: android.os.BinderProxy@e3be91b
02-23 13:06:25.132  2028  7206 D ClipboardService: clipboardAccessAllowed: op=30 result=true callingPackage=com.microsoft.appmanager
02-23 13:06:25.140  2028  7206 E ClipboardService: op = 29Denying clipboard access to com.android.chrome, application is not in focus nor is it a system service for user 0
02-23 13:06:25.140  2028  7206 D ClipboardService: clipboardAccessAllowed: op=29 result=true callingPackage=com.microsoftsdk.crossdeviceservicebroker
02-23 13:06:25.141  2028  7206 D ClipboardService: clipboardAccessAllowed: op=29 result=true callingPackage=com.oplus.appplatform
02-23 13:06:25.141  2028  7206 D ClipboardService: clipboardAccessAllowed: op=29 result=true callingPackage=com.android.systemui
02-23 13:06:25.142  2028  7206 E ClipboardService: op = 29Denying clipboard access to com.google.android.gms, application is not in focus nor is it a system service for user 0
02-23 13:06:25.142  2028  7206 D ClipboardService: clipboardAccessAllowed: op=29 result=true callingPackage=com.google.android.as
02-23 13:06:25.142  2028  7206 E ClipboardService: op = 29Denying clipboard access to com.free.vpn.super.hotspot.open, application is not in focus nor is it a system service for user 0
02-23 13:06:25.169  2028  4117 D ClipboardService: clipboardAccessAllowed: op=29 result=true callingPackage=com.android.systemui
02-23 13:06:25.180  9149  9149 D OplusClipboardManager: get clip extension: android.os.BinderProxy@4e17f20
02-23 13:06:25.184  2028  4117 D ClipboardService: clipboardAccessAllowed: op=29 result=true callingPackage=com.google.android.as
02-23 13:06:25.200  8727  8744 D OplusClipboardManager: get clip extension: android.os.BinderProxy@5711f2d
02-23 13:06:25.204  2028  5005 D ClipboardService: clipboardAccessAllowed: op=29 result=true callingPackage=com.microsoftsdk.crossdeviceservicebroker
02-23 13:06:25.217  2028  5005 D ClipboardService: clipboardAccessAllowed: op=29 result=true callingPackage=com.microsoftsdk.crossdeviceservicebroker
02-23 13:06:25.242  2028  3588 E ClipboardService: op = 29Denying clipboard access to com.android.chrome, application is not in focus nor is it a system service for user 0
02-23 13:06:25.242  2028  3588 D ClipboardService: clipboardAccessAllowed: op=29 result=true callingPackage=com.microsoftsdk.crossdeviceservicebroker
02-23 13:06:25.243  2028  3588 D ClipboardService: clipboardAccessAllowed: op=29 result=true callingPackage=com.android.systemui
02-23 13:06:25.244  2028  3588 E ClipboardService: op = 29Denying clipboard access to com.google.android.gms, application is not in focus nor is it a system service for user 0
02-23 13:06:25.244  2028  3588 D ClipboardService: clipboardAccessAllowed: op=29 result=true callingPackage=com.google.android.as
02-23 13:06:25.245  2028  3588 E ClipboardService: op = 29Denying clipboard access to com.free.vpn.super.hotspot.open, application is not in focus nor is it a system service for user 0
02-23 13:06:25.245  2028  5005 D ClipboardService: clipboardAccessAllowed: op=29 result=true callingPackage=com.android.systemui
02-23 13:06:25.246  2028  4117 D ClipboardService: clipboardAccessAllowed: op=29 result=true callingPackage=com.google.android.as
02-23 13:06:25.254  2028  5005 D ClipboardService: clipboardAccessAllowed: op=29 result=true callingPackage=com.microsoftsdk.crossdeviceservicebroker
02-23 13:06:25.260  2028  4117 D ClipboardService: clipboardAccessAllowed: op=29 result=true callingPackage=com.microsoftsdk.crossdeviceservicebroker
02-23 13:06:27.253  2028  3334 D CompatChangeReporter: Compat change id reported: 151861875; UID 10279; state: ENABLED
02-23 13:06:27.276  2028  2809 I ActivityManager: Start proc 31449:org.telegram.messenger/u0a279 for service {org.telegram.messenger/com.google.android.datatransport.runtime.scheduling.jobscheduling.JobInfoSchedulerService}
02-23 13:06:27.288  2028  2809 I ActivityManager: Start proc 31451:com.facebook.appmanager/u0a205 for service {com.facebook.appmanager/com.facebook.analytics2.logger.legacy.uploader.LollipopUploadService}
02-23 13:06:27.332  2028  7206 D ActivityTaskManagerServiceExtImpl: preBindApplication record is null
02-23 13:06:27.340  2028  5005 D ActivityTaskManagerServiceExtImpl: preBindApplication record is null
02-23 13:06:27.349  2028  3334 W JobServiceContext: Sending onNetworkChanged for a job that isn't started. JobStatus{fa37da5 #u0a279/-1341184476 org.telegram.messenger/com.google.android.datatransport.runtime.scheduling.jobscheduling.JobInfoSchedulerService u=0 s=10279 TIME=-33s616ms:none NET READY}
02-23 13:06:27.467 31449 31449 D ResourcesManagerExtImpl: applyConfigurationToAppResourcesLocked app.getDisplayId() return callback.displayId:-1
02-23 13:06:27.468 31451 31451 D ResourcesManagerExtImpl: applyConfigurationToAppResourcesLocked app.getDisplayId() return callback.displayId:-1
02-23 13:06:27.560  2028  4117 I ActivityManager: Flag disabled. Ignoring finishAttachApplication from uid: 10205. pid: 31451
02-23 13:06:27.572  2028  4117 D VRR [OPlusExternalRefreshRateManager]: isPkgTfcEnable: pkgName = com.facebook.appmanager, enable = false
02-23 13:06:27.572  2028  4117 D VRR [OPlusExternalRefreshRateManager]: getTfcMinFramerate: pkgName = com.facebook.appmanager, min framerate = 0
02-23 13:06:27.667  2028  4117 W PackageManager: package com.facebook.appmanager uid 10205 pid 31451 call SetEnabledSetting(com.facebook.appmanager component = com.facebook.oxygen.appmanager.helium.trampoline.HeliumSandboxedService, 1, 0)
02-23 13:06:27.668  2028  4117 W PackageManager: package com.facebook.appmanager uid 10205 pid 31451 call SetEnabledSetting(com.facebook.appmanager component = com.facebook.oxygen.appmanager.helium.trampoline.HeliumSandboxedService0, 1, 0)
02-23 13:06:27.669  2028  4117 W PackageManager: package com.facebook.appmanager uid 10205 pid 31451 call SetEnabledSetting(com.facebook.appmanager component = com.facebook.oxygen.appmanager.helium.trampoline.HeliumSandboxedService1, 1, 0)
02-23 13:06:27.672  2028  7206 I ActivityManager: Flag disabled. Ignoring finishAttachApplication from uid: 10279. pid: 31449
02-23 13:06:27.684  2028  4117 D VRR [OPlusExternalRefreshRateManager]: isPkgTfcEnable: pkgName = org.telegram.messenger, enable = false
02-23 13:06:27.684  2028  4117 D VRR [OPlusExternalRefreshRateManager]: getTfcMinFramerate: pkgName = org.telegram.messenger, min framerate = 0
02-23 13:06:27.725  2028  2809 I ActivityManager: Start proc 31508:com.facebook.system/u0a188 for content provider {com.facebook.system/com.facebook.oxygen.installer.api.AppManagerApiProvider}
02-23 13:06:27.763  2028  7206 D ActivityTaskManagerServiceExtImpl: preBindApplication record is null
02-23 13:06:27.836 31508 31508 D ResourcesManagerExtImpl: applyConfigurationToAppResourcesLocked app.getDisplayId() return callback.displayId:-1
02-23 13:06:27.880  2028  4117 I ActivityManager: Flag disabled. Ignoring finishAttachApplication from uid: 10188. pid: 31508
02-23 13:06:27.886  2028  4117 W ActivityManager: Background start not allowed: service Intent { cmp=org.telegram.messenger/.NotificationsService mCallingUid=10279 } to org.telegram.messenger/.NotificationsService from pid=31449 uid=10279 pkg=org.telegram.messenger startFg?=false
02-23 13:06:27.897  2028  4117 W PackageManager: package com.facebook.appmanager uid 10205 pid 31451 call SetEnabledSetting(com.facebook.appmanager component = com.facebook.oxygen.appmanager.nekodirect.NekoDirectProvider, 2, 0)
02-23 13:06:27.901 31451 31502 E ActivityThread: Failed to find provider info for com.facebook.appmanager.nekodirect
02-23 13:06:27.902  2028  4117 W PackageManager: package com.facebook.appmanager uid 10205 pid 31451 call SetEnabledSetting(com.facebook.appmanager component = com.facebook.oxygen.appmanager.installapi.OxInstallApiProvider, 1, 0)
02-23 13:06:27.904  2028  4117 W PackageManager: package com.facebook.appmanager uid 10205 pid 31451 call SetEnabledSetting(com.facebook.appmanager component = com.facebook.oxygen.appmanager.experimentation.AppManagerExperimentProvider, 1, 0)
02-23 13:06:27.969  2028  4117 W PackageManager: package com.facebook.appmanager uid 10205 pid 31451 call SetEnabledSetting(com.facebook.appmanager component = com.facebook.oxygen.appmanager.webinstall.WebInstallAppLinkActivityV2, 1, 0)
02-23 13:06:27.974  2028  7206 W PackageManager: package com.facebook.appmanager uid 10205 pid 31451 call SetEnabledSetting(com.facebook.appmanager component = com.facebook.oxygen.appmanager.webinstall.WebInstallAppLinkActivityV2, 1, 0)
02-23 13:06:27.980  2028  4117 W PackageManager: package com.facebook.appmanager uid 10205 pid 31451 call SetEnabledSetting(com.facebook.appmanager component = com.facebook.oxygen.appmanager.webinstall.WebInstallAppLinkIgliteActivity, 1, 0)
02-23 13:06:27.989  2028  7206 W PackageManager: package com.facebook.appmanager uid 10205 pid 31451 call SetEnabledSetting(com.facebook.appmanager component = com.facebook.oxygen.appmanager.webinstall.WebInstallAppLinkIgliteActivity, 2, 0)
02-23 13:06:27.995  2028  7206 W PackageManager: package com.facebook.appmanager uid 10205 pid 31451 call SetEnabledSetting(com.facebook.appmanager component = com.facebook.oxygen.appmanager.webinstall.WebInstallAppLinkWhatsAppActivity, 2, 0)
02-23 13:06:28.005  2028  7206 W PackageManager: package com.facebook.appmanager uid 10205 pid 31451 call SetEnabledSetting(com.facebook.appmanager component = com.facebook.oxygen.appmanager.webinstall.WebInstallAppLinkFbliteActivity, 1, 0)
02-23 13:06:28.013  2028  7206 W PackageManager: package com.facebook.appmanager uid 10205 pid 31451 call SetEnabledSetting(com.facebook.appmanager component = com.facebook.oxygen.appmanager.webinstall.WebInstallAppLinkFB4AActivity, 2, 0)
02-23 13:06:28.021  2028  7206 W PackageManager: package com.facebook.appmanager uid 10205 pid 31451 call SetEnabledSetting(com.facebook.appmanager component = com.facebook.oxygen.appmanager.webinstall.WebInstallAppLinkMetaAIActivity, 1, 0)
02-23 13:06:28.025  2028  7206 W PackageManager: package com.facebook.appmanager uid 10205 pid 31451 call SetEnabledSetting(com.facebook.appmanager component = com.facebook.oxygen.appmanager.webinstall.WebInstallAppLinkMetaAIActivity, 2, 0)
02-23 13:06:28.028  2028  7206 W PackageManager: package com.facebook.appmanager uid 10205 pid 31451 call SetEnabledSetting(com.facebook.appmanager component = com.facebook.oxygen.appmanager.webinstall.WebInstallAppLinkInstagramActivity, 2, 0)
02-23 13:06:28.033  2028  4117 W PackageManager: package com.facebook.appmanager uid 10205 pid 31451 call SetEnabledSetting(com.facebook.appmanager component = com.facebook.oxygen.appmanager.webinstall.WebInstallAppLinkThreadsActivity, 1, 0)
02-23 13:06:28.044  2028  7206 W PackageManager: package com.facebook.appmanager uid 10205 pid 31451 call SetEnabledSetting(com.facebook.appmanager component = com.facebook.oxygen.appmanager.webinstall.WebInstallAppLinkMessengerActivity, 1, 0)
02-23 13:06:28.058  2028  4117 W PackageManager: package com.facebook.appmanager uid 10205 pid 31451 call SetEnabledSetting(com.facebook.appmanager component = com.facebook.oxygen.appmanager.webinstall.WebInstallAppLinkIgliteLoggedOutActivity, 1, 0)
02-23 13:06:28.072  2028  7206 W PackageManager: package com.facebook.appmanager uid 10205 pid 31451 call SetEnabledSetting(com.facebook.appmanager component = com.facebook.oxygen.appmanager.webinstall.WebInstallAppLinkIgliteLoggedOutActivity, 2, 0)
02-23 13:06:28.077  2028  7206 W PackageManager: package com.facebook.appmanager uid 10205 pid 31451 call SetEnabledSetting(com.facebook.appmanager component = com.facebook.oxygen.appmanager.webinstall.WebInstallAppLinkWhatsAppLoggedOutActivity, 2, 0)
02-23 13:06:28.088  2028  4117 W PackageManager: package com.facebook.appmanager uid 10205 pid 31451 call SetEnabledSetting(com.facebook.appmanager component = com.facebook.oxygen.appmanager.webinstall.WebInstallAppLinkFbliteLoggedOutActivity, 1, 0)
02-23 13:06:28.096  2028  4117 W PackageManager: package com.facebook.appmanager uid 10205 pid 31451 call SetEnabledSetting(com.facebook.appmanager component = com.facebook.oxygen.appmanager.webinstall.WebInstallAppLinkFB4ALoggedOutActivity, 2, 0)
02-23 13:06:28.105  2028  4117 W PackageManager: package com.facebook.appmanager uid 10205 pid 31451 call SetEnabledSetting(com.facebook.appmanager component = com.facebook.oxygen.appmanager.webinstall.WebInstallAppLinkMetaAILoggedOutActivity, 1, 0)
02-23 13:06:28.115  2028  4117 W PackageManager: package com.facebook.appmanager uid 10205 pid 31451 call SetEnabledSetting(com.facebook.appmanager component = com.facebook.oxygen.appmanager.webinstall.WebInstallAppLinkMetaAILoggedOutActivity, 2, 0)
