02-23 13:04:44.852  2028  7231 D ActivityTaskManager: NFW_setLastResumedActivityUncheckLocked:true r:ActivityRecord{4fc095e u0 com.jarvis/.MainActivity t726} currentFocus:Window{80d4fd5 u0 NotificationShade}
02-23 13:04:44.852  2028  7231 D WindowManager: NFW_findFocusedWindowIfNeeded:Window{80d4fd5 u0 NotificationShade} mCurrentFocus:Window{80d4fd5 u0 NotificationShade}
02-23 13:04:44.852  2028  7231 D FlexibleTaskController: onTaskFocusChanged prevTask:null ,currentTask:Task{65a7a0c #726 type=standard A=10485:com.jarvis}, reason: realStartActivityLocked - onActivityStateChanged
02-23 13:04:44.852  2028  7231 I OplusAppSwitchManagerService: appswitch hasProcess ActivityRecord{4fc095e u0 com.jarvis/.MainActivity t726}
02-23 13:04:44.852  2028  7231 I OplusAppSwitchManagerService: appswitch hasProcess ActivityRecord{4fc095e u0 com.jarvis/.MainActivity t726}
02-23 13:04:44.864  2028  4457 D OplusAppSwitchRuleInfo: generateActivityEnterInfo - launch_source_type =  , launch_source_traceid = 
02-23 13:04:44.897  2028  3334 D CompatChangeReporter: Compat change id reported: 151861875; UID 10209; state: ENABLED
02-23 13:04:44.914  2028  2685 W AccessibilityWindowsPopulator: The displayInfo of this displayId (0) called back from the surface fligner is null
02-23 13:04:44.918  2028  2809 I ActivityManager: Start proc 31109:com.snapchat.android/u0a209 for service {com.snapchat.android/androidx.work.impl.background.systemjob.SystemJobService}
02-23 13:04:45.029  2028  3941 D ActivityTaskManagerServiceExtImpl: preBindApplication record is null
02-23 13:04:45.087 31094 31094 D ResourcesManagerExtImpl: applyConfigurationToAppResourcesLocked app.getDisplayId() return callback.displayId:-1
02-23 13:04:45.123  2028  5005 I ActivityManager: Flag disabled. Ignoring finishAttachApplication from uid: 10485. pid: 31094
02-23 13:04:45.150 31094 31094 D ResourcesManagerExtImpl: applyConfigurationToAppResourcesLocked app.getDisplayId() return callback.displayId:0
02-23 13:04:45.322 31094 31094 E OplusCustomizeRestrictionManager: sInstance is null, start a new sInstance
02-23 13:04:45.342 31109 31109 D ResourcesManagerExtImpl: applyConfigurationToAppResourcesLocked app.getDisplayId() return callback.displayId:-1
02-23 13:04:45.355  2028  2685 W ActivityTaskManager: Activity top resumed state loss timeout for ActivityRecord{4fc095e u0 com.jarvis/.MainActivity t726}
02-23 13:04:45.356  2028  2685 W ActivityTaskManager: Activity pause timeout for ActivityRecord{4fc095e u0 com.jarvis/.MainActivity t726}
02-23 13:04:45.441 31094 31094 I Quality : InflateViewInfo:122550573,LinearLayout
02-23 13:04:45.444  2028  5005 I ActivityManager: Background started FGS: Allowed [callingPackage: com.jarvis; callingUid: 10485; uidState: TOP ; uidBFSL: [BFSL]; intent: Intent { cmp=com.jarvis/.JarvisService mCallingUid=10485 }; code:PROC_STATE_TOP; tempAllowListReason:<null>; targetSdkVersion:36; callerTargetSdkVersion:36; startForegroundCount:0; bindFromPackage:null: isBindService:false]
02-23 13:04:45.467 31094 31094 D ActivityThread: ComponentInfo{com.jarvis/com.jarvis.MainActivity} checkFinished=false 2
02-23 13:04:45.468 31094 31094 D ResourcesManagerExtImpl: applyConfigurationToAppResourcesLocked app.getDisplayId() return callback.displayId:0
02-23 13:04:45.490 31094 31094 D OplusInputMethodUtil: init sDebug to false, init sDebugIme to false, init sAlwaysOn to false
02-23 13:04:45.491 31094 31094 D OplusInputMethodUtil: updateDebugToClass InputMethodManager.DEBUG = false
02-23 13:04:45.491 31094 31094 D OplusInputMethodUtil: updateDebugToClass ImeFocusController.DEBUG = false
02-23 13:04:45.491 31094 31094 D OplusInputMethodUtil: updateDebugToClass InsetsController.DEBUG = false
02-23 13:04:45.491 31094 31094 D OplusInputMethodUtil: updateDebugToClass BaseInputConnection.DEBUG = false
02-23 13:04:45.550  2028  5005 W UserAwareMgr: notifyAppRenderThreadCreated pkgName: com.jarvis, pid: 31094, renderTid: 31126, uid: 10485
02-23 13:04:45.578  2028  5005 D DisplayContentExtImpl: target is same with the last, remove the ime snapshot immediately.
02-23 13:04:45.578  2028  5005 I WindowManager: addWindow: New client android.os.BinderProxy@afb9f04 : window=Window{8ae1ced u0 com.jarvis/com.jarvis.MainActivity}
02-23 13:04:45.587  2028  7231 W AccessibilityWindowsPopulator: The displayInfo of this displayId (0) called back from the surface fligner is null
02-23 13:04:45.590 31094 31094 D ResourcesManagerExtImpl: applyConfigurationToAppResourcesLocked app.getDisplayId() return callback.displayId:0
02-23 13:04:45.613  2028  7206 D CoreBackPreview: Window{8ae1ced u0 com.jarvis/com.jarvis.MainActivity}: Setting back callback OnBackInvokedCallbackInfo{mCallback=android.window.IOnBackInvokedCallback$Stub$Proxy@ddc9ae9, mPriority=0, mIsAnimationCallback=false}
02-23 13:04:45.628  2028  7206 D WindowManagerServiceExtImpl: extractConfigInfoAndRealFlags rotation=0, screenDp=360, residentWS:0, win=Window{8ae1ced u0 com.jarvis/com.jarvis.MainActivity}
02-23 13:04:45.628  2028  7206 V WindowManager: Relayout Window{8ae1ced u0 com.jarvis/com.jarvis.MainActivity}: viewVisibility=0, oldvis=4, req=1080x2400, vsysui=, x=0, y=0
02-23 13:04:45.628  2028  7206 I WindowManager: Window{8ae1ced u0 com.jarvis/com.jarvis.MainActivity} state from NO_SURFACE to DRAW_PENDING; reason: resetDrawState
02-23 13:04:45.635  2028  7206 D Transition: collectOrderChanges onTopTasksEnd: [Task{65a7a0c #726 type=standard A=10485:com.jarvis}], reportedOnTop:null, mOnTopTasksStart: [Task{65a7a0c #726 type=standard A=10485:com.jarvis}], TDA child: [Task{9ee008 #2 type=undefined}, Task{e1487f0 #723 type=standard A=10143:com.oneplus.deskclock}, Task{5b91acc #1 type=home}, Task{65a7a0c #726 type=standard A=10485:com.jarvis}]
02-23 13:04:45.635  2028  7206 D OplusFlexibleActivityTransitionManager: fixTransitType type result:1, targets: []
02-23 13:04:45.635  2028  7206 D OplusTransitionController: onTransactionReady, transition: 9909, 
02-23 13:04:45.635  2028  7206 D OplusTransitionController:  info: {id=9909 t=OPEN f=0x40 trk=0 r=[] c=[] extendInfo=[OplusTransitionExtendedInfo{mTmpFinishT=null, mInOplusCompatMode=false, mIsProcessRunning=false, mHasMismatchBoundsTarget=false, mRecentsController=null, mIsTranslucentActivityToHome=false, mAvoidInterceptKeyEventToHome=false, mIsFromHome=false, mParentLeash=null, mIsOplusAnimRes=false, mIsFromOverlay=false, mIsBalAllow=false, mTaskNotInRecent=false, mIsLaunchFromSpruce=false, mIsLaunchFromDrive=false, mAssistScreenShowing=false, mUserIdTransition=-1, mInRemoteScene=false, mInPreReady=false, mPreStart=false, mToken=null, mShellApplyToken=null, mRequestTransitionTaskId=726, mAbortTransitionOnShell=0, mTransitionId=9909, mSkipRemoteTransitionfalse, mAnimStartingPosition=[0, 0, 0, 0], mIsOpeningStkDialogActivity=false}]}, 
02-23 13:04:45.635  2028  7206 D OplusTransitionController:  targets : [], 
02-23 13:04:45.635  2028  7206 D OplusTransitionController:  participants: {ActivityRecord{4fc095e u0 com.jarvis/.MainActivity t726}, Task{65a7a0c #726 type=standard A=10485:com.jarvis}}, 
02-23 13:04:45.635  2028  7206 D OplusTransitionController:  playings:[TransitionRecord{757236e id=9909 track=0 type=OPEN flags=0x40 state=2}]
02-23 13:04:45.636  2028  7206 D WindowManager: NFW_findFocusedWindowIfNeeded:Window{80d4fd5 u0 NotificationShade} mCurrentFocus:Window{80d4fd5 u0 NotificationShade}
02-23 13:04:45.636  3826  5538 V WindowManagerShell: onTransitionReady(transaction=8710194574574)
02-23 13:04:45.637  3826  3884 V WindowManagerShell: onTransitionReady (#9909) android.os.BinderProxy@3b423db: {id=9909 t=OPEN f=0x40 trk=0 r=[] c=[] extendInfo=[OplusTransitionExtendedInfo{mTmpFinishT=null, mInOplusCompatMode=false, mIsProcessRunning=false, mHasMismatchBoundsTarget=false, mRecentsController=null, mIsTranslucentActivityToHome=false, mAvoidInterceptKeyEventToHome=false, mIsFromHome=false, mParentLeash=null, mIsOplusAnimRes=false, mIsFromOverlay=false, mIsBalAllow=false, mTaskNotInRecent=false, mIsLaunchFromSpruce=false, mIsLaunchFromDrive=false, mAssistScreenShowing=false, mUserIdTransition=-1, mInRemoteScene=false, mInPreReady=false, mPreStart=false, mToken=null, mShellApplyToken=null, mRequestTransitionTaskId=726, mAbortTransitionOnShell=0, mTransitionId=9909, mSkipRemoteTransitionfalse, mAnimStartingPosition=[0, 0, 0, 0], mIsOpeningStkDialogActivity=false}]}
02-23 13:04:45.640 31094 31094 D VRI[MainActivity]: relayoutWindow result, sizeChanged:true, surfaceControlChanged:true, transformHintChanged:false, mSurfaceSize:Point(1080, 2400), mLastSurfaceSize:Point(0, 0), mWidth:-1, mHeight:-1, requestedWidth:1080, requestedHeight:2400, transformHint:0, installOrientation:0, displayRotation:0, isSurfaceValid:true, attr.flag:-2122252032, tmpFrames:ClientWindowFrames{frame=[0,0][1080,2400] display=[0,0][1080,2400] parentFrame=[0,0][0,0]}, relayoutAsync:false, mSyncSeqId:0
02-23 13:04:45.640  2028  2679 V WindowManager: Sent Transition (#9909) createdAt=02-23 13:04:44.679 via request=TransitionRequestInfo { type = OPEN, triggerTask = TaskInfo{userId=0 taskId=726 displayId=0 isRunning=true baseIntent=Intent { flg=0x10000000 cmp=com.jarvis/.MainActivity mCallingUid=2000 } baseActivity=ComponentInfo{com.jarvis/com.jarvis.MainActivity} topActivity=ComponentInfo{com.jarvis/com.jarvis.MainActivity} origActivity=null realActivity=ComponentInfo{com.jarvis/com.jarvis.MainActivity} numActivities=1 lastActiveTime=672984651 supportsSplitScreenMultiWindow=true supportsMultiWindow=true supportsPocketStudioMultiWindow=true isInFlexibleEmbedded = false uid = 10485 pid = 0 resizeMode=1 isResizeable=true minWidth=-1 minHeight=-1 defaultMinSize=220 token=WCT{RemoteToken{1f9ca0f Task{65a7a0c #726 type=standard A=10485:com.jarvis}}} topActivityType=1 pictureInPictureParams=null shouldDockBigOverlays=false launchIntoPipHostTaskId=-1 lastParentTaskIdBeforePip=-1 displayCutoutSafeInsets=Rect(0, 107 - 0, 0) topActivityInfo=ActivityInfo{985ca9c com.jarvis.MainActivity} launchCookies=[] positionInParent=Point(0, 0) parentTaskId=-1 isFocused=false isVisible=false isVisibleRequested=false isSleeping=true locusId=null displayAreaFeatureId=1 isTopActivityTransparent=false appCompatTaskInfo=AppCompatTaskInfo { topActivityInSizeCompat=false topActivityInOplusCompatMode=false topActivityEligibleForLetterboxEducation= falseisLetterboxEducationEnabled= false isLetterboxDoubleTapEnabled= false topActivityEligibleForUserAspectRatioButton= false topActivityBoundsLetterboxed= false isFromLetterboxDoubleTap= false topActivityLetterboxVerticalPosition= -1 topActivityLetterboxHorizontalPosition= -1 topActivityLetterboxWidth=1080 topActivityLetterboxHeight=2400 isUserFullscreenOverrideEnabled=false isSystemFullscreenOverrideEnabled=false cameraCompatTaskInfo=CameraCompatTaskInfo { cameraCompatControlState=hidden freeformCameraCompatMode=inactive}} topActivityLetterboxInsets=Rect(0, 0 - 0, 0) mOplusExtraBundle = Bundle[{androidx.flexible.taskFrame=Rect(0, 0 - 0, 0), key_flexible_task_state=0, androidx.activity.LaunchScenario=0, androidx.activity.LaunchScale=1.0}]}, pipTask = null, remoteTransition = null, displayChange = null, flags = 0, debugId = 9909 }
02-23 13:04:45.640  2028  2679 V WindowManager:     startWCT=WindowContainerTransaction { changes = {} hops = [] errorCallbackToken=null taskFragmentOrganizer=null }
02-23 13:04:45.640 31094 31094 W VRI[MainActivity]: updateBlastSurfaceIfNeeded, surfaceSize:Point(1080, 2400), lastSurfaceSize:Point(0, 0), format:-1, blastBufferQueue:null
02-23 13:04:45.640  2028  2679 V WindowManager:     info={id=9909 t=OPEN f=0x40 trk=0 r=[] c=[] extendInfo=[OplusTransitionExtendedInfo{mTmpFinishT=null, mInOplusCompatMode=false, mIsProcessRunning=false, mHasMismatchBoundsTarget=false, mRecentsController=null, mIsTranslucentActivityToHome=false, mAvoidInterceptKeyEventToHome=false, mIsFromHome=false, mParentLeash=null, mIsOplusAnimRes=false, mIsFromOverlay=false, mIsBalAllow=false, mTaskNotInRecent=false, mIsLaunchFromSpruce=false, mIsLaunchFromDrive=false, mAssistScreenShowing=false, mUserIdTransition=-1, mInRemoteScene=false, mInPreReady=false, mPreStart=false, mToken=null, mShellApplyToken=null, mRequestTransitionTaskId=726, mAbortTransitionOnShell=0, mTransitionId=9909, mSkipRemoteTransitionfalse, mAnimStartingPosition=[0, 0, 0, 0], mIsOpeningStkDialogActivity=false}]}
02-23 13:04:45.641  2028  2685 W AccessibilityWindowsPopulator: The displayInfo of this displayId (0) called back from the surface fligner is null
02-23 13:04:45.642  3826  3884 V WindowManagerShell: No transition roots in (#9909) android.os.BinderProxy@3b423db@0 so abort
02-23 13:04:45.648  3826  3884 V WindowManagerShell: Transition animation finished (aborted=true), notifying core (#9909) android.os.BinderProxy@3b423db@0
02-23 13:04:45.648  3826  3884 D SplitScreen-->AppLockManager: setStartFromSafeControl mStartFromSafeControl=false
02-23 13:04:45.653  2028  5005 D Transition: finishTransition ar ActivityRecord{4fc095e u0 com.jarvis/.MainActivity t726}, isVisibleRequested=false, state=PAUSED, visibleAtTransitionEndTokens={}, this=TransitionRecord{757236e id=9909 track=0 type=OPEN flags=0x40 state=2}
02-23 13:04:45.655  2028  5005 D OplusTransitionController: finishTransition, transition: TransitionRecord{757236e id=9909 track=0 type=OPEN flags=0x40 state=4}
02-23 13:04:45.658  2028  5005 D RefreshRate: ***** request traversal for refresh rate change, reason is highTempRefreshRateChanged: false, windowRefreshRateChanged: true, flexibleWindowStateChanged: false, has float/zoom window *****
02-23 13:04:45.659  2028  5005 D TransitionController: NFW_send RECOMPUTE_FOCUS in finishTransition
02-23 13:04:45.659  3826  3884 D ShellTaskOrganizer: onTransitionFinish, isRecent:false
02-23 13:04:45.660  3826  3884 V WindowManagerShell: Track 0 became idle
02-23 13:04:45.662  2028  5005 I BLASTSyncEngine: onCommitted syncId: 9909, timeout: falseran: false
02-23 13:04:45.667  2028  3566 I MR2ServiceImpl: Updating composite discovery preference | preference: RouteDiscoveryRequest{ preferredFeatures={}, activeScan=false }, active routers: []
02-23 13:04:45.668  2028  5005 W UserManagerService: Requested status bar icon for non-badged user 0
02-23 13:04:45.677  2028  3566 I MR2ServiceImpl: Updating composite discovery preference | preference: RouteDiscoveryRequest{ preferredFeatures={}, activeScan=false }, active routers: []
02-23 13:04:45.678  2028  7206 W AccessibilityWindowsPopulator: The displayInfo of this displayId (0) called back from the surface fligner is null
02-23 13:04:45.678  2028  3941 W UserManagerService: Requested status bar icon for non-badged user 0
02-23 13:04:45.690  2028  2685 D WindowManager: NFW_findFocusedWindowIfNeeded:Window{80d4fd5 u0 NotificationShade} mCurrentFocus:Window{80d4fd5 u0 NotificationShade}
02-23 13:04:45.739  2028  2685 W AccessibilityWindowsPopulator: The displayInfo of this displayId (0) called back from the surface fligner is null
02-23 13:04:45.745  2028  7206 I ActivityManager: Flag disabled. Ignoring finishAttachApplication from uid: 10209. pid: 31109
02-23 13:04:45.842  2028  3941 D CompatChangeReporter: Compat change id reported: 311402873; UID 10209; state: ENABLED
02-23 13:04:45.842  2028  3941 D CompatChangeReporter: Compat change id reported: 323349338; UID 10209; state: ENABLED
02-23 13:04:45.859  2028  5005 W JobScheduler: Job didn't exist in JobStore: #com.snapchat.android/3080
02-23 13:04:45.902  2028  3941 D CompatChangeReporter: Compat change id reported: 311208629; UID 10209; state: ENABLED
02-23 13:04:45.910  2028  7206 I WindowManager: Window{8ae1ced u0 com.jarvis/com.jarvis.MainActivity} state from DRAW_PENDING to COMMIT_DRAW_PENDING; reason: finishDrawingLocked
02-23 13:04:45.910  2028  7206 D OplusTransitionAnimationManager: skipFinishDrawingIfNeed clientRotation=0, currentRotation=0, hasFixedRotationApp=false, requestedOrientation=-1, win=Window{8ae1ced u0 com.jarvis/com.jarvis.MainActivity}, activity=ActivityRecord{4fc095e u0 com.jarvis/.MainActivity t726}, currentConfig={0.86 ??mcc??mnc [en_GB,en_IN] ldltr sw360dp w360dp h800dp 480dpi nrml long widecg port night finger -keyb/v/h -nav/h winConfig={ mBounds=Rect(0, 0 - 1080, 2400) mAppBounds=Rect(0, 0 - 1080, 2400) mMaxBounds=Rect(0, 0 - 1080, 2400) mDisplayRotation=ROTATION_0 mWindowingMode=fullscreen mActivityType=standard mAlwaysOnTop=undefined mRotation=ROTATION_0} s.2 fontWeightAdjustment=0mThemeChanged= 0, mThemeChangedFlags= 0, mFlipFont= 0, mScenario= 0, mAccessibleChanged= -1, mUxIconConfig= 3468921665126138177, mMaterialColor= 20000, mUserId= 0, mFontUserId= 0, mFontVariationSettings= 226, mFoldingAngle = -1.0, mIconPackName= , mDarkModeBackgroundMaxL= 0.0, mDarkModeDialogBgMaxL= 27.0, mDarkModeForegroundMinL= 100.0, mOplusConfigType= 1, mOplusChangedConfigs= 0, OpSans= -1, mBurmeseFontFlag= 2, mFlag= 0, mFlexibleActivitySuitable= -1, mPuttDisplayFlag= -1}
02-23 13:04:45.912  2028  2687 I WindowManager: Window{8ae1ced u0 com.jarvis/com.jarvis.MainActivity} state from COMMIT_DRAW_PENDING to READY_TO_SHOW; reason: commitFinishDrawingLocked
02-23 13:04:45.912  2028  2687 D OplusAppQuickStart_AppQuickStartController: onFirstWindowDrawn ar=ActivityRecord{4fc095e u0 com.jarvis/.MainActivity t726}
02-23 13:04:45.912  2028  2687 D ActivityTaskManager: Clearing startingData for activity=ActivityRecord{4fc095e u0 com.jarvis/.MainActivity t726} mStartingData=null mStartingSurface=null
02-23 13:04:45.913  4746 21512 I iopgp   : Iopgp: TRANSACTION_IOPGP_ON_ACTIVITY_LAUNCH_FINISHED sequence_id = 96 timestamp_nanos = 352290388983682
02-23 13:04:45.913  2028  2687 I Quality : LaunchTime2.0: com.jarvis/.MainActivity 1 1193 com.android.shell -1 220
02-23 13:04:45.915  2028  2687 D FlexibleWindowManagerService: onFlexibleWindowTaskAppeared: task = 726
02-23 13:04:45.915  2028  2687 D OplusFlexibleWindowMinimizedManagerHelper: onTaskAppered taskInfo:726
02-23 13:04:45.915  2028  2687 D OplusFlexibleDragToSplitAnimController: visibleFlexibleTaskInfos delete:726
02-23 13:04:45.918  2028  2687 D OplusAppQuickStart_AppQuickStartController: onFirstWindowDrawn ar=ActivityRecord{4fc095e u0 com.jarvis/.MainActivity t726}
02-23 13:04:45.918  2028  2687 D ActivityTaskManager: Clearing startingData for activity=ActivityRecord{4fc095e u0 com.jarvis/.MainActivity t726} mStartingData=null mStartingSurface=null
02-23 13:04:45.926  2028  5005 D VRR [OPlusExternalRefreshRateManager]: isPkgTfcEnable: pkgName = com.jarvis, enable = false
02-23 13:04:45.926  2028  5005 D VRR [OPlusExternalRefreshRateManager]: getTfcMinFramerate: pkgName = com.jarvis, min framerate = 0
02-23 13:04:45.973  2028  2685 W AccessibilityWindowsPopulator: The displayInfo of this displayId (0) called back from the surface fligner is null
02-23 13:04:46.034  2028  7225 D TextToSpeechManagerPerUserService: Trying to start connection to TTS engine: com.google.android.tts
02-23 13:04:46.036  2028  2028 D TextToSpeechManagerPerUserService: Connected successfully to TTS engine: com.google.android.tts
02-23 13:04:46.179  2028  2028 W AccessibilityManagerService:  wait for adding window timeout: 8969
02-23 13:04:46.270  2028  7231 D ActivityTaskManager: Skipping, invisible task: Task{e7e93cb #5 type=home I=com.android.launcher/.Launcher}
02-23 13:04:46.270  2028  7231 D ActivityTaskManager: pre-Filtered:com.jarvis # com.oneplus.deskclock # 
02-23 13:04:46.270  2028  7231 D ActivityTaskManager: after skip size 2
02-23 13:04:46.284  2028  7225 D CompatChangeReporter: Compat change id reported: 297989574; UID 10209; state: ENABLED
02-23 13:04:46.314 31109 31164 D OplusInputMethodUtil: init sDebug to false, init sDebugIme to false, init sAlwaysOn to false
02-23 13:04:46.315 31109 31164 D OplusInputMethodUtil: updateDebugToClass InputMethodManager.DEBUG = false
02-23 13:04:46.315 31109 31164 D OplusInputMethodUtil: updateDebugToClass ImeFocusController.DEBUG = false
02-23 13:04:46.315 31109 31164 D OplusInputMethodUtil: updateDebugToClass InsetsController.DEBUG = false
02-23 13:04:46.315 31109 31164 D OplusInputMethodUtil: updateDebugToClass BaseInputConnection.DEBUG = false
02-23 13:04:46.395  2028  3941 D CompatChangeReporter: Compat change id reported: 319212206; UID 10209; state: ENABLED
02-23 13:04:46.487  2028  4803 I ActivityManager: Death received, pid = 25551, processName = com.google.android.apps.photos for thread android.os.BinderProxy@c2f3ede
02-23 13:04:46.497  2028  7225 I ActivityManager: Death received, pid = 25552, processName = com.google.android.apps.nbu.files for thread android.os.BinderProxy@2f998bf
02-23 13:04:46.500  2028  3946 I ActivityManager: Process com.google.android.apps.nbu.files (pid 25552) has died: cch+75 CEM 
02-23 13:04:46.503  2028  3941 I ActivityManager: Death received, pid = 25540, processName = com.oplus.dmp:main for thread android.os.BinderProxy@38a6b8c
02-23 13:04:46.504  2028  3946 I ActivityManager: Process com.oplus.dmp:main (pid 25540) has died: cch+75 CEM 
02-23 13:04:46.506  2028  2680 D DisplayManagerService: Drop pending events for gone uid 10220
02-23 13:04:46.519  2028  3944 I ActivityManager: Process com.google.android.apps.photos (pid 25551) has died: cch+75 CEM 
02-23 13:04:46.522  2028  5008 I ActivityManager: Death received, pid = 27912, processName = com.google.android.apps.docs.editors.docs for thread android.os.BinderProxy@bbadbbc
02-23 13:04:46.527  2028  3946 I ActivityManager: Process com.google.android.apps.docs.editors.docs (pid 27912) has died: cch+55 CEM 
02-23 13:04:46.533  2028  7231 I ActivityManager: Death received, pid = 27578, processName = com.myntra.android for thread android.os.BinderProxy@53c3453
02-23 13:04:46.536  2028  2680 D DisplayManagerService: Drop pending events for gone uid 10334
02-23 13:04:46.550  2028  3944 I ActivityManager: Process com.myntra.android (pid 27578) has died: cch+65 CEM 
02-23 13:04:46.551  2028  2680 D DisplayManagerService: Drop pending events for gone uid 10241
02-23 13:04:46.551  2028  2680 D DisplayManagerService: Drop pending events for gone uid 10423
02-23 13:04:46.566  2028  2680 D DisplayManagerService: Drop pending events for gone uid 10277
02-23 13:04:47.284  2028  7239 I AppsFilter: interaction: PackageSetting{5e9becd com.jarvis/10485} -> PackageSetting{2910683 com.google.android.as/10219} BLOCKED
02-23 13:04:47.360  2028  2028 W SoundTriggerHelper: Recognition aborted
02-23 13:04:47.360  2028  3548 I SoundTriggerMiddlewareLogging: RECOGNITION (5, PhraseRecognitionEventSys{phraseRecognitionEvent: PhraseRecognitionEvent{common: RecognitionEvent{status: 1, type: 0, captureAvailable: false, captureDelayMs: 0, capturePreambleMs: 0, triggerInData: false, audioConfig: null, data: [], recognitionStillActive: false}, phraseExtras: []}, halEventReceivedMillis: -1, token: android.os.Binder@4b95c96}, 87441)
02-23 13:04:47.360 30055 30091 I AlwaysOnHotwordDetector: onRecognitionPaused
02-23 13:04:47.362 30055 30207 I AlwaysOnHotwordDetector: handle message 4
02-23 13:04:47.432  2028  2928 D OplusDisplayBrightnessBroadcastReceiver: onReceive action = android.intent.action.BATTERY_CHANGED , listeners = [com.android.server.display.OplusFeatureHDREnhanceBrightness$PhoneInfoReceiver@780cd78, com.android.server.display.OplusFeatureEdrEnhanceBrightness$PhoneInfoReceiver@3423c51]
02-23 13:04:47.444  2028  4892 V WindowManager: Relayout Window{e7b50bc u0 StatusBar}: viewVisibility=0, oldvis=0, req=1080x107, vsysui=, x=0, y=0
02-23 13:04:47.445  2028  4892 D OplusAppQuickStart_AppQuickStartController: onFirstWindowDrawn ar=ActivityRecord{4fc095e u0 com.jarvis/.MainActivity t726}
02-23 13:04:47.445  2028  4892 D ActivityTaskManager: Clearing startingData for activity=ActivityRecord{4fc095e u0 com.jarvis/.MainActivity t726} mStartingData=null mStartingSurface=null
02-23 13:04:47.454  2028  2687 D OplusAppQuickStart_AppQuickStartController: onFirstWindowDrawn ar=ActivityRecord{4fc095e u0 com.jarvis/.MainActivity t726}
02-23 13:04:47.454  2028  2687 D ActivityTaskManager: Clearing startingData for activity=ActivityRecord{4fc095e u0 com.jarvis/.MainActivity t726} mStartingData=null mStartingSurface=null
02-23 13:04:47.499  2028  2685 W AccessibilityWindowsPopulator: The displayInfo of this displayId (0) called back from the surface fligner is null
02-23 13:04:47.594  2028  5001 D WindowManagerServiceExtImpl: extractConfigInfoAndRealFlags rotation=0, screenDp=360, residentWS:0, win=Window{8ae1ced u0 com.jarvis/com.jarvis.MainActivity}
02-23 13:04:47.595  2028  5001 V WindowManager: Relayout Window{8ae1ced u0 com.jarvis/com.jarvis.MainActivity}: viewVisibility=4, oldvis=0, req=1080x2400, vsysui=
02-23 13:04:47.598  2028  5001 D OplusAppQuickStart_AppQuickStartController: onFirstWindowDrawn ar=ActivityRecord{4fc095e u0 com.jarvis/.MainActivity t726}
02-23 13:04:47.598  2028  5001 D ActivityTaskManager: Clearing startingData for activity=ActivityRecord{4fc095e u0 com.jarvis/.MainActivity t726} mStartingData=null mStartingSurface=null
02-23 13:04:47.599  2028  5001 D WindowManager: NFW_findFocusedWindowIfNeeded:Window{80d4fd5 u0 NotificationShade} mCurrentFocus:Window{80d4fd5 u0 NotificationShade}
02-23 13:04:47.601 31094 31094 D VRI[MainActivity]: relayoutWindow result, sizeChanged:false, surfaceControlChanged:true, transformHintChanged:false, mSurfaceSize:Point(1080, 2400), mLastSurfaceSize:Point(1080, 2400), mWidth:1080, mHeight:2400, requestedWidth:1080, requestedHeight:2400, transformHint:0, installOrientation:0, displayRotation:0, isSurfaceValid:false, attr.flag:-2122252032, tmpFrames:ClientWindowFrames{frame=[0,0][1080,2400] display=[0,0][1080,2400] parentFrame=[0,0][0,0]}, relayoutAsync:false, mSyncSeqId:0
02-23 13:04:47.604  2028  5001 D WindowManager: NFW_setClientVisible:ActivityRecord{4fc095e u0 com.jarvis/.MainActivity t726} clientVisible:false
02-23 13:04:47.605  2028  5001 I WindowManager: Window{8ae1ced u0 com.jarvis/com.jarvis.MainActivity} state from READY_TO_SHOW to NO_SURFACE; reason: destroySurface
02-23 13:04:47.606  2028  5001 D ActivityTaskManager: Clearing startingData for activity=ActivityRecord{4fc095e u0 com.jarvis/.MainActivity t726} mStartingData=null mStartingSurface=null
02-23 13:04:47.658  2028  2685 W AccessibilityWindowsPopulator: The displayInfo of this displayId (0) called back from the surface fligner is null
02-23 13:04:49.258  2028  2808 I ActivityManager: Waited long enough for: ServiceRecord{5aaf959 u0 com.oplus.sau/com.oplusos.sau.aidl.SauBinderUpdateService c:com.oplus.sau}
02-23 13:04:49.299  2028  7239 V WindowManager: Relayout Window{e7b50bc u0 StatusBar}: viewVisibility=0, oldvis=0, req=1080x107, vsysui=, x=0, y=0
02-23 13:04:49.359  2028  2685 W AccessibilityWindowsPopulator: The displayInfo of this displayId (0) called back from the surface fligner is null
02-23 13:04:50.394  2028  3512 V NetworkPolicy: updateNetworkEnabledNL() return
02-23 13:04:50.394  2028  3512 V NetworkPolicy: updateNotificationsNL not process
02-23 13:04:50.853  2028  4570 D OplusProxyWakeLock: check proxy worksource [ 10209] failed, reason:TAG_NULL ,tag: *job*
02-23 13:04:52.522  2028  2928 D OplusDisplayBrightnessBroadcastReceiver: onReceive action = android.intent.action.BATTERY_CHANGED , listeners = [com.android.server.display.OplusFeatureHDREnhanceBrightness$PhoneInfoReceiver@780cd78, com.android.server.display.OplusFeatureEdrEnhanceBrightness$PhoneInfoReceiver@3423c51]
02-23 13:04:55.957  2028  2808 I OplusStatusBarManagerServiceEnhance:  getTopIsFullscreen mTopIsFullscreen: false
02-23 13:04:55.958  2028  2028 D NotificationService--OplusNotificationManagerServiceExtImpl: isForwardToAssistants: true, case : Is local notification
02-23 13:04:55.958  2028  2028 D NotificationService: This application enqueue notifications is need postDelayed mcsAssistantDelayTime: 200
02-23 13:04:56.158  2028  7239 D OplusFeatureAOD: notifySfUnBlockScreenOn
02-23 13:04:56.159  2028  7239 D OplusPowerManagerHelper: scheduleNotifyStopDream
02-23 13:04:56.159  2028  7239 D OplusPowerManagerHelper: [onWakeUp]
02-23 13:04:56.159  2028  2902 D OplusPowerManagerHelper: handleMessage:102
02-23 13:04:56.159  2028  2902 D OplusPowerManagerHelper: MSG_STOP_DEAM
02-23 13:04:56.160  2028  7239 E OplusCustomizeRestrictionManagerService: isBiometricDisabled start
02-23 13:04:56.160  2028  7239 D OplusPowerManagerHelper: [requestKeyguard]
02-23 13:04:56.160  2028  7239 I PowerGroup: Waking up power group from Asleep (groupId=0, uid=10184, reason=WAKE_REASON_UNKNOWN, details=wakeUp)...
02-23 13:04:56.160  2028  7239 D PowerManagerService: userActivityNoUpdateLocked: groupId=0, eventTime=352300634, event=other, flags=0x0, uid=10184
02-23 13:04:56.161  2028  7239 I PowerManagerService: Waking up from Asleep (uid=10184, reason=WAKE_REASON_UNKNOWN, details=wakeUp)...
02-23 13:04:56.164  2028  7239 D OplusScreenOffTorchHelper: onWakeUp
02-23 13:04:56.165  2028  7239 D DisplayPowerController[0]: requestPowerState: policy=BRIGHT, useProximitySensor=false, screenBrightnessOverride=-1.0, useAutoBrightness=false, screenAutoBrightnessAdjustmentOverride=NaN, screenLowPowerBrightnessFactor=1.0, blockScreenOn=false, lowPowerMode=false, boostScreenBrightness=false, dozeScreenBrightness=NaN, dozeScreenState=UNKNOWN, dozeScreenStateReason=DEFAULT_POLICY, waitForNegativeProximity=false displayReady=false pendingRequest=true
02-23 13:04:56.165  2028  7239 D DisplayManagerServiceExtImpl: request size(1,1),dpc=com.android.server.display.DisplayPowerController@867fbb8 size(0,1),flags=0X200F,id(0,0,local:4630946896948975233),enable=true,ready=false,waitForNegativeProximity=false policy=BRIGHT,useProximitySensor=false,dozeState=UNKNOWN,screenBrightnessOverride=-1.000000,useAuto=false,lowPower=false,lowPowerFactor=1.000000
02-23 13:04:56.165  2028  2928 I OplusSmartBrightnessController: handleMessage MSG_UPDATE_BRIGHTNESS_NO_ANIMATION changed:true
02-23 13:04:56.165  2028  2928 D OplusSmartBrightnessController: setBrightnessNoAnimation false->true
02-23 13:04:56.166  2028  2902 D BackLightStat: setScreenState: state changed:OFF->ON
02-23 13:04:56.166  2028  2902 D OplusDisplayState: setScreenState = true isPrimary = true
02-23 13:04:56.166  2028  2902 D OplusSmartBrightnessController: onScreenEvent isScreenOn displayId[0]=true isFolding=false policy=BRIGHT
02-23 13:04:56.166  2028  2902 D Arc[OplusBrightnessAmbientAdapter]: onScreenEvent displayId:0 isScreenOn:true isFolding:false
02-23 13:04:56.166  2028  2985 D VRR [OPlusRefreshRateService]: handleScreenStateChange state: 2
02-23 13:04:56.166  2028  2985 D VRR [OPlusExternalRefreshRateManager]: screenStateChange state: 2
02-23 13:04:56.173  2028  2902 D Arc[OplusFeatureBrightnessBarController]: BrightnessBarController is not support.
02-23 13:04:56.173  2028  2928 I OplusSmartBrightnessController: handleMessage MSG_FORCE_UPDATE_BRIGHTNESS.
02-23 13:04:56.173  2028  2928 I OplusSmartBrightnessController: onTargetBrightnessChange brightness change to (6861.5127, 547.6225, 3260.0583)
02-23 13:04:56.174  2028  2902 D DisplayPowerState[0]: setScreenState changed:OFF->ON
02-23 13:04:56.174  2028  2902 I DisplayPowerController[0]: Blocking screen on until initial contents have been drawn.
02-23 13:04:56.175  2028  2902 D WindowManager: screenTurnedOn  Display{#0 state=OFF size=1080x2400 ROTATION_0}
02-23 13:04:56.175  2028  2903 W ProcessStats: Tracking association SourceState{a01d5e9 com.microsoft.appmanager:accsvc/10284 BFgs #1254599} whose proc state 4 is better than process ProcessState{20504de com.microsoft.appmanager:permsvc/10284 pkg=com.microsoft.appmanager} proc state 5 (1 skipped)
02-23 13:04:56.177  2028  2902 D OplusScreenOffGestureManager: unRegisterSensor:
02-23 13:04:56.180  2028  3566 I MR2ServiceImpl: Updating composite discovery preference | preference: RouteDiscoveryRequest{ preferredFeatures={}, activeScan=false }, active routers: []
02-23 13:04:56.182  2028  2902 D DisplayPowerController[0]: animateScreenStateChange screen on blocked blocker=com.android.server.display.DisplayPowerController$ScreenOnUnblocker@1368891
02-23 13:04:56.182  2028  2902 I DisplayBrightnessStrategySelector: Changing the DisplayBrightnessStrategy from ScreenOffBrightnessStrategy to InvalidBrightnessStrategy for display 0
02-23 13:04:56.182  2028  2902 D OplusSmartBrightnessController: wakeup displayId[0]=2400 -> 0
02-23 13:04:56.182  2028  2902 I OplusSmartBrightnessController: setPowerOnRealTimeBrightness 344.0
02-23 13:04:56.182  2028  2902 D OplusFeatureHDREnhanceBrightness: setAnimating : displayId[0]=false
02-23 13:04:56.182  2028  2902 D OplusFeatureReduceBrightness: setAnimating : animating = false
02-23 13:04:56.182  2028  2902 D OplusFeatureEdrEnhanceBrightness: setAnimating: false
02-23 13:04:56.182  2028  2902 D OplusFeaturePwEdrEnhanceBrightness: setAnimating: false
02-23 13:04:56.191  2028  2902 D DpcExtImpl[0]: Animating brightness: hdrBrightness target=13->344,sdrBrightness target=13->344,rate=2400->0,type=manual,byUse=false local:4630946896948975233
02-23 13:04:56.191  2028  2902 D DisplayPowerController[0]: updatePowerStateInternal policy:OFF->BRIGHT,state:OFF->ON policy=BRIGHT, useProximitySensor=false, screenBrightnessOverride=-1.0, useAutoBrightness=false, screenAutoBrightnessAdjustmentOverride=NaN, screenLowPowerBrightnessFactor=1.0, blockScreenOn=false, lowPowerMode=false, boostScreenBrightness=false, dozeScreenBrightness=NaN, dozeScreenState=UNKNOWN, dozeScreenStateReason=DEFAULT_POLICY
02-23 13:04:56.193 23494 23494 D ActivityThread: Package [com.jarvis] reported as REPLACED, but missing application info. Assuming REMOVED.
02-23 13:04:56.194  2028  2757 D AppProfilerExtImpl: Skipped pss collection for CPU busy
02-23 13:04:56.194 23494 23494 D ActivityThread: Package [com.jarvis] reported as REPLACED, but missing application info. Assuming REMOVED.
02-23 13:04:56.196  2028 31274 W ContextImpl: Calling a method in the system process without a qualified user: android.app.ContextImpl.sendBroadcast:1276 com.android.server.policy.PhoneWindowManagerExtImpl$5.run:1726 java.lang.Thread.run:1564 <bottom of call stack> <bottom of call stack> 
02-23 13:04:56.197  2028  2902 I ColorAutomaticBrightnessController: updateAutoBrightness: Auto, sendUpdate = true adjustment=6423.529297,changed:344->3260,modified:3260->3260->3260,changed=true,cameraMode=-1,ProximityNear=false
02-23 13:04:56.198  2028  2902 I OplusSmartBrightnessController: handleBrightnessTotalRateType displayId[0]=manual->automatic
02-23 13:04:56.198  2028  2902 D DisplayPowerState[0]: updateRunnable run fadeLevle=0.0 state=ON brightness changed:344.0->-1.0
02-23 13:04:56.198  2028  2902 D DisplayPowerController[0]: animateScreenStateChange screen on blocked blocker=com.android.server.display.DisplayPowerController$ScreenOnUnblocker@1368891
02-23 13:04:56.198  2028  3624 D DisplayPowerState[0]: Updating screen state: id=0, state=ON, backlight=-1.0, sdrBacklight=-1.0
02-23 13:04:56.198  2028  7203 D CoreBackPreview: Window{80d4fd5 u0 NotificationShade}: Setting back callback OnBackInvokedCallbackInfo{mCallback=android.window.IOnBackInvokedCallback$Stub$Proxy@a2a1ccd, mPriority=0, mIsAnimationCallback=false}
02-23 13:04:56.202  2028  2903 W ContextImpl: Calling a method in the system process without a qualified user: android.app.ContextImpl.sendBroadcast:1261 com.android.server.am.OplusAppStartupConfig.handleCountRestrictedList:1698 com.android.server.am.OplusAppStartupManager.updateScreenStatus:5352 com.android.server.OplusSysStateManager$LocalService.onWakefulnessChanged:417 com.android.server.power.NotifierExtImpl.onWakefulnessChanged:134 
02-23 13:04:56.202  2028  3941 D WindowManager: mKeyguardDelegate.ShowListener.onDrawn.
02-23 13:04:56.202 26493 26493 D ActivityThread: Package [com.jarvis] reported as REPLACED, but missing application info. Assuming REMOVED.
02-23 13:04:56.203  2028  2903 D NotifierExtImpl: notifyScreenOnOff: on = true
02-23 13:04:56.203  2028  2903 D OplusPowerManagerServiceEnhance: notifyScreenOnOff on=true
02-23 13:04:56.203 26493 26493 D ActivityThread: Package [com.jarvis] reported as REPLACED, but missing application info. Assuming REMOVED.
02-23 13:04:56.205  2028  2680 W WindowManager: Setting mKeyguardDrawComplete
02-23 13:04:56.206  2028  3624 D DisplayAdapterExt: sendDisplayDeviceEventLocked event=2,now=672996138,timestamp=672996138 device:[id=local:4630946896948975233,stack=-1],isFirst=true,activeMode=1,state=ON,commitState=OFF,devInfo:null
02-23 13:04:56.206  2028  3624 D OplusSmartBrightnessController: requestDisplayState isFirstDisplay=true state=2 globalDisplayState=0x2
02-23 13:04:56.206  2028  3624 D DisplayDeviceExt: setDisplayState([4630946896948975233,true],OFF->ON),t-Name=PhotonicModulator
02-23 13:04:56.206  2028  2680 I WindowManager: Window{80d4fd5 u0 NotificationShade} state from HAS_DRAWN to DRAW_PENDING; reason: requestDrawIfNeeded
02-23 13:04:56.206  2028  2685 D DisplayDeviceRepositoryExtImpl: onDisplayDeviceEvent event=2,now=672996138,timestamp=672996138 device:[id=local:4630946896948975233,stack=-1],isFirst=true,activeMode=1,state=ON,commitState=OFF,devInfo:null
02-23 13:04:56.207  2028  2680 I WindowManager: Waiting for drawn Window{80d4fd5 u0 NotificationShade}: removed=false visible=true mHasSurface=true drawState=1
02-23 13:04:56.207  2028  2680 D OplusWindowAnimationManager: Is NotificationShade draw check disabled: false, win: Window{80d4fd5 u0 NotificationShade}, clientRotation: 0, isFullscreen: true, requestedWidth: 1080, requestedHeight: 2400, physicalHeight: 2400, physicalWidth: 1080
02-23 13:04:56.207  2028  2680 D WindowManager: waitForAllWindowsDrawn displayId=-1,false,message={ when=-4d1h51m40s683ms what=7 arg1=-1 target=com.android.server.policy.PhoneWindowManager$PolicyHandler }
02-23 13:04:56.207  2028  2685 I DisplayDeviceRepository: Display device changed state: "Built-in Screen", ON
02-23 13:04:56.208  2028  2685 D LogicalDisplayMapper: Display device changed: DisplayDeviceInfo{"Built-in Screen": uniqueId="local:4630946896948975233", 1080 x 2400, modeId 1, renderFrameRate 120.00001, defaultModeId 1, userPreferredModeId -1, supportedModes [{id=1, width=1080, height=2400, fps=120.00001, vsync=120.00001, synthetic=false, alternativeRefreshRates=[30.000002, 48.000004, 50.0, 60.000004, 90.0], supportedHdrTypes=[]}, {id=2, width=1080, height=2400, fps=90.0, vsync=90.0, synthetic=false, alternativeRefreshRates=[30.000002, 48.000004, 50.0, 60.000004, 120.00001], supportedHdrTypes=[]}, {id=3, width=1080, height=2400, fps=60.000004, vsync=60.000004, synthetic=false, alternativeRefreshRates=[30.000002, 48.000004, 50.0, 90.0, 120.00001], supportedHdrTypes=[]}, {id=4, width=1080, height=2400, fps=50.0, vsync=50.0, synthetic=false, alternativeRefreshRates=[30.000002, 48.000004, 60.000004, 90.0, 120.00001], supportedHdrTypes=[]}, {id=5, width=1080, height=2400, fps=48.000004, vsync=48.000004, synthetic=false, alternativeRefreshRates=[30.000002, 50.0, 60.000004, 90.0, 120.00001], supportedHdrTypes=[]}, {id=6, width=1080, height=2400, fps=30.000002, vsync=30.000002, synthetic=false, alternativeRefreshRates=[48.000004, 50.0, 60.000004, 90.0, 120.00001], supportedHdrTypes=[]}], colorMode 0, supportedColorModes [0, 7, 9], hdrCapabilities HdrCapabilities{mSupportedHdrTypes=[], mMaxLuminance=500.0, mMaxAverageLuminance=500.0, mMinLuminance=0.0}, allmSupported false, gameContentTypeSupported false, density 480, 391.885 x 390.769 dpi, appVsyncOff 1000000, presDeadline 12666666, cutout DisplayCutout{insets=Rect(0, 107 - 0, 0) waterfall=Insets{left=0, top=0, right=0, bottom=0} boundingRect={Bounds=[Rect(0, 0 - 0, 0), Rect(502, 0 - 578, 107), Rect(0, 0 - 0, 0), Rect(0, 0 - 0, 0)]} cutoutPathParserInfo={CutoutPathParserInfo{displayWidth=1080 displayHeight=2400 physicalDisplayWidth=1080 physicalDisplayHeight=2400 density={3.0} cutoutSpec={M -38,0 L -38,107 L 38,107 L 38,0 Z} rotation={0} scale={1.0} physicalPixelDisplaySizeRatio={1.0}}} sideOverrides={}}, touch INTERNAL, rotation 0, type INTERNAL, address {port=129, model=0x40446daabe5756}, deviceProductInfo DeviceProductInfo{name=, manufacturerPnpId=QCM, productId=1, modelYear=null, manufactureDate=ManufactureDate{week=27, year=2006}, connectionToSinkType=0}, state ON, committedState OFF, frameRateOverride , brightnessMinimum 0.0, brightnessMaximum 1.0, brightnessDefault 738.8214, hdrSdrRatio 1.0, backlightType 0, roundedCorners RoundedCorners{[RoundedCorner{position=TopLeft, radius=60, center=Point(60, 60)}, RoundedCorner{position=TopRight, radius=60, center=Point(1020, 60)}, RoundedCorner{position=BottomRight, radius=60, center=Point(1020, 2340)}, RoundedCorner{position=BottomLeft, radius=60, center=Point(60, 2340)}]}, FLAG_ALLOWED_TO_BE_DEFAULT_DISPLAY, FLAG_ROTATES_WITH_CONTENT, FLAG_SECURE, FLAG_SUPPORTS_PROTECTED_BUFFERS, FLAG_TRUSTED, installOrientation 0, displayShape DisplayShape{ spec=-1893857183 displayWidth=1080 displayHeight=2400 physicalPixelDisplaySizeRatio=1.0 rotation=0 offsetX=0 offsetY=0 scale=1.0}} diff=2
02-23 13:04:56.208  2028  2685 D LogicalDisplayExt: set displayInfo flag FLAG_ROTATES_WITH_CONTENT
02-23 13:04:56.215  2028  2028 V AlarmManager: sending alarm Alarm{dba1bce type 3 origWhen 672939933 whenElapsed 672939933 android} uid 1000 whenElapsed 672939933 windowLength 0 maxWhenElapsed 672939933 repeatInterval 0 action null component null tag TIME_TICK flags 0x9 procName system_server
02-23 13:04:56.216  2028  2685 D DisplayManagerServiceExtImpl: scheduleTraversalLocked intraversal=false
02-23 13:04:56.216  2028  2685 I DisplayManagerServiceExtImpl: handle logical display changed logicalDisplay=id=0,stack=0,content=true,displayInfo{stack=0,type=1,id=0,uId=local:4630946896948975233,state=ON,pkg=null}
02-23 13:04:56.217  2028  2687 D DisplayManagerService: performTraversalInternal pendingTraversal
02-23 13:04:56.217  2028  2687 D DisplayDevice: setLayerStackLocked id=local:4630946896948975233 token=android.os.BinderProxy@5905c34 stack=-1->0
02-23 13:04:56.217  2028  2687 I DisplayDevice: [0] Layerstack set to 0 for local:4630946896948975233
02-23 13:04:56.218  2028  2902 D BrightnessThermalClamper: Thermal status observer already started
02-23 13:04:56.218  2028  2902 D BrightnessPowerClamper: Power throttling data is missing for configuration data.
02-23 13:04:56.220  2028  2687 I WindowManager: Waiting for drawn Window{80d4fd5 u0 NotificationShade}: removed=false visible=true mHasSurface=true drawState=1
02-23 13:04:56.220  2028  2687 D OplusWindowAnimationManager: Is NotificationShade draw check disabled: false, win: Window{80d4fd5 u0 NotificationShade}, clientRotation: 0, isFullscreen: true, requestedWidth: 1080, requestedHeight: 2400, physicalHeight: 2400, physicalWidth: 1080
02-23 13:04:56.223  2028  2028 V AlarmManager: sending alarm Alarm{163270b type 3 origWhen 672942265 whenElapsed 672942265 com.whatsapp} uid 10276 whenElapsed 672942265 windowLength 11249 maxWhenElapsed 672953514 repeatInterval 0 action com.whatsapp.alarm.CLIENT_PING_PERIODIC component null flags 0x8 procName com.whatsapp
02-23 13:04:56.226  2028  2028 V AlarmManager: sending alarm Alarm{5f9b801 type 3 origWhen 672964219 whenElapsed 672964219 com.oplus.nhs} uid 1001 whenElapsed 672964219 windowLength 225000 maxWhenElapsed 673189219 repeatInterval 300000 action oplus.intent.action.INTERNAL_LOOP_UPDATE_ACTIVITYINFO_ALARM component ComponentInfo{com.oplus.nhs/com.oplus.nhs.pwr.ModemAci.ModemAciAlarmReceiver} flags 0x8 procName com.oplus.nhs
02-23 13:04:56.228  2028  2028 V AlarmManager: sending alarm Alarm{329d6a6 type 3 origWhen 672975678 whenElapsed 672975678 android} uid 1000 whenElapsed 672975678 windowLength 0 maxWhenElapsed 672975678 repeatInterval 0 action null component null tag StatsCompanionService.pull flags 0x9 procName system_server
02-23 13:04:56.229  2028  2028 V AlarmManager: sending alarm Alarm{29b28e7 type 3 origWhen 672985758 whenElapsed 672985758 com.google.android.gms} uid 10108 whenElapsed 672985758 windowLength 0 maxWhenElapsed 672985758 repeatInterval 0 action com.google.android.gms.gcm.ACTION_CHECK_QUEUE component ComponentInfo{com.google.android.gms/com.google.android.gms.gcm.nts.SchedulerInternalReceiver} flags 0x0 procName com.google.android.gms.persistent
02-23 13:04:56.230  2028  2028 V AlarmManager: sending alarm Alarm{c30fc94 type 3 origWhen 672988264 whenElapsed 672988264 android} uid 1000 whenElapsed 672988264 windowLength 0 maxWhenElapsed 672988264 repeatInterval 0 action null component null tag *job.delay* flags 0x0 procName system_server
02-23 13:04:56.232  2028  2028 I OplusProxyWakeLock: prevent update worksource , it becomes empty, release wakelock: lock:65474384 PARTIAL_WAKE_LOCK                 '*alar' DISABLED (uid=1000 pid=2028 ws=WorkSource{1000})
02-23 13:04:56.236  2028  3579 I OplusProxyWakeLock: prevent update worksource , it becomes empty, release wakelock: wakelock is not exist
02-23 13:04:56.237  2028  2685 D DisplayManagerService: Delivering display event: displayId=0, event=CHANGED
02-23 13:04:56.241  3826  3826 W VRI[NotificationShade]: handleResized, msg:, frameChanged:false, configChanged:false, displayChanged:false, attachedFrameChanged:false, compatScaleChanged:false, pendingDragResizing=false
02-23 13:04:56.241  2028  2680 D OplusVFXScreenEffectFeature: notifySFCompatWindowStateChange entered false
02-23 13:04:56.242  2028  2680 D FSS_FoldScreenBlackCoverController: displayChangeToOn, dc:Display{#0 state=ON size=1080x2400 ROTATION_0}
02-23 13:04:56.248  2028  2685 D DisplayManagerService: MSG_REQUEST_TRAVERSAL pendingCompleted=false
02-23 13:04:56.252  3774  3774 D CastManagerService: onDisplayChanged.
02-23 13:04:56.258  2028  2680 I WindowManager: Waiting for drawn Window{80d4fd5 u0 NotificationShade}: removed=false visible=true mHasSurface=true drawState=1
02-23 13:04:56.258  2028  2680 D OplusWindowAnimationManager: Is NotificationShade draw check disabled: false, win: Window{80d4fd5 u0 NotificationShade}, clientRotation: 0, isFullscreen: true, requestedWidth: 1080, requestedHeight: 2400, physicalHeight: 2400, physicalWidth: 1080
02-23 13:04:56.264  2028  2687 I WindowManager: Waiting for drawn Window{80d4fd5 u0 NotificationShade}: removed=false visible=true mHasSurface=true drawState=1
02-23 13:04:56.264  2028  2687 D OplusWindowAnimationManager: Is NotificationShade draw check disabled: false, win: Window{80d4fd5 u0 NotificationShade}, clientRotation: 0, isFullscreen: true, requestedWidth: 1080, requestedHeight: 2400, physicalHeight: 2400, physicalWidth: 1080
02-23 13:04:56.280  2028  2903 D OplusAlarmAdjustment: MSG_SCREEN_ON, mScreenOnElapsed=672996213 ms
02-23 13:04:56.280  2028  2903 D OplusAlarmAdjustMap: removeAlignUid, uid=0, requester=0
02-23 13:04:56.284  2028  3334 I OplusProxyWakeLock: prevent update worksource , it becomes empty, release wakelock: wakelock is not exist
02-23 13:04:56.292  2028  4119 I WindowManager: Window{80d4fd5 u0 NotificationShade} state from DRAW_PENDING to COMMIT_DRAW_PENDING; reason: finishDrawingLocked
02-23 13:04:56.294  2028  2687 I WindowManager: Window{80d4fd5 u0 NotificationShade} state from COMMIT_DRAW_PENDING to READY_TO_SHOW; reason: commitFinishDrawingLocked
02-23 13:04:56.295  2028  2687 I WindowManager: Window{80d4fd5 u0 NotificationShade} state from READY_TO_SHOW to HAS_DRAWN; reason: performShowLocked
02-23 13:04:56.296  2028  3296 D OplusCustomizeRestrictionManagerService: isSuperPowerSavingModeDisabled Pid: 7318, Uid: 1000
02-23 13:04:56.296  2028  2687 I WindowManager: Waiting for drawn Window{80d4fd5 u0 NotificationShade}: removed=false visible=true mHasSurface=true drawState=4
02-23 13:04:56.296  2028  2687 D OplusWindowAnimationManager: Is NotificationShade draw check disabled: false, win: Window{80d4fd5 u0 NotificationShade}, clientRotation: 0, isFullscreen: true, requestedWidth: 1080, requestedHeight: 2400, physicalHeight: 2400, physicalWidth: 1080
02-23 13:04:56.297  2028  3296 D OplusCustomizeRestrictionManagerService: isSuperPowerSavingModeDisabled Pid: 7318, Uid: 1000
02-23 13:04:56.308  2028  2680 W WindowManager: All windows drawn on display -1
02-23 13:04:56.308  2028  2680 D FSS_FoldScreenBlackCoverController: finishWindowsDrawn, displayId:-1
02-23 13:04:56.309  2028  2680 I WindowManager: Finished screen turning on...0
02-23 13:04:56.309  2028  2680 D DpcExtImpl[0]: ScreenOnUnblocker, onScreenOn
02-23 13:04:56.309  2028  2902 I DisplayPowerController[0]: Unblocked screen on after 135 ms
02-23 13:04:56.310  2028  2902 D DisplayPowerState[0]: setColorFadeLevel: level=1.0
02-23 13:04:56.318  2028  2685 W AccessibilityWindowsPopulator: The displayInfo of this displayId (0) called back from the surface fligner is null
02-23 13:04:56.326  2028  7206 D OplusBatteryServiceFeature: setSmartCoolDown: coolDown = 3, normalCoolDown = 3, pkgName = com.jarvis
02-23 13:04:56.332  2028  4119 V WindowManager: Relayout Window{1a32c95 u0 OplusPrivacyIconTopLeft}: viewVisibility=8, oldvis=8, req=12x12, vsysui=LAYOUT_STABLE, x=35, y=56
02-23 13:04:56.337  2028  5006 D WindowManagerServiceExtImpl: extractConfigInfoAndRealFlags rotation=0, screenDp=360, residentWS:0, win=Window{8ae1ced u0 com.jarvis/com.jarvis.MainActivity}
02-23 13:04:56.337  2028  5006 V WindowManager: Relayout Window{8ae1ced u0 com.jarvis/com.jarvis.MainActivity}: viewVisibility=8, oldvis=4, req=1080x2400, vsysui=
02-23 13:04:56.339  2028  5006 D WindowManager: NFW_findFocusedWindowIfNeeded:Window{80d4fd5 u0 NotificationShade} mCurrentFocus:Window{80d4fd5 u0 NotificationShade}
02-23 13:04:56.340 31094 31094 D VRI[MainActivity]: relayoutWindow result, sizeChanged:false, surfaceControlChanged:false, transformHintChanged:false, mSurfaceSize:Point(1080, 2400), mLastSurfaceSize:Point(1080, 2400), mWidth:1080, mHeight:2400, requestedWidth:1080, requestedHeight:2400, transformHint:0, installOrientation:0, displayRotation:0, isSurfaceValid:false, attr.flag:-2122252032, tmpFrames:ClientWindowFrames{frame=[0,0][1080,2400] display=[0,0][1080,2400] parentFrame=[0,0][0,0]}, relayoutAsync:false, mSyncSeqId:0
