2026-02-23 17:38:25.579  3826  3884 D ShellBackPreview: Received backNavigationInfo:BackNavigationInfo{mType=TYPE_CALLBACK (4), mOnBackNavigationDone=android.os.RemoteCallback@ae58c9a, mOnBackInvokedCallback=android.window.IOnBackInvokedCallback$Stub$Proxy@daff9cb, mPrepareRemoteAnimation=false, mAnimationCallback=false, mCustomizeAnimationInfo=null}
2026-02-23 17:38:25.593  2028  5004 V WindowManager: Relayout Window{11634da u0 ColorSideGestureRight_displayId_0}: viewVisibility=0, oldvis=8, req=115x2713, vsysui=
2026-02-23 17:38:25.593  2028  5004 I WindowManager: Window{11634da u0 ColorSideGestureRight_displayId_0} state from NO_SURFACE to DRAW_PENDING; reason: resetDrawState
2026-02-23 17:38:25.601  2028  5004 D WindowManager: NFW_findFocusedWindowIfNeeded:Window{f0e641d u0 com.whatsapp/com.whatsapp.Conversation} mCurrentFocus:Window{f0e641d u0 com.whatsapp/com.whatsapp.Conversation}
2026-02-23 17:38:25.606  2028  2680 D WindowManager: request show transient bar, navigationBar already visible
2026-02-23 17:38:25.615  2028  5004 I WindowManager: Window{11634da u0 ColorSideGestureRight_displayId_0} state from DRAW_PENDING to COMMIT_DRAW_PENDING; reason: finishDrawingLocked
2026-02-23 17:38:25.617  2028  2687 I WindowManager: Window{11634da u0 ColorSideGestureRight_displayId_0} state from COMMIT_DRAW_PENDING to READY_TO_SHOW; reason: commitFinishDrawingLocked
2026-02-23 17:38:25.617  2028  2687 I WindowManager: Window{11634da u0 ColorSideGestureRight_displayId_0} state from READY_TO_SHOW to HAS_DRAWN; reason: performShowLocked
2026-02-23 17:38:25.648  2028  2028 W AccessibilityManagerService:  wait for adding window timeout: 8796
2026-02-23 17:38:25.684  2028  3459 D PowerManagerService: userActivityNoUpdateLocked: groupId=0, eventTime=368268525, event=touch, flags=0x0, uid=1000
2026-02-23 17:38:25.686  3826  3884 D ShellBackPreview: Finishing gesture with event action: 1
2026-02-23 17:38:25.686  3826  3884 D ShellBackPreview: onGestureFinished() mTriggerBack == true
2026-02-23 17:38:25.686  3826  3884 D ShellBackPreview: Trigger back without dispatching to animator.
2026-02-23 17:38:25.688  3826  3884 D ShellBackPreview: BackAnimationController: finishBackNavigation()
2026-02-23 17:38:25.689  2028  5004 D CoreBackPreview: onBackNavigationDone backType=4, triggerBack=true
2026-02-23 17:38:25.704  2028  5007 D ActivityRecordExtImpl: skipPrepareAppTransitionForZoom false
2026-02-23 17:38:25.704  3826  3884 V WindowManagerShell: Transition requested (#10157): android.os.BinderProxy@853454 TransitionRequestInfo { type = CLOSE, triggerTask = null, pipTask = null, remoteTransition = null, displayChange = null, flags = 0, debugId = 10157 }
2026-02-23 17:38:25.704  2028  5007 D ActivityTaskManager: setAppVisibility(Token{90dfae1 ActivityRecord{efc36eb u0 com.whatsapp/.Conversation t742 f}}}, visible=false): mNextAppTransitionRequests=[], mNextAppTransitionFlags=,mAppTransitionState=APP_STATE_IDLE visible=true mVisibleRequested=true
2026-02-23 17:38:25.704  2028  5007 D ActivityTaskManager: setVisibility(Token{90dfae1 ActivityRecord{efc36eb u0 com.whatsapp/.Conversation t742 f}}}, visible=false) defer commitVisibility for transition collecting
2026-02-23 17:38:25.725  2028  5004 I OplusAccessController: enter isIgnoreAppSwitchActivity
2026-02-23 17:38:25.725  2028  5004 I OplusAccessController: enter isIgnoreAppSwitchActivity and intent != null
2026-02-23 17:38:25.725  2028  5004 I OplusAccessController: enter isIgnoreAppSwitchActivity and componentName != null
2026-02-23 17:38:25.725  2028  5004 I OplusAccessController: enter isIgnoreAppSwitchActivity and packageName&activity is not Empty
2026-02-23 17:38:25.725  2028  5004 D ActivityTaskManager: setAppVisibility(Token{26dcec2 ActivityRecord{57b2c37 u0 com.whatsapp/.home.ui.HomeActivity t742}}, visible=true): mNextAppTransitionRequests=[], mNextAppTransitionFlags=,mAppTransitionState=APP_STATE_IDLE visible=false mVisibleRequested=false
2026-02-23 17:38:25.726  2028  5004 D WindowManager: NFW_setClientVisible:ActivityRecord{57b2c37 u0 com.whatsapp/.home.ui.HomeActivity t742} clientVisible:true
2026-02-23 17:38:25.726  2028  5004 D ActivityTaskManager: setVisibility(Token{26dcec2 ActivityRecord{57b2c37 u0 com.whatsapp/.home.ui.HomeActivity t742}}, visible=true) defer commitVisibility for transition collecting
2026-02-23 17:38:25.727  2028  5004 D ActivityTaskManager: NFW_setLastResumedActivityUncheckLocked:true r:ActivityRecord{57b2c37 u0 com.whatsapp/.home.ui.HomeActivity t742} currentFocus:Window{f0e641d u0 com.whatsapp/com.whatsapp.Conversation}
2026-02-23 17:38:25.727  2028  5004 D WindowManager: NFW_findFocusedWindowIfNeeded:null mCurrentFocus:Window{f0e641d u0 com.whatsapp/com.whatsapp.Conversation}
2026-02-23 17:38:25.727  2028  5004 V WindowManager: Changing focus from Window{f0e641d u0 com.whatsapp/com.whatsapp.Conversation} to null,diplayid=0
2026-02-23 17:38:25.729  2028  4457 D OplusAppSwitchRuleInfo: generateActivityEnterInfo - launch_source_type = localnotification , launch_source_traceid = 
2026-02-23 17:38:25.729  2028  5004 D WindowManager: rotation(ROTATION_0) no changed  displayId = 0, lastOrientation = -1
2026-02-23 17:38:25.729  2028  5004 I TaskOrganizerController: onTaskInfoChanged taskid 742 config { mBounds=Rect(0, 0 - 1080, 2400) mAppBounds=Rect(0, 0 - 1080, 2400) mMaxBounds=Rect(0, 0 - 1080, 2400) mDisplayRotation=ROTATION_0 mWindowingMode=fullscreen mActivityType=standard mAlwaysOnTop=undefined mRotation=ROTATION_0}
2026-02-23 17:38:25.730  2028  5004 D OplusFlexibleWindowMinimizedManagerHelper: onTaskInfoChanged taskInfo:TaskInfo{userId=0 taskId=742 displayId=0 isRunning=true baseIntent=Intent { flg=0x10000000 cmp=com.whatsapp/.home.ui.HomeActivity mCallingUid=10276 } baseActivity=ComponentInfo{com.whatsapp/com.whatsapp.home.ui.HomeActivity} topActivity=ComponentInfo{com.whatsapp/com.whatsapp.home.ui.HomeActivity} origActivity=null realActivity=ComponentInfo{com.whatsapp/com.whatsapp.home.ui.HomeActivity} numActivities=1 lastActiveTime=689405659 supportsSplitScreenMultiWindow=true supportsMultiWindow=true supportsPocketStudioMultiWindow=true isInFlexibleEmbedded = false uid = 10276 pid = 26670 resizeMode=1 isResizeable=true minWidth=-1 minHeight=-1 defaultMinSize=220 token=WCT{RemoteToken{ac15928 Task{4c84f0d #742 type=standard A=10276:com.whatsapp}}} topActivityType=1 pictureInPictureParams=null shouldDockBigOverlays=false launchIntoPipHostTaskId=-1 lastParentTaskIdBeforePip=-1 displayCutoutSafeInsets=null topActivityInfo=ActivityInfo{abaf1c0 com.whatsapp.home.ui.HomeActivity} launchCookies=[android.os.BinderProxy@2d67ae0] positionInParent=Point(0, 0) parentTaskId=-1 isFocused=true isVisible=true isVisibleRequested=true isSleeping=false locusId=null displayAreaFeatureId=1 isTopActivityTransparent=false appCompatTaskInfo=AppCompatTaskInfo { topActivityInSizeCompat=false topActivityInOplusCompatMode=false topActivityEligibleForLetterboxEducation= falseisLetterboxEducationEnabled= false isLetterboxDoubleTapEnabled= false topActivityEligibleForUserAspectRatioButton= false topActivityBoundsLetterboxed= false isFromLetterboxDoubleTap= false topActivityLetterboxVerticalPosition= -1 topActivityLetterboxHorizontalPosition= -1 topActivityLetterboxWidth=1080 topActivityLetterboxHeight=2400 isUserFullscreenOverrideEnabled=false isSystemFullscreenOverrideEnabled=false cameraCompatTaskInfo=CameraCompatTaskInfo { cameraCompatControlState=hidden freeformCameraCompatMode=inactive}} topActivityLetterboxInsets=Rect(0, 0 - 0, 0) mOplusExtraBundle = Bundle[{androidx.flexible.taskFrame=Rect(0, 0 - 0, 0), key_flexible_task_state=0, androidx.activity.LaunchScenario=0, androidx.activity.LaunchScale=1.0}]} task:Task{4c84f0d #742 type=standard A=10276:com.whatsapp}
2026-02-23 17:38:25.730  2028  5004 D OplusFlexibleDragToSplitAnimController: visibleFlexibleTaskInfos delete:742
2026-02-23 17:38:25.739  2028  5002 D ActivityTaskManager: Skipping, invisible task: Task{e7e93cb #5 type=home I=com.android.launcher/.Launcher}
2026-02-23 17:38:25.740  2028  5002 D OplusSplitScreenManagerService: com.instagram.android unSupportsSplitScreen by blockList or ForbidActivityList
2026-02-23 17:38:25.740  2028  5002 D ActivityTaskManager: pre-Filtered:com.whatsapp # com.jarvis # com.instagram.android # com.google.android.apps.docs # com.application.zomato # 
2026-02-23 17:38:25.740  2028  5002 D ActivityTaskManager: after skip size 5
2026-02-23 17:38:25.743  2028  5007 V WindowManager: Relayout Window{11634da u0 ColorSideGestureRight_displayId_0}: viewVisibility=8, oldvis=0, req=115x2713, vsysui=
2026-02-23 17:38:25.743  2028  5007 I WindowManager: Window{11634da u0 ColorSideGestureRight_displayId_0} state from HAS_DRAWN to NO_SURFACE; reason: destroySurface
2026-02-23 17:38:25.746  2028  5007 D WindowManager: NFW_findFocusedWindowIfNeeded:null mCurrentFocus:null
2026-02-23 17:38:25.746 26670 26670 D ActivityThread: ComponentInfo{com.whatsapp/com.whatsapp.home.ui.HomeActivity} checkFinished=false 2
2026-02-23 17:38:25.746 26670 26670 D ResourcesManagerExtImpl: applyConfigurationToAppResourcesLocked app.getDisplayId() return callback.displayId:0
2026-02-23 17:38:25.775  2028  5004 D WindowManagerServiceExtImpl: extractConfigInfoAndRealFlags rotation=0, screenDp=360, residentWS:0, win=Window{3db6c72 u0 com.whatsapp/com.whatsapp.home.ui.HomeActivity}
2026-02-23 17:38:25.775  2028  5004 V WindowManager: Relayout Window{3db6c72 u0 com.whatsapp/com.whatsapp.home.ui.HomeActivity}: viewVisibility=0, oldvis=8, req=1080x2400, vsysui=LAYOUT_FULLSCREEN, x=0, y=0
2026-02-23 17:38:25.776  2028  5004 I WindowManager: Window{3db6c72 u0 com.whatsapp/com.whatsapp.home.ui.HomeActivity} state from NO_SURFACE to DRAW_PENDING; reason: resetDrawState
2026-02-23 17:38:25.779  2028  5004 D WindowManager: NFW_findFocusedWindowIfNeeded:Window{3db6c72 u0 com.whatsapp/com.whatsapp.home.ui.HomeActivity} mCurrentFocus:null
2026-02-23 17:38:25.779  2028  5004 V WindowManager: Changing focus from null to Window{3db6c72 u0 com.whatsapp/com.whatsapp.home.ui.HomeActivity},diplayid=0
2026-02-23 17:38:25.780  2028  5004 D WindowManager: setFrameRateStart invalid typeId return!
2026-02-23 17:38:25.782  2028  5004 D WindowManager: setFrameRateStart invalid typeId return!
2026-02-23 17:38:25.784 26670 26670 D VRI[HomeActivity]: relayoutWindow result, sizeChanged:false, surfaceControlChanged:true, transformHintChanged:false, mSurfaceSize:Point(1080, 2400), mLastSurfaceSize:Point(1080, 2400), mWidth:1080, mHeight:2400, requestedWidth:1080, requestedHeight:2400, transformHint:0, installOrientation:0, displayRotation:0, isSurfaceValid:true, attr.flag:-2122252032, tmpFrames:ClientWindowFrames{frame=[0,0][1080,2400] display=[0,0][1080,2400] parentFrame=[0,0][0,0]}, relayoutAsync:false, mSyncSeqId:0
2026-02-23 17:38:25.784 26670 26670 W VRI[HomeActivity]: updateBlastSurfaceIfNeeded, surfaceSize:Point(1080, 2400), lastSurfaceSize:Point(1080, 2400), format:-2, blastBufferQueue:null
2026-02-23 17:38:25.826  2028  5007 D OplusTransitionController: onSyncFinishedDrawing, Window{3db6c72 u0 com.whatsapp/com.whatsapp.home.ui.HomeActivity}
2026-02-23 17:38:25.826  2028  5007 I WindowManager: finishDrawing skipLayout:false,syncSeqId=0,mPrepareSyncSeqId=0 Window{3db6c72 u0 com.whatsapp/com.whatsapp.home.ui.HomeActivity} com.android.server.wm.WindowManagerService.finishDrawingWindow:3140 com.android.server.wm.Session.finishDrawing:380 android.view.IWindowSession$Stub.onTransact:815 
2026-02-23 17:38:25.826  2028  5007 I WindowManager: Window{3db6c72 u0 com.whatsapp/com.whatsapp.home.ui.HomeActivity} state from DRAW_PENDING to COMMIT_DRAW_PENDING; reason: finishDrawingLocked
2026-02-23 17:38:25.826  2028  5007 D OplusTransitionAnimationManager: skipFinishDrawingIfNeed clientRotation=0, currentRotation=0, hasFixedRotationApp=false, requestedOrientation=-1, win=Window{3db6c72 u0 com.whatsapp/com.whatsapp.home.ui.HomeActivity}, activity=ActivityRecord{57b2c37 u0 com.whatsapp/.home.ui.HomeActivity t742}, currentConfig={0.86 ??mcc??mnc [en_GB,en_IN] ldltr sw360dp w360dp h800dp 480dpi nrml long widecg port night finger -keyb/v/h -nav/h winConfig={ mBounds=Rect(0, 0 - 1080, 2400) mAppBounds=Rect(0, 0 - 1080, 2400) mMaxBounds=Rect(0, 0 - 1080, 2400) mDisplayRotation=ROTATION_0 mWindowingMode=fullscreen mActivityType=standard mAlwaysOnTop=undefined mRotation=ROTATION_0} s.4 fontWeightAdjustment=0mThemeChanged= 0, mThemeChangedFlags= 0, mFlipFont= 0, mScenario= 0, mAccessibleChanged= -1, mUxIconConfig= 3468921665126138177, mMaterialColor= 20000, mUserId= 0, mFontUserId= 0, mFontVariationSettings= 226, mFoldingAngle = -1.0, mIconPackName= , mDarkModeBackgroundMaxL= 0.0, mDarkModeDialogBgMaxL= 27.0, mDarkModeForegroundMinL= 100.0, mOplusConfigType= 1, mOplusChangedConfigs= 0, OpSans= -1, mBurmeseFontFlag= 2, mFlag= 0, mFlexibleActivitySuitable= -1, mPuttDisplayFlag= -1}
2026-02-23 17:38:25.830  2028  2687 I WindowManager: Window{3db6c72 u0 com.whatsapp/com.whatsapp.home.ui.HomeActivity} state from COMMIT_DRAW_PENDING to READY_TO_SHOW; reason: commitFinishDrawingLocked
2026-02-23 17:38:25.831  2028  2687 D OplusAppQuickStart_AppQuickStartController: onFirstWindowDrawn ar=ActivityRecord{57b2c37 u0 com.whatsapp/.home.ui.HomeActivity t742}
2026-02-23 17:38:25.831  2028  2687 D ActivityTaskManager: Clearing startingData for activity=ActivityRecord{57b2c37 u0 com.whatsapp/.home.ui.HomeActivity t742} mStartingData=null mStartingSurface=null
2026-02-23 17:38:25.833  2028  2687 D ActivityTaskManager: commitVisibility: ActivityRecord{57b2c37 u0 com.whatsapp/.home.ui.HomeActivity t742}: visible=true visibleRequested=true, isInTransition=true, runningAnimation=true 
2026-02-23 17:38:25.833  2028  2687 D OplusAppQuickStart_AppQuickStartController: onFirstWindowDrawn ar=ActivityRecord{57b2c37 u0 com.whatsapp/.home.ui.HomeActivity t742}
2026-02-23 17:38:25.833  2028  2687 D ActivityTaskManager: Clearing startingData for activity=ActivityRecord{57b2c37 u0 com.whatsapp/.home.ui.HomeActivity t742} mStartingData=null mStartingSurface=null
2026-02-23 17:38:25.833  2028  2687 I WindowManager: Window{3db6c72 u0 com.whatsapp/com.whatsapp.home.ui.HomeActivity} state from READY_TO_SHOW to HAS_DRAWN; reason: performShowLocked
2026-02-23 17:38:25.834  2028  2687 D Transition: collectOrderChanges onTopTasksEnd: [Task{4c84f0d #742 type=standard A=10276:com.whatsapp}], reportedOnTop:null, mOnTopTasksStart: [Task{4c84f0d #742 type=standard A=10276:com.whatsapp}], TDA child: [Task{9ee008 #2 type=undefined}, Task{5860b53 #732 type=standard A=10490:com.application.zomato}, Task{fc6b453 #745 type=standard A=10260:com.google.android.apps.docs}, Task{5364a4d #738 type=standard A=10419:com.instagram.android}, Task{5b91acc #1 type=home}, Task{519e85d #749 type=standard A=10485:com.jarvis}, Task{4c84f0d #742 type=standard A=10276:com.whatsapp}]
2026-02-23 17:38:25.834  2028  2687 D OplusFlexibleActivityTransitionManager: fixTransitType type result:2, targets: [ActivityRecord{efc36eb u0 com.whatsapp/.Conversation t742 f}}, ActivityRecord{57b2c37 u0 com.whatsapp/.home.ui.HomeActivity t742}]
2026-02-23 17:38:25.838  2028  2687 D OplusTransitionController: onTransactionReady, transition: 10157, 
2026-02-23 17:38:25.838  2028  2687 D OplusTransitionController:  info: {id=10157 t=CLOSE f=0x0 trk=0 opt={t=FROM_STYLE} r=[0@Point(0, 0)] c=[{null m=CLOSE f=FILLS_TASK leash=Surface(name=ActivityRecord{efc36eb u0 com.whatsapp/.Conversation t742})/@0x736f9d5 sb=Rect(0, 0 - 1080, 2400) eb=Rect(0, 0 - 1080, 2400) d=0 bc=ff303030 component=com.whatsapp/.Conversation},{null m=TO_FRONT f=FILLS_TASK leash=Surface(name=ActivityRecord{57b2c37 u0 com.whatsapp/.home.ui.HomeActivity t742})/@0x788fdd5 sb=Rect(0, 0 - 1080, 2400) eb=Rect(0, 0 - 1080, 2400) d=0 bc=ff303030 component=com.whatsapp/.home.ui.HomeActivity}] extendInfo=[OplusTransitionExtendedInfo{mTmpFinishT=null, mInOplusCompatMode=false, mIsProcessRunning=false, mHasMismatchBoundsTarget=false, mRecentsController=null, mIsTranslucentActivityToHome=false, mAvoidInterceptKeyEventToHome=false, mIsFromHome=false, mParentLeash=null, mIsOplusAnimRes=false, mIsFromOverlay=false, mIsBalAllow=false, mTaskNotInRecent=false, mIsLaunchFromSpruce=false, mIsLaunchFromDrive=false, mAssistScreenShowing=false, mUserIdTransition=-1, mInRemoteScene=false, mInPreReady=false, mPreStart=false, mToken=null, mShellApplyToken=null, mRequestTransitionTaskId=-1, mAbortTransitionOnShell=0, mTransitionId=10157, mSkipRemoteTransitionfalse, mAnimStartingPosition=[0, 0, 0, 0], mIsOpeningStkDialogActivity=false}]}, 
2026-02-23 17:38:25.838  2028  2687 D OplusTransitionController:  targets : [ActivityRecord{efc36eb u0 com.whatsapp/.Conversation t742 f}}, ActivityRecord{57b2c37 u0 com.whatsapp/.home.ui.HomeActivity t742}], 
2026-02-23 17:38:25.838  2028  2687 D OplusTransitionController:  participants: {ActivityRecord{57b2c37 u0 com.whatsapp/.home.ui.HomeActivity t742}, ActivityRecord{efc36eb u0 com.whatsapp/.Conversation t742 f}}}, 
2026-02-23 17:38:25.838  2028  2687 D OplusTransitionController:  playings:[TransitionRecord{22fc186 id=10157 track=0 type=CLOSE flags=0x0 state=2}]
2026-02-23 17:38:25.843  2028  2679 V WindowManager: Sent Transition (#10157) createdAt=02-23 17:38:25.702 via request=TransitionRequestInfo { type = CLOSE, triggerTask = null, pipTask = null, remoteTransition = null, displayChange = null, flags = 0, debugId = 10157 }
2026-02-23 17:38:25.843  2028  2679 V WindowManager:     startWCT=WindowContainerTransaction { changes = {} hops = [] errorCallbackToken=null taskFragmentOrganizer=null }
2026-02-23 17:38:25.843  2028  2679 V WindowManager:     info={id=10157 t=CLOSE f=0x0 trk=0 opt={t=FROM_STYLE} r=[0@Point(0, 0)] c=[
2026-02-23 17:38:25.843  2028  2679 V WindowManager:         {null m=CLOSE f=FILLS_TASK leash=Surface(name=ActivityRecord{efc36eb u0 com.whatsapp/.Conversation t742})/@0x736f9d5 sb=Rect(0, 0 - 1080, 2400) eb=Rect(0, 0 - 1080, 2400) d=0 bc=ff303030 component=com.whatsapp/.Conversation},
2026-02-23 17:38:25.843  2028  2679 V WindowManager:         {null m=TO_FRONT f=FILLS_TASK leash=Surface(name=ActivityRecord{57b2c37 u0 com.whatsapp/.home.ui.HomeActivity t742})/@0x788fdd5 sb=Rect(0, 0 - 1080, 2400) eb=Rect(0, 0 - 1080, 2400) d=0 bc=ff303030 component=com.whatsapp/.home.ui.HomeActivity}
2026-02-23 17:38:25.843  2028  2679 V WindowManager:     ] extendInfo=[OplusTransitionExtendedInfo{mTmpFinishT=null, mInOplusCompatMode=false, mIsProcessRunning=false, mHasMismatchBoundsTarget=false, mRecentsController=null, mIsTranslucentActivityToHome=false, mAvoidInterceptKeyEventToHome=false, mIsFromHome=false, mParentLeash=null, mIsOplusAnimRes=false, mIsFromOverlay=false, mIsBalAllow=false, mTaskNotInRecent=false, mIsLaunchFromSpruce=false, mIsLaunchFromDrive=false, mAssistScreenShowing=false, mUserIdTransition=-1, mInRemoteScene=false, mInPreReady=false, mPreStart=false, mToken=null, mShellApplyToken=null, mRequestTransitionTaskId=-1, mAbortTransitionOnShell=0, mTransitionId=10157, mSkipRemoteTransitionfalse, mAnimStartingPosition=[0, 0, 0, 0], mIsOpeningStkDialogActivity=false}]}
2026-02-23 17:38:25.848  3826  5979 V WindowManagerShell: onTransitionReady(transaction=8710194599352)
2026-02-23 17:38:25.849  3826  3884 V WindowManagerShell: onTransitionReady (#10157) android.os.BinderProxy@853454: {id=10157 t=CLOSE f=0x0 trk=0 opt={t=FROM_STYLE} r=[0@Point(0, 0)] c=[{null m=CLOSE f=FILLS_TASK leash=Surface(name=ActivityRecord{efc36eb u0 com.whatsapp/.Conversation t742})/@0xba10ffd sb=Rect(0, 0 - 1080, 2400) eb=Rect(0, 0 - 1080, 2400) d=0 bc=ff303030 component=com.whatsapp/.Conversation},{null m=TO_FRONT f=FILLS_TASK leash=Surface(name=ActivityRecord{57b2c37 u0 com.whatsapp/.home.ui.HomeActivity t742})/@0x12114f2 sb=Rect(0, 0 - 1080, 2400) eb=Rect(0, 0 - 1080, 2400) d=0 bc=ff303030 component=com.whatsapp/.home.ui.HomeActivity}] extendInfo=[OplusTransitionExtendedInfo{mTmpFinishT=null, mInOplusCompatMode=false, mIsProcessRunning=false, mHasMismatchBoundsTarget=false, mRecentsController=null, mIsTranslucentActivityToHome=false, mAvoidInterceptKeyEventToHome=false, mIsFromHome=false, mParentLeash=null, mIsOplusAnimRes=false, mIsFromOverlay=false, mIsBalAllow=false, mTaskNotInRecent=false, mIsLaunchFromSpruce=false, mIsLaunchFromDrive=false, mAssistScreenShowing=false, mUserIdTransition=-1, mInRemoteScene=false, mInPreReady=false, mPreStart=false, mToken=null, mShellApplyToken=null, mRequestTransitionTaskId=-1, mAbortTransitionOnShell=0, mTransitionId=10157, mSkipRemoteTransitionfalse, mAnimStartingPosition=[0, 0, 0, 0], mIsOpeningStkDialogActivity=false}]}
2026-02-23 17:38:25.849  3826  3884 V WindowManagerShell: Playing animation for (#10157) android.os.BinderProxy@853454@0
2026-02-23 17:38:25.850  3826  3884 V WindowManagerShell:  try handler com.android.wm.shell.transition.DefaultMixedHandler@334d5ec
2026-02-23 17:38:25.850  3826  3884 V WindowManagerShell:  try handler com.android.wm.shell.keyguard.KeyguardTransitionHandler@7352db5
2026-02-23 17:38:25.850  3826  3884 V WindowManagerShell:  try handler com.android.wm.shell.activityembedding.ActivityEmbeddingController@a44e805
2026-02-23 17:38:25.850  3826  3884 V WindowManagerShell:  try handler com.android.wm.shell.recents.RecentsTransitionHandler@6e6805a
2026-02-23 17:38:25.850  3826  3884 V ShellRecents: RecentsTransitionHandler.startAnimation: no controller found
2026-02-23 17:38:25.850  3826  3884 V WindowManagerShell:  try handler com.oplus.zoom.transition.ZoomTransitionController@adc428b
2026-02-23 17:38:25.850  3826  3884 V WindowManagerShell:  try handler com.android.wm.shell.pip.PipTransition@e90df68
2026-02-23 17:38:25.850  3826  3884 V WindowManagerShell:  try handler com.android.wm.shell.splitscreen.StageCoordinator@a30ff81
2026-02-23 17:38:25.850  3826  3884 V WindowManagerShell:  try handler com.oplus.flexibleactivity.FlexibleActivityTransitionHandler@37c4826
2026-02-23 17:38:25.850  3826  3884 V WindowManagerShell:  try handler com.android.wm.shell.flexiblewindow.FlexibleWindowTransitionHandler@d4a7c67
2026-02-23 17:38:25.850  3826  3884 V WindowManagerShell:  try handler OnePuttTransitionHandler
2026-02-23 17:38:25.850  3826  3884 V WindowManagerShell:  try handler com.android.wm.shell.flexibletask.FlexibleTaskTransitionHandler@8787803
2026-02-23 17:38:25.851  3826  3884 V WindowManagerShell:  try handler com.android.wm.shell.transition.RemoteTransitionHandler@f9219f0
2026-02-23 17:38:25.851  3826  3884 V WindowManagerShell: Transition doesn't have explicit remote, search filters for match for {id=10157 t=CLOSE f=0x0 trk=0 opt={t=FROM_STYLE} r=[0@Point(0, 0)] c=[{null m=CLOSE f=FILLS_TASK leash=Surface(name=ActivityRecord{efc36eb u0 com.whatsapp/.Conversation t742})/@0xba10ffd sb=Rect(0, 0 - 1080, 2400) eb=Rect(0, 0 - 1080, 2400) d=0 bc=ff303030 component=com.whatsapp/.Conversation},{null m=TO_FRONT f=FILLS_TASK leash=Surface(name=ActivityRecord{57b2c37 u0 com.whatsapp/.home.ui.HomeActivity t742})/@0x12114f2 sb=Rect(0, 0 - 1080, 2400) eb=Rect(0, 0 - 1080, 2400) d=0 bc=ff303030 component=com.whatsapp/.home.ui.HomeActivity}] extendInfo=[OplusTransitionExtendedInfo{mTmpFinishT=null, mInOplusCompatMode=false, mIsProcessRunning=false, mHasMismatchBoundsTarget=false, mRecentsController=null, mIsTranslucentActivityToHome=false, mAvoidInterceptKeyEventToHome=false, mIsFromHome=false, mParentLeash=null, mIsOplusAnimRes=false, mIsFromOverlay=false, mIsBalAllow=false, mTaskNotInRecent=false, mIsLaunchFromSpruce=false, mIsLaunchFromDrive=false, mAssistScreenShowing=false, mUserIdTransition=-1, mInRemoteScene=false, mInPreReady=false, mPreStart=false, mToken=null, mShellApplyToken=null, mRequestTransitionTaskId=-1, mAbortTransitionOnShell=0, mTransitionId=10157, mSkipRemoteTransitionfalse, mAnimStartingPosition=[0, 0, 0, 0], mIsOpeningStkDialogActivity=false}]}
2026-02-23 17:38:25.851  3826  3884 V WindowManagerShell:  Checking filter Pair{{types=[] flags=0x0] notFlags=0x100 checks=[{atype=home independent=true modes=[OPEN,TO_FRONT] flags=NONE mustBeTask=false order=TOP topActivity=ComponentInfo{com.android.launcher/com.android.launcher.Launcher} launchCookie=null},{atype=standard independent=true modes=[CLOSE,TO_BACK] flags=NONE mustBeTask=false order=ANY topActivity=null launchCookie=null}]} RemoteTransition { remoteTransition = android.window.IRemoteTransition$Stub$Proxy@d0c6b88, recentAnimRunner = null, appThread = android.app.IApplicationThread$Stub$Proxy@a3d6921, debugName = QuickstepLaunchHome }}
2026-02-23 17:38:25.851  3826  3884 V WindowManagerShell:  Delegate animation for (#10157) to null
2026-02-23 17:38:25.851  3826  3884 V WindowManagerShell:  try handler com.android.wm.shell.transition.DefaultTransitionHandler@52e3380
2026-02-23 17:38:25.851  3826  3884 V WindowManagerShell: start default transition animation, info = {id=10157 t=CLOSE f=0x0 trk=0 opt={t=FROM_STYLE} r=[0@Point(0, 0)] c=[{null m=CLOSE f=FILLS_TASK leash=Surface(name=ActivityRecord{efc36eb u0 com.whatsapp/.Conversation t742})/@0xba10ffd sb=Rect(0, 0 - 1080, 2400) eb=Rect(0, 0 - 1080, 2400) d=0 bc=ff303030 component=com.whatsapp/.Conversation},{null m=TO_FRONT f=FILLS_TASK leash=Surface(name=ActivityRecord{57b2c37 u0 com.whatsapp/.home.ui.HomeActivity t742})/@0x12114f2 sb=Rect(0, 0 - 1080, 2400) eb=Rect(0, 0 - 1080, 2400) d=0 bc=ff303030 component=com.whatsapp/.home.ui.HomeActivity}] extendInfo=[OplusTransitionExtendedInfo{mTmpFinishT=null, mInOplusCompatMode=false, mIsProcessRunning=false, mHasMismatchBoundsTarget=false, mRecentsController=null, mIsTranslucentActivityToHome=false, mAvoidInterceptKeyEventToHome=false, mIsFromHome=false, mParentLeash=null, mIsOplusAnimRes=false, mIsFromOverlay=false, mIsBalAllow=false, mTaskNotInRecent=false, mIsLaunchFromSpruce=false, mIsLaunchFromDrive=false, mAssistScreenShowing=false, mUserIdTransition=-1, mInRemoteScene=false, mInPreReady=false, mPreStart=false, mToken=null, mShellApplyToken=null, mRequestTransitionTaskId=-1, mAbortTransitionOnShell=0, mTransitionId=10157, mSkipRemoteTransitionfalse, mAnimStartingPosition=[0, 0, 0, 0], mIsOpeningStkDialogActivity=false}]}
2026-02-23 17:38:25.859  3826  3884 V WindowManagerShell:  animated by com.android.wm.shell.transition.DefaultTransitionHandler@52e3380
2026-02-23 17:38:25.864  2028  5007 W UserManagerService: Requested status bar icon for non-badged user 0
2026-02-23 17:38:25.865  2028  5007 I BLASTSyncEngine: onCommitted syncId: 10157, timeout: falseran: false
2026-02-23 17:38:25.890  2028  3470 D InputMethodManagerService: isSecurity: attribute.packageName = com.whatsapp mCurMethodId = com.google.android.inputmethod.latin/com.android.inputmethod.latin.LatinIME isSecurity = false ( enable = false needShow = false inBlackList = false isExist = true )
2026-02-23 17:38:25.897  2028  5004 D WindowManager: setFrameRateStart invalid typeId return!
2026-02-23 17:38:25.901  2028  5002 W PackageConfigPersister: App-specific configuration not found for packageName: com.whatsapp and userId: 0
2026-02-23 17:38:25.949  2028  2685 W ProcessStats: Tracking association SourceState{a01d5e9 com.microsoft.appmanager:accsvc/10284 BFgs #1294130} whose proc state 4 is better than process ProcessState{20504de com.microsoft.appmanager:permsvc/10284 pkg=com.microsoft.appmanager} proc state 5 (11 skipped)
2026-02-23 17:38:26.035  2028  5007 D WindowManagerServiceExtImpl: extractConfigInfoAndRealFlags rotation=0, screenDp=360, residentWS:0, win=Window{22b7e37 u0 InputMethod}
2026-02-23 17:38:26.035  2028  5007 V WindowManager: Relayout Window{22b7e37 u0 InputMethod}: viewVisibility=8, oldvis=0, req=1080x2293, vsysui=
2026-02-23 17:38:26.036  2028  5007 I WindowManager: Window{22b7e37 u0 InputMethod} state from HAS_DRAWN to NO_SURFACE; reason: destroySurface
2026-02-23 17:38:26.047  2028  5007 D WindowManager: NFW_findFocusedWindowIfNeeded:Window{3db6c72 u0 com.whatsapp/com.whatsapp.home.ui.HomeActivity} mCurrentFocus:Window{3db6c72 u0 com.whatsapp/com.whatsapp.home.ui.HomeActivity}
2026-02-23 17:38:26.048 26670 26670 W VRI[HomeActivity]: handleResized abandoned!
2026-02-23 17:38:26.049  3826  3826 W VRI[StatusBar]: handleResized abandoned!
2026-02-23 17:38:26.049  3826  3826 W VRI[NavigationBar_displayId_0]: handleResized abandoned!
2026-02-23 17:38:26.049  3826  4092 W VRI[ScreenDecorOverlay]: handleResized abandoned!
2026-02-23 17:38:26.049  3826  4092 W VRI[ScreenDecorOverlayBottom]: handleResized abandoned!
2026-02-23 17:38:26.050  3826  4092 W VRI[OplusPrivacyIconTopRight]: handleResized abandoned!
2026-02-23 17:38:26.059  3826  3826 W VRI[StatusBar]: handleResized abandoned!
2026-02-23 17:38:26.059  3826  3826 W VRI[NavigationBar_displayId_0]: handleResized abandoned!
2026-02-23 17:38:26.059  3826  4092 W VRI[ScreenDecorOverlay]: handleResized abandoned!
2026-02-23 17:38:26.059  3826  4092 W VRI[ScreenDecorOverlayBottom]: handleResized abandoned!
2026-02-23 17:38:26.059  3826  4092 W VRI[OplusPrivacyIconTopRight]: handleResized abandoned!
2026-02-23 17:38:26.060 26670 26670 W VRI[HomeActivity]: handleResized abandoned!
2026-02-23 17:38:26.107  2028  2028 W AccessibilityManagerService:  wait for adding window timeout: 8796
2026-02-23 17:38:26.227  3826  3884 V WindowManagerShell: Transition animation finished (aborted=false), notifying core (#10157) android.os.BinderProxy@853454@0
2026-02-23 17:38:26.227  3826  3884 D SplitScreen-->AppLockManager: setStartFromSafeControl mStartFromSafeControl=false
2026-02-23 17:38:26.229  2028  5007 D Transition: finishTransition ar ActivityRecord{57b2c37 u0 com.whatsapp/.home.ui.HomeActivity t742}, isVisibleRequested=true, state=RESUMED, visibleAtTransitionEndTokens={ActivityRecord{57b2c37 u0 com.whatsapp/.home.ui.HomeActivity t742}}, this=TransitionRecord{22fc186 id=10157 track=0 type=CLOSE flags=0x0 state=2}
2026-02-23 17:38:26.230  2028  5007 D Transition: finishTransition ar ActivityRecord{efc36eb u0 com.whatsapp/.Conversation t742 f}}, isVisibleRequested=false, state=STOPPING, visibleAtTransitionEndTokens={ActivityRecord{57b2c37 u0 com.whatsapp/.home.ui.HomeActivity t742}}, this=TransitionRecord{22fc186 id=10157 track=0 type=CLOSE flags=0x0 state=2}
2026-02-23 17:38:26.230  2028  5007 D ActivityTaskManager: commitVisibility: ActivityRecord{efc36eb u0 com.whatsapp/.Conversation t742 f}}: visible=false visibleRequested=false, isInTransition=false, runningAnimation=false 
2026-02-23 17:38:26.230  2028  5007 D WindowManager: NFW_setClientVisible:ActivityRecord{efc36eb u0 com.whatsapp/.Conversation t742 f}} clientVisible:false
2026-02-23 17:38:26.231  2028  5007 I OplusAppSwitchManagerService:  handleAppVisible , r = ActivityRecord{57b2c37 u0 com.whatsapp/.home.ui.HomeActivity t742}
2026-02-23 17:38:26.232  2028  5007 D OplusTransitionController: finishTransition, transition: TransitionRecord{22fc186 id=10157 track=0 type=CLOSE flags=0x0 state=4}
2026-02-23 17:38:26.233  2028  5007 D TransitionController: NFW_send RECOMPUTE_FOCUS in finishTransition
2026-02-23 17:38:26.234  3826  3884 D ShellTaskOrganizer: onTransitionFinish, isRecent:false
2026-02-23 17:38:26.234  3826  3884 V WindowManagerShell: Track 0 became idle
2026-02-23 17:38:26.238  2028  2685 D WindowManager: NFW_findFocusedWindowIfNeeded:Window{3db6c72 u0 com.whatsapp/com.whatsapp.home.ui.HomeActivity} mCurrentFocus:Window{3db6c72 u0 com.whatsapp/com.whatsapp.home.ui.HomeActivity}
2026-02-23 17:38:26.238  2028  5004 W UserManagerService: Requested status bar icon for non-badged user 0
2026-02-23 17:38:26.238  2028  5004 W UserManagerService: Requested status bar icon for non-badged user 0
2026-02-23 17:38:26.241  2028  5007 D WindowManagerServiceExtImpl: extractConfigInfoAndRealFlags rotation=0, screenDp=360, residentWS:0, win=Window{f0e641d u0 com.whatsapp/com.whatsapp.Conversation}
2026-02-23 17:38:26.242  2028  5007 V WindowManager: Relayout Window{f0e641d u0 com.whatsapp/com.whatsapp.Conversation}: viewVisibility=8, oldvis=0, req=1080x2400, vsysui=
2026-02-23 17:38:26.246  2028  5007 D WindowManager: NFW_findFocusedWindowIfNeeded:Window{3db6c72 u0 com.whatsapp/com.whatsapp.home.ui.HomeActivity} mCurrentFocus:Window{3db6c72 u0 com.whatsapp/com.whatsapp.home.ui.HomeActivity}
2026-02-23 17:38:26.248 26670 26670 D VRI[Conversation]: relayoutWindow result, sizeChanged:false, surfaceControlChanged:true, transformHintChanged:false, mSurfaceSize:Point(1080, 2400), mLastSurfaceSize:Point(1080, 2400), mWidth:1080, mHeight:2400, requestedWidth:1080, requestedHeight:2400, transformHint:0, installOrientation:0, displayRotation:0, isSurfaceValid:false, attr.flag:-2122252032, tmpFrames:ClientWindowFrames{frame=[0,0][1080,2400] display=[0,0][1080,2400] parentFrame=[0,0][0,0]}, relayoutAsync:false, mSyncSeqId:0
2026-02-23 17:38:26.260  2028  5007 W FillRequestEventLogger: Shouldn't be logging AutofillFillRequestReported again for same event
2026-02-23 17:38:26.260  2028  5007 W FillResponseEventLogger: Shouldn't be logging AutofillFillRequestReported again for same event
2026-02-23 17:38:26.260  2028  5007 W PresentationStatsEventLogger: Shouldn't be logging AutofillPresentationEventReported again for same event
2026-02-23 17:38:26.260  2028  5007 D AutofillSession: clearPendingIntentLocked
2026-02-23 17:38:26.262  2028  2028 I ServiceConnector.Impl: unbindJobThread: connection = ServiceConnector@394(Intent { act=android.service.autofill.AutofillService cmp=com.google.android.gms/.autofill.service.AutofillService }, user: 0)[Unbinding...]service = null mBinding = false
2026-02-23 17:38:26.262  2028  2028 E ServiceConnector.Impl: Failed to unbind: java.lang.IllegalArgumentException: Service not registered: ServiceConnector@394(Intent { act=android.service.autofill.AutofillService cmp=com.google.android.gms/.autofill.service.AutofillService }, user: 0)[Unbinding...]
2026-02-23 17:38:26.262  2028  2028 I ServiceConnector.Impl: unbindJobThread: connection = ServiceConnector@400(Intent { act=android.service.autofill.AutofillService cmp=com.android.credentialmanager/.autofill.CredentialAutofillService }, user: 0)[Unbinding...]service = null mBinding = false
2026-02-23 17:38:26.262  2028  2028 E ServiceConnector.Impl: Failed to unbind: java.lang.IllegalArgumentException: Service not registered: ServiceConnector@400(Intent { act=android.service.autofill.AutofillService cmp=com.android.credentialmanager/.autofill.CredentialAutofillService }, user: 0)[Unbinding...]
2026-02-23 17:38:26.263  2028  5004 D CoreBackPreview: Window{f0e641d u0 com.whatsapp/com.whatsapp.Conversation}: Setting back callback null
2026-02-23 17:38:26.268  2028  5004 I WindowManager: Window{f0e641d u0 com.whatsapp/com.whatsapp.Conversation} state from HAS_DRAWN to NO_SURFACE; reason: destroySurface
2026-02-23 17:38:26.270  2028  5004 D WindowManager: NFW_findFocusedWindowIfNeeded:Window{3db6c72 u0 com.whatsapp/com.whatsapp.home.ui.HomeActivity} mCurrentFocus:Window{3db6c72 u0 com.whatsapp/com.whatsapp.home.ui.HomeActivity}
2026-02-23 17:38:26.271  2028  5007 D ActivityTaskManager: removeAppToken: ActivityRecord{efc36eb u0 com.whatsapp/.Conversation t742 f}} delayed=false parent=Task{4c84f0d #742 type=standard A=10276:com.whatsapp} animating=false Callers=com.android.server.wm.DisplayContent.removeAppToken:1734 com.android.server.wm.ActivityRecord.removeFromHistory:5062 com.android.server.wm.ActivityRecord.destroyed:5148 com.android.server.wm.ActivityClientController.activityDestroyed:337 
2026-02-23 17:38:26.591  2028  3459 D PowerManagerService: userActivityNoUpdateLocked: groupId=0, eventTime=368269429, event=touch, flags=0x0, uid=1000
2026-02-23 17:38:26.618  2028  5007 W SettingsStatsUtil: Can not parse value to float: +network
2026-02-23 17:38:26.622  2028  5007 W SettingsStatsUtil: Can not parse value to float: +network
2026-02-23 17:38:26.690  2028  3459 D PowerManagerService: userActivityNoUpdateLocked: groupId=0, eventTime=368269530, event=touch, flags=0x0, uid=1000
2026-02-23 17:38:27.276  2028  5007 D ActivityTaskManager: Skipping, invisible task: Task{e7e93cb #5 type=home I=com.android.launcher/.Launcher}
2026-02-23 17:38:27.277  2028  5007 D OplusSplitScreenManagerService: com.instagram.android unSupportsSplitScreen by blockList or ForbidActivityList
2026-02-23 17:38:27.278  2028  5007 D ActivityTaskManager: pre-Filtered:com.whatsapp # com.jarvis # com.instagram.android # com.google.android.apps.docs # com.application.zomato # 
2026-02-23 17:38:27.278  2028  5007 D ActivityTaskManager: after skip size 5
2026-02-23 17:38:27.678  2028  3459 D PowerManagerService: userActivityNoUpdateLocked: groupId=0, eventTime=368270513, event=touch, flags=0x0, uid=1000
2026-02-23 17:38:27.735  2028  2680 D WindowManager: request show transient bar, navigationBar already visible
2026-02-23 17:38:27.755  3826  3884 V ShellRecents: RecentsTransitionHandler.startRecentsTransition
2026-02-23 17:38:27.759  3826  3884 V WindowManagerShell: Directly starting a new transition type=3 wct=WindowContainerTransaction { changes = {} hops = [{PendingIntent: options=Bundle[mParcelledData.dataSize=648]}] errorCallbackToken=null taskFragmentOrganizer=null } handler=com.android.wm.shell.recents.RecentsTransitionHandler@6e6805a
2026-02-23 17:38:27.765  2028  5007 I OplusAccessController: enter isIgnoreAppSwitchActivity
2026-02-23 17:38:27.765  2028  5007 I OplusAccessController: enter isIgnoreAppSwitchActivity and intent != null
2026-02-23 17:38:27.765  2028  5007 I OplusAccessController: enter isIgnoreAppSwitchActivity and componentName != null
2026-02-23 17:38:27.765  2028  5007 I OplusAccessController: enter isIgnoreAppSwitchActivity and packageName&activity is not Empty
2026-02-23 17:38:27.766  2028  5007 D RefreshRate: boostRefreshId choose max:currentRefreshRate:90.0 targetRefreshRate:120.0 mCurrentPickRate:90.0
2026-02-23 17:38:27.766  2028  5007 D RefreshRate: Trigger app switch boost, ar=ActivityRecord{bf9478e u0 com.android.launcher/.Launcher t5},currDisplayRate=90.0,boostId=3
2026-02-23 17:38:27.766  2028  5007 D RefreshRate: setDisplayConfigSpecs complete: targetMode={id=1, width=1080, height=2400, fps=120.00001, vsync=120.00001, synthetic=false, alternativeRefreshRates=[30.000002, 48.000004, 50.0, 60.000004, 90.0], supportedHdrTypes=[]},srcMode={id=1, width=1080, height=2400, fps=120.00001, vsync=120.00001, synthetic=false, alternativeRefreshRates=[30.000002, 48.000004, 50.0, 60.000004, 90.0], supportedHdrTypes=[]},sfModId=0,rate=120.00001
2026-02-23 17:38:27.767  2028  2985 D RefreshRate: do setDisplayConfigSpecs  
2026-02-23 17:38:27.767  2028  5007 D RefreshRate: Refresh rate changing from 90.0 to 120.00001,maxRefreshRate=120.00001 FOR:{
2026-02-23 17:38:27.767  2028  5007 D RefreshRate:     | COURSE[Trigger app switch boost, ar=ActivityRecord{bf9478e u0 com.android.launcher/.Launcher t5},currDisplayRate=90.0,boostId=3setDisplayConfigSpecs complete: targetMode={id=1, width=1080, height=2400, fps=120.00001, vsync=120.00001, synthetic=false, alternativeRefreshRates=[30.000002, 48.000004, 50.0, 60.000004, 90.0], supportedHdrTypes=[]},srcMode={id=1, width=1080, height=2400, fps=120.00001, vsync=120.00001, synthetic=false, alternativeRefreshRates=[30.000002, 48.000004, 50.0, 60.000004, 90.0], supportedHdrTypes=[]},sfModId=0,rate=120.00001]
2026-02-23 17:38:27.767  2028  5007 D RefreshRate:     | VOTES[PRIORITY_START_ANIMATION_BOOST -> Vote{mRefreshRate=120.0, mMinRefreshRate=120.0, mRequestSource=null};PRIORITY_WINDOW_REQUEST -> Vote{mRefreshRate=90.0, mMinRefreshRate=90.0, mRequestSource=null};]
2026-02-23 17:38:27.767  2028  5007 D RefreshRate:     | TIME:2026-02-23 12:08:27}
2026-02-23 17:38:27.768  2028  5007 D ActivityTaskManager: setAppVisibility(Token{6eef7a8 ActivityRecord{bf9478e u0 com.android.launcher/.Launcher t5}}, visible=true): mNextAppTransitionRequests=[], mNextAppTransitionFlags=,mAppTransitionState=APP_STATE_IDLE visible=false mVisibleRequested=false
2026-02-23 17:38:27.769  2028  5004 D FlexibleTaskController: hideZoomWindow flag = 12 ,caller = 4048
2026-02-23 17:38:27.770  2028  5007 D WindowManager: NFW_setClientVisible:ActivityRecord{bf9478e u0 com.android.launcher/.Launcher t5} clientVisible:true
2026-02-23 17:38:27.771  2028  5007 D ActivityTaskManager: setVisibility(Token{6eef7a8 ActivityRecord{bf9478e u0 com.android.launcher/.Launcher t5}}, visible=true) defer commitVisibility for transition collecting
2026-02-23 17:38:27.771  2028  5007 D FlexibleTaskController: onTaskFocusChanged prevTask:Task{4c84f0d #742 type=standard A=10276:com.whatsapp} ,currentTask:Task{e7e93cb #5 type=home I=com.android.launcher/.Launcher}, reason: resumeTopActivity - onActivityStateChanged
2026-02-23 17:38:27.772  2028  5007 D OplusFlexibleDCSManager: onNextPkgChanged pkg = com.android.launcher
2026-02-23 17:38:27.772  2028  2985 D DisplayModeDirector: setAppRequest displayId : 0  modeId: 0  requestedRefreshRate: 120.00001  requestedMinRefreshRateRange: 120.00001  requestedMaxRefreshRateRange: 120.00001
2026-02-23 17:38:27.773  2028  3459 D PowerManagerService: userActivityNoUpdateLocked: groupId=0, eventTime=368270614, event=touch, flags=0x0, uid=1000
2026-02-23 17:38:27.773  2028  5007 D WindowManager: rotation(ROTATION_0) no changed  displayId = 0, lastOrientation = 5
2026-02-23 17:38:27.775  2028  2685 I ActivityManager: updateOomAdj start time is before than pendingPid added, don't delete it
2026-02-23 17:38:27.776  2028  5007 D DisplayModeDirector: setAppRequest displayId : 0  modeId: 1  requestedRefreshRate: 0.0  requestedMinRefreshRateRange: 0.0  requestedMaxRefreshRateRange: 120.00001
2026-02-23 17:38:27.779  3826  3884 V ShellRecents: [113548962] RecentsController.setTransition: id=android.os.BinderProxy@d591733
2026-02-23 17:38:27.782  2028  2152 I OplusJoystickManager: handleApplicationSwitch deprecated!
2026-02-23 17:38:27.783  2028  7231 D WindowManagerServiceExtImpl: extractConfigInfoAndRealFlags rotation=0, screenDp=360, residentWS:0, win=Window{a05f4c1 u0 com.android.launcher/com.android.launcher.Launcher}
2026-02-23 17:38:27.783  2028  7231 V WindowManager: Relayout Window{a05f4c1 u0 com.android.launcher/com.android.launcher.Launcher}: viewVisibility=0, oldvis=8, req=1080x2400, vsysui=
2026-02-23 17:38:27.784  2028  7231 I WindowManager: Window{a05f4c1 u0 com.android.launcher/com.android.launcher.Launcher} state from NO_SURFACE to DRAW_PENDING; reason: resetDrawState
2026-02-23 17:38:27.798  2028  4457 D OplusAppSwitchListener: Detect com.whatsapp switch to background
2026-02-23 17:38:27.798  2028  4457 D OplusFeatureReduceBrightness: onAppExit , info = com.whatsapp
2026-02-23 17:38:27.798  2028  4457 D OplusEapManager: mTargetExitName :com.whatsapp
2026-02-23 17:38:27.798  2028  2985 D VRR [OPlusRefreshRateService]: handleFrontAppChange pkgName: null
2026-02-23 17:38:27.805  2028  2822 E OplusThermalStats: Error getting package info: com.android.launcher
2026-02-23 17:38:27.812  2028  5007 D ActivityTaskManager: Skipping, invisible task: Task{e7e93cb #5 type=home I=com.android.launcher/.Launcher}
2026-02-23 17:38:27.812 26969 26969 W VRI[Launcher]: updateBlastSurfaceIfNeeded, surfaceSize:Point(1080, 2400), lastSurfaceSize:Point(1080, 2400), format:-2, blastBufferQueue:null
2026-02-23 17:38:27.812  2028  5007 D OplusSplitScreenManagerService: com.instagram.android unSupportsSplitScreen by blockList or ForbidActivityList
2026-02-23 17:38:27.813  2028  5007 D ActivityTaskManager: pre-Filtered:com.whatsapp # com.jarvis # com.instagram.android # com.google.android.apps.docs # com.application.zomato # 
2026-02-23 17:38:27.813  2028  5007 D ActivityTaskManager: after skip size 5
2026-02-23 17:38:27.815  2028  4457 D OplusAppSwitchRuleInfo: generateAppEnterInfo - launch_source_type =  , launch_source_traceid = 
2026-02-23 17:38:27.815  2028  4457 D OplusAppSwitchRuleInfo: generateAppEnterInfo - launch_source_type =  , launch_source_traceid = 
2026-02-23 17:38:27.815  2028  4457 D OplusAppSwitchRuleInfo: generateAppEnterInfo - launch_source_type =  , launch_source_traceid = 
2026-02-23 17:38:27.815  2028  4457 D OplusAppSwitchRuleInfo: generateAppEnterInfo - launch_source_type =  , launch_source_traceid = 
2026-02-23 17:38:27.815  2028  4457 D OplusAppSwitchListener: Detect com.android.launcher switch to foreground
2026-02-23 17:38:27.815  2028  4457 D OplusFeatureRiderMode: onAppEnter , info = com.android.launcher
2026-02-23 17:38:27.816  2028  4457 D OplusAppSwitchRuleInfo: generateAppEnterInfo - launch_source_type =  , launch_source_traceid = 
2026-02-23 17:38:27.816  2028  4457 D OplusAppSwitchRuleInfo: generateAppEnterInfo - launch_source_type =  , launch_source_traceid = 
2026-02-23 17:38:27.816  2028  2928 I OplusSmartBrightnessController: handleMessage MSG_POWER_BRIGHTNESS_CHANGED.
2026-02-23 17:38:27.816  2028  4457 D OplusAppSwitchRuleInfo: generateAppEnterInfo - launch_source_type =  , launch_source_traceid = 
2026-02-23 17:38:27.816  2028  4457 D OplusAppSwitchRuleInfo: generateAppEnterInfo - launch_source_type =  , launch_source_traceid = 
2026-02-23 17:38:27.816  2028  4457 D OplusAppSwitchRuleInfo: generateAppEnterInfo - launch_source_type =  , launch_source_traceid = 
2026-02-23 17:38:27.816  2028  4457 D OplusEapManager: mTargetEnterName :com.android.launcher
2026-02-23 17:38:27.816  2028  4457 D OplusAppSwitchRuleInfo: generateAppEnterInfo - launch_source_type =  , launch_source_traceid = 
2026-02-23 17:38:27.817  2028  4457 D OplusAppSwitchRuleInfo: generateAppEnterInfo - launch_source_type =  , launch_source_traceid = 
2026-02-23 17:38:27.817  2028  4457 D VRR [OPlusFrontAppManager]: OnAppSwitchObserver: onAppEnter , info.targetName = com.android.launcher
2026-02-23 17:38:27.817  2028  4457 D OplusAppSwitchRuleInfo: generateAppEnterInfo - launch_source_type =  , launch_source_traceid = 
2026-02-23 17:38:27.817  2028  2902 D ColorAutomaticBrightnessController: MSG_UPDATE_BRIGHTNESS
2026-02-23 17:38:27.817  2028  4457 D OplusAppSwitchRuleInfo: generateAppEnterInfo - launch_source_type =  , launch_source_traceid = 
2026-02-23 17:38:27.817  2028  2985 D VRR [OPlusRefreshRateService]: handleFrontAppChange pkgName: com.android.launcher
2026-02-23 17:38:27.817  2028  4457 D OplusAppSwitchRuleInfo: generateAppEnterInfo - launch_source_type =  , launch_source_traceid = 
2026-02-23 17:38:27.818  2028  4457 D OplusAppSwitchRuleInfo: generateAppEnterInfo - launch_source_type =  , launch_source_traceid = 
2026-02-23 17:38:27.819  2028  4457 D OplusAppSwitchRuleInfo: generateAppEnterInfo - launch_source_type =  , launch_source_traceid = 
2026-02-23 17:38:27.819  2028  4457 D OplusAppSwitchRuleInfo: generateAppEnterInfo - launch_source_type =  , launch_source_traceid = 
2026-02-23 17:38:27.819  2028  4457 D OplusAppSwitchRuleInfo: generateAppEnterInfo - launch_source_type =  , launch_source_traceid = 
2026-02-23 17:38:27.820  2028  4457 D OplusAppSwitchRuleInfo: generateAppEnterInfo - launch_source_type =  , launch_source_traceid = 
2026-02-23 17:38:27.820  2028  4457 D OplusAppSwitchRuleInfo: generateAppEnterInfo - launch_source_type =  , launch_source_traceid = 
2026-02-23 17:38:27.821  2028  4457 D OplusAppSwitchRuleInfo: generateAppEnterInfo - launch_source_type =  , launch_source_traceid = 
2026-02-23 17:38:27.821  2028  4457 D OplusAppSwitchRuleInfo: generateAppEnterInfo - launch_source_type =  , launch_source_traceid = 
2026-02-23 17:38:27.821  2028  4457 D OplusAppSwitchRuleInfo: generateActivityEnterInfo - launch_source_type =  , launch_source_traceid = 
2026-02-23 17:38:27.827  2028  4457 D OplusAppSwitchRuleInfo: generateActivityEnterInfo - launch_source_type =  , launch_source_traceid = 
2026-02-23 17:38:27.827  2028  4457 D OplusAppSwitchRuleInfo: generateActivityEnterInfo - launch_source_type =  , launch_source_traceid = 
2026-02-23 17:38:27.830  2028  3880 I ActivityManager: Death received, pid = 30927, processName = com.oneplus.deskclock:clockWidget for thread android.os.BinderProxy@77701c2
2026-02-23 17:38:27.836  4048  4048 D ActivityThread: ComponentInfo{com.android.launcher/com.android.launcher.Launcher} checkFinished=false 2
2026-02-23 17:38:27.836  4048  4048 D ResourcesManagerExtImpl: applyConfigurationToAppResourcesLocked app.getDisplayId() return callback.displayId:0
2026-02-23 17:38:27.843  2028  2985 D VRR [OPlusRefreshRateService]: handleConfigIdChange physicalDisplayId: 4630946896948975233 configId: 0 renderPeriod: 8333333
2026-02-23 17:38:27.844  2028  5002 D WindowManagerServiceExtImpl: extractConfigInfoAndRealFlags rotation=0, screenDp=360, residentWS:0, win=Window{56c66be u0 com.android.launcher/com.android.launcher.Launcher}
2026-02-23 17:38:27.845  2028  5002 V WindowManager: Relayout Window{56c66be u0 com.android.launcher/com.android.launcher.Launcher}: viewVisibility=0, oldvis=8, req=1080x2400, vsysui=LAYOUT_STABLE LAYOUT_HIDE_NAVIGATION LAYOUT_FULLSCREEN LIGHT_STATUS_BAR LIGHT_NAVIGATION_BAR, x=0, y=0
2026-02-23 17:38:27.845  2028  5002 I WindowManager: Window{56c66be u0 com.android.launcher/com.android.launcher.Launcher} state from NO_SURFACE to DRAW_PENDING; reason: resetDrawState
2026-02-23 17:38:27.850  4048  4048 D VRI[Launcher]: relayoutWindow result, sizeChanged:false, surfaceControlChanged:true, transformHintChanged:false, mSurfaceSize:Point(1080, 2400), mLastSurfaceSize:Point(1080, 2400), mWidth:1080, mHeight:2400, requestedWidth:1080, requestedHeight:2400, transformHint:0, installOrientation:0, displayRotation:0, isSurfaceValid:true, attr.flag:-2121203456, tmpFrames:ClientWindowFrames{frame=[0,0][1080,2400] display=[0,0][1080,2400] parentFrame=[0,0][0,0]}, relayoutAsync:false, mSyncSeqId:0
2026-02-23 17:38:27.850  4048  4048 W VRI[Launcher]: updateBlastSurfaceIfNeeded, surfaceSize:Point(1080, 2400), lastSurfaceSize:Point(1080, 2400), format:-2, blastBufferQueue:null
2026-02-23 17:38:27.857  2028  3941 I ActivityManager: Death received, pid = 30225, processName = com.google.android.projection.gearhead:car for thread android.os.BinderProxy@e410bd3
2026-02-23 17:38:27.860  2028  3944 I ActivityManager: Process com.google.android.projection.gearhead:car (pid 30225) has died: cch+45 CEM 
