02-23 13:00:03.964  2028  3937 W PackageManager: package com.android.chrome uid 10131 pid 25491 call SetEnabledSetting(com.android.chrome component = org.chromium.chrome.browser.quickactionsearchwidget.QuickActionSearchWidgetProvider$QuickActionSearchWidgetProviderSearch, 1, 0)
02-23 13:00:03.971  2028  7231 W PackageManager: package com.android.chrome uid 10131 pid 25491 call SetEnabledSetting(com.android.chrome component = org.chromium.chrome.browser.quickactionsearchwidget.QuickActionSearchWidgetProvider$QuickActionSearchWidgetProviderDino, 1, 0)
02-23 13:00:04.122  2028  3937 W JobScheduler: Job didn't exist in JobStore: #com.android.chrome/107
02-23 13:00:04.345 29537 29537 D ResourcesManagerExtImpl: applyConfigurationToAppResourcesLocked app.getDisplayId() return callback.displayId:-1
02-23 13:00:04.788  2028  7206 W JobScheduler: Job didn't exist in JobStore: #com.android.chrome/112
02-23 13:00:05.266  2028  3937 I ActivityManager: Flag disabled. Ignoring finishAttachApplication from uid: 10142. pid: 29537
02-23 13:00:05.285  2028  7228 D BackupManagerService: [UserID:0] agentConnected pkg=com.google.android.youtube agent=android.os.BinderProxy@d93d298
02-23 13:00:05.286  2028 28108 I BackupManagerService: [UserID:0] got agent android.app.IBackupAgent$Stub$Proxy@bab2af1
02-23 13:00:05.286  2028 28108 D KeyValueBackupTask: Invoking agent on com.google.android.youtube
02-23 13:00:05.362  2028  7228 D UsageStatsService: User[0] type=0 b=1771830005360 e=1771831805360 cb=1771764266287 ce=1771831804935 disk=0 all=123
02-23 13:00:05.781  2028 28108 I BackupRestoreController: Getting widget state for user: 0
02-23 13:00:05.916  2028  3334 D CompatChangeReporter: Compat change id reported: 271850009; UID 10203; state: ENABLED
02-23 13:00:06.087  2028 28108 I KeyValueBackupTask: K/V backup pass finished
02-23 13:00:06.092  2028 28108 V BackupManagerService: [UserID:0] Released wakelock:*backup*-0-7126
02-23 13:00:07.600  2028  2928 D OplusDisplayBrightnessBroadcastReceiver: onReceive action = android.intent.action.BATTERY_CHANGED , listeners = [com.android.server.display.OplusFeatureHDREnhanceBrightness$PhoneInfoReceiver@780cd78, com.android.server.display.OplusFeatureEdrEnhanceBrightness$PhoneInfoReceiver@3423c51]
02-23 13:00:08.312  2028  5004 W SettingsStatsUtil: Can not parse value to float: +network
02-23 13:00:08.316  2028  5004 W SettingsStatsUtil: Can not parse value to float: +network
02-23 13:00:08.529  2028  7206 D VRR [OPlusExternalRefreshRateManager]: isPkgTfcEnable: pkgName = com.google.android.youtube, enable = false
02-23 13:00:08.529  2028  7206 D VRR [OPlusExternalRefreshRateManager]: getTfcMinFramerate: pkgName = com.google.android.youtube, min framerate = 0
02-23 13:00:08.826  2028  3512 V NetworkPolicy: updateNetworkEnabledNL() return
02-23 13:00:08.826  2028  3512 V NetworkPolicy: updateNotificationsNL not process
02-23 13:00:08.992  2028  4119 D UsageStatsService: User[0] type=0 b=1771827019581 e=1771831808702 cb=1771764266287 ce=1771831807441 disk=0 all=343
02-23 13:00:13.491  2028  2928 D OplusDisplayBrightnessBroadcastReceiver: onReceive action = android.intent.action.BATTERY_CHANGED , listeners = [com.android.server.display.OplusFeatureHDREnhanceBrightness$PhoneInfoReceiver@780cd78, com.android.server.display.OplusFeatureEdrEnhanceBrightness$PhoneInfoReceiver@3423c51]
02-23 13:00:14.702  2028  3334 E JobScheduler.Background: Couldn't determine stopped state for unknown package: com.oplus.onet
02-23 13:00:17.049  2028  2928 D OplusDisplayBrightnessBroadcastReceiver: onReceive action = android.intent.action.BATTERY_CHANGED , listeners = [com.android.server.display.OplusFeatureHDREnhanceBrightness$PhoneInfoReceiver@780cd78, com.android.server.display.OplusFeatureEdrEnhanceBrightness$PhoneInfoReceiver@3423c51]
02-23 13:00:19.622  2028  2928 D OplusDisplayBrightnessBroadcastReceiver: onReceive action = android.intent.action.BATTERY_CHANGED , listeners = [com.android.server.display.OplusFeatureHDREnhanceBrightness$PhoneInfoReceiver@780cd78, com.android.server.display.OplusFeatureEdrEnhanceBrightness$PhoneInfoReceiver@3423c51]
02-23 13:00:21.773  2028  3937 I OplusStatusBarManagerServiceEnhance:  getTopIsFullscreen mTopIsFullscreen: false
02-23 13:00:21.774  2028  3937 W ActivityManager: Permission Denial: getTopApplicationInfo from pid=28457, uid=10139 requires oplus.permission.OPLUS_COMPONENT_SAFE
02-23 13:00:21.777  2028  2028 D NotificationService--OplusNotificationManagerServiceExtImpl: isForwardToAssistants: true, case : Is local notification
02-23 13:00:21.777  2028  2028 D NotificationService: This application enqueue notifications is need postDelayed mcsAssistantDelayTime: 200
02-23 13:00:21.847  3826  4172 W LocaleConfig: The resource file pointed to by the given resource ID isn't found.
02-23 13:00:21.850  3826  4172 W LocaleConfig: The resource file pointed to by the given resource ID isn't found.
02-23 13:00:21.864  2028  3937 D OplusFeatureAOD: notifySfUnBlockScreenOn
02-23 13:00:21.865  2028  3937 D OplusPowerManagerHelper: scheduleNotifyStopDream
02-23 13:00:21.865  2028  3937 D OplusPowerManagerHelper: [onWakeUp]
02-23 13:00:21.865  2028  2902 D OplusPowerManagerHelper: handleMessage:102
02-23 13:00:21.865  2028  2902 D OplusPowerManagerHelper: MSG_STOP_DEAM
02-23 13:00:21.873  2028  3937 E OplusCustomizeRestrictionManagerService: isBiometricDisabled start
02-23 13:00:21.873  2028  3937 D OplusPowerManagerHelper: [requestKeyguard]
02-23 13:00:21.873  2028  3937 I PowerGroup: Waking up power group from Asleep (groupId=0, uid=10184, reason=WAKE_REASON_UNKNOWN, details=wakeUp)...
02-23 13:00:21.874  2028  3937 D PowerManagerService: userActivityNoUpdateLocked: groupId=0, eventTime=352026337, event=other, flags=0x0, uid=10184
02-23 13:00:21.874  2028  3937 I PowerManagerService: Waking up from Asleep (uid=10184, reason=WAKE_REASON_UNKNOWN, details=wakeUp)...
02-23 13:00:21.884  2028  3937 D OplusScreenOffTorchHelper: onWakeUp
02-23 13:00:21.885  2028  3937 D DisplayPowerController[0]: requestPowerState: policy=BRIGHT, useProximitySensor=false, screenBrightnessOverride=-1.0, useAutoBrightness=false, screenAutoBrightnessAdjustmentOverride=NaN, screenLowPowerBrightnessFactor=1.0, blockScreenOn=false, lowPowerMode=false, boostScreenBrightness=false, dozeScreenBrightness=NaN, dozeScreenState=UNKNOWN, dozeScreenStateReason=DEFAULT_POLICY, waitForNegativeProximity=false displayReady=false pendingRequest=true
02-23 13:00:21.885  2028  3937 D DisplayManagerServiceExtImpl: request size(1,1),dpc=com.android.server.display.DisplayPowerController@867fbb8 size(0,1),flags=0X200F,id(0,0,local:4630946896948975233),enable=true,ready=false,waitForNegativeProximity=false policy=BRIGHT,useProximitySensor=false,dozeState=UNKNOWN,screenBrightnessOverride=-1.000000,useAuto=false,lowPower=false,lowPowerFactor=1.000000
02-23 13:00:21.886  2028  2902 D BackLightStat: setScreenState: state changed:OFF->ON
02-23 13:00:21.886  2028  2902 D OplusDisplayState: setScreenState = true isPrimary = true
02-23 13:00:21.886  2028  2902 D OplusSmartBrightnessController: onScreenEvent isScreenOn displayId[0]=true isFolding=false policy=BRIGHT
02-23 13:00:21.886  2028  2902 D Arc[OplusBrightnessAmbientAdapter]: onScreenEvent displayId:0 isScreenOn:true isFolding:false
02-23 13:00:21.886  2028  2902 D Arc[OplusFeatureBrightnessBarController]: BrightnessBarController is not support.
02-23 13:00:21.886  2028  2985 D VRR [OPlusRefreshRateService]: handleScreenStateChange state: 2
02-23 13:00:21.886  2028  2985 D VRR [OPlusExternalRefreshRateManager]: screenStateChange state: 2
02-23 13:00:21.887  2028  2928 I OplusSmartBrightnessController: handleMessage MSG_UPDATE_BRIGHTNESS_NO_ANIMATION changed:true
02-23 13:00:21.887  2028  2928 D OplusSmartBrightnessController: setBrightnessNoAnimation false->true
02-23 13:00:21.887  2028  2928 I OplusSmartBrightnessController: handleMessage MSG_FORCE_UPDATE_BRIGHTNESS.
02-23 13:00:21.887  2028  2928 I OplusSmartBrightnessController: onTargetBrightnessChange brightness change to (6861.5127, 547.6225, 3260.0583)
02-23 13:00:21.889  2028  2902 D DisplayPowerState[0]: setScreenState changed:OFF->ON
02-23 13:00:21.889  2028  2902 I DisplayPowerController[0]: Blocking screen on until initial contents have been drawn.
02-23 13:00:21.890  2028  2902 D WindowManager: screenTurnedOn  Display{#0 state=OFF size=1080x2400 ROTATION_0}
02-23 13:00:21.890  2028  2902 D OplusScreenOffGestureManager: unRegisterSensor:
02-23 13:00:21.895  2028  2902 D DisplayPowerController[0]: animateScreenStateChange screen on blocked blocker=com.android.server.display.DisplayPowerController$ScreenOnUnblocker@1cc0072
02-23 13:00:21.895  2028  2902 I DisplayBrightnessStrategySelector: Changing the DisplayBrightnessStrategy from ScreenOffBrightnessStrategy to InvalidBrightnessStrategy for display 0
02-23 13:00:21.896  2028  2902 D OplusSmartBrightnessController: wakeup displayId[0]=2400 -> 0
02-23 13:00:21.896  2028  2902 I OplusSmartBrightnessController: setPowerOnRealTimeBrightness 344.0
02-23 13:00:21.896  2028  2902 D OplusFeatureHDREnhanceBrightness: setAnimating : displayId[0]=false
02-23 13:00:21.896  2028  2902 D OplusFeatureReduceBrightness: setAnimating : animating = false
02-23 13:00:21.896  2028  2902 D OplusFeatureEdrEnhanceBrightness: setAnimating: false
02-23 13:00:21.896  2028  2902 D OplusFeaturePwEdrEnhanceBrightness: setAnimating: false
02-23 13:00:21.898  2028  2902 D DpcExtImpl[0]: Animating brightness: hdrBrightness target=13->344,sdrBrightness target=13->344,rate=2400->0,type=manual,byUse=false local:4630946896948975233
02-23 13:00:21.900  2028  2902 D DisplayPowerController[0]: updatePowerStateInternal policy:OFF->BRIGHT,state:OFF->ON policy=BRIGHT, useProximitySensor=false, screenBrightnessOverride=-1.0, useAutoBrightness=false, screenAutoBrightnessAdjustmentOverride=NaN, screenLowPowerBrightnessFactor=1.0, blockScreenOn=false, lowPowerMode=false, boostScreenBrightness=false, dozeScreenBrightness=NaN, dozeScreenState=UNKNOWN, dozeScreenStateReason=DEFAULT_POLICY
02-23 13:00:21.900  2028  2902 I ColorAutomaticBrightnessController: updateAutoBrightness: Auto, sendUpdate = true adjustment=6423.529297,changed:344->3260,modified:3260->3260->3260,changed=true,cameraMode=-1,ProximityNear=false
02-23 13:00:21.900  2028  2902 I OplusSmartBrightnessController: handleBrightnessTotalRateType displayId[0]=manual->automatic
02-23 13:00:21.900  2028  2902 D DisplayPowerState[0]: updateRunnable run fadeLevle=0.0 state=ON brightness changed:344.0->-1.0
02-23 13:00:21.901  2028  2902 D DisplayPowerController[0]: animateScreenStateChange screen on blocked blocker=com.android.server.display.DisplayPowerController$ScreenOnUnblocker@1cc0072
02-23 13:00:21.901  2028  3624 D DisplayPowerState[0]: Updating screen state: id=0, state=ON, backlight=-1.0, sdrBacklight=-1.0
02-23 13:00:21.901  2028  4119 D WindowManager: mKeyguardDelegate.ShowListener.onDrawn.
02-23 13:00:21.901  2028  2680 W WindowManager: Setting mKeyguardDrawComplete
02-23 13:00:21.902  2028  2680 I WindowManager: Window{80d4fd5 u0 NotificationShade} state from HAS_DRAWN to DRAW_PENDING; reason: requestDrawIfNeeded
02-23 13:00:21.905  2028  3624 D DisplayAdapterExt: sendDisplayDeviceEventLocked event=2,now=672721838,timestamp=672721838 device:[id=local:4630946896948975233,stack=-1],isFirst=true,activeMode=1,state=ON,commitState=OFF,devInfo:null
02-23 13:00:21.905  2028  2903 W ProcessStats: Tracking association SourceState{a01d5e9 com.microsoft.appmanager:accsvc/10284 BFgs #1253675} whose proc state 4 is better than process ProcessState{20504de com.microsoft.appmanager:permsvc/10284 pkg=com.microsoft.appmanager} proc state 5 (119 skipped)
02-23 13:00:21.905  2028  3624 D OplusSmartBrightnessController: requestDisplayState isFirstDisplay=true state=2 globalDisplayState=0x2
02-23 13:00:21.906  2028  3624 D DisplayDeviceExt: setDisplayState([4630946896948975233,true],OFF->ON),t-Name=PhotonicModulator
02-23 13:00:21.907  2028  2685 D DisplayDeviceRepositoryExtImpl: onDisplayDeviceEvent event=2,now=672721838,timestamp=672721838 device:[id=local:4630946896948975233,stack=-1],isFirst=true,activeMode=1,state=ON,commitState=OFF,devInfo:null
02-23 13:00:21.911  2028  2680 I WindowManager: Waiting for drawn Window{80d4fd5 u0 NotificationShade}: removed=false visible=true mHasSurface=true drawState=1
02-23 13:00:21.911  2028  2680 D OplusWindowAnimationManager: Is NotificationShade draw check disabled: false, win: Window{80d4fd5 u0 NotificationShade}, clientRotation: 0, isFullscreen: true, requestedWidth: 1080, requestedHeight: 2400, physicalHeight: 2400, physicalWidth: 1080
02-23 13:00:21.913  2028  2685 I DisplayDeviceRepository: Display device changed state: "Built-in Screen", ON
02-23 13:00:21.913  2028  2685 D LogicalDisplayMapper: Display device changed: DisplayDeviceInfo{"Built-in Screen": uniqueId="local:4630946896948975233", 1080 x 2400, modeId 1, renderFrameRate 120.00001, defaultModeId 1, userPreferredModeId -1, supportedModes [{id=1, width=1080, height=2400, fps=120.00001, vsync=120.00001, synthetic=false, alternativeRefreshRates=[30.000002, 48.000004, 50.0, 60.000004, 90.0], supportedHdrTypes=[]}, {id=2, width=1080, height=2400, fps=90.0, vsync=90.0, synthetic=false, alternativeRefreshRates=[30.000002, 48.000004, 50.0, 60.000004, 120.00001], supportedHdrTypes=[]}, {id=3, width=1080, height=2400, fps=60.000004, vsync=60.000004, synthetic=false, alternativeRefreshRates=[30.000002, 48.000004, 50.0, 90.0, 120.00001], supportedHdrTypes=[]}, {id=4, width=1080, height=2400, fps=50.0, vsync=50.0, synthetic=false, alternativeRefreshRates=[30.000002, 48.000004, 60.000004, 90.0, 120.00001], supportedHdrTypes=[]}, {id=5, width=1080, height=2400, fps=48.000004, vsync=48.000004, synthetic=false, alternativeRefreshRates=[30.000002, 50.0, 60.000004, 90.0, 120.00001], supportedHdrTypes=[]}, {id=6, width=1080, height=2400, fps=30.000002, vsync=30.000002, synthetic=false, alternativeRefreshRates=[48.000004, 50.0, 60.000004, 90.0, 120.00001], supportedHdrTypes=[]}], colorMode 0, supportedColorModes [0, 7, 9], hdrCapabilities HdrCapabilities{mSupportedHdrTypes=[], mMaxLuminance=500.0, mMaxAverageLuminance=500.0, mMinLuminance=0.0}, allmSupported false, gameContentTypeSupported false, density 480, 391.885 x 390.769 dpi, appVsyncOff 1000000, presDeadline 12666666, cutout DisplayCutout{insets=Rect(0, 107 - 0, 0) waterfall=Insets{left=0, top=0, right=0, bottom=0} boundingRect={Bounds=[Rect(0, 0 - 0, 0), Rect(502, 0 - 578, 107), Rect(0, 0 - 0, 0), Rect(0, 0 - 0, 0)]} cutoutPathParserInfo={CutoutPathParserInfo{displayWidth=1080 displayHeight=2400 physicalDisplayWidth=1080 physicalDisplayHeight=2400 density={3.0} cutoutSpec={M -38,0 L -38,107 L 38,107 L 38,0 Z} rotation={0} scale={1.0} physicalPixelDisplaySizeRatio={1.0}}} sideOverrides={}}, touch INTERNAL, rotation 0, type INTERNAL, address {port=129, model=0x40446daabe5756}, deviceProductInfo DeviceProductInfo{name=, manufacturerPnpId=QCM, productId=1, modelYear=null, manufactureDate=ManufactureDate{week=27, year=2006}, connectionToSinkType=0}, state ON, committedState OFF, frameRateOverride , brightnessMinimum 0.0, brightnessMaximum 1.0, brightnessDefault 738.8214, hdrSdrRatio 1.0, backlightType 0, roundedCorners RoundedCorners{[RoundedCorner{position=TopLeft, radius=60, center=Point(60, 60)}, RoundedCorner{position=TopRight, radius=60, center=Point(1020, 60)}, RoundedCorner{position=BottomRight, radius=60, center=Point(1020, 2340)}, RoundedCorner{position=BottomLeft, radius=60, center=Point(60, 2340)}]}, FLAG_ALLOWED_TO_BE_DEFAULT_DISPLAY, FLAG_ROTATES_WITH_CONTENT, FLAG_SECURE, FLAG_SUPPORTS_PROTECTED_BUFFERS, FLAG_TRUSTED, installOrientation 0, displayShape DisplayShape{ spec=-1893857183 displayWidth=1080 displayHeight=2400 physicalPixelDisplaySizeRatio=1.0 rotation=0 offsetX=0 offsetY=0 scale=1.0}} diff=2
02-23 13:00:21.913  2028  2685 D LogicalDisplayExt: set displayInfo flag FLAG_ROTATES_WITH_CONTENT
02-23 13:00:21.915  2028  2680 D WindowManager: waitForAllWindowsDrawn displayId=-1,false,message={ when=-4d1h47m6s392ms what=7 arg1=-1 target=com.android.server.policy.PhoneWindowManager$PolicyHandler }
02-23 13:00:21.917  2028  2685 D DisplayManagerServiceExtImpl: scheduleTraversalLocked intraversal=false
02-23 13:00:21.917  2028  2685 I DisplayManagerServiceExtImpl: handle logical display changed logicalDisplay=id=0,stack=0,content=true,displayInfo{stack=0,type=1,id=0,uId=local:4630946896948975233,state=ON,pkg=null}
02-23 13:00:21.917  2028  2687 D DisplayManagerService: performTraversalInternal pendingTraversal
02-23 13:00:21.917  2028  2902 D BrightnessThermalClamper: Thermal status observer already started
02-23 13:00:21.917  2028  2687 D DisplayDevice: setLayerStackLocked id=local:4630946896948975233 token=android.os.BinderProxy@5905c34 stack=-1->0
02-23 13:00:21.917  2028  2902 D BrightnessPowerClamper: Power throttling data is missing for configuration data.
02-23 13:00:21.917  2028  2687 I DisplayDevice: [0] Layerstack set to 0 for local:4630946896948975233
02-23 13:00:21.920  2028  2903 W ContextImpl: Calling a method in the system process without a qualified user: android.app.ContextImpl.sendBroadcast:1261 com.android.server.am.OplusAppStartupConfig.handleCountRestrictedList:1698 com.android.server.am.OplusAppStartupManager.updateScreenStatus:5352 com.android.server.OplusSysStateManager$LocalService.onWakefulnessChanged:417 com.android.server.power.NotifierExtImpl.onWakefulnessChanged:134 
02-23 13:00:21.920  2028  3566 I MR2ServiceImpl: Updating composite discovery preference | preference: RouteDiscoveryRequest{ preferredFeatures={}, activeScan=false }, active routers: []
02-23 13:00:21.921  2028  2903 D NotifierExtImpl: notifyScreenOnOff: on = true
02-23 13:00:21.921  2028  2903 D OplusPowerManagerServiceEnhance: notifyScreenOnOff on=true
02-23 13:00:21.923  2028  2687 I WindowManager: Waiting for drawn Window{80d4fd5 u0 NotificationShade}: removed=false visible=true mHasSurface=true drawState=1
02-23 13:00:21.923  2028  2687 D OplusWindowAnimationManager: Is NotificationShade draw check disabled: false, win: Window{80d4fd5 u0 NotificationShade}, clientRotation: 0, isFullscreen: true, requestedWidth: 1080, requestedHeight: 2400, physicalHeight: 2400, physicalWidth: 1080
02-23 13:00:21.929  2028  2757 D AppProfilerExtImpl: Skipped pss collection for CPU busy
02-23 13:00:21.933  2028 29697 W ContextImpl: Calling a method in the system process without a qualified user: android.app.ContextImpl.sendBroadcast:1276 com.android.server.policy.PhoneWindowManagerExtImpl$5.run:1726 java.lang.Thread.run:1564 <bottom of call stack> <bottom of call stack> 
02-23 13:00:21.944  2028  7206 D CoreBackPreview: Window{80d4fd5 u0 NotificationShade}: Setting back callback OnBackInvokedCallbackInfo{mCallback=android.window.IOnBackInvokedCallback$Stub$Proxy@918c21f, mPriority=0, mIsAnimationCallback=false}
02-23 13:00:21.950  2028  2685 D DisplayManagerService: Delivering display event: displayId=0, event=CHANGED
02-23 13:00:21.971  3774  3774 D CastManagerService: onDisplayChanged.
02-23 13:00:21.981  2028  2680 D OplusVFXScreenEffectFeature: notifySFCompatWindowStateChange entered false
02-23 13:00:21.981  2028  2680 D FSS_FoldScreenBlackCoverController: displayChangeToOn, dc:Display{#0 state=ON size=1080x2400 ROTATION_0}
02-23 13:00:21.982  2028  2680 D DisplayManagerService: performTraversalInternal pendingTraversal
02-23 13:00:21.982  2028  2680 D DisplayDevice: setLayerStackLocked id=local:4630946896948975233 token=android.os.BinderProxy@5905c34 stack=0->0
02-23 13:00:21.991  2028  2903 D OplusAlarmAdjustment: MSG_SCREEN_ON, mScreenOnElapsed=672721923 ms
02-23 13:00:21.991  2028  2903 D OplusAlarmAdjustMap: removeAlignUid, uid=0, requester=0
02-23 13:00:21.999  2028  2685 D DisplayManagerService: MSG_REQUEST_TRAVERSAL pendingCompleted=false
02-23 13:00:22.001  2028  2680 I WindowManager: Waiting for drawn Window{80d4fd5 u0 NotificationShade}: removed=false visible=true mHasSurface=true drawState=1
02-23 13:00:22.001  2028  2680 D OplusWindowAnimationManager: Is NotificationShade draw check disabled: false, win: Window{80d4fd5 u0 NotificationShade}, clientRotation: 0, isFullscreen: true, requestedWidth: 1080, requestedHeight: 2400, physicalHeight: 2400, physicalWidth: 1080
02-23 13:00:22.017  2028  5001 D OplusBatteryServiceFeature: setSmartCoolDown: coolDown = 3, normalCoolDown = 3, pkgName = com.jarvis
02-23 13:00:22.018  2028  2687 I WindowManager: Waiting for drawn Window{80d4fd5 u0 NotificationShade}: removed=false visible=true mHasSurface=true drawState=1
02-23 13:00:22.018  2028  2687 D OplusWindowAnimationManager: Is NotificationShade draw check disabled: false, win: Window{80d4fd5 u0 NotificationShade}, clientRotation: 0, isFullscreen: true, requestedWidth: 1080, requestedHeight: 2400, physicalHeight: 2400, physicalWidth: 1080
02-23 13:00:22.040  2028  2685 W AccessibilityWindowsPopulator: The displayInfo of this displayId (0) called back from the surface fligner is null
02-23 13:00:22.051  3826  3826 W VRI[NotificationShade]: handleResized, msg:, frameChanged:false, configChanged:false, displayChanged:false, attachedFrameChanged:false, compatScaleChanged:false, pendingDragResizing=false
02-23 13:00:22.077  2028  7228 I WindowManager: Window{80d4fd5 u0 NotificationShade} state from DRAW_PENDING to COMMIT_DRAW_PENDING; reason: finishDrawingLocked
02-23 13:00:22.078  2028  4098 D OplusCustomizeRestrictionManagerService: isSuperPowerSavingModeDisabled Pid: 7318, Uid: 1000
02-23 13:00:22.091  2028  7237 D OplusCustomizeRestrictionManagerService: isSuperPowerSavingModeDisabled Pid: 7318, Uid: 1000
02-23 13:00:22.099  2028  2687 I WindowManager: Window{80d4fd5 u0 NotificationShade} state from COMMIT_DRAW_PENDING to READY_TO_SHOW; reason: commitFinishDrawingLocked
02-23 13:00:22.109  2028  2687 I WindowManager: Window{80d4fd5 u0 NotificationShade} state from READY_TO_SHOW to HAS_DRAWN; reason: performShowLocked
02-23 13:00:22.113  2028  2687 I WindowManager: Waiting for drawn Window{80d4fd5 u0 NotificationShade}: removed=false visible=true mHasSurface=true drawState=4
02-23 13:00:22.113  2028  2687 D OplusWindowAnimationManager: Is NotificationShade draw check disabled: false, win: Window{80d4fd5 u0 NotificationShade}, clientRotation: 0, isFullscreen: true, requestedWidth: 1080, requestedHeight: 2400, physicalHeight: 2400, physicalWidth: 1080
02-23 13:00:22.113  2028  2680 W WindowManager: All windows drawn on display -1
02-23 13:00:22.113  2028  2680 D FSS_FoldScreenBlackCoverController: finishWindowsDrawn, displayId:-1
02-23 13:00:22.113  2028  2680 I WindowManager: Finished screen turning on...0
02-23 13:00:22.113  2028  2680 D DpcExtImpl[0]: ScreenOnUnblocker, onScreenOn
02-23 13:00:22.114  2028  2902 I DisplayPowerController[0]: Unblocked screen on after 225 ms
02-23 13:00:22.114  2028  2902 D DisplayPowerState[0]: setColorFadeLevel: level=1.0
02-23 13:00:22.115  2028  7237 V WindowManager: Relayout Window{1a32c95 u0 OplusPrivacyIconTopLeft}: viewVisibility=8, oldvis=8, req=12x12, vsysui=LAYOUT_STABLE, x=35, y=56
02-23 13:00:22.129  2028  2928 D OplusDisplayBrightnessBroadcastReceiver: onReceive action = android.intent.action.SCREEN_ON , listeners = [com.android.server.display.stat.BackLightStat$EventReceiver@817131a]
02-23 13:00:22.141  2028  4098 V WindowManager: Relayout Window{fc41411 u0 OplusPrivacyIconTopRight}: viewVisibility=0, oldvis=0, req=12x12, vsysui=LAYOUT_STABLE, x=35, y=56
02-23 13:00:22.159  2028  2903 D AlarmWakeupCheck: SCREEN_ON: CntAlarmWakeup = 1
02-23 13:00:22.186  2028  3566 I MR2ServiceImpl: Updating composite discovery preference | preference: RouteDiscoveryRequest{ preferredFeatures={}, activeScan=false }, active routers: []
02-23 13:00:22.201  2028  3624 D DisplayAdapterExt: sendDisplayDeviceEventLocked event=2,now=672722134,timestamp=672722134 device:[id=local:4630946896948975233,stack=0],isFirst=true,activeMode=1,state=ON,commitState=ON,devInfo:null
02-23 13:00:22.201  2028  2685 D DisplayDeviceRepositoryExtImpl: onDisplayDeviceEvent event=2,now=672722134,timestamp=672722134 device:[id=local:4630946896948975233,stack=0],isFirst=true,activeMode=1,state=ON,commitState=ON,devInfo:null
02-23 13:00:22.202  2028  2685 I DisplayDeviceRepositoryExtImpl: Display device changed committed state: "Built-in Screen", ON
02-23 13:00:22.202  2028  2685 D LogicalDisplayMapper: Display device changed: DisplayDeviceInfo{"Built-in Screen": uniqueId="local:4630946896948975233", 1080 x 2400, modeId 1, renderFrameRate 120.00001, defaultModeId 1, userPreferredModeId -1, supportedModes [{id=1, width=1080, height=2400, fps=120.00001, vsync=120.00001, synthetic=false, alternativeRefreshRates=[30.000002, 48.000004, 50.0, 60.000004, 90.0], supportedHdrTypes=[]}, {id=2, width=1080, height=2400, fps=90.0, vsync=90.0, synthetic=false, alternativeRefreshRates=[30.000002, 48.000004, 50.0, 60.000004, 120.00001], supportedHdrTypes=[]}, {id=3, width=1080, height=2400, fps=60.000004, vsync=60.000004, synthetic=false, alternativeRefreshRates=[30.000002, 48.000004, 50.0, 90.0, 120.00001], supportedHdrTypes=[]}, {id=4, width=1080, height=2400, fps=50.0, vsync=50.0, synthetic=false, alternativeRefreshRates=[30.000002, 48.000004, 60.000004, 90.0, 120.00001], supportedHdrTypes=[]}, {id=5, width=1080, height=2400, fps=48.000004, vsync=48.000004, synthetic=false, alternativeRefreshRates=[30.000002, 50.0, 60.000004, 90.0, 120.00001], supportedHdrTypes=[]}, {id=6, width=1080, height=2400, fps=30.000002, vsync=30.000002, synthetic=false, alternativeRefreshRates=[48.000004, 50.0, 60.000004, 90.0, 120.00001], supportedHdrTypes=[]}], colorMode 0, supportedColorModes [0, 7, 9], hdrCapabilities HdrCapabilities{mSupportedHdrTypes=[], mMaxLuminance=500.0, mMaxAverageLuminance=500.0, mMinLuminance=0.0}, allmSupported false, gameContentTypeSupported false, density 480, 391.885 x 390.769 dpi, appVsyncOff 1000000, presDeadline 12666666, cutout DisplayCutout{insets=Rect(0, 107 - 0, 0) waterfall=Insets{left=0, top=0, right=0, bottom=0} boundingRect={Bounds=[Rect(0, 0 - 0, 0), Rect(502, 0 - 578, 107), Rect(0, 0 - 0, 0), Rect(0, 0 - 0, 0)]} cutoutPathParserInfo={CutoutPathParserInfo{displayWidth=1080 displayHeight=2400 physicalDisplayWidth=1080 physicalDisplayHeight=2400 density={3.0} cutoutSpec={M -38,0 L -38,107 L 38,107 L 38,0 Z} rotation={0} scale={1.0} physicalPixelDisplaySizeRatio={1.0}}} sideOverrides={}}, touch INTERNAL, rotation 0, type INTERNAL, address {port=129, model=0x40446daabe5756}, deviceProductInfo DeviceProductInfo{name=, manufacturerPnpId=QCM, productId=1, modelYear=null, manufactureDate=ManufactureDate{week=27, year=2006}, connectionToSinkType=0}, state ON, committedState ON, frameRateOverride , brightnessMinimum 0.0, brightnessMaximum 1.0, brightnessDefault 738.8214, hdrSdrRatio 1.0, backlightType 0, roundedCorners RoundedCorners{[RoundedCorner{position=TopLeft, radius=60, center=Point(60, 60)}, RoundedCorner{position=TopRight, radius=60, center=Point(1020, 60)}, RoundedCorner{position=BottomRight, radius=60, center=Point(1020, 2340)}, RoundedCorner{position=BottomLeft, radius=60, center=Point(60, 2340)}]}, FLAG_ALLOWED_TO_BE_DEFAULT_DISPLAY, FLAG_ROTATES_WITH_CONTENT, FLAG_SECURE, FLAG_SUPPORTS_PROTECTED_BUFFERS, FLAG_TRUSTED, installOrientation 0, displayShape DisplayShape{ spec=-1893857183 displayWidth=1080 displayHeight=2400 physicalPixelDisplaySizeRatio=1.0 rotation=0 offsetX=0 offsetY=0 scale=1.0}} diff=4
02-23 13:00:22.202  2028  2685 D LogicalDisplayExt: set displayInfo flag FLAG_ROTATES_WITH_CONTENT
02-23 13:00:22.218  2028  2685 D DisplayManagerServiceExtImpl: scheduleTraversalLocked intraversal=false
02-23 13:00:22.219  2028  2685 I DisplayManagerServiceExtImpl: handle logical display changed logicalDisplay=id=0,stack=0,content=true,displayInfo{stack=0,type=1,id=0,uId=local:4630946896948975233,state=ON,pkg=null}
02-23 13:00:22.219  2028  3624 I LocalDisplayAdapterExtImpl: power on! sync real time brightness:344.0 isFirst=true
02-23 13:00:22.219  2028  3624 I OplusSmartBrightnessController: setPowerOnRealTimeBrightness -1.0
02-23 13:00:22.219  2028  3624 D DisplayDeviceExt: setDisplayBrightness(4630946896948975233,344.0, 0.084005, 63.493),verbose[(0,ON):-1.0->344.0,(344.0, 344.0)]
02-23 13:00:22.220  2028  2902 D DisplayPowerController[0]: screenTurnedOn state=2 brightnessState=344.0 mustNotify=true
02-23 13:00:22.220  2028  2902 D DpcExtImpl[0]: RECORD:onUpdatePowerState policy:3 state:2 brightness:344
02-23 13:00:22.220  2028  2902 W PowerManagerService: Screen on took 360 ms. groupId = 0
02-23 13:00:22.220  2028  2902 D OplusPowerManagerHelper: [onWakeUpFinish]
02-23 13:00:22.220  2028  2902 E OplusCustomizeRestrictionManagerService: isBiometricDisabled start
02-23 13:00:22.220  2028  2902 D OplusFeatureAOD: notifySfUnBlockScreenOn
02-23 13:00:22.220  2028  2902 D BrightnessThermalClamper: Thermal status observer already started
02-23 13:00:22.221  2028  2902 D BrightnessPowerClamper: Power throttling data is missing for configuration data.
02-23 13:00:22.221  2028  2928 I OplusSmartBrightnessController: handleMessage MSG_UPDATE_BRIGHTNESS_NO_ANIMATION changed:false
02-23 13:00:22.221  2028  2928 D OplusSmartBrightnessController: setBrightnessNoAnimation true->false
02-23 13:00:22.222  2028  2685 D DisplayManagerService: Delivering display event: displayId=0, event=CHANGED
02-23 13:00:22.224  2028  2680 D OplusVFXScreenEffectFeature: notifySFCompatWindowStateChange entered false
02-23 13:00:22.226  2028  2680 D FSS_FoldScreenBlackCoverController: displayChangeToOn, dc:Display{#0 state=ON size=1080x2400 ROTATION_0}
02-23 13:00:22.228  2028  2680 D DisplayManagerService: performTraversalInternal pendingTraversal
02-23 13:00:22.228  2028  2680 D DisplayDevice: setLayerStackLocked id=local:4630946896948975233 token=android.os.BinderProxy@5905c34 stack=0->0
02-23 13:00:22.238  2028  2685 D DisplayManagerService: MSG_REQUEST_TRAVERSAL pendingCompleted=false
02-23 13:00:22.241  3774  3774 D CastManagerService: onDisplayChanged.
02-23 13:00:22.252  2028  3614 D OplusBatteryManager: getPsyBatteryRm: 3343
02-23 13:00:22.350  3826  3884 D ShellSplitScreen: onFinishedWakingUp
02-23 13:00:22.350  3826  3884 D OneHandedController: setLockedDisabled locked = false, enabled = false ,FeatureEnabled = true
02-23 13:00:22.351  3826  3826 W VRI[NotificationShade]: updateBlastSurfaceIfNeeded, surfaceSize:Point(1080, 2400), lastSurfaceSize:Point(1080, 2400), format:-3, blastBufferQueue:android.graphics.BLASTBufferQueue@a4b58b
02-23 13:00:22.351  2028  5001 D WindowManagerServiceExtImpl: extractConfigInfoAndRealFlags rotation=0, screenDp=360, residentWS:0, win=Window{80d4fd5 u0 NotificationShade}
02-23 13:00:22.352  2028  5001 V WindowManager: Relayout Window{80d4fd5 u0 NotificationShade}: viewVisibility=0, oldvis=0, req=1080x2400, vsysui=, x=0, y=0
02-23 13:00:22.386  2028  2687 D WindowManager: NFW_setClientVisible:WallpaperWindowToken{dcde4c2 token=android.os.Binder@facd675 showWhenLocked=true} clientVisible:true
02-23 13:00:22.489  2028  3476 W OplusStorageManagerFeature: mScreenReceiver action:android.intent.action.SCREEN_ON
02-23 13:00:22.490  2028  3476 W OplusStorageManagerFeature: turn screenOn, maintPrepared:false
02-23 13:00:22.490  2028  3476 W OplusStorageManagerFeature: sendToTarget over,paramStr:0
02-23 13:00:22.492  2028  3476 W OplusStorageManagerFeature: Ready to deal actionParam:0
02-23 13:00:22.497   688 29723 D vold    : [storage]aborting idle start
02-23 13:00:22.508  2028  2928 D OplusDisplayBrightnessBroadcastReceiver: onReceive action = android.intent.action.TIME_TICK , listeners = []
02-23 13:00:22.518   688 29723 D vold    : [storage]idle maintenance stopped
02-23 13:00:22.691  2028  3334 E JobScheduler.Background: Couldn't determine stopped state for unknown package: com.oplus.onet
02-23 13:00:22.795  2028  7237 W AppOps  : Noting op not finished: uid 10091 pkg com.google.android.apps.wellbeing code 79 startTime of in progress event=1771831822774
02-23 13:00:22.797  2028  2685 W AccessibilityWindowsPopulator: Windows change within in 2 frames continuously over 500 ms and notify windows changed immediately
02-23 13:00:22.815  2028  7231 W AppOps  : Noting op not finished: uid 10108 pkg com.google.android.gms code 79 startTime of in progress event=1771829186460
02-23 13:00:22.833  2028  7206 W AppOps  : Noting op not finished: uid 10108 pkg com.google.android.gms code 113 startTime of in progress event=1771831822800
02-23 13:00:22.848  2028  7237 W AppOps  : Noting op not finished: uid 10108 pkg com.google.android.gms code 113 startTime of in progress event=1771829186460
02-23 13:00:22.873  2028  7231 W AppOps  : Noting op not finished: uid 10108 pkg com.google.android.gms code 113 startTime of in progress event=1771829186460
02-23 13:00:22.888  2028  3937 W AppOps  : Noting op not finished: uid 10108 pkg com.google.android.gms code 113 startTime of in progress event=1771829186460
02-23 13:00:22.898  2028  5005 W AppOps  : Noting op not finished: uid 10108 pkg com.google.android.gms code 113 startTime of in progress event=1771829186460
02-23 13:00:23.139  2028  5005 D OplusWallpaperAnimationManager: cancelSurfaceAnimation reason: move_animation, isAnimating: false, by window: Window{80d4fd5 u0 NotificationShade}
02-23 13:00:23.139  2028  5005 D OplusWallpaperAnimationManager: setWallpaperScale, onAnimationStopped
02-23 13:00:23.140  2028  5005 V OplusWallpaperAnimationManager: setWallpaperScale scale: 1.1, targetZoom: 0.0, by Window{80d4fd5 u0 NotificationShade}
02-23 13:00:23.143  2028  2688 I WallpaperControllerExtImpl: begin setLockWallpaperZoomOut zoom: 0.0, by Window{80d4fd5 u0 NotificationShade}
02-23 13:00:23.143  2028  2764 I WallpaperControllerExtImpl: setLockWallpaperZoomOut zoom: 0.0, by Window{80d4fd5 u0 NotificationShade}
02-23 13:00:23.251  2028  7237 I OplusStatusBarManagerServiceEnhance:  getTopIsFullscreen mTopIsFullscreen: false
02-23 13:00:23.251  2028  7237 W ActivityManager: Permission Denial: getTopApplicationInfo from pid=28457, uid=10139 requires oplus.permission.OPLUS_COMPONENT_SAFE
02-23 13:00:23.251  2028  2028 D NotificationService--OplusNotificationManagerServiceExtImpl: isForwardToAssistants: true, case : Is local notification
02-23 13:00:23.251  2028  2028 D NotificationService: This application enqueue notifications is need postDelayed mcsAssistantDelayTime: 200
02-23 13:00:23.263  3826  4172 W LocaleConfig: The resource file pointed to by the given resource ID isn't found.
02-23 13:00:23.267  3826  4172 W LocaleConfig: The resource file pointed to by the given resource ID isn't found.
02-23 13:00:23.836  2028  2985 D VRR [OPlusExternalRefreshRateManager]: notifyDisableOtiMode: false
02-23 13:00:23.836  2028  2985 D VRR [OPlusSurfaceFlingerController]:  setTouchIdleShouldPause : false
02-23 13:00:25.717  2028  2928 D OplusDisplayBrightnessBroadcastReceiver: onReceive action = android.intent.action.BATTERY_CHANGED , listeners = [com.android.server.display.OplusFeatureHDREnhanceBrightness$PhoneInfoReceiver@780cd78, com.android.server.display.OplusFeatureEdrEnhanceBrightness$PhoneInfoReceiver@3423c51]
02-23 13:00:26.203  2028  3937 I OplusStatusBarManagerServiceEnhance:  getTopIsFullscreen mTopIsFullscreen: false
02-23 13:00:26.204  2028  3937 W ActivityManager: Permission Denial: getTopApplicationInfo from pid=28457, uid=10139 requires oplus.permission.OPLUS_COMPONENT_SAFE
02-23 13:00:26.204  2028  2028 D NotificationService--OplusNotificationManagerServiceExtImpl: isForwardToAssistants: true, case : Is local notification
02-23 13:00:26.204  2028  2028 D NotificationService: This application enqueue notifications is need postDelayed mcsAssistantDelayTime: 200
02-23 13:00:26.224  3826  4172 W LocaleConfig: The resource file pointed to by the given resource ID isn't found.
02-23 13:00:26.226  3826  4172 W LocaleConfig: The resource file pointed to by the given resource ID isn't found.
02-23 13:00:28.352  2028  5005 I OplusStatusBarManagerServiceEnhance:  getTopIsFullscreen mTopIsFullscreen: false
02-23 13:00:28.352  2028  5005 W ActivityManager: Permission Denial: getTopApplicationInfo from pid=28457, uid=10139 requires oplus.permission.OPLUS_COMPONENT_SAFE
02-23 13:00:28.352  2028  2028 D NotificationService--OplusNotificationManagerServiceExtImpl: isForwardToAssistants: true, case : Is local notification
02-23 13:00:28.352  2028  2028 D NotificationService: This application enqueue notifications is need postDelayed mcsAssistantDelayTime: 200
02-23 13:00:28.374  3826  4172 W LocaleConfig: The resource file pointed to by the given resource ID isn't found.
02-23 13:00:28.377  3826  4172 W LocaleConfig: The resource file pointed to by the given resource ID isn't found.
02-23 13:00:29.869  2028  2902 D DisplayPowerController[0]: requestPowerState: policy=DIM, useProximitySensor=false, screenBrightnessOverride=-1.0, useAutoBrightness=false, screenAutoBrightnessAdjustmentOverride=NaN, screenLowPowerBrightnessFactor=1.0, blockScreenOn=false, lowPowerMode=false, boostScreenBrightness=false, dozeScreenBrightness=NaN, dozeScreenState=UNKNOWN, dozeScreenStateReason=DEFAULT_POLICY, waitForNegativeProximity=false displayReady=false pendingRequest=true
02-23 13:00:29.869  2028  2902 D DisplayManagerServiceExtImpl: request size(1,1),dpc=com.android.server.display.DisplayPowerController@867fbb8 size(0,1),flags=0X200F,id(0,0,local:4630946896948975233),enable=true,ready=false,waitForNegativeProximity=false policy=DIM,useProximitySensor=false,dozeState=UNKNOWN,screenBrightnessOverride=-1.000000,useAuto=false,lowPower=false,lowPowerFactor=1.000000
02-23 13:00:29.870  2028  2902 I OplusSmartBrightnessController: handleBrightnessTotalRateType displayId[0]=automatic->dim
02-23 13:00:29.871  2028  2902 D OplusFeatureHDREnhanceBrightness: setAnimating : displayId[0]=true
02-23 13:00:29.871  2028  2902 D OplusFeatureReduceBrightness: setAnimating : animating = true
02-23 13:00:29.871  2028  2902 D OplusFeatureEdrEnhanceBrightness: setAnimating: true
02-23 13:00:29.871  2028  2902 D OplusFeaturePwEdrEnhanceBrightness: setAnimating: true
02-23 13:00:29.875  2028  2902 D DpcExtImpl[0]: Animating brightness: hdrBrightness target=344->13,sdrBrightness target=344->13,rate=2400->2400,type=dim,byUse=false local:4630946896948975233
02-23 13:00:29.875  2028  2902 D DpcExtImpl[0]: RECORD:onUpdatePowerState policy:2 state:2 brightness:13
02-23 13:00:29.876  2028  2902 D DisplayPowerController[0]: updatePowerStateInternal policy:BRIGHT->DIM,state:ON->ON policy=DIM, useProximitySensor=false, screenBrightnessOverride=-1.0, useAutoBrightness=false, screenAutoBrightnessAdjustmentOverride=NaN, screenLowPowerBrightnessFactor=1.0, blockScreenOn=false, lowPowerMode=false, boostScreenBrightness=false, dozeScreenBrightness=NaN, dozeScreenState=UNKNOWN, dozeScreenStateReason=DEFAULT_POLICY
02-23 13:00:29.878  2028  3624 D DisplayDeviceExt: setDisplayBrightness(4630946896948975233,338.0, 0.082540, 62.419),verbose[(1,ON):344.0->338.0,(338.0, 338.0)]
02-23 13:00:29.884  2028  3624 D DisplayDeviceExt: setDisplayBrightness(4630946896948975233,318.0, 0.077656, 58.619),verbose[(2,ON):338.0->318.0,(318.0, 318.0)]
02-23 13:00:29.893  2028  3624 D DisplayDeviceExt: setDisplayBrightness(4630946896948975233,295.0, 0.072039, 54.445),verbose[(3,ON):318.0->295.0,(295.0, 295.0)]
02-23 13:00:29.901  2028  3624 D DisplayDeviceExt: setDisplayBrightness(4630946896948975233,275.0, 0.067155, 50.840),verbose[(4,ON):295.0->275.0,(275.0, 275.0)]
02-23 13:00:30.017  2028  2902 D OplusFeatureHDREnhanceBrightness: setAnimating : displayId[0]=false
02-23 13:00:30.017  2028  2902 D OplusFeatureReduceBrightness: setAnimating : animating = false
02-23 13:00:30.017  2028  2902 D OplusFeatureEdrEnhanceBrightness: setAnimating: false
02-23 13:00:30.017  2028  2902 D OplusFeaturePwEdrEnhanceBrightness: setAnimating: false
02-23 13:00:30.018  2028  2902 D RampAnimatorExtImpl: onAnimationEnd id[0]=[true,0],changed=[344->344->13],duration:147,phaseCounts=[0, 0, 0]
02-23 13:00:30.440  2028  7231 I OplusStatusBarManagerServiceEnhance:  getTopIsFullscreen mTopIsFullscreen: false
02-23 13:00:30.440  2028  7231 W ActivityManager: Permission Denial: getTopApplicationInfo from pid=28457, uid=10139 requires oplus.permission.OPLUS_COMPONENT_SAFE
02-23 13:00:30.440  2028  2028 D NotificationService--OplusNotificationManagerServiceExtImpl: isForwardToAssistants: true, case : Is local notification
02-23 13:00:30.440  2028  2028 D NotificationService: This application enqueue notifications is need postDelayed mcsAssistantDelayTime: 200
02-23 13:00:30.451  3826  4172 W LocaleConfig: The resource file pointed to by the given resource ID isn't found.
02-23 13:00:30.453  3826  4172 W LocaleConfig: The resource file pointed to by the given resource ID isn't found.
02-23 13:00:31.394  2028  2928 D OplusDisplayBrightnessBroadcastReceiver: onReceive action = android.intent.action.BATTERY_CHANGED , listeners = [com.android.server.display.OplusFeatureHDREnhanceBrightness$PhoneInfoReceiver@780cd78, com.android.server.display.OplusFeatureEdrEnhanceBrightness$PhoneInfoReceiver@3423c51]
02-23 13:00:31.861  2028  2902 D OplusPowerManagerHelper: [notifyPowerKeyPressed] reason = other
02-23 13:00:31.862  2028  2902 D OplusPowerManagerHelper: goToSleepNoUpdateLocked  needIntercepet: false
02-23 13:00:31.862  2028  2902 I PowerGroup: Powering off display group due to timeout (groupId= 0, uid= 1000, millisSinceLastUserActivity=10001, lastUserActivityEvent=other)...
02-23 13:00:31.862  2028  2902 I PowerManagerService: Going to sleep due to timeout (uid 1000, screenOffTimeout=300000, activityTimeoutWM=10000, maxDimRatio=0.20000005, maxDimDur=7000)...
02-23 13:00:31.867  2028  2902 D OplusPowerManagerHelper: wakelock list dump: mLocks.size=2:
02-23 13:00:31.867  2028  2902 D OplusPowerManagerHelper: No.0: PARTIAL_WAKE_LOCK                activated(flags=1, uid=1041, pid=0) total=153014ms)
02-23 13:00:31.867  2028  2902 D OplusPowerManagerHelper: No.1: PARTIAL_WAKE_LOCK                activated(flags=1, uid=1000, pid=2028) total=54555ms)
02-23 13:00:31.871  2028  2902 D DisplayPowerController[0]: requestPowerState: policy=OFF, useProximitySensor=false, screenBrightnessOverride=-1.0, useAutoBrightness=false, screenAutoBrightnessAdjustmentOverride=NaN, screenLowPowerBrightnessFactor=1.0, blockScreenOn=false, lowPowerMode=false, boostScreenBrightness=false, dozeScreenBrightness=NaN, dozeScreenState=UNKNOWN, dozeScreenStateReason=DEFAULT_POLICY, waitForNegativeProximity=false displayReady=false pendingRequest=true
02-23 13:00:31.873  2028  2902 D DisplayManagerServiceExtImpl: request size(1,1),dpc=com.android.server.display.DisplayPowerController@867fbb8 size(0,1),flags=0X200F,id(0,0,local:4630946896948975233),enable=true,ready=false,waitForNegativeProximity=false policy=OFF,useProximitySensor=false,dozeState=UNKNOWN,screenBrightnessOverride=-1.000000,useAuto=false,lowPower=false,lowPowerFactor=1.000000
02-23 13:00:31.882  2028  7231 D CoreBackPreview: Window{80d4fd5 u0 NotificationShade}: Setting back callback null
02-23 13:00:31.915  3826  3884 D OneHandedController: setLockedDisabled locked = true, enabled = false ,FeatureEnabled = true
02-23 13:00:31.923  2028  2985 D VRR [OPlusExternalRefreshRateManager]: notifyDisableOtiMode: true
02-23 13:00:31.924  2028  2985 D VRR [OPlusExternalRefreshRateManager]:  [OTI] handleTouchIdlePauseState: Force
02-23 13:00:31.924  2028  2985 D VRR [OPlusSurfaceFlingerController]:  setTouchIdleShouldPause : true
02-23 13:00:31.953  2028  2902 I OplusSmartBrightnessController: handleBrightnessTotalRateType displayId[0]=dim->manual
02-23 13:00:31.954  2028  2902 D DisplayPowerController[0]: updatePowerStateInternal policy:DIM->OFF,state:ON->OFF policy=OFF, useProximitySensor=false, screenBrightnessOverride=-1.0, useAutoBrightness=false, screenAutoBrightnessAdjustmentOverride=NaN, screenLowPowerBrightnessFactor=1.0, blockScreenOn=false, lowPowerMode=false, boostScreenBrightness=false, dozeScreenBrightness=NaN, dozeScreenState=UNKNOWN, dozeScreenStateReason=DEFAULT_POLICY
02-23 13:00:31.969  2028  2902 D DisplayPowerState[0]: setColorFadeLevel: level=0.98429155
02-23 13:00:31.976  2028  2902 D DisplayPowerState[0]: setColorFadeLevel: level=0.9381534
02-23 13:00:31.985  2028  2902 D DisplayPowerState[0]: setColorFadeLevel: level=0.8535534
02-23 13:00:31.993  2028  2902 D DisplayPowerState[0]: setColorFadeLevel: level=0.75452065
02-23 13:00:32.002  2028  2902 D DisplayPowerState[0]: setColorFadeLevel: level=0.6394956
02-23 13:00:32.010  2028  2902 D DisplayPowerState[0]: setColorFadeLevel: level=0.5
02-23 13:00:32.018  2028  2902 D DisplayPowerState[0]: setColorFadeLevel: level=0.37565517
02-23 13:00:32.027  2028  2902 D DisplayPowerState[0]: setColorFadeLevel: level=0.25912303
02-23 13:00:32.035  2028  2902 D DisplayPowerState[0]: setColorFadeLevel: level=0.14644659
02-23 13:00:32.043  2028  2902 D DisplayPowerState[0]: setColorFadeLevel: level=0.06962907
02-23 13:00:32.052  2028  2902 D DisplayPowerState[0]: setColorFadeLevel: level=0.019853115
02-23 13:00:32.060  2028  2902 D DisplayPowerState[0]: setColorFadeLevel: level=0.0
02-23 13:00:32.061  2028  2902 D DpcExtImpl[0]: RECORD: Animation finished when screen is off isInteractive: false
02-23 13:00:32.061  2028  2902 D Biometrics_DEBUG: [onGoToSleepFinish]
02-23 13:00:32.062  2028  2902 E OplusCustomizeRestrictionManagerService: isBiometricDisabled start
02-23 13:00:32.074  2028  2902 D DisplayPowerState[0]: updateRunnable run fadeLevle=0.0 state=ON brightness changed:13.0->-1.0
02-23 13:00:32.075  2028  2902 I DisplayPowerController[0]: Blocking screen off
02-23 13:00:32.075  2028  2902 I DisplayPowerController[0]: Unblocked screen off after 1 ms
02-23 13:00:32.076  2028  2902 D BackLightStat: setScreenState: state changed:ON->OFF
02-23 13:00:32.076  2028  2902 D OplusDisplayState: setScreenState = false isPrimary = true
02-23 13:00:32.076  2028  2985 D VRR [OPlusRefreshRateService]: handleScreenStateChange state: 1
02-23 13:00:32.076  2028  2985 D VRR [OPlusExternalRefreshRateManager]: screenStateChange state: 1
02-23 13:00:32.077  2028  2902 D OplusSmartBrightnessController: onScreenEvent isScreenOn displayId[0]=false isFolding=false policy=OFF
02-23 13:00:32.077  2028  2902 D Arc[OplusBrightnessAmbientAdapter]: onScreenEvent displayId:0 isScreenOn:false isFolding:false
02-23 13:00:32.079  2028  2902 D Arc[OplusFeatureBrightnessBarController]: BrightnessBarController is not support.
02-23 13:00:32.084  2028  2902 D DisplayPowerState[0]: setScreenState changed:ON->OFF
02-23 13:00:32.084  2028  2928 D OplusFeatureHDREnhanceBrightness: MSG_RUS_APPLY false
02-23 13:00:32.084  2028  2902 D WindowManager: screenTurnedOff  Display{#0 state=ON size=1080x2400 ROTATION_0}
02-23 13:00:32.095  2028  2902 D OplusScreenOffGestureManager: registerSensor:
02-23 13:00:32.096  2028  2902 D OplusScreenOffGestureManager: priority sensor is null, get p sensor 
02-23 13:00:32.107  2028  2680 D OplusScreenOffGestureManager: onSensorChanged
02-23 13:00:32.109  2028  5004 D LockSettingsService: [scheduleNonStrongBiometricIdleTimeout]  userId = 0
02-23 13:00:32.112  2028  2902 I DisplayBrightnessStrategySelector: Changing the DisplayBrightnessStrategy from InvalidBrightnessStrategy to ScreenOffBrightnessStrategy for display 0
02-23 13:00:32.115  2028  2902 D DpcExtImpl[0]: handleMessage:6791
02-23 13:00:32.115  2028  2902 D DisplayPowerState[0]: updateRunnable run fadeLevle=0.0 state=OFF brightness changed:13.0->-1.0
02-23 13:00:32.115  2028  3624 D DisplayPowerState[0]: Updating screen state: id=0, state=OFF, backlight=-1.0, sdrBacklight=-1.0
02-23 13:00:32.115  2028  3624 D DisplayAdapterExt: sendDisplayDeviceEventLocked event=2,now=672732048,timestamp=672732048 device:[id=local:4630946896948975233,stack=0],isFirst=true,activeMode=1,state=OFF,commitState=ON,devInfo:null
02-23 13:00:32.115  2028  3624 D OplusSmartBrightnessController: requestDisplayState isFirstDisplay=true state=1 globalDisplayState=0x0
02-23 13:00:32.115  2028  3624 D DisplayDeviceExt: setDisplayState([4630946896948975233,true],ON->OFF),t-Name=PhotonicModulator
02-23 13:00:32.116  2028  2685 D DisplayDeviceRepositoryExtImpl: onDisplayDeviceEvent event=2,now=672732048,timestamp=672732048 device:[id=local:4630946896948975233,stack=0],isFirst=true,activeMode=1,state=OFF,commitState=ON,devInfo:null
02-23 13:00:32.121  2028  2685 I DisplayDeviceRepository: Display device changed state: "Built-in Screen", OFF
