02-23 12:56:59.685  5228  5436 I midasd  : OplusObrainService::notifyEventInt eventId:21 iParam:0
02-23 12:56:59.686  7051 26665 I OplusObrain: OplusObrainClientInvoke.nativeGetTelephonyInfo
02-23 12:56:59.687  7051 26665 I OplusObrain: OplusObrainClientInvoke.nativeGetTrafficTypeInfoForNetworkType networkType 0
02-23 12:56:59.693  5228 12313 E midasd  : Read file /sys/class/power_supply/usb/current_now failed.(No data available)
02-23 12:56:59.732 22368 22548 E msys    : E[N mns]_OnDiskCacheGetData(632)=>Start post callback cache refresh DNS resolution
02-23 12:56:59.738 22368 22548 E msys    : E[N mns]_LogError(228)=>Failed to resolve using system DNS resolver, getaddrinfo(): No address associated with hostname
02-23 12:56:59.780  1545  1663 D vendor.oplus.hardware.charger-V6-service: ret_value:127, read content:,344,343,4194,4194,305,500,2200,80,83,1,4,-1,4983,83,1,0,1,1,0,0,4425,0,3,0,3,0,0,0,337,0,1,1,0,0,61,61,61,0,0,0,0,0,0,0,0,0,0
02-23 12:56:59.780  1545  1663 D vendor.oplus.hardware.charger-V6-service: gmtime: 2026-02-23-12-56-59
02-23 12:56:59.781  1545  1663 D vendor.oplus.hardware.charger-V6-service: usb_online:1, ac_online:0, wireless_online:-2147483648
02-23 12:56:59.908  4306  4638 D CommonApp-289-10485: transport layer data is invalid
02-23 12:56:59.917  9129 26280 I NearbySharing: Network state changed: NetworkState(isRestricted=false, isOnline=true, isCongested=false, isMetered=false, isWifiConnected=true)
02-23 12:57:00.000  2028  3435 V AlarmManager: sending alarm Alarm{46c6ce4 type 3 origWhen 672519933 whenElapsed 672519933 android} uid 1000 whenElapsed 672519933 windowLength 0 maxWhenElapsed 672519933 repeatInterval 0 action null component null tag TIME_TICK flags 0x9 procName system_server
02-23 12:57:00.007  3826  3826 I SystemUi--SystemUi--: Clock-->smallTime: 12:57
02-23 12:57:00.008  3826  3826 I SystemUi--SystemUi--: Clock-->smallTime: 12:57
02-23 12:57:00.009  3826  3826 I SystemUi--SystemUi--: Clock-->smallTime: 12:57
02-23 12:57:00.010  4441  4441 D SubsysBroadcastManager: onReceive action:android.intent.action.TIME_TICK
02-23 12:57:00.020  3826  3826 E OplusNotificationPullDownAnimationExImpl: updateShelfPosition, error! ambientState=com.android.systemui.statusbar.notification.stack.AmbientState@9cc2600, shelfViewState=com.android.systemui.statusbar.NotificationShelf$ShelfState@3805e39, lastViewState=null, stackLayout=com.android.systemui.statusbar.notification.stack.NotificationStackScrollLayout{373ac7e V.E...... ......ID 48,0-1032,2304 #7f0a0853 app:id/notification_stack_scroller alpha=1.0 viewInfo = }, shelfEx=com.oplus.systemui.statusbar.notification.row.OplusShelfExImpl@e4305df
02-23 12:57:00.021  7318  7976 D PhoneScreenOnTime: affairType:231
02-23 12:57:00.026  2028  2928 D OplusDisplayBrightnessBroadcastReceiver: onReceive action = android.intent.action.TIME_TICK , listeners = []
02-23 12:57:00.030  7318  7976 D PhoneUsageTime: affairType:231
02-23 12:57:00.048  3826  3826 E OplusNotificationPullDownAnimationExImpl: updateShelfPosition, error! ambientState=com.android.systemui.statusbar.notification.stack.AmbientState@9cc2600, shelfViewState=com.android.systemui.statusbar.NotificationShelf$ShelfState@3805e39, lastViewState=null, stackLayout=com.android.systemui.statusbar.notification.stack.NotificationStackScrollLayout{373ac7e V.E...... ......ID 48,0-1032,2304 #7f0a0853 app:id/notification_stack_scroller alpha=1.0 viewInfo = }, shelfEx=com.oplus.systemui.statusbar.notification.row.OplusShelfExImpl@e4305df
02-23 12:57:00.157  1579 26441 D AudioPolicyService: updateUidStates_l() current->uid=10485 current->pid=22025 allowCapture=1 UidState=2 apmStat=2
02-23 12:57:00.164  1318 24921 E TetherController: property_get sys.radio.data.modem_share_flag return 0, 1!
02-23 12:57:00.169  1545  1698 D BatteryChargeControl: bcc get no support from charging protocol
02-23 12:57:00.383  2028  4296 I OplusHansManager : uid=10288, pkg=com.facebook.katana F enter(), M stay=3
02-23 12:57:00.389  2028  3873 I Osense-BaseDecisionMaker: notifySceneToAthenaPolicy: SCENE_RES_IO_PSI, bundle: Bundle[{ioLevel=3}]
02-23 12:57:00.389  2028  3873 I Osense-BaseDecisionMaker: OSense not supported scene! SCENE_RES_IO_PSI
02-23 12:57:00.389  2028  4296 I OplusHansManager : freeze uid: 10288 com.facebook.katana pids: [3734, 5507] scene: LcdOn
02-23 12:57:00.390  2028  4296 I OplusHansManager : uid=10419, pkg=com.instagram.android F enter(), M stay=3
02-23 12:57:00.391  9836  9836 D IHansComunication: HANS sendMessageToKernel: threadId = 490288954480, netLinkSetup = 1, type = PKG, targetUid = 10288, pkgCmd = ADD_ONE_UID
02-23 12:57:00.396  2028  4296 I OplusHansManager : freeze uid: 10419 com.instagram.android pids: [22368] scene: LcdOn
02-23 12:57:00.397  9836  9836 D IHansComunication: HANS sendMessageToKernel: threadId = 490288954480, netLinkSetup = 1, type = PKG, targetUid = 10419, pkgCmd = ADD_ONE_UID
02-23 12:57:00.397  2028  4307 I OplusHansManager : p_BC uid=10288 pkg=com.facebook.katana
02-23 12:57:00.397  2028  4307 I OplusBinderProxy: proxyBinder uid: 10288 pkg: com.facebook.katana proxy: true calling: OFreezer
02-23 12:57:00.397  2028  4307 I OplusHansManager : p_BC uid=10419 pkg=com.instagram.android
02-23 12:57:00.397  2028  4307 I OplusBinderProxy: proxyBinder uid: 10419 pkg: com.instagram.android proxy: true calling: OFreezer
02-23 12:57:00.508 22819 22819 D ClockTag_AlarmClockFragment: mIntentReceiver Action: android.intent.action.TIME_TICK
02-23 12:57:00.509 22819 22819 D ClockTag_WorldClockBaseFragment: Receive Action: android.intent.action.TIME_TICK
02-23 12:57:00.512 22819 22819 D ClockTag_Formatter: get12ModeFormat: 5
02-23 12:57:00.513 22819 22819 D ClockTag_Formatter: get12ModeFormat: 5
02-23 12:57:00.514 22819 22870 D ClockTag_ClockWidget.TimeInfoBuilder: getTimeInfo  hour = 12 -- minutes =57     -- ampm =pm  date:Mon, 23 Feb,fullTime:12:57,weekDay:Monday,monthDay:23 February
02-23 12:57:00.514 22819 22819 D ClockTag_Formatter: get12ModeFormat: 5
02-23 12:57:00.517 22819 22819 D ClockTag_Formatter: get12ModeFormat: 5
02-23 12:57:00.835  9129 26280 I NearbyMediums: No BLE Fast/GATT advertisements found in the latest cycle.
02-23 12:57:00.835  9129 26280 I NearbyMediums: Current Tracked Scanning Clients are : {NearbyConnections.EnvironmentMonitor, NearbySharing}
02-23 12:57:00.932  4306  4638 D CommonApp-289-10485: transport layer data is invalid
02-23 12:57:01.170  1545  1698 D BatteryChargeControl: bcc get no support from charging protocol
02-23 12:57:01.242  7113 25595 W MediaProvider: isAppCloneUserPair for user 0: false
02-23 12:57:01.257  7097  7207 I ContextAware_DaemonObserver: onChangeImpl, wait together. [Metis|com.oplus.metis|1.4.54-aa2067f]
02-23 12:57:01.258  7097 26782 I ContextAware_DailyStatisticsRecorder: Increase context change count: dmp_change_count, value: 1
02-23 12:57:01.316  1495 11693 I WifiHAL : event received NL80211_CMD_VENDOR, vendor_id = 0x1374, subcmd = 0xd
02-23 12:57:01.391  9836  9836 D IHansComunication: HANS sendMessageToKernel: threadId = 490288954480, netLinkSetup = 1, type = FROZEN_TRANS, targetUid = 10288, pkgCmd = PKG_CMD_MAX
02-23 12:57:01.392  2028  3514 D WifiStaIfaceHidlImpl: getCachedScanData is not implemented by HIDL
02-23 12:57:01.397  9836  9836 D IHansComunication: HANS sendMessageToKernel: threadId = 490288954480, netLinkSetup = 1, type = FROZEN_TRANS, targetUid = 10419, pkgCmd = PKG_CMD_MAX
02-23 12:57:01.399  2028  3653 D OplusGameFirstManager: oldAverRssi=-80,rssi=-82,newAverRssi=-82
02-23 12:57:01.405  4441  4620 D SubsysEventListenerManager: onCapabilitiesChanged
02-23 12:57:01.405  4441  4620 D DataStateTracker: getCurDataChannel, channel:1
02-23 12:57:01.407 26670 26670 W JobService: onNetworkChanged() not implemented in androidx.work.impl.background.systemjob.SystemJobService. Must override in a subclass.
02-23 12:57:01.408  4441  4441 D VendorWifiService: onEvent event:9,action:1
02-23 12:57:01.410  2028  3653 D OplusSlaNetworkManager: isPrimaryWifi:true network:289
02-23 12:57:01.410  4321  4321 I QImsService: OplusWifiApmStateMgr : onReceive,wifiSignal: -82
02-23 12:57:01.411  2028  3615 D OplusWifiPower_TriggerCenter: mComponentCallback: wifistat
02-23 12:57:01.414  2028  3615 D SystemNetworkObserver: wifi network 289 nc changed, primary=true
02-23 12:57:01.414  3826  4011 D WifiPickerTracker: handleNetworkCapabilitiesChanged network:289
02-23 12:57:01.414  2028  3615 D SystemNetworkObserver: default network nc changed 289
02-23 12:57:01.416  3826  3940 D WifiStatusTracker: mNetworkCallback onCapabilitiesChanged network:289 mPrimaryNetworkId:289
02-23 12:57:01.416  4285  5726 D QCNEJ/WlanStaInfoRelay: Received action: android.net.wifi.RSSI_CHANGED
02-23 12:57:01.419  3826  3826 I SystemUi--Statusbar: WifiViewModel-->wifiIcon icon:Wi-Fi two bars. isDefault:true alwaysShowIconIfEnabled:false
02-23 12:57:01.421  3826  3940 D WifiStatusTracker: mNetworkCallback onCapabilitiesChanged network:289 mPrimaryNetworkId:289
02-23 12:57:01.425 10211 10375 I CardConfig.RxNetworkMonitor: onNetworkStateChange, current:true, last:true
02-23 12:57:01.425  3826  3940 I SystemUi--Statusbar: NetworkController.WifiSignalController-->handleStatusUpdated state=3 enabled=true connected=true isDefaultNetwork=true rssi=-82 level=2 statusLabel=null isDirty=false
02-23 12:57:01.426  3826  4011 I WifiPickerTracker: wifi connected status realConnectedWifiEntry not null: true
02-23 12:57:01.427  9050  9092 I BugleRcsEngine: handleMessage processing message:[NOTIFY_UPTIME_IGNORE_STATE_CHANGED] with [non-null]:RcsEngineImpl reference [CONTEXT log_prefix="RcsEngineImpl[DUAL_REG]:[84532c06-c402]>Handler" thread_id=759 ]
02-23 12:57:01.430  9050  9082 I BugleRcsEngine: Connected state: [1], networkType: [WIFI] [CONTEXT thread_id=752 ]
02-23 12:57:01.432 26670 26750 D WM-NetworkStateTracker: Network capabilities changed: [ Transports: WIFI Capabilities: NOT_METERED&INTERNET&NOT_RESTRICTED&TRUSTED&NOT_VPN&VALIDATED&NOT_ROAMING&FOREGROUND&NOT_CONGESTED&NOT_SUSPENDED&NOT_VCN_MANAGED&NOT_BANDWIDTH_CONSTRAINED LinkUpBandwidth>=5584Kbps LinkDnBandwidth>=22414Kbps TransportInfo: <SSID: <unknown ssid>, BSSID: 02:00:00:00:00:00, MAC: 02:00:00:00:00:00, IP: /192.168.0.100, Security type: 2, Supplicant state: COMPLETED, Wi-Fi standard: 11n, RSSI: -82, Link speed: 1Mbps, Tx Link speed: 1Mbps, Max Supported Tx Link speed: 150Mbps, Rx Link speed: 1Mbps, Max Supported Rx Link speed: 150Mbps, Frequency: 2457MHz, Net ID: -1, Metered hint: false, score: 60, isUsable: true, CarrierMerged: false, SubscriptionId: -1, IsPrimary: -1, Trusted: true, Restricted: false, Ephemeral: false, OEM paid: false, OEM private: false, OSU AP: false, FQDN: <none>, Provider friendly name: <none>, Requesting package name: <none><none>MLO Information: , Is TID-To-Link negotiation supported by the AP: false, AP MLD Address: <none>, AP MLO Link Id: <none>, AP MLO Affiliated links: <none>, Vendor Data: <none>> SignalStrength: -82 UnderlyingNetworks: Null]
02-23 12:57:01.432  2028  3873 I Osense-BaseDecisionMaker: notifySceneToAthenaPolicy: SCENE_RES_IO_PSI, bundle: Bundle[{ioLevel=3}]
02-23 12:57:01.432  2028  3873 I Osense-BaseDecisionMaker: OSense not supported scene! SCENE_RES_IO_PSI
02-23 12:57:01.432  9050  9092 I BugleRcsEngine: Rcs is enabled from user settings: true [CONTEXT log_prefix="ProvisioningEngineDataRetriever" thread_id=759 ]
02-23 12:57:01.435  2028  4304 I OplusHansManager : unfreeze uid: 10279 org.telegram.messenger pids: [25399] reason: FullAsyncBinder scene: LcdOn
02-23 12:57:01.435  2028  4296 I OplusHansManager : uid=10279, pkg=org.telegram.messenger F exit(), F stay=223, reason=FullAsyncBinder
02-23 12:57:01.435  2028  4307 I OplusHansManager : up_BC uid=10279 pkg=org.telegram.messenger
02-23 12:57:01.435  2028  4307 I OplusBinderProxy: proxyBinder uid: 10279 pkg: org.telegram.messenger proxy: false calling: OFreezer
02-23 12:57:01.437  9129  9830 I NullBinder: NullBinder for android.net.action.RECOMMEND_NETWORKS triggering remote TransactionTooLargeException due to Service without Chimera impl, calling uid: 1000, calling pid: 0
02-23 12:57:01.437  9129  9830 W .gms.persistent: Large reply transaction of 2113536 bytes, interface descriptor , code 1
02-23 12:57:01.437  3826  3940 I SystemUi--Statusbar: NetworkController.WifiSignalController-->handleStatusUpdated state=3 enabled=true connected=true isDefaultNetwork=true rssi=-82 level=2 statusLabel=null isDirty=false
02-23 12:57:01.438  3826  3940 I SystemUi--Statusbar: NetworkController.WifiSignalController-->handleStatusUpdated state=3 enabled=true connected=true isDefaultNetwork=true rssi=-82 level=2 statusLabel=null isDirty=false
02-23 12:57:01.441  9129  9830 I NullBinder: NullBinder for android.net.action.RECOMMEND_NETWORKS triggering remote TransactionTooLargeException due to Service without Chimera impl, calling uid: 1000, calling pid: 0
02-23 12:57:01.441  9129  9830 W .gms.persistent: Large reply transaction of 2113536 bytes, interface descriptor , code 1
02-23 12:57:01.444  9129  9830 I NullBinder: NullBinder for android.net.action.RECOMMEND_NETWORKS triggering remote TransactionTooLargeException due to Service without Chimera impl, calling uid: 1000, calling pid: 0
02-23 12:57:01.444  9129  9830 W .gms.persistent: Large reply transaction of 2113536 bytes, interface descriptor , code 1
02-23 12:57:01.446  9129  9830 I NullBinder: NullBinder for android.net.action.RECOMMEND_NETWORKS triggering remote TransactionTooLargeException due to Service without Chimera impl, calling uid: 1000, calling pid: 0
02-23 12:57:01.446  9129  9830 W .gms.persistent: Large reply transaction of 2113536 bytes, interface descriptor , code 1
02-23 12:57:01.657  4239  4239 D OplusTelephonyController: onSignalStrengthChanged: SignalStrength=SignalStrength:{mCdma=CellSignalStrengthCdma: cdmaDbm=2147483647 cdmaEcio=2147483647 evdoDbm=2147483647 evdoEcio=2147483647 evdoSnr=2147483647 level=0,mGsm=CellSignalStrengthGsm: rssi=2147483647 ber=2147483647 mTa=2147483647 mLevel=0,mWcdma=CellSignalStrengthWcdma: ss=2147483647 ber=2147483647 rscp=2147483647 ecno=2147483647 level=0,mTdscdma=CellSignalStrengthTdscdma: rssi=2147483647 ber=2147483647 rscp=2147483647 level=0,mLte=CellSignalStrengthLte: rssi=-87 rsrp=-122 rsrq=-17 rssnr=-3 cqiTableIndex=2147483647 cqi=2147483647 ta=2147483647 level=1 parametersUseForLevel=0,mNr=CellSignalStrengthNr:{ csiRsrp = 2147483647 csiRsrq = 2147483647 csiCqiTableIndex = 2147483647 csiCqiReport = [] ssRsrp = 2147483647 ssRsrq = 2147483647 ssSinr = 2147483647 level = 0 parametersUseForLevel = 0 timingAdvance = 2147483647 },primary=CellSignalStrengthLte}
02-23 12:57:01.658  2028  7226 I OplusBinderProxy: pb uid: 10288 pid: 5507 desc: com.android.internal.telephony.IPhoneStateListener/10
02-23 12:57:01.659  2028  7226 I OplusBinderProxy: pb uid: 10419 pid: 22368 desc: com.android.internal.telephony.IPhoneStateListener/10
02-23 12:57:01.659  2028  7226 I OplusBinderProxy: pb uid: 10419 pid: 22368 desc: com.android.internal.telephony.IPhoneStateListener/10
02-23 12:57:01.659  4441  4441 D SubsysEventListenerManager-SubsysTelephonyCallback[0]: onSignalStrengthsChanged
02-23 12:57:01.670  1579 26441 D AudioPolicyService: updateUidStates_l() current->uid=10485 current->pid=22025 allowCapture=1 UidState=2 apmStat=2
02-23 12:57:01.672  1318 24921 E TetherController: property_get sys.radio.data.modem_share_flag return 0, 1!
02-23 12:57:01.676  4239  4239 D OplusTelephonyController: onSignalStrengthChanged: SignalStrength=SignalStrength:{mCdma=CellSignalStrengthCdma: cdmaDbm=2147483647 cdmaEcio=2147483647 evdoDbm=2147483647 evdoEcio=2147483647 evdoSnr=2147483647 level=0,mGsm=CellSignalStrengthGsm: rssi=2147483647 ber=2147483647 mTa=2147483647 mLevel=0,mWcdma=CellSignalStrengthWcdma: ss=2147483647 ber=2147483647 rscp=2147483647 ecno=2147483647 level=0,mTdscdma=CellSignalStrengthTdscdma: rssi=2147483647 ber=2147483647 rscp=2147483647 level=0,mLte=CellSignalStrengthLte: rssi=-87 rsrp=-122 rsrq=-17 rssnr=-3 cqiTableIndex=2147483647 cqi=2147483647 ta=2147483647 level=1 parametersUseForLevel=0,mNr=CellSignalStrengthNr:{ csiRsrp = 2147483647 csiRsrq = 2147483647 csiCqiTableIndex = 2147483647 csiCqiReport = [] ssRsrp = 2147483647 ssRsrq = 2147483647 ssSinr = 2147483647 level = 0 parametersUseForLevel = 0 timingAdvance = 2147483647 },primary=CellSignalStrengthLte}
02-23 12:57:01.677  4441  4441 D SubsysEventListenerManager-SubsysTelephonyCallback[0]: onSignalStrengthsChanged
02-23 12:57:01.689  3826  4010 I SystemUi--Statusbar: MobileConnectionRepositoryImpl-->subId:2 isSoftSimCard:false slotId:0
02-23 12:57:01.923  9129 26280 I NearbySharing: Network state changed: NetworkState(isRestricted=false, isOnline=true, isCongested=false, isMetered=false, isWifiConnected=true)
02-23 12:57:01.956  4306  4638 D CommonApp-289-10485: transport layer data is invalid
02-23 12:57:02.017  7113 25595 W MediaProvider: isAppCloneUserPair for user 0: false
02-23 12:57:02.026  7097  7207 I ContextAware_DaemonObserver: onChangeImpl, wait together. [Metis|com.oplus.metis|1.4.54-aa2067f]
02-23 12:57:02.027  7097 26796 I ContextAware_DailyStatisticsRecorder: Increase context change count: dmp_change_count, value: 1
02-23 12:57:02.037  7113 13095 W MediaProvider: isAppCloneUserPair for user 0: false
02-23 12:57:02.046  7097  7207 I ContextAware_DaemonObserver: onChangeImpl, wait together.
02-23 12:57:02.047  7097 26801 I ContextAware_DailyStatisticsRecorder: Increase context change count: dmp_change_count, value: 1
02-23 12:57:02.047  9129  9187 I UriTaskContentObserver: (REDACTED) Throttling content uri change event for %s
02-23 12:57:02.118  7113  6552 I MediaProvider: Deleted 1 0 0 0 0 0 0 items on external_primary due to com.whatsapp
02-23 12:57:02.121  7097  7207 I ContextAware_DaemonObserver: onChangeImpl, wait together. [Metis|com.oplus.metis|1.4.54-aa2067f]
02-23 12:57:02.121  7097 26764 I ContextAware_DailyStatisticsRecorder: Increase context change count: dmp_change_count, value: 1
02-23 12:57:02.121  9129  9187 I UriTaskContentObserver: (REDACTED) Throttling content uri change event for %s
02-23 12:57:02.172  1545  1698 D BatteryChargeControl: bcc get no support from charging protocol
02-23 12:57:02.202  1474 26959 I vendor.qti.bluetooth@1.0-ibs_handler: ProcessIbsCmd: Received IBS_WAKE_IND: 0xFD
02-23 12:57:02.202  1474 26959 D vendor.qti.bluetooth@1.0-ibs_handler: SerialClockVote: vote for UART CLK ON
02-23 12:57:02.203  1474 26959 D vendor.qti.bluetooth@1.0-wake_lock: Acquire wakelock is acquired 
02-23 12:57:02.203  1474 26959 I vendor.qti.bluetooth@1.0-ibs_handler: ProcessIbsCmd: Writing IBS_WAKE_ACK
02-23 12:57:02.244  1474 26959 I vendor.qti.bluetooth@1.0-ibs_handler: ProcessIbsCmd: Received IBS_SLEEP_IND: 0xFE
02-23 12:57:02.244  1474 26959 D vendor.qti.bluetooth@1.0-ibs_handler: SerialClockVote: vote for UART CLK OFF
02-23 12:57:02.295  7113 27397 W MediaProvider: isAppCloneUserPair for user 0: false
02-23 12:57:02.305  7097  7207 I ContextAware_DaemonObserver: onChangeImpl, wait together. [Metis|com.oplus.metis|1.4.54-aa2067f]
02-23 12:57:02.306  7097 26782 I ContextAware_DailyStatisticsRecorder: Increase context change count: dmp_change_count, value: 1
02-23 12:57:02.318  7113 13095 W MediaProvider: isAppCloneUserPair for user 0: false
02-23 12:57:02.319  3826  3940 I SystemUi--Statusbar: OplusNetworkSpeedControllExImpl-->updateNetworkSpeed: isConnected:true,isSwitchOn:true
02-23 12:57:02.322  3826  3940 I SystemUi--Statusbar: OplusNetworkSpeedControllExImpl-->getTotalByte: totalRxBytes:22801965844,totalTxBytes:3612656493,loopbackTxBytes:2816615,loopbackRxBytes:2691695 ,totalBytes:26409114027
02-23 12:57:02.331  7097  7207 I ContextAware_DaemonObserver: onChangeImpl, wait together.
02-23 12:57:02.332  7097 26796 I ContextAware_DailyStatisticsRecorder: Increase context change count: dmp_change_count, value: 1
02-23 12:57:02.332  9129  9187 I UriTaskContentObserver: (REDACTED) Throttling content uri change event for %s
02-23 12:57:02.343  3826  3826 E OplusNotificationPullDownAnimationExImpl: updateShelfPosition, error! ambientState=com.android.systemui.statusbar.notification.stack.AmbientState@9cc2600, shelfViewState=com.android.systemui.statusbar.NotificationShelf$ShelfState@3805e39, lastViewState=null, stackLayout=com.android.systemui.statusbar.notification.stack.NotificationStackScrollLayout{373ac7e V.E...... ......ID 48,0-1032,2304 #7f0a0853 app:id/notification_stack_scroller alpha=1.0 viewInfo = }, shelfEx=com.oplus.systemui.statusbar.notification.row.OplusShelfExImpl@e4305df
02-23 12:57:02.348  7113  7684 I MediaProvider: Deleted 1 0 0 0 0 0 0 items on external_primary due to com.whatsapp
02-23 12:57:02.349  7097  7207 I ContextAware_DaemonObserver: onChangeImpl, wait together.
02-23 12:57:02.349  9129  9187 I UriTaskContentObserver: (REDACTED) Throttling content uri change event for %s
02-23 12:57:02.350  7097 26801 I ContextAware_DailyStatisticsRecorder: Increase context change count: dmp_change_count, value: 1
02-23 12:57:02.395  1474 26943 D vendor.qti.bluetooth@1.0-wake_lock: Release wakelock is released 
02-23 12:57:02.427  2028  4296 I OplusHansManager : uid=10316, pkg=com.linkedin.android F enter(), M stay=3
02-23 12:57:02.431  2028  4296 I OplusHansManager : freeze uid: 10316 com.linkedin.android pids: [25085] scene: LcdOn
02-23 12:57:02.431  2028  4307 I OplusHansManager : p_BC uid=10316 pkg=com.linkedin.android
02-23 12:57:02.432  2028  4307 I OplusBinderProxy: proxyBinder uid: 10316 pkg: com.linkedin.android proxy: true calling: OFreezer
02-23 12:57:02.432  9836  9836 D IHansComunication: HANS sendMessageToKernel: threadId = 490288954480, netLinkSetup = 1, type = PKG, targetUid = 10316, pkgCmd = ADD_ONE_UID
02-23 12:57:02.444  7113  6552 W MediaProvider: isAppCloneUserPair for user 0: false
02-23 12:57:02.450  7097  7207 I ContextAware_DaemonObserver: onChangeImpl, wait together. [Metis|com.oplus.metis|1.4.54-aa2067f]
02-23 12:57:02.451  7097 26764 I ContextAware_DailyStatisticsRecorder: Increase context change count: dmp_change_count, value: 1
02-23 12:57:02.460  7113  8009 W MediaProvider: isAppCloneUserPair for user 0: false
02-23 12:57:02.465  2028  3873 I Osense-BaseDecisionMaker: notifySceneToAthenaPolicy: SCENE_RES_IO_PSI, bundle: Bundle[{ioLevel=3}]
02-23 12:57:02.465  2028  3873 I Osense-BaseDecisionMaker: OSense not supported scene! SCENE_RES_IO_PSI
02-23 12:57:02.467  7097  7207 I ContextAware_DaemonObserver: onChangeImpl, wait together.
02-23 12:57:02.467  7097 26782 I ContextAware_DailyStatisticsRecorder: Increase context change count: dmp_change_count, value: 1
02-23 12:57:02.468  9129  9187 I UriTaskContentObserver: (REDACTED) Throttling content uri change event for %s
02-23 12:57:02.479  7097  7207 I ContextAware_DaemonObserver: onChangeImpl, wait together.
02-23 12:57:02.480  7097 26796 I ContextAware_DailyStatisticsRecorder: Increase context change count: dmp_change_count, value: 1
02-23 12:57:02.480  9129  9187 I UriTaskContentObserver: (REDACTED) Throttling content uri change event for %s
02-23 12:57:02.485  7113 25595 I MediaProvider: Deleted 1 0 0 0 0 0 0 items on external_primary due to com.whatsapp
02-23 12:57:02.496  1545  1545 D vendor.oplus.hardware.charger-V6-service: get_ui_charge_icon_type 0 0 0 0 0
02-23 12:57:02.497  1545  1545 D vendor.oplus.hardware.charger-V6-service: oplus_chg_get_cpa_power 2500 charge_online 1 retention_topic 0
02-23 12:57:02.507  3826  3826 I SystemUi--Statusbar: BatteryControllerExt-->updateBatteryChangeIntent():broadcast=android.intent.action.BATTERY_CHANGED,level=83,scale=100
02-23 12:57:02.507  3826  3826 I SystemUi--Statusbar: BatteryRepository-->level: 83 -- isSavingMode: false
02-23 12:57:02.513  4441  4441 D SubsysBroadcastManager: onReceive action:android.intent.action.BATTERY_CHANGED
02-23 12:57:02.516 30055 30091 I eauf    : (REDACTED) appOpsListener %s %s
02-23 12:57:02.516 30055 30091 I eauf    : (REDACTED) Ignoring irrelevant audio permission changes for package %s
02-23 12:57:02.518  2028  2928 D OplusDisplayBrightnessBroadcastReceiver: onReceive action = android.intent.action.BATTERY_CHANGED , listeners = [com.android.server.display.OplusFeatureHDREnhanceBrightness$PhoneInfoReceiver@780cd78, com.android.server.display.OplusFeatureEdrEnhanceBrightness$PhoneInfoReceiver@3423c51]
02-23 12:57:02.518  4291  4291 D DeviceStatisticsService: onReceive: action= android.intent.action.BATTERY_CHANGED
02-23 12:57:02.520  1579 26441 V audio_utils::mutex: mutex_impl: audio_mutex initialized: ret:0  order:6
02-23 12:57:02.521  4291  4291 D DeviceInfoHidlClient: isRadioOn()=true
02-23 12:57:02.521  4291  4291 I DeviceInfoHidlClient: isPowerInfoNeverSent=false batteryLevel=83 batteryLevelIndex=3 chargingMode=2 totalCapacity=4016800 powerSaveMode=false
02-23 12:57:02.522  1579  2399 D AudioPolicyService: updateUidStates_l() current->uid=10485 current->pid=22025 allowCapture=1 UidState=2 apmStat=2
02-23 12:57:02.525  3013  3013 D CustomLogManagerService: onReceive android.intent.action.BATTERY_CHANGED
02-23 12:57:02.525  7318  8179 I DeepThinkerSDK: [APP] ClientConnection: getDeepThinkerBridge start
02-23 12:57:02.525  7318  8179 I DeepThinkerSDK: [APP] ClientConnection: getDeepThinkerBridge end
02-23 12:57:02.525  7318  8179 I DeepThinkerSDK: [APP] UserDomainManager: businessId : 401 threshold : 0.6 learnPeriod:30
02-23 12:57:02.526  7318  8179 I DeepThinkerSDK: [APP] UserDomainManager: PerformanceOfLongCharging{probabilityOfLocation=0.0, probabilityOfApps=0.0, probabilityOfTime=0.0, probabilityOfTotal=0.0, duration=0}
02-23 12:57:02.529  7318  8185 E Battery : ChargeProtectionUtils: mCanlendarTmp.isEmpty()!
02-23 12:57:02.590  7113 13930 W MediaProvider: isAppCloneUserPair for user 0: false
02-23 12:57:02.598  7097  7207 I ContextAware_DaemonObserver: onChangeImpl, wait together. [Metis|com.oplus.metis|1.4.54-aa2067f]
02-23 12:57:02.604  7097 26801 I ContextAware_DailyStatisticsRecorder: Increase context change count: dmp_change_count, value: 1 [Metis|com.oplus.metis|1.4.54-aa2067f]
02-23 12:57:02.606  1579 26441 D AudioPolicyService: updateUidStates_l() current->uid=10485 current->pid=22025 allowCapture=1 UidState=2 apmStat=2
02-23 12:57:02.613  7113 27397 W MediaProvider: isAppCloneUserPair for user 0: false
02-23 12:57:02.621  7097  7207 I ContextAware_DaemonObserver: onChangeImpl, wait together.
02-23 12:57:02.622  7097 26764 I ContextAware_DailyStatisticsRecorder: Increase context change count: dmp_change_count, value: 1
02-23 12:57:02.622  9129  9187 I UriTaskContentObserver: (REDACTED) Throttling content uri change event for %s
02-23 12:57:02.641  7113  6552 I MediaProvider: Deleted 1 0 0 0 0 0 0 items on external_primary due to com.whatsapp
02-23 12:57:02.643  9129  9187 I UriTaskContentObserver: (REDACTED) Throttling content uri change event for %s
02-23 12:57:02.644  7097  7207 I ContextAware_DaemonObserver: onChangeImpl, wait together.
02-23 12:57:02.644  7097 26782 I ContextAware_DailyStatisticsRecorder: Increase context change count: dmp_change_count, value: 1
02-23 12:57:02.695  1474 26959 I vendor.qti.bluetooth@1.0-ibs_handler: ProcessIbsCmd: Received IBS_WAKE_IND: 0xFD
02-23 12:57:02.695  1474 26959 D vendor.qti.bluetooth@1.0-ibs_handler: SerialClockVote: vote for UART CLK ON
02-23 12:57:02.696  1474 26959 D vendor.qti.bluetooth@1.0-wake_lock: Acquire wakelock is acquired 
02-23 12:57:02.697  1474 26959 I vendor.qti.bluetooth@1.0-ibs_handler: ProcessIbsCmd: Writing IBS_WAKE_ACK
02-23 12:57:02.698 26895 26931 W bluetooth: [hci_layer.cc:617] on_vs_event: Unhandled vendor specific event of type BQR_EVENT(0x58)
02-23 12:57:02.737  1474 26959 I vendor.qti.bluetooth@1.0-ibs_handler: ProcessIbsCmd: Received IBS_SLEEP_IND: 0xFE
02-23 12:57:02.737  1474 26959 D vendor.qti.bluetooth@1.0-ibs_handler: SerialClockVote: vote for UART CLK OFF
02-23 12:57:02.740  7113  6591 W MediaProvider: isAppCloneUserPair for user 0: false
02-23 12:57:02.746  7097  7207 I ContextAware_DaemonObserver: onChangeImpl, wait together. [Metis|com.oplus.metis|1.4.54-aa2067f]
02-23 12:57:02.747  7097 26796 I ContextAware_DailyStatisticsRecorder: Increase context change count: dmp_change_count, value: 1
02-23 12:57:02.756  7113 20591 W MediaProvider: isAppCloneUserPair for user 0: false
02-23 12:57:02.764  7097  7207 I ContextAware_DaemonObserver: onChangeImpl, wait together.
02-23 12:57:02.765  7097 26801 I ContextAware_DailyStatisticsRecorder: Increase context change count: dmp_change_count, value: 1
02-23 12:57:02.766  9129  9187 I UriTaskContentObserver: (REDACTED) Throttling content uri change event for %s
02-23 12:57:02.806  7113  6591 I MediaProvider: Deleted 1 0 0 0 0 0 0 items on external_primary due to com.whatsapp
02-23 12:57:02.808  7097  7207 I ContextAware_DaemonObserver: onChangeImpl, wait together. [Metis|com.oplus.metis|1.4.54-aa2067f]
02-23 12:57:02.808  9129  9187 I UriTaskContentObserver: (REDACTED) Throttling content uri change event for %s
02-23 12:57:02.808  7097 26764 I ContextAware_DailyStatisticsRecorder: Increase context change count: dmp_change_count, value: 1
02-23 12:57:02.839  2028  7226 W JobScheduler: Job didn't exist in JobStore: #com.google.android.apps.photos/1034
02-23 12:57:02.862  1579 26441 D AudioPolicyService: updateUidStates_l() current->uid=10485 current->pid=22025 allowCapture=1 UidState=2 apmStat=2
02-23 12:57:02.862  2028  7226 W JobScheduler: Job didn't exist in JobStore: #com.google.android.apps.photos/1034
02-23 12:57:02.865  1318 24921 E TetherController: property_get sys.radio.data.modem_share_flag return 0, 1!
02-23 12:57:02.870  1579 26441 D AudioPolicyService: updateUidStates_l() current->uid=10485 current->pid=22025 allowCapture=1 UidState=2 apmStat=2
02-23 12:57:02.873  2028  3880 W UriGrantsManagerService: No permission grants found for com.google.android.apps.photos
02-23 12:57:02.874  2028  3880 W UriGrantsManagerService: No permission grants found for com.google.android.apps.photos
02-23 12:57:02.888  1474 26943 D vendor.qti.bluetooth@1.0-wake_lock: Release wakelock is released 
02-23 12:57:02.980  4306  4638 D CommonApp-289-10485: transport layer data is invalid
02-23 12:57:02.991   712 26734 I keystore2: system/security/keystore2/watchdog/src/lib.rs:319 - Watchdog thread idle -> terminating. Have a great day.
02-23 12:57:03.173  1545  1698 D BatteryChargeControl: bcc get no support from charging protocol
02-23 12:57:03.257  1474 26959 I vendor.qti.bluetooth@1.0-ibs_handler: ProcessIbsCmd: Received IBS_WAKE_IND: 0xFD
02-23 12:57:03.258  1474 26959 D vendor.qti.bluetooth@1.0-ibs_handler: SerialClockVote: vote for UART CLK ON
02-23 12:57:03.259  1474 26959 D vendor.qti.bluetooth@1.0-wake_lock: Acquire wakelock is acquired 
02-23 12:57:03.259  1474 26959 I vendor.qti.bluetooth@1.0-ibs_handler: ProcessIbsCmd: Writing IBS_WAKE_ACK
02-23 12:57:03.299  1474 26959 I vendor.qti.bluetooth@1.0-ibs_handler: ProcessIbsCmd: Received IBS_SLEEP_IND: 0xFE
02-23 12:57:03.300  1474 26959 D vendor.qti.bluetooth@1.0-ibs_handler: SerialClockVote: vote for UART CLK OFF
02-23 12:57:03.319  1495 11693 I WifiHAL : event received NL80211_CMD_VENDOR, vendor_id = 0x1374, subcmd = 0xd
02-23 12:57:03.414  2028  3514 D WifiStaIfaceHidlImpl: getCachedScanData is not implemented by HIDL
02-23 12:57:03.420  2028  3653 D OplusGameFirstManager: oldAverRssi=-82,rssi=-76,newAverRssi=-79
02-23 12:57:03.425  4321  4321 I QImsService: OplusWifiApmStateMgr : onReceive,wifiSignal: -76
02-23 12:57:03.426  4285  5726 D QCNEJ/WlanStaInfoRelay: Received action: android.net.wifi.RSSI_CHANGED
02-23 12:57:03.428  3826  3940 D WifiStatusTracker: mNetworkCallback onCapabilitiesChanged network:289 mPrimaryNetworkId:289
02-23 12:57:03.429 26670 26670 W JobService: onNetworkChanged() not implemented in androidx.work.impl.background.systemjob.SystemJobService. Must override in a subclass.
02-23 12:57:03.430  4441  4441 D VendorWifiService: onEvent event:9,action:1
02-23 12:57:03.430  4441  4620 D SubsysEventListenerManager: onCapabilitiesChanged
02-23 12:57:03.430  4441  4620 D DataStateTracker: getCurDataChannel, channel:1
02-23 12:57:03.431  3826  4011 D WifiPickerTracker: handleNetworkCapabilitiesChanged network:289
02-23 12:57:03.433  5228  5436 I midasd  : OplusObrainService::notifyEventIntArray eventId:13 iParams.size:5
02-23 12:57:03.434  9836  9836 D IHansComunication: HANS sendMessageToKernel: threadId = 490288954480, netLinkSetup = 1, type = FROZEN_TRANS, targetUid = 10316, pkgCmd = PKG_CMD_MAX
02-23 12:57:03.434  7051 12379 I OplusObrain: OplusObrainClientInvoke.nativeGetTrafficTypeInfoForNetworkType networkType 1
02-23 12:57:03.435  2028  7237 D KernelStatsHelper: getKernelStats start!
02-23 12:57:03.435  2028  3653 D OplusSlaNetworkManager: isPrimaryWifi:true network:289
02-23 12:57:03.436  2028  3594 D OplusNetlinkSocket: handleNetlinkRecvKernelMessage:nlmsghdr:StructNlMsgHdr{ nlmsg_len{3004}, nlmsg_type{33()}, nlmsg_flags{0()}, nlmsg_seq{0}, nlmsg_pid{132910602} }
02-23 12:57:03.436  2028  3594 D KernelStatsHelper: get magic :[-1, -1, -1, 77, 65, 71, 73, 67]
02-23 12:57:03.436  2028  3594 D KernelStatsHelper: magic matched count:408 data_len:21216
02-23 12:57:03.436  2028  3594 D OplusNetlinkSocket: handleNetlinkRecvKernelMessage:nlmsghdr:StructNlMsgHdr{ nlmsg_len{2988}, nlmsg_type{33()}, nlmsg_flags{0()}, nlmsg_seq{0}, nlmsg_pid{132910602} }
02-23 12:57:03.436  2028  3594 D OplusNetlinkSocket: handleNetlinkRecvKernelMessage:nlmsghdr:StructNlMsgHdr{ nlmsg_len{2988}, nlmsg_type{33()}, nlmsg_flags{0()}, nlmsg_seq{0}, nlmsg_pid{132910602} }
02-23 12:57:03.436  2028  3594 D OplusNetlinkSocket: handleNetlinkRecvKernelMessage:nlmsghdr:StructNlMsgHdr{ nlmsg_len{2988}, nlmsg_type{33()}, nlmsg_flags{0()}, nlmsg_seq{0}, nlmsg_pid{132910602} }
02-23 12:57:03.436  2028  3594 D OplusNetlinkSocket: handleNetlinkRecvKernelMessage:nlmsghdr:StructNlMsgHdr{ nlmsg_len{2988}, nlmsg_type{33()}, nlmsg_flags{0()}, nlmsg_seq{0}, nlmsg_pid{132910602} }
02-23 12:57:03.436  2028  3594 D OplusNetlinkSocket: handleNetlinkRecvKernelMessage:nlmsghdr:StructNlMsgHdr{ nlmsg_len{2988}, nlmsg_type{33()}, nlmsg_flags{0()}, nlmsg_seq{0}, nlmsg_pid{132910602} }
02-23 12:57:03.436  3826  4011 I WifiPickerTracker: wifi connected status realConnectedWifiEntry not null: true
02-23 12:57:03.436  2028  3594 D OplusNetlinkSocket: handleNetlinkRecvKernelMessage:nlmsghdr:StructNlMsgHdr{ nlmsg_len{2988}, nlmsg_type{33()}, nlmsg_flags{0()}, nlmsg_seq{0}, nlmsg_pid{132910602} }
02-23 12:57:03.436  2028  3594 D OplusNetlinkSocket: handleNetlinkRecvKernelMessage:nlmsghdr:StructNlMsgHdr{ nlmsg_len{492}, nlmsg_type{33()}, nlmsg_flags{0()}, nlmsg_seq{0}, nlmsg_pid{132910602} }
02-23 12:57:03.436  2028  3594 D KernelStatsHelper: data over! check: true
02-23 12:57:03.437  3826  3826 I SystemUi--Statusbar: WifiViewModel-->wifiIcon icon:Wi-Fi three bars. isDefault:true alwaysShowIconIfEnabled:false
02-23 12:57:03.439  3826  3940 D WifiStatusTracker: mNetworkCallback onCapabilitiesChanged network:289 mPrimaryNetworkId:289
02-23 12:57:03.439  2028  3615 D SystemNetworkObserver: wifi network 289 nc changed, primary=true
02-23 12:57:03.439  2028  3615 D SystemNetworkObserver: default network nc changed 289
02-23 12:57:03.444  9050  9092 I BugleRcsEngine: handleMessage processing message:[NOTIFY_UPTIME_IGNORE_STATE_CHANGED] with [non-null]:RcsEngineImpl reference [CONTEXT log_prefix="RcsEngineImpl[DUAL_REG]:[84532c06-c402]>Handler" thread_id=759 ]
02-23 12:57:03.444  9050  9082 I BugleRcsEngine: Connected state: [1], networkType: [WIFI] [CONTEXT thread_id=752 ]
02-23 12:57:03.445  3826  3940 I SystemUi--Statusbar: NetworkController.WifiSignalController-->handleStatusUpdated state=3 enabled=true connected=true isDefaultNetwork=true rssi=-76 level=3 statusLabel=null isDirty=false
02-23 12:57:03.447 10211 10375 I CardConfig.RxNetworkMonitor: onNetworkStateChange, current:true, last:true
02-23 12:57:03.450  1474 26943 D vendor.qti.bluetooth@1.0-wake_lock: Release wakelock is released 
02-23 12:57:03.452  3826  3940 I SystemUi--Statusbar: NetworkController.WifiSignalController-->handleStatusUpdated state=3 enabled=true connected=true isDefaultNetwork=true rssi=-76 level=3 statusLabel=null isDirty=false
02-23 12:57:03.452  3826  3940 I SystemUi--Statusbar: NetworkController.WifiSignalController-->handleStatusUpdated state=3 enabled=true connected=true isDefaultNetwork=true rssi=-76 level=3 statusLabel=null isDirty=false
02-23 12:57:03.453  9129  9345 I NullBinder: NullBinder for android.net.action.RECOMMEND_NETWORKS triggering remote TransactionTooLargeException due to Service without Chimera impl, calling uid: 1000, calling pid: 0
02-23 12:57:03.453  9129  9345 W .gms.persistent: Large reply transaction of 2113536 bytes, interface descriptor , code 1
02-23 12:57:03.454  9050  9092 I BugleRcsEngine: Rcs is enabled from user settings: true [CONTEXT log_prefix="ProvisioningEngineDataRetriever" thread_id=759 ]
02-23 12:57:03.457  9129  9345 I NullBinder: NullBinder for android.net.action.RECOMMEND_NETWORKS triggering remote TransactionTooLargeException due to Service without Chimera impl, calling uid: 1000, calling pid: 0
02-23 12:57:03.457  9129  9345 W .gms.persistent: Large reply transaction of 2113536 bytes, interface descriptor , code 1
02-23 12:57:03.457 26670 26750 D WM-NetworkStateTracker: Network capabilities changed: [ Transports: WIFI Capabilities: NOT_METERED&INTERNET&NOT_RESTRICTED&TRUSTED&NOT_VPN&VALIDATED&NOT_ROAMING&FOREGROUND&NOT_CONGESTED&NOT_SUSPENDED&NOT_VCN_MANAGED&NOT_BANDWIDTH_CONSTRAINED LinkUpBandwidth>=7889Kbps LinkDnBandwidth>=22571Kbps TransportInfo: <SSID: <unknown ssid>, BSSID: 02:00:00:00:00:00, MAC: 02:00:00:00:00:00, IP: /192.168.0.100, Security type: 2, Supplicant state: COMPLETED, Wi-Fi standard: 11n, RSSI: -76, Link speed: 6Mbps, Tx Link speed: 6Mbps, Max Supported Tx Link speed: 150Mbps, Rx Link speed: 1Mbps, Max Supported Rx Link speed: 150Mbps, Frequency: 2457MHz, Net ID: -1, Metered hint: false, score: 60, isUsable: true, CarrierMerged: false, SubscriptionId: -1, IsPrimary: -1, Trusted: true, Restricted: false, Ephemeral: false, OEM paid: false, OEM private: false, OSU AP: false, FQDN: <none>, Provider friendly name: <none>, Requesting package name: <none><none>MLO Information: , Is TID-To-Link negotiation supported by the AP: false, AP MLD Address: <none>, AP MLO Link Id: <none>, AP MLO Affiliated links: <none>, Vendor Data: <none>> SignalStrength: -76 UnderlyingNetworks: Null]
02-23 12:57:03.460  9129  9345 I NullBinder: NullBinder for android.net.action.RECOMMEND_NETWORKS triggering remote TransactionTooLargeException due to Service without Chimera impl, calling uid: 1000, calling pid: 0
02-23 12:57:03.460  9129  9345 W .gms.persistent: Large reply transaction of 2113536 bytes, interface descriptor , code 1
02-23 12:57:03.462  9129  9345 I NullBinder: NullBinder for android.net.action.RECOMMEND_NETWORKS triggering remote TransactionTooLargeException due to Service without Chimera impl, calling uid: 1000, calling pid: 0
02-23 12:57:03.462  9129  9345 W .gms.persistent: Large reply transaction of 2113536 bytes, interface descriptor , code 1
02-23 12:57:03.504  2028  3873 I Osense-BaseDecisionMaker: notifySceneToAthenaPolicy: SCENE_RES_IO_PSI, bundle: Bundle[{ioLevel=3}]
02-23 12:57:03.504  2028  3873 I Osense-BaseDecisionMaker: OSense not supported scene! SCENE_RES_IO_PSI
02-23 12:57:03.593  1579 26441 D AudioPolicyService: updateUidStates_l() current->uid=10485 current->pid=22025 allowCapture=1 UidState=2 apmStat=2
02-23 12:57:03.594  1579 26441 D AudioPolicyService: updateUidStates_l() current->uid=10485 current->pid=22025 allowCapture=1 UidState=2 apmStat=2
02-23 12:57:03.617 25540 25549 I DMP-RemoteWorkProcessor: process:onChangearg: ***/fileextras:Bundle[mParcelledData.dataSize=7304]
02-23 12:57:03.619 25540 25588 I DMP-BusinessHandler: handleMessage:4
02-23 12:57:03.620 25540 25550 I DMP-RemoteWorkProcessor: process:onDeletearg: ***/fileextras:Bundle[mParcelledData.dataSize=788]
02-23 12:57:03.621  7097 26782 I ContextAware_DailyStatisticsRecorder: Increase context change count: dmp_notify_count, value: 1 [Metis|com.oplus.metis|1.4.54-aa2067f]
02-23 12:57:03.627 25540 25588 I DMP-IndexProvider: call, authority[com.oplus.dmp.index], method[onChange], resource[null]
02-23 12:57:03.628 25540 25588 I DMP-AppInitializer: isAppAvailable for indexCall, caller: com.oplus.dmp
02-23 12:57:03.628 25540 25588 I DMP-IndexProvider: Process index init succeed
02-23 12:57:03.629 25540 25588 I DMP-Dispatcher: dispatchWork, method[onChange], resource[null], extras[Bundle[{values=[1000291089, 1000339075, 1000339074, 1000339073, 1000339072, 1000339071, 1000339070, 1000339079, 1000339077, 1000339076, 1000299259, 1000276092, 1000291099, 1000339063, 1000339062, 1000339061, 1000339060, 1000339068, 1000339067, 1000339066, 1000339065, 1000339059, 1000339058, 1000290740, 1000263960, 1000263955, 1000263958, 1000268780, 1000285046, 1000285041, 1000299212, 1000328303, 1000339085, 1000339083, 1000339081], uri=***/file}]]
02-23 12:57:03.629 25540 25588 I DMP-Dispatcher: dispatchToMultiResource, method: onChange, extras: Bundle[{values=[1000291089, 1000339075, 1000339074, 1000339073, 1000339072, 1000339071, 1000339070, 1000339079, 1000339077, 1000339076, 1000299259, 1000276092, 1000291099, 1000339063, 1000339062, 1000339061, 1000339060, 1000339068, 1000339067, 1000339066, 1000339065, 1000339059, 1000339058, 1000290740, 1000263960, 1000263955, 1000263958, 1000268780, 1000285046, 1000285041, 1000299212, 1000328303, 1000339085, 1000339083, 1000339081], uri=***/file}]
02-23 12:57:03.633 25540 25588 I DMP-PermissionUtil: isPermissionGranted, resource: file, basic: false
02-23 12:57:03.636 25540 25588 I DMP-PermissionUtil: MANAGE_EXTERNAL_STORAGE granted:true
02-23 12:57:03.641 25540 25588 I DMP-Create: canCreate canCreate resource : file method : onChange workName: onChangeWork
02-23 12:57:03.647 25540 25588 I DMP-Create: file isPersonaResourceOpen : false
02-23 12:57:03.650 25540 25588 I DMP-Create: The time interval since last search query exceed the limit: 604800000(ms), drop the file call request in judgeQueryTime
02-23 12:57:03.650 25540 25588 I DMP-Dispatcher: create work Work{mWorkName=onChangeWork, mWorkTerm=long, mReportId=false, mCreate=Create{mIndexStatus=null, mQueryTime=604800000, mInterval=0, mDeletedDocs=null, mNeedRebuildFlag=0, mIndexCheckFlag=false, mDrop=Drop{mCount=4, mInterval=10000, mDelay=60000}, mHighTemperature=41, mMinPower=null, mScreen=null, mDeletedConditions=null}, mEntry=null, mMoreBatch=MoreBatch{mPowerConsumed=2, mHighTemperatureValue=0, mLowTemperatureValue=0, mPower=[full|charging], mScreen=null, mTemperatureConsumed=0}, mChained=true, mInitialDelay=0, mWorkOneTimeLimit=0} create:2
02-23 12:57:03.650 25540 25588 I DMP-IndexEventManager: addEvent:InternalIndexEvent{mEvent=onChange, mEventTime=1771831623, mEventData=***, mEventDropReason=noSearch, mResource=file, mWork=onChangeWork, mWorkId=null, mWorkTime=null, mCursorSize=null, mResult=null}
02-23 12:57:03.651 25540 25588 I DMP-IndexEventManager: addInternalEvent:resource=file work=onChangeWork eventData=[B@f544774 eventTime=1771831623 event=onChange eventDropReason=noSearch
02-23 12:57:03.653 25540 25588 I DMP-IndexEventManager: addInternalEvent insert:110640
02-23 12:57:03.653 25540 25588 I DMP-Create: canCreate canCreate resource : file method : onChange workName: vectorizeWork
02-23 12:57:03.653 25540 25588 I DMP-Create: file isPersonaResourceOpen : false
02-23 12:57:03.653 25540 25588 I DMP-Create: The time interval since last search query exceed the limit: 604800000(ms), drop the file call request in judgeQueryTime
02-23 12:57:03.654 25540 25588 I DMP-Dispatcher: create work Work{mWorkName=vectorizeWork, mWorkTerm=long, mReportId=false, mCreate=Create{mIndexStatus=succeed, mQueryTime=604800000, mInterval=0, mDeletedDocs=null, mNeedRebuildFlag=0, mIndexCheckFlag=false, mDrop=Drop{mCount=4, mInterval=10000, mDelay=60000}, mHighTemperature=41, mMinPower=notLow, mScreen=null, mDeletedConditions=null}, mEntry=null, mMoreBatch=MoreBatch{mPowerConsumed=2, mHighTemperatureValue=41, mLowTemperatureValue=0, mPower=null, mScreen=null, mTemperatureConsumed=2}, mChained=true, mInitialDelay=0, mWorkOneTimeLimit=800} create:2
02-23 12:57:03.654 25540 25588 I DMP-IndexEventManager: addEvent:InternalIndexEvent{mEvent=onChange, mEventTime=1771831623, mEventData=***, mEventDropReason=noSearch, mResource=file, mWork=vectorizeWork, mWorkId=null, mWorkTime=null, mCursorSize=null, mResult=null}
02-23 12:57:03.654 25540 25588 I DMP-IndexEventManager: addInternalEvent:resource=file work=vectorizeWork eventData=[B@c5ff49d eventTime=1771831623 event=onChange eventDropReason=noSearch
02-23 12:57:03.655 25540 25588 I DMP-IndexEventManager: addInternalEvent insert:110641
02-23 12:57:03.655 25540 25588 I DMP-BusinessHandler: handleMessage:5
02-23 12:57:03.655 25540 25588 I DMP-IndexProvider: call, authority[com.oplus.dmp.index], method[onDelete], resource[null]
02-23 12:57:03.656 25540 25588 I DMP-AppInitializer: isAppAvailable for indexCall, caller: com.oplus.dmp
02-23 12:57:03.656 25540 25588 I DMP-IndexProvider: Process index init succeed
02-23 12:57:03.657 25540 25588 I DMP-Dispatcher: dispatchWork, method[onDelete], resource[null], extras[Bundle[{values=[1000339078, 1000339064, 1000339069, 1000339057, 1000339086, 1000339084, 1000339082, 1000339080], uri=***/file}]]
02-23 12:57:03.657 25540 25588 I DMP-Dispatcher: dispatchToMultiResource, method: onDelete, extras: Bundle[{values=[1000339078, 1000339064, 1000339069, 1000339057, 1000339086, 1000339084, 1000339082, 1000339080], uri=***/file}]
02-23 12:57:03.658 25540 25588 I DMP-PermissionUtil: isPermissionGranted, resource: file, basic: false
02-23 12:57:03.659 25540 25588 I DMP-PermissionUtil: MANAGE_EXTERNAL_STORAGE granted:true
02-23 12:57:03.659 25540 25588 I DMP-Dispatcher: create work Work{mWorkName=onDeleteWork, mWorkTerm=long, mReportId=false, mCreate=null, mEntry=Entry{mBatteryNotLow=false, mStorageNotLow=false, mCharging=false, mDeviceIdle=false}, mMoreBatch=null, mChained=false, mInitialDelay=0, mWorkOneTimeLimit=0} create:0
02-23 12:57:03.659 25540 25588 I DMP-Dispatcher: addWork, method[onDelete], resource[file], extras[Bundle[{values=[1000339078, 1000339064, 1000339069, 1000339057, 1000339086, 1000339084, 1000339082, 1000339080], uri=***/file}]]
02-23 12:57:03.662 25540 25588 I DMP-PowerUtils: isLowPower, battery:83, low power threshold:20
02-23 12:57:03.671 25540 25588 I DMP-AbstractWorkManager: createOneTimeWorkRequest for file, method: onDelete, workName: onDeleteWork done, workRequestId:99679f37-83eb-4547-9a61-4ac658deff73, expedited:false
02-23 12:57:03.684 25540 25588 I DMP-IndexEventManager: addEvent:InternalIndexEvent{mEvent=onDelete, mEventTime=1771831623, mEventData=***, mEventDropReason=null, mResource=file, mWork=onDeleteWork, mWorkId=99679f37-83eb-4547-9a61-4ac658deff73, mWorkTime=null, mCursorSize=null, mResult=null}
02-23 12:57:03.684 25540 25588 I DMP-IndexEventManager: addInternalEvent:workId=99679f37-83eb-4547-9a61-4ac658deff73 resource=file work=onDeleteWork eventData=[B@581643f eventTime=1771831623 event=onDelete
02-23 12:57:03.688 25540 25588 I DMP-IndexEventManager: addInternalEvent update:0
02-23 12:57:03.688 25540 25588 I DMP-IndexEventManager: addInternalEvent insert:110642
02-23 12:57:03.690 25540 25588 I DMP-PowerUtils: isLowPower, battery:83, low power threshold:20
02-23 12:57:03.696  2028  7226 W PackageManager: package com.oplus.dmp uid 10334 pid 25540 call SetEnabledSetting(com.oplus.dmp component = androidx.work.impl.background.systemalarm.RescheduleReceiver, 1, 0)
02-23 12:57:03.727 25540 25641 I DMP-AppInitializer: isAppAvailable for work, caller: null
02-23 12:57:03.728 25540 25641 I DMP-OFreezeProtectWorker: takeProtectionFromFrozen, no need to protect
02-23 12:57:03.729 25540 25641 I DMP-AbstractWorker: parseData, resource: file, method1:onDelete, work: onDeleteWork, extras: Bundle[{values=[1000339078, 1000339064, 1000339069, 1000339057, 1000339086, 1000339084, 1000339082, 1000339080], uri=***/file}], initIndexCount:5000
02-23 12:57:03.732 25540 25641 I DMP-AbstractWorker: doWork started, resource: file, method3:onDelete, work:Work{mWorkName=onDeleteWork, mWorkTerm=long, mReportId=false, mCreate=null, mEntry=Entry{mBatteryNotLow=false, mStorageNotLow=false, mCharging=false, mDeviceIdle=false}, mMoreBatch=null, mChained=false, mInitialDelay=0, mWorkOneTimeLimit=0}
02-23 12:57:03.734 25540 25641 I DMP-PowerUtils: getHoraeTemperature:36
02-23 12:57:03.734 25540 25641 I DMP-AbstractWorker: dispatchWork: onDeleteWork for [file]
02-23 12:57:03.734 25540 25641 I DMP-FileOneTimeWorker: onDelete method:onDelete, resource:file, extra:Bundle[{values=[1000339078, 1000339064, 1000339069, 1000339057, 1000339086, 1000339084, 1000339082, 1000339080], uri=***/file}]
02-23 12:57:03.734 25540 25641 W DMP-FileOneTimeWorker: onDelete idList:[1000339078, 1000339064, 1000339069, 1000339057, 1000339086, 1000339084, 1000339082, 1000339080]
02-23 12:57:03.815 25540 25641 I DMP-SqliteStoreFieldHandler: HighlightHandler curCount:87,highlightConfig:HighlightConfig{mStore=true, mStoreNum=1000, mDocSuffix=[.doc, .docx, .ppt, .pptx, .xls, .xlsx, .pdf]}
02-23 12:57:03.824 25540 25641 W DMP-MetaInfoTableAdapter: deleteByIdentification deleted null, whereArgs:[1000339078, 1000339064, 1000339069, 1000339057, 1000339086, 1000339084, 1000339082, 1000339080]
02-23 12:57:03.826 25540 25641 I DMP-AbstractWorker: setIndexFailCount method:onDelete, count:0, all:initResource=0,onChange=0,dailyTask=0,onDelete=0,rearrange=0
02-23 12:57:03.827 25540 25641 I DMP-AbstractWorker: doWork finished, resource: file, method5:onDelete, work:Work{mWorkName=onDeleteWork, mWorkTerm=long, mReportId=false, mCreate=null, mEntry=Entry{mBatteryNotLow=false, mStorageNotLow=false, mCharging=false, mDeviceIdle=false}, mMoreBatch=null, mChained=false, mInitialDelay=0, mWorkOneTimeLimit=0}
