02-23 13:21:35.083  2028  3594 D OplusNetlinkSocket: handleNetlinkRecvKernelMessage:nlmsghdr:StructNlMsgHdr{ nlmsg_len{3004}, nlmsg_type{33()}, nlmsg_flags{0()}, nlmsg_seq{0}, nlmsg_pid{132910602} }
02-23 13:21:35.083  2028  3594 D KernelStatsHelper: get magic :[-1, -1, -1, 77, 65, 71, 73, 67]
02-23 13:21:35.083  2028  3594 D KernelStatsHelper: magic matched count:408 data_len:21216
02-23 13:21:35.084  2028  3594 D OplusNetlinkSocket: handleNetlinkRecvKernelMessage:nlmsghdr:StructNlMsgHdr{ nlmsg_len{2988}, nlmsg_type{33()}, nlmsg_flags{0()}, nlmsg_seq{0}, nlmsg_pid{132910602} }
02-23 13:21:35.084  2028  3594 D OplusNetlinkSocket: handleNetlinkRecvKernelMessage:nlmsghdr:StructNlMsgHdr{ nlmsg_len{2988}, nlmsg_type{33()}, nlmsg_flags{0()}, nlmsg_seq{0}, nlmsg_pid{132910602} }
02-23 13:21:35.084  2028  3594 D OplusNetlinkSocket: handleNetlinkRecvKernelMessage:nlmsghdr:StructNlMsgHdr{ nlmsg_len{2988}, nlmsg_type{33()}, nlmsg_flags{0()}, nlmsg_seq{0}, nlmsg_pid{132910602} }
02-23 13:21:35.084  2028  3594 D OplusNetlinkSocket: handleNetlinkRecvKernelMessage:nlmsghdr:StructNlMsgHdr{ nlmsg_len{2988}, nlmsg_type{33()}, nlmsg_flags{0()}, nlmsg_seq{0}, nlmsg_pid{132910602} }
02-23 13:21:35.085  2028  3594 D OplusNetlinkSocket: handleNetlinkRecvKernelMessage:nlmsghdr:StructNlMsgHdr{ nlmsg_len{2988}, nlmsg_type{33()}, nlmsg_flags{0()}, nlmsg_seq{0}, nlmsg_pid{132910602} }
02-23 13:21:35.085  2028  3594 D OplusNetlinkSocket: handleNetlinkRecvKernelMessage:nlmsghdr:StructNlMsgHdr{ nlmsg_len{2988}, nlmsg_type{33()}, nlmsg_flags{0()}, nlmsg_seq{0}, nlmsg_pid{132910602} }
02-23 13:21:35.085  2028  3594 D OplusNetlinkSocket: handleNetlinkRecvKernelMessage:nlmsghdr:StructNlMsgHdr{ nlmsg_len{492}, nlmsg_type{33()}, nlmsg_flags{0()}, nlmsg_seq{0}, nlmsg_pid{132910602} }
02-23 13:21:35.085  2028  3594 D KernelStatsHelper: data over! check: true
02-23 13:21:35.121  2028  2683 I commit_sys_config_file: [notification-policy,28]
02-23 13:21:35.123 23178 10815 E native  : E0000 00:00:1771833095.123780   10815 re2.cc:250] Error parsing '^|[^\p{Letter}\\]': invalid character class range: \p{Letter}
02-23 13:21:35.123 23178 10815 E native  : E0000 00:00:1771833095.123854   10815 replacement_rule.cc:40] Invalid context regexp: invalid character class range: \p{Letter}
02-23 13:21:35.123 23178 10815 E native  : E0000 00:00:1771833095.123866   10815 replacement_rule.cc:151] Error creating replacement rule.
02-23 13:21:35.123 23178 10815 E native  : E0000 00:00:1771833095.123874   10815 regexp_rewriter.cc:35] Error creating rule MessageLite at 0xb4000076dcb0b010.
02-23 13:21:35.124 23178 10815 I native  : I0000 00:00:1771833095.124275   10815 android_resource_loader.cc:100] Built resource rewrite_algo
02-23 13:21:35.124 23178 10815 I native  : I0000 00:00:1771833095.124324   10815 android_resource_loader.cc:116] Loaded resource:rewrite_algo
02-23 13:21:35.124 23178 10815 I native  : I0000 00:00:1771833095.124383   10815 data_source.cc:95] Opening data source "/data/user_de/0/com.google.android.tts/files/superpacks/en-us/en-us-x-multi-seanet-r83/../en-us-x-multi-r83/roman_numeral_contexts.pb" (as: FILE) ...
02-23 13:21:35.125 23178 10815 I native  : I0000 00:00:1771833095.125657   10815 data_source.cc:99] ... Opened data source "/data/user_de/0/com.google.android.tts/files/superpacks/en-us/en-us-x-multi-seanet-r83/../en-us-x-multi-r83/roman_numeral_contexts.pb" of size 9114
02-23 13:21:35.126 23178 10815 I native  : I0000 00:00:1771833095.126431   10815 android_resource_loader.cc:100] Built resource roman_numeral_context_words
02-23 13:21:35.126 23178 10815 I native  : I0000 00:00:1771833095.126494   10815 android_resource_loader.cc:116] Loaded resource:roman_numeral_context_words
02-23 13:21:35.126 23178 10815 I native  : I0000 00:00:1771833095.126747   10815 android_resource_loader.cc:100] Built resource classify_roman_numerals_grm_algo
02-23 13:21:35.126 23178 10815 I native  : I0000 00:00:1771833095.126795   10815 android_resource_loader.cc:116] Loaded resource:classify_roman_numerals_grm_algo
02-23 13:21:35.126 23178 10815 I native  : I0000 00:00:1771833095.126843   10815 android_resource_loader.cc:100] Built resource runtime_override
02-23 13:21:35.126 23178 10815 I native  : I0000 00:00:1771833095.126874   10815 android_resource_loader.cc:116] Loaded resource:runtime_override
02-23 13:21:35.126 23178 10815 I native  : I0000 00:00:1771833095.126888   10815 data_source.cc:95] Opening data source "/data/user_de/0/com.google.android.tts/files/superpacks/en-us/en-us-x-multi-seanet-r83/seanet_model_options.pb" (as: FILE) ...
02-23 13:21:35.127 23178 10815 I native  : I0000 00:00:1771833095.127526   10815 data_source.cc:99] ... Opened data source "/data/user_de/0/com.google.android.tts/files/superpacks/en-us/en-us-x-multi-seanet-r83/seanet_model_options.pb" of size 32
02-23 13:21:35.128 23178 10815 I native  : I0000 00:00:1771833095.128256   10815 data_source.cc:95] Opening data source "/data/user_de/0/com.google.android.tts/files/superpacks/en-us/en-us-x-multi-seanet-r83/seanet_model.tflite" (as: FILE) ...
02-23 13:21:35.129 23178 10815 I native  : I0000 00:00:1771833095.129729   10815 data_source.cc:99] ... Opened data source "/data/user_de/0/com.google.android.tts/files/superpacks/en-us/en-us-x-multi-seanet-r83/seanet_model.tflite" of size 2786320
02-23 13:21:35.144 23178 10815 I native  : I0000 00:00:1771833095.144231   10815 android_resource_loader.cc:100] Built resource seanet_enhancer
02-23 13:21:35.144 23178 10815 I native  : I0000 00:00:1771833095.144301   10815 android_resource_loader.cc:116] Loaded resource:seanet_enhancer
02-23 13:21:35.144 23178 10815 I native  : I0000 00:00:1771833095.144331   10815 data_source.cc:95] Opening data source "/data/user_de/0/com.google.android.tts/files/superpacks/en-us/en-us-x-multi-seanet-r83/../en-us-x-multi-r83/sb_model.bin" (as: MEMORY) ...
02-23 13:21:35.146 23178 10815 I native  : I0000 00:00:1771833095.146033   10815 data_source.cc:99] ... Opened data source "/data/user_de/0/com.google.android.tts/files/superpacks/en-us/en-us-x-multi-seanet-r83/../en-us-x-multi-r83/sb_model.bin" of size 48272
02-23 13:21:35.147 23178 10815 I native  : I0000 00:00:1771833095.147231   10815 android_resource_loader.cc:100] Built resource sentence_boundary_model_resource
02-23 13:21:35.147 23178 10815 I native  : I0000 00:00:1771833095.147305   10815 android_resource_loader.cc:116] Loaded resource:sentence_boundary_model_resource
02-23 13:21:35.147 23178 10815 I native  : I0000 00:00:1771833095.147366   10815 data_source.cc:95] Opening data source "/data/user_de/0/com.google.android.tts/files/superpacks/en-us/en-us-x-multi-seanet-r83/../en-us-x-multi-r83/en_verbalize_spec.pb" (as: FILE) ...
02-23 13:21:35.149 23178 10815 I native  : I0000 00:00:1771833095.149328   10815 data_source.cc:99] ... Opened data source "/data/user_de/0/com.google.android.tts/files/superpacks/en-us/en-us-x-multi-seanet-r83/../en-us-x-multi-r83/en_verbalize_spec.pb" of size 3984
02-23 13:21:35.151 23178 10815 I native  : I0000 00:00:1771833095.151095   10815 android_resource_loader.cc:100] Built resource serialization_spec
02-23 13:21:35.151 23178 10815 I native  : I0000 00:00:1771833095.151167   10815 android_resource_loader.cc:116] Loaded resource:serialization_spec
02-23 13:21:35.151 23178 10815 I native  : I0000 00:00:1771833095.151196   10815 data_source.cc:95] Opening data source "/data/user_de/0/com.google.android.tts/files/superpacks/en-us/en-us-x-multi-seanet-r83/../en-us-x-multi-r83/textnorm_params_embedded_en_us.pb" (as: FILE) ...
02-23 13:21:35.152 23178 10815 I native  : I0000 00:00:1771833095.152323   10815 data_source.cc:99] ... Opened data source "/data/user_de/0/com.google.android.tts/files/superpacks/en-us/en-us-x-multi-seanet-r83/../en-us-x-multi-r83/textnorm_params_embedded_en_us.pb" of size 321
02-23 13:21:35.153 23178 10815 I native  : I0000 00:00:1771833095.153919   10815 android_resource_loader.cc:100] Built resource textnorm_params
02-23 13:21:35.153 23178 10815 I native  : I0000 00:00:1771833095.153985   10815 android_resource_loader.cc:116] Loaded resource:textnorm_params
02-23 13:21:35.154 23178 10815 I native  : I0000 00:00:1771833095.154442   10815 android_resource_loader.cc:100] Built resource icu_transliterator_to_latin
02-23 13:21:35.154 23178 10815 I native  : I0000 00:00:1771833095.154500   10815 android_resource_loader.cc:116] Loaded resource:icu_transliterator_to_latin
02-23 13:21:35.154 23178 10815 I native  : I0000 00:00:1771833095.154549   10815 data_source.cc:95] Opening data source "/data/user_de/0/com.google.android.tts/files/superpacks/en-us/en-us-x-multi-seanet-r83/../en-us-x-multi-r83/g2p_m3_syls0_stress0_en-US.fst" (as: FILE) ...
02-23 13:21:35.155 23178 10815 I native  : I0000 00:00:1771833095.155615   10815 data_source.cc:99] ... Opened data source "/data/user_de/0/com.google.android.tts/files/superpacks/en-us/en-us-x-multi-seanet-r83/../en-us-x-multi-r83/g2p_m3_syls0_stress0_en-US.fst" of size 696736
02-23 13:21:35.155 23178 10815 I native  : I0000 00:00:1771833095.155746   10815 compact_fst.cc:20] Loading FST from "/data/user_de/0/com.google.android.tts/files/superpacks/en-us/en-us-x-multi-seanet-r83/../en-us-x-multi-r83/g2p_m3_syls0_stress0_en-US.fst" ...
02-23 13:21:35.217  1474 26943 D vendor.qti.bluetooth@1.0-wake_lock: Release wakelock is released 
02-23 13:21:35.229  9088 11136 I artd    : GetBestInfo: odex next to the dex file (/data/app/OPBreathMode/oat/arm64/OPBreathMode.odex) is kOatBootImageOutOfDate with filter 'verify' executable 'false': Image checksum mismatch, expected i;20/7dd5e1ae:i;27/6ff54880 to start with i;20/a3f1ec2b
02-23 13:21:35.231  9088 11136 I artd    : GetBestInfo: vdex next to the dex file (/data/app/OPBreathMode/oat/arm64/OPBreathMode.vdex) is kOatUpToDate with filter 'verify' executable 'false'
02-23 13:21:35.241 10669 11128 D CompatChangeReporter: Compat change id reported: 270674727; UID 10279; state: ENABLED
02-23 13:21:35.259 23178 10815 I native  : I0000 00:00:1771833095.259180   10815 decoder.cc:50] G2P FST loaded (56 graphemes and 41 phonemes).
02-23 13:21:35.264 23178 10815 I native  : I0000 00:00:1771833095.264732   10815 android_resource_loader.cc:100] Built resource learned_fst_g2p_mapper
02-23 13:21:35.264 23178 10815 I native  : I0000 00:00:1771833095.264811   10815 android_resource_loader.cc:116] Loaded resource:learned_fst_g2p_mapper
02-23 13:21:35.264 23178 10815 I native  : I0000 00:00:1771833095.264869   10815 android_resource_loader.cc:100] Built resource spelling_normalizer
02-23 13:21:35.264 23178 10815 I native  : I0000 00:00:1771833095.264881   10815 android_resource_loader.cc:116] Loaded resource:spelling_normalizer
02-23 13:21:35.272 23178 10815 I native  : I0000 00:00:1771833095.271449   10815 android_resource_loader.cc:100] Built resource token_resolver_algo
02-23 13:21:35.272 23178 10815 I native  : I0000 00:00:1771833095.272239   10815 android_resource_loader.cc:116] Loaded resource:token_resolver_algo
02-23 13:21:35.272 23178 10815 I native  : I0000 00:00:1771833095.272294   10815 android_resource_loader.cc:100] Built resource utf8_utils
02-23 13:21:35.272 23178 10815 I native  : I0000 00:00:1771833095.272304   10815 android_resource_loader.cc:116] Loaded resource:utf8_utils
02-23 13:21:35.272 23178 10815 I native  : I0000 00:00:1771833095.272342   10815 android_resource_loader.cc:100] Built resource lexical_classifier
02-23 13:21:35.272 23178 10815 I native  : I0000 00:00:1771833095.272356   10815 android_resource_loader.cc:116] Loaded resource:lexical_classifier
02-23 13:21:35.272 23178 10815 I native  : I0000 00:00:1771833095.272374   10815 data_source.cc:95] Opening data source "/data/user_de/0/com.google.android.tts/files/superpacks/en-us/en-us-x-multi-seanet-r83/universal_carrier_pigeon_config.binarypb" (as: FILE) ...
02-23 13:21:35.274 23178 10815 I native  : I0000 00:00:1771833095.274295   10815 data_source.cc:99] ... Opened data source "/data/user_de/0/com.google.android.tts/files/superpacks/en-us/en-us-x-multi-seanet-r83/universal_carrier_pigeon_config.binarypb" of size 52
02-23 13:21:35.275 23178 10815 I native  : I0000 00:00:1771833095.275172   10815 data_source.cc:95] Opening data source "/data/user_de/0/com.google.android.tts/files/superpacks/en-us/en-us-x-multi-seanet-r83/universal_carrier_pigeon_model.tflite" (as: FILE) ...
02-23 13:21:35.276 23178 10815 I native  : I0000 00:00:1771833095.276108   10815 data_source.cc:99] ... Opened data source "/data/user_de/0/com.google.android.tts/files/superpacks/en-us/en-us-x-multi-seanet-r83/universal_carrier_pigeon_model.tflite" of size 638952
02-23 13:21:35.282 23178 10815 I native  : I0000 00:00:1771833095.282515   10815 android_resource_loader.cc:100] Built resource carrier_pigeon_algo
02-23 13:21:35.282 23178 10815 I native  : I0000 00:00:1771833095.282593   10815 android_resource_loader.cc:116] Loaded resource:carrier_pigeon_algo
02-23 13:21:35.282 23178 10815 I native  : I0000 00:00:1771833095.282631   10815 android_resource_loader.cc:100] Built resource icu_transliterator
02-23 13:21:35.282 23178 10815 I native  : I0000 00:00:1771833095.282640   10815 android_resource_loader.cc:116] Loaded resource:icu_transliterator
02-23 13:21:35.282 23178 10815 I native  : I0000 00:00:1771833095.282656   10815 data_source.cc:95] Opening data source "/data/user_de/0/com.google.android.tts/files/superpacks/en-us/en-us-x-multi-seanet-r83/../en-us-x-multi-r83/variant_overrides_en_us.pb" (as: FILE) ...
02-23 13:21:35.287 23178 10815 I native  : I0000 00:00:1771833095.287560   10815 data_source.cc:99] ... Opened data source "/data/user_de/0/com.google.android.tts/files/superpacks/en-us/en-us-x-multi-seanet-r83/../en-us-x-multi-r83/variant_overrides_en_us.pb" of size 1525
02-23 13:21:35.289 23178 10815 I native  : I0000 00:00:1771833095.289437   10815 android_resource_loader.cc:100] Built resource variant_overrides
02-23 13:21:35.289 23178 10815 I native  : I0000 00:00:1771833095.289500   10815 android_resource_loader.cc:116] Loaded resource:variant_overrides
02-23 13:21:35.289 23178 10815 I native  : I0000 00:00:1771833095.289527   10815 data_source.cc:95] Opening data source "/data/user_de/0/com.google.android.tts/files/superpacks/en-us/en-us-x-multi-seanet-r83/../en-us-x-multi-r83/variant_selection_model_en_us_embedded.bin" (as: MEMORY) ...
02-23 13:21:35.291 23178 10815 I native  : I0000 00:00:1771833095.291094   10815 data_source.cc:99] ... Opened data source "/data/user_de/0/com.google.android.tts/files/superpacks/en-us/en-us-x-multi-seanet-r83/../en-us-x-multi-r83/variant_selection_model_en_us_embedded.bin" of size 221608
02-23 13:21:35.294 23178 10815 I native  : I0000 00:00:1771833095.294357   10815 android_resource_loader.cc:100] Built resource variant_selection_model_data_resource
02-23 13:21:35.294 23178 10815 I native  : I0000 00:00:1771833095.294425   10815 android_resource_loader.cc:116] Loaded resource:variant_selection_model_data_resource
02-23 13:21:35.305  7113 19387 D ModernMediaScanner: Skipping preVisitDirectory /storage/emulated/0/Android/media/com.whatsapp/WhatsApp/Media/WhatsApp Voice Notes/202343
02-23 13:21:35.310 23178 10815 I native  : I0000 00:00:1771833095.310231   10815 select_variants.cc:128] Word with override has only one variant: her
02-23 13:21:35.310 23178 10815 I native  : I0000 00:00:1771833095.310338   10815 android_resource_loader.cc:100] Built resource select_variants_algo
02-23 13:21:35.310 23178 10815 I native  : I0000 00:00:1771833095.310360   10815 android_resource_loader.cc:116] Loaded resource:select_variants_algo
02-23 13:21:35.310 23178 10815 I native  : I0000 00:00:1771833095.310384   10815 data_source.cc:95] Opening data source "/data/user_de/0/com.google.android.tts/files/superpacks/en-us/en-us-x-multi-seanet-r83/../en-us-x-multi-r83/us_verbalization_capabilities.pb" (as: FILE) ...
02-23 13:21:35.314 23178 10815 I native  : I0000 00:00:1771833095.314242   10815 data_source.cc:99] ... Opened data source "/data/user_de/0/com.google.android.tts/files/superpacks/en-us/en-us-x-multi-seanet-r83/../en-us-x-multi-r83/us_verbalization_capabilities.pb" of size 5224
02-23 13:21:35.316 23178 10815 I native  : I0000 00:00:1771833095.316144   10815 android_resource_loader.cc:100] Built resource verbalization_capabilities
02-23 13:21:35.316 23178 10815 I native  : I0000 00:00:1771833095.316211   10815 android_resource_loader.cc:116] Loaded resource:verbalization_capabilities
02-23 13:21:35.316 23178 10815 I native  : I0000 00:00:1771833095.316241   10815 data_source.cc:95] Opening data source "/data/user_de/0/com.google.android.tts/files/superpacks/en-us/en-us-x-multi-seanet-r83/../en-us-x-multi-r83/verbalize_embedded_android.far" (as: FILE) ...
02-23 13:21:35.318 23178 10815 I native  : I0000 00:00:1771833095.318603   10815 data_source.cc:99] ... Opened data source "/data/user_de/0/com.google.android.tts/files/superpacks/en-us/en-us-x-multi-seanet-r83/../en-us-x-multi-r83/verbalize_embedded_android.far" of size 2342559
02-23 13:21:35.322  7113 19387 D ModernMediaScanner: Skipping preVisitDirectory /storage/emulated/0/Android/media/com.whatsapp/WhatsApp/Media/WhatsApp Voice Notes/202347
02-23 13:21:35.337  2028  3873 I Osense-BaseDecisionMaker: notifySceneToAthenaPolicy: SCENE_RES_IO_PSI, bundle: Bundle[{ioLevel=3}]
02-23 13:21:35.337  2028  3873 I Osense-BaseDecisionMaker: OSense not supported scene! SCENE_RES_IO_PSI
02-23 13:21:35.339 23178 10815 I native  : I0000 00:00:1771833095.339883   10815 android_resource_loader.cc:100] Built resource verbalize_grm_fst
02-23 13:21:35.339 23178 10815 I native  : I0000 00:00:1771833095.339949   10815 android_resource_loader.cc:116] Loaded resource:verbalize_grm_fst
02-23 13:21:35.339 23178 10815 I native  : I0000 00:00:1771833095.339989   10815 android_resource_loader.cc:100] Built resource speller_algo
02-23 13:21:35.340 23178 10815 I native  : I0000 00:00:1771833095.339998   10815 android_resource_loader.cc:116] Loaded resource:speller_algo
02-23 13:21:35.341 23178 10815 I native  : I0000 00:00:1771833095.341194   10815 android_resource_loader.cc:100] Built resource verbalize_grm_algo
02-23 13:21:35.341 23178 10815 I native  : I0000 00:00:1771833095.341257   10815 android_resource_loader.cc:116] Loaded resource:verbalize_grm_algo
02-23 13:21:35.341 23178 10815 I native  : I0000 00:00:1771833095.341291   10815 voice_params_resource.cc:33] Voice information: MessageLite at 0xb4000076bd376980
02-23 13:21:35.341 23178 10815 I native  : I0000 00:00:1771833095.341308   10815 android_resource_loader.cc:100] Built resource voice_params
02-23 13:21:35.341 23178 10815 I native  : I0000 00:00:1771833095.341314   10815 android_resource_loader.cc:116] Loaded resource:voice_params
02-23 13:21:35.346  9088  9088 I artd    : GetBestInfo: odex next to the dex file (/data/app/~~UHKkNXYCkdc6iqVDVe3i4w==/com.google.android.apps.docs.editors.docs-n2e5XPlj_6g1sEnm_YKCBA==/oat/arm64/base.odex) is kOatUpToDate with filter 'speed-profile' executable 'false'
02-23 13:21:35.349 23178 10815 I native  : I0000 00:00:1771833095.348973   10815 android_resource_loader.cc:100] Built resource word_resolver_algo
02-23 13:21:35.349 23178 10815 I native  : I0000 00:00:1771833095.349048   10815 android_resource_loader.cc:116] Loaded resource:word_resolver_algo
02-23 13:21:35.349 23178 10815 I native  : I0000 00:00:1771833095.349100   10815 data_source.cc:95] Opening data source "/data/user_de/0/com.google.android.tts/files/superpacks/en-us/en-us-x-multi-seanet-r83/../en-us-x-multi-r83/xsampa_to_tts_to-en_us.far" (as: FILE) ...
02-23 13:21:35.350 23178 10815 I native  : I0000 00:00:1771833095.350699   10815 data_source.cc:99] ... Opened data source "/data/user_de/0/com.google.android.tts/files/superpacks/en-us/en-us-x-multi-seanet-r83/../en-us-x-multi-r83/xsampa_to_tts_to-en_us.far" of size 22132
02-23 13:21:35.352 23178 10815 I native  : I0000 00:00:1771833095.352567   10815 android_resource_loader.cc:100] Built resource xsampa_to_tts_phoneme_mapper
02-23 13:21:35.352 23178 10815 I native  : I0000 00:00:1771833095.352639   10815 android_resource_loader.cc:116] Loaded resource:xsampa_to_tts_phoneme_mapper
02-23 13:21:35.352 23178 10815 I native  : I0000 00:00:1771833095.352654   10815 local_pipeline_runner.cc:49] Done loading all resources from: {/data/user_de/0/com.google.android.tts/files/superpacks/en-us/en-us-x-multi-seanet-r83}
02-23 13:21:35.357 23178 10815 I ComposerWrapperImpl: Done initializing en-us-x-hol-seanet-embedded
02-23 13:21:35.370  7113 19387 D ModernMediaScanner: Skipping preVisitDirectory /storage/emulated/0/Android/media/com.whatsapp/WhatsApp/Media/WhatsApp Voice Notes/202416
02-23 13:21:35.370 22971 22971 W Finsky  : [2] STU: Failed to get storage stats for package 'com.android.apex.cts.shim' (1601: Error getting stats: android.content.pm.PackageManager.NameNotFoundException)
02-23 13:21:35.380  7113 19387 D ModernMediaScanner: Skipping preVisitDirectory /storage/emulated/0/Android/media/com.whatsapp/WhatsApp/Media/WhatsApp Voice Notes/202427
02-23 13:21:35.385  7113 19387 D ModernMediaScanner: Skipping preVisitDirectory /storage/emulated/0/Android/media/com.whatsapp/WhatsApp/Media/WhatsApp Voice Notes/202430
02-23 13:21:35.387  7113 19387 D ModernMediaScanner: Skipping preVisitDirectory /storage/emulated/0/Android/media/com.whatsapp/WhatsApp/Media/WhatsApp Voice Notes/202431
02-23 13:21:35.395  7113 19387 D ModernMediaScanner: Skipping preVisitDirectory /storage/emulated/0/Android/media/com.whatsapp/WhatsApp/Media/WhatsApp Voice Notes/202439
02-23 13:21:35.401  4239  4239 E SmsApplication: com.google.android.apps.messaging lost android:read_cell_broadcasts:  (fixing)
02-23 13:21:35.402  2028  2151 W AppOpService: Ignored setUidMode call for runtime permission app op: uid = 10226, code = READ_CELL_BROADCASTS, mode = allow, callingUid = 1001, oldMode = allow
02-23 13:21:35.406  7113 19387 D ModernMediaScanner: Skipping preVisitDirectory /storage/emulated/0/Android/media/com.whatsapp/WhatsApp/Media/WhatsApp Voice Notes/202443
02-23 13:21:35.420 13178 10675 D WM-GreedyScheduler: Ignoring {WorkSpec: db568655-3f5f-4935-855a-68dfcc0202b2}. Requires device idle.
02-23 13:21:35.420 13178 10675 D WM-GreedyScheduler: Ignoring {WorkSpec: 2714b981-700f-4764-b2f8-64e4b167bdc6}. Requires device idle.
02-23 13:21:35.420 13178 10675 D WM-GreedyScheduler: Ignoring {WorkSpec: d9a6ec4f-497e-4fd2-9a0e-e1940640bfaf}. Requires device idle.
02-23 13:21:35.420 13178 10675 D WM-GreedyScheduler: Ignoring {WorkSpec: 4abeeee6-7d36-4891-9a1d-f7c0360a02b4}. Requires ContentUri triggers.
02-23 13:21:35.420  2028  2152 W AppOpService: Ignored setUidMode call for runtime permission app op: uid = 1001, code = READ_SMS, mode = allow, callingUid = 1001, oldMode = allow
02-23 13:21:35.420 13178 10675 D WM-GreedyScheduler: Ignoring {WorkSpec: b3d497de-04b9-42ff-88b7-0eed0f842296}. Requires device idle.
02-23 13:21:35.421 13178 10675 D WM-GreedyScheduler: Ignoring {WorkSpec: 393a63c7-f90a-464c-994c-abc2f228bbcb}. Requires ContentUri triggers.
02-23 13:21:35.422 13178 10675 D WM-GreedyScheduler: Starting work for 58d4a795-87d9-47df-81a7-e0134f367904
02-23 13:21:35.422  2028  2152 W AppOpService: Ignored setUidMode call for runtime permission app op: uid = 1001, code = RECEIVE_SMS, mode = allow, callingUid = 1001, oldMode = allow
02-23 13:21:35.422  7113 19387 D ModernMediaScanner: Skipping preVisitDirectory /storage/emulated/0/Android/media/com.whatsapp/WhatsApp/Media/WhatsApp Voice Notes/202448
02-23 13:21:35.423  2028  2152 W AppOpService: Ignored setUidMode call for runtime permission app op: uid = 1001, code = RECEIVE_WAP_PUSH, mode = allow, callingUid = 1001, oldMode = allow
02-23 13:21:35.424  2028  2152 W AppOpService: Ignored setUidMode call for runtime permission app op: uid = 1001, code = SEND_SMS, mode = allow, callingUid = 1001, oldMode = allow
02-23 13:21:35.425  2028  2152 W AppOpService: Ignored setUidMode call for runtime permission app op: uid = 1001, code = READ_CELL_BROADCASTS, mode = allow, callingUid = 1001, oldMode = allow
02-23 13:21:35.426  2028  2028 W AccessibilityManagerService:  wait for adding window timeout: 8797
02-23 13:21:35.449  7113 19387 D ModernMediaScanner: Skipping preVisitDirectory /storage/emulated/0/Android/media/com.whatsapp/WhatsApp/Media/WhatsApp Voice Notes/202505
02-23 13:21:35.453  7113 19387 D ModernMediaScanner: Skipping preVisitDirectory /storage/emulated/0/Android/media/com.whatsapp/WhatsApp/Media/WhatsApp Voice Notes/202506
02-23 13:21:35.456  7113 19387 D ModernMediaScanner: Skipping preVisitDirectory /storage/emulated/0/Android/media/com.whatsapp/WhatsApp/Media/WhatsApp Voice Notes/202508
02-23 13:21:35.458  9088 11136 I artd    : GetBestInfo: odex next to the dex file (/data/app/~~jJ2eO1I6euesFxYOULCqXQ==/com.google.android.apps.healthdata-IYUB4A7e8JDv-4mx6v1sXw==/oat/arm64/base.odex) is kOatUpToDate with filter 'speed-profile' executable 'false'
02-23 13:21:35.460  7113 19387 D ModernMediaScanner: Skipping preVisitDirectory /storage/emulated/0/Android/media/com.whatsapp/WhatsApp/Media/WhatsApp Voice Notes/202512
02-23 13:21:35.468  7113 19387 D ModernMediaScanner: Skipping preVisitDirectory /storage/emulated/0/Android/media/com.whatsapp/WhatsApp/Media/WhatsApp Voice Notes/202515
02-23 13:21:35.474  7113 19387 D ModernMediaScanner: Skipping preVisitDirectory /storage/emulated/0/Android/media/com.whatsapp/WhatsApp/Media/WhatsApp Voice Notes/202518
02-23 13:21:35.477  7113 19387 D ModernMediaScanner: Skipping preVisitDirectory /storage/emulated/0/Android/media/com.whatsapp/WhatsApp/Media/WhatsApp Voice Notes/202519
02-23 13:21:35.478  7113 19387 D ModernMediaScanner: Skipping preVisitDirectory /storage/emulated/0/Android/media/com.whatsapp/WhatsApp/Media/WhatsApp Voice Notes/202520
02-23 13:21:35.480  7113 19387 D ModernMediaScanner: Skipping preVisitDirectory /storage/emulated/0/Android/media/com.whatsapp/WhatsApp/Media/WhatsApp Voice Notes/202521
02-23 13:21:35.482  7113 19387 D ModernMediaScanner: Skipping preVisitDirectory /storage/emulated/0/Android/media/com.whatsapp/WhatsApp/Media/WhatsApp Voice Notes/202522
02-23 13:21:35.491  7113 19387 D ModernMediaScanner: Skipping preVisitDirectory /storage/emulated/0/Android/media/com.whatsapp/WhatsApp/Media/WhatsApp Voice Notes/202526
02-23 13:21:35.491  4306  4638 D CommonApp-289-10485: transport layer data is invalid
02-23 13:21:35.496  1592  1997 D VRR [OTI]: handleIdle from 0 to 1
02-23 13:21:35.496  1592  1997 D VRR [OTI-HW]: isStateReady 0
02-23 13:21:35.496  1592  1997 D VRR [OTI-HW]: rate range: min {id=2, hwcId=4, resolution=1080x2400, vsyncRate=60.00 Hz, dpi=391.89x390.77, group=0, vrrConfig=N/A} cur {id=1, hwcId=2, resolution=1080x2400, vsyncRate=90.00 Hz, dpi=391.89x390.77, group=0, vrrConfig=N/A} max {id=1, hwcId=2, resolution=1080x2400, vsyncRate=90.00 Hz, dpi=391.89x390.77, group=0, vrrConfig=N/A}
02-23 13:21:35.496  1592  1997 D VRR [OTI-HW]: keep rate.
02-23 13:21:35.505   712 10413 I keystore2: system/security/keystore2/watchdog/src/lib.rs:319 - Watchdog thread idle -> terminating. Have a great day.
02-23 13:21:35.506  7113 19387 D ModernMediaScanner: Skipping preVisitDirectory /storage/emulated/0/Android/media/com.whatsapp/WhatsApp/Media/WhatsApp Voice Notes/202535
02-23 13:21:35.514  7113 19387 D ModernMediaScanner: Skipping preVisitDirectory /storage/emulated/0/Android/media/com.whatsapp/WhatsApp/Media/WhatsApp Voice Notes/202539
02-23 13:21:35.525  7113 19387 D ModernMediaScanner: Skipping preVisitDirectory /storage/emulated/0/Android/media/com.whatsapp/WhatsApp/Media/WhatsApp Voice Notes/202541
02-23 13:21:35.537  9088  9088 I artd    : GetBestInfo: odex next to the dex file (/data/app/~~x4VZGfXZOmVr1oF2M6edPw==/com.microsoft.office.excel-rJNglDCCQ4dVbuNCgcONuA==/oat/arm64/base.odex) is kOatBootImageOutOfDate with filter 'speed-profile' executable 'false': Image checksum mismatch, expected i;20/7dd5e1ae:i;27/6ff54880 to start with i;20/a3f1ec2b
02-23 13:21:35.538 13178 10609 D WM-GreedyScheduler: Ignoring {WorkSpec: db568655-3f5f-4935-855a-68dfcc0202b2}. Requires device idle.
02-23 13:21:35.538 13178 10609 D WM-GreedyScheduler: Ignoring {WorkSpec: 2714b981-700f-4764-b2f8-64e4b167bdc6}. Requires device idle.
02-23 13:21:35.538 13178 10609 D WM-GreedyScheduler: Ignoring {WorkSpec: d9a6ec4f-497e-4fd2-9a0e-e1940640bfaf}. Requires device idle.
02-23 13:21:35.538 13178 10609 D WM-GreedyScheduler: Ignoring {WorkSpec: 4abeeee6-7d36-4891-9a1d-f7c0360a02b4}. Requires ContentUri triggers.
02-23 13:21:35.538 13178 10609 D WM-GreedyScheduler: Ignoring {WorkSpec: b3d497de-04b9-42ff-88b7-0eed0f842296}. Requires device idle.
02-23 13:21:35.538 13178 10609 D WM-GreedyScheduler: Ignoring {WorkSpec: 393a63c7-f90a-464c-994c-abc2f228bbcb}. Requires ContentUri triggers.
02-23 13:21:35.538 13178 10609 D WM-GreedyScheduler: Starting work for 5f64da38-e009-432a-bb79-0a746080c138
02-23 13:21:35.538  7113 19387 D ModernMediaScanner: Skipping preVisitDirectory /storage/emulated/0/Android/media/com.whatsapp/WhatsApp/Media/WhatsApp Voice Notes/202546
02-23 13:21:35.540  7113 19387 D ModernMediaScanner: Skipping preVisitDirectory /storage/emulated/0/Android/media/com.whatsapp/WhatsApp/Media/WhatsApp Voice Notes/202548
02-23 13:21:35.543  7313 10442 I PTC.DISC.AndroidMultiLanServer: Watcher sysNif=[wlan0], userNif=[wlan0 state=(LISTEN JOIN(5199ED|31089)), ], clientNif=[wlan0 state=(LISTEN), ], tcpServer state=LISTEN, ipv4=**8.0.100
02-23 13:21:35.546  7113 19387 D ModernMediaScanner: Skipping preVisitDirectory /storage/emulated/0/Android/media/com.whatsapp/WhatsApp/Media/WhatsApp Voice Notes/202602
02-23 13:21:35.547  9088  9088 I artd    : GetBestInfo: vdex next to the dex file (/data/app/~~x4VZGfXZOmVr1oF2M6edPw==/com.microsoft.office.excel-rJNglDCCQ4dVbuNCgcONuA==/oat/arm64/base.vdex) is kOatUpToDate with filter 'verify' executable 'false'
02-23 13:21:35.551  7113 19387 D ModernMediaScanner: Skipping preVisitDirectory /storage/emulated/0/Android/media/com.whatsapp/WhatsApp/Media/WhatsApp Voice Notes/202606
02-23 13:21:35.557  7113 19387 D ModernMediaScanner: Skipping preVisitDirectory /storage/emulated/0/Android/media/com.whatsapp/WhatsApp/Media/WhatsApp Voice Notes/202607
02-23 13:21:35.564  2028  2151 D NotificationService--NotificationRecord: isSupportRearLight , isRearLight = false mLedRM = false isMultilLed = false
02-23 13:21:35.565  7113 19387 D ModernMediaScanner: Skipping preVisitDirectory /storage/emulated/0/Android/media/com.whatsapp/WhatsApp/Media/WhatsApp Video Notes
02-23 13:21:35.571  2028  2151 D NotificationService--NotificationRecord: isSupportRearLight , isRearLight = false mLedRM = false isMultilLed = false
02-23 13:21:35.577  2028  2151 D NotificationService--NotificationRecord: isSupportRearLight , isRearLight = false mLedRM = false isMultilLed = false
02-23 13:21:35.578  2028  3528 D NotificationService--OplusNavigationManager: Notification--isSuppressedByDriveMode--userId:0,mode:false
02-23 13:21:35.578  2028  3528 D NotificationService--OplusNotificationTrackHelper: PostNotification : {channel_name=Internal notifications, notification_type=message, app_name=bccbfaa58e31db9bd7a80cd6abe84f0bec81a5ddf43f36c6a2000a192d3d9c85, push_id=null, importance=3, notification_id=874728302, system_state=5|7, channel_id=Other3, pkg=62f1568dc19af452e8a655af7593a513cff0b34856cb5ff1c4c2603ca514df0f, post_time=2026-02-23 13:21:35, notification_source=local}
02-23 13:21:35.579  2028  3528 D NotificationService--OplusNavigationManager: Notification--isSuppressedByDriveMode--userId:0,mode:false
02-23 13:21:35.579  2028  3528 D NotificationService--OplusNotificationTrackHelper: PostNotification : {channel_name=Internal notifications, notification_type=message, app_name=bccbfaa58e31db9bd7a80cd6abe84f0bec81a5ddf43f36c6a2000a192d3d9c85, push_id=null, importance=3, notification_id=-1242584290, system_state=5|7, channel_id=Other3, pkg=62f1568dc19af452e8a655af7593a513cff0b34856cb5ff1c4c2603ca514df0f, post_time=2026-02-23 13:21:35, notification_source=local}
02-23 13:21:35.584  2028  7203 D NotificationService--NotificationRecord: isSupportRearLight , isRearLight = false mLedRM = false isMultilLed = false
02-23 13:21:35.587  7113 19387 D ModernMediaScanner: Skipping preVisitDirectory /storage/emulated/0/Android/media/com.whatsapp/WhatsApp/Media/WhatsApp Video/Sent
02-23 13:21:35.589  7113 19387 D ModernMediaScanner: Skipping preVisitDirectory /storage/emulated/0/Android/media/com.whatsapp/WhatsApp/Media/WhatsApp Video/Private
02-23 13:21:35.589  2028  3528 D NotificationService--OplusNavigationManager: Notification--isSuppressedByDriveMode--userId:0,mode:false
02-23 13:21:35.589  2028  3528 D NotificationService--OplusNotificationTrackHelper: PostNotification : {channel_name=Internal notifications, notification_type=message, app_name=bccbfaa58e31db9bd7a80cd6abe84f0bec81a5ddf43f36c6a2000a192d3d9c85, push_id=null, importance=3, notification_id=1146855084, system_state=5|7, channel_id=Other3, pkg=62f1568dc19af452e8a655af7593a513cff0b34856cb5ff1c4c2603ca514df0f, post_time=2026-02-23 13:21:35, notification_source=local}
02-23 13:21:35.596 13178 10675 D WM-GreedyScheduler: Ignoring {WorkSpec: db568655-3f5f-4935-855a-68dfcc0202b2}. Requires device idle.
02-23 13:21:35.596 13178 10675 D WM-GreedyScheduler: Ignoring {WorkSpec: 2714b981-700f-4764-b2f8-64e4b167bdc6}. Requires device idle.
02-23 13:21:35.596 13178 10675 D WM-GreedyScheduler: Ignoring {WorkSpec: d9a6ec4f-497e-4fd2-9a0e-e1940640bfaf}. Requires device idle.
02-23 13:21:35.596 13178 10675 D WM-GreedyScheduler: Ignoring {WorkSpec: 4abeeee6-7d36-4891-9a1d-f7c0360a02b4}. Requires ContentUri triggers.
02-23 13:21:35.596 13178 10675 D WM-GreedyScheduler: Ignoring {WorkSpec: b3d497de-04b9-42ff-88b7-0eed0f842296}. Requires device idle.
02-23 13:21:35.596 13178 10675 D WM-GreedyScheduler: Ignoring {WorkSpec: 393a63c7-f90a-464c-994c-abc2f228bbcb}. Requires ContentUri triggers.
02-23 13:21:35.596 13178 10675 D WM-GreedyScheduler: Starting work for 65828b65-4480-4334-8af7-edb96336ec8c
02-23 13:21:35.597  2028  2151 D ShortcutService: rescanPackageIfNeeded 0@org.telegram.messenger, forceRescan=false , isNewApp=false
02-23 13:21:35.614  2028  2151 D ShortcutService: rescanPackageIfNeeded 0@org.telegram.messenger, forceRescan=false , isNewApp=false
02-23 13:21:35.617  1545  1698 D BatteryChargeControl: bcc get no support from charging protocol
02-23 13:21:35.618 10669 11128 W Notification: Bubbles work best with icons of TYPE_URI or TYPE_URI_ADAPTIVE_BITMAP. In the future, using an icon of this type will be required.
02-23 13:21:35.619 13178 10609 D WM-GreedyScheduler: Ignoring {WorkSpec: db568655-3f5f-4935-855a-68dfcc0202b2}. Requires device idle.
02-23 13:21:35.619 13178 10609 D WM-GreedyScheduler: Ignoring {WorkSpec: 2714b981-700f-4764-b2f8-64e4b167bdc6}. Requires device idle.
02-23 13:21:35.619 13178 10609 D WM-GreedyScheduler: Ignoring {WorkSpec: d9a6ec4f-497e-4fd2-9a0e-e1940640bfaf}. Requires device idle.
02-23 13:21:35.619 13178 10609 D WM-GreedyScheduler: Ignoring {WorkSpec: 4abeeee6-7d36-4891-9a1d-f7c0360a02b4}. Requires ContentUri triggers.
02-23 13:21:35.619 13178 10609 D WM-GreedyScheduler: Ignoring {WorkSpec: b3d497de-04b9-42ff-88b7-0eed0f842296}. Requires device idle.
02-23 13:21:35.619 13178 10609 D WM-GreedyScheduler: Ignoring {WorkSpec: 393a63c7-f90a-464c-994c-abc2f228bbcb}. Requires ContentUri triggers.
02-23 13:21:35.619 13178 10609 D WM-GreedyScheduler: Starting work for d03e6522-bc1d-4997-9341-d8e5a86f56fd
02-23 13:21:35.622  1579 31213 D AudioPolicyService: updateUidStates_l() current->uid=10485 current->pid=10607 allowCapture=1 UidState=2 apmStat=2
02-23 13:21:35.622 13178 10609 D WM-Processor: shb: processing WorkGenerationalId(workSpecId=58d4a795-87d9-47df-81a7-e0134f367904, generation=0)
02-23 13:21:35.623  1579 31213 D AudioPolicyService: updateUidStates_l() current->uid=10485 current->pid=10607 allowCapture=1 UidState=2 apmStat=2
02-23 13:21:35.624 13178 10675 D WM-Processor: shb: processing WorkGenerationalId(workSpecId=5f64da38-e009-432a-bb79-0a746080c138, generation=0)
02-23 13:21:35.626 13178 10461 D WM-Processor: shb: processing WorkGenerationalId(workSpecId=65828b65-4480-4334-8af7-edb96336ec8c, generation=0)
02-23 13:21:35.627 13178 10675 D WM-Processor: shb: processing WorkGenerationalId(workSpecId=d03e6522-bc1d-4997-9341-d8e5a86f56fd, generation=0)
02-23 13:21:35.628  2028  2151 D NotificationService--NotificationRecord: isSupportRearLight , isRearLight = false mLedRM = false isMultilLed = false
02-23 13:21:35.629  2028  2151 D ShortcutService: Getting shortcuts for launcher= androiduser=0 pkg=org.telegram.messenger
02-23 13:21:35.629  1318 17649 E TetherController: property_get sys.radio.data.modem_share_flag return 0, 1!
02-23 13:21:35.629  2028  3528 D NotificationService--OplusNavigationManager: Notification--isSuppressedByDriveMode--userId:0,mode:false
02-23 13:21:35.629  2028  3528 D NotificationService--OplusNotificationTrackHelper: PostNotification : {channel_name=Internal notifications, notification_type=message, app_name=bccbfaa58e31db9bd7a80cd6abe84f0bec81a5ddf43f36c6a2000a192d3d9c85, push_id=null, importance=3, notification_id=-2108556205, system_state=5|7, channel_id=Other3, pkg=62f1568dc19af452e8a655af7593a513cff0b34856cb5ff1c4c2603ca514df0f, post_time=2026-02-23 13:21:35, notification_source=local}
02-23 13:21:35.630 13178 10461 D MddListenableWorkerFactory: createWorker for class: com.google.android.apps.messaging.shared.datamodel.workqueue.WorkQueueWorkerShim
02-23 13:21:35.630 13178 10675 D MddListenableWorkerFactory: createWorker for class: com.google.android.apps.messaging.shared.datamodel.workqueue.WorkQueueWorkerShim
02-23 13:21:35.631  2028  2151 D ShortcutService: rescanPackageIfNeeded 0@org.telegram.messenger, forceRescan=false , isNewApp=false
02-23 13:21:35.631 13178 10461 D MddListenableWorkerFactory: createWorker for class: com.google.android.apps.messaging.shared.datamodel.workqueue.WorkQueueWorkerShim
02-23 13:21:35.632 13178 10675 D MddListenableWorkerFactory: createWorker for class: com.google.android.apps.messaging.shared.datamodel.workqueue.WorkQueueWorkerShim
02-23 13:21:35.640 13178 13178 D WM-WorkerWrapper: Starting work for com.google.android.apps.messaging.shared.datamodel.workqueue.WorkQueueWorkerShim
02-23 13:21:35.641  1474 26959 I vendor.qti.bluetooth@1.0-ibs_handler: ProcessIbsCmd: Received IBS_WAKE_IND: 0xFD
02-23 13:21:35.641  1474 26959 D vendor.qti.bluetooth@1.0-ibs_handler: SerialClockVote: vote for UART CLK ON
02-23 13:21:35.642  1474 26959 D vendor.qti.bluetooth@1.0-wake_lock: Acquire wakelock is acquired 
02-23 13:21:35.642  1474 26959 I vendor.qti.bluetooth@1.0-ibs_handler: ProcessIbsCmd: Writing IBS_WAKE_ACK
02-23 13:21:35.643  9088  9088 I artd    : GetBestInfo: odex next to the dex file (/data/app/~~ugQfUo3jNtwKEMTgB8MNvg==/com.openai.chatgpt-f4HvjuEi6sHvoVx6QlId6w==/oat/arm64/base.odex) is kOatUpToDate with filter 'speed-profile' executable 'false'
02-23 13:21:35.644 13178 13178 D WM-WorkerWrapper: Starting work for com.google.android.apps.messaging.shared.datamodel.workqueue.WorkQueueWorkerShim
02-23 13:21:35.649 13178 13178 D WM-WorkerWrapper: Starting work for com.google.android.apps.messaging.shared.datamodel.workqueue.WorkQueueWorkerShim
02-23 13:21:35.655  7051  1246 D ShellSubscriberWorkerThread: the first 8 bytes empty, and RestData length > 8 
02-23 13:21:35.656  4306  4638 D Acc-OplusLinkBoostCommon: notifyThermalBroadCast level = 5 temp = 370,lastTemp: 369
02-23 13:21:35.657 13178 13178 D WM-WorkerWrapper: Starting work for com.google.android.apps.messaging.shared.datamodel.workqueue.WorkQueueWorkerShim
02-23 13:21:35.657 13178 10609 I WM-WorkerWrapper: Worker result SUCCESS for Work [ id=58d4a795-87d9-47df-81a7-e0134f367904, tags={ com.google.android.apps.messaging.shared.datamodel.workqueue.WorkQueueWorkerShim,mark_as_notified- } ]
02-23 13:21:35.663 13178 13178 D WM-Processor: shb 58d4a795-87d9-47df-81a7-e0134f367904 executed; reschedule = false
02-23 13:21:35.663 13178 10461 I WM-WorkerWrapper: Worker result SUCCESS for Work [ id=5f64da38-e009-432a-bb79-0a746080c138, tags={ com.google.android.apps.messaging.shared.datamodel.workqueue.WorkQueueWorkerShim,refresh_incoming_message_notifications- } ]
02-23 13:21:35.669 13178 10675 D WM-GreedyScheduler: Cancelling work ID 58d4a795-87d9-47df-81a7-e0134f367904
02-23 13:21:35.678 13178 10675 D WM-GreedyScheduler: Ignoring {WorkSpec: db568655-3f5f-4935-855a-68dfcc0202b2}. Requires device idle.
02-23 13:21:35.678 13178 10675 D WM-GreedyScheduler: Ignoring {WorkSpec: 2714b981-700f-4764-b2f8-64e4b167bdc6}. Requires device idle.
02-23 13:21:35.678 13178 10675 D WM-GreedyScheduler: Ignoring {WorkSpec: d9a6ec4f-497e-4fd2-9a0e-e1940640bfaf}. Requires device idle.
02-23 13:21:35.678 13178 10675 D WM-GreedyScheduler: Ignoring {WorkSpec: 4abeeee6-7d36-4891-9a1d-f7c0360a02b4}. Requires ContentUri triggers.
02-23 13:21:35.678 13178 10675 D WM-GreedyScheduler: Ignoring {WorkSpec: b3d497de-04b9-42ff-88b7-0eed0f842296}. Requires device idle.
02-23 13:21:35.678 13178 10675 D WM-GreedyScheduler: Ignoring {WorkSpec: 393a63c7-f90a-464c-994c-abc2f228bbcb}. Requires ContentUri triggers.
02-23 13:21:35.679 13178 13178 D WM-Processor: shb 5f64da38-e009-432a-bb79-0a746080c138 executed; reschedule = false
02-23 13:21:35.680 13178 10461 I WM-WorkerWrapper: Worker result SUCCESS for Work [ id=65828b65-4480-4334-8af7-edb96336ec8c, tags={ com.google.android.apps.messaging.shared.datamodel.workqueue.WorkQueueWorkerShim,refresh_message_failure_notification- } ]
02-23 13:21:35.681  9088 11136 I artd    : GetBestInfo: odex next to the dex file (/data/app/~~qTNcgKPqZwV2VZqdeCbqIA==/com.google.android.apps.docs-aEogzj36D3tGgZ_AAlozkw==/oat/arm64/base.odex) is kOatUpToDate with filter 'speed-profile' executable 'false'
02-23 13:21:35.683  1474 26959 I vendor.qti.bluetooth@1.0-ibs_handler: ProcessIbsCmd: Received IBS_SLEEP_IND: 0xFE
02-23 13:21:35.683  1474 26959 D vendor.qti.bluetooth@1.0-ibs_handler: SerialClockVote: vote for UART CLK OFF
02-23 13:21:35.688 13178 10461 D WM-GreedyScheduler: Cancelling work ID 5f64da38-e009-432a-bb79-0a746080c138
02-23 13:21:35.697 13178 10461 D WM-GreedyScheduler: Ignoring {WorkSpec: db568655-3f5f-4935-855a-68dfcc0202b2}. Requires device idle.
02-23 13:21:35.697 13178 10461 D WM-GreedyScheduler: Ignoring {WorkSpec: 2714b981-700f-4764-b2f8-64e4b167bdc6}. Requires device idle.
02-23 13:21:35.697 13178 10461 D WM-GreedyScheduler: Ignoring {WorkSpec: d9a6ec4f-497e-4fd2-9a0e-e1940640bfaf}. Requires device idle.
02-23 13:21:35.697 13178 10461 D WM-GreedyScheduler: Ignoring {WorkSpec: 4abeeee6-7d36-4891-9a1d-f7c0360a02b4}. Requires ContentUri triggers.
02-23 13:21:35.697 13178 10461 D WM-GreedyScheduler: Ignoring {WorkSpec: b3d497de-04b9-42ff-88b7-0eed0f842296}. Requires device idle.
02-23 13:21:35.697 13178 10461 D WM-GreedyScheduler: Ignoring {WorkSpec: 393a63c7-f90a-464c-994c-abc2f228bbcb}. Requires ContentUri triggers.
02-23 13:21:35.698 13178 13178 D WM-Processor: shb 65828b65-4480-4334-8af7-edb96336ec8c executed; reschedule = false
02-23 13:21:35.699 13178 10675 I WM-WorkerWrapper: Worker result SUCCESS for Work [ id=d03e6522-bc1d-4997-9341-d8e5a86f56fd, tags={ com.google.android.apps.messaging.shared.datamodel.workqueue.WorkQueueWorkerShim,shared_notification_queue_name-NT_SECONDARY_USER } ]
02-23 13:21:35.705 13178 10675 D WM-GreedyScheduler: Cancelling work ID 65828b65-4480-4334-8af7-edb96336ec8c
02-23 13:21:35.706  9088  9088 I artd    : GetBestInfo: odex next to the dex file (/data/app/~~Jdbrrr-xzWcDPAblzCrFYw==/com.testyentra.qtalk-WG6TA-6IXOp5zpwk5vPdVw==/oat/arm64/base.odex) is kOatBootImageOutOfDate with filter 'speed-profile' executable 'false': Image checksum mismatch, expected i;20/7dd5e1ae:i;27/6ff54880 to start with i;20/a3f1ec2b
02-23 13:21:35.708  9088  9088 I artd    : GetBestInfo: vdex next to the dex file (/data/app/~~Jdbrrr-xzWcDPAblzCrFYw==/com.testyentra.qtalk-WG6TA-6IXOp5zpwk5vPdVw==/oat/arm64/base.vdex) is kOatUpToDate with filter 'verify' executable 'false'
02-23 13:21:35.714 13178 10675 D WM-GreedyScheduler: Ignoring {WorkSpec: db568655-3f5f-4935-855a-68dfcc0202b2}. Requires device idle.
02-23 13:21:35.714 13178 10675 D WM-GreedyScheduler: Ignoring {WorkSpec: 2714b981-700f-4764-b2f8-64e4b167bdc6}. Requires device idle.
02-23 13:21:35.714 13178 10675 D WM-GreedyScheduler: Ignoring {WorkSpec: d9a6ec4f-497e-4fd2-9a0e-e1940640bfaf}. Requires device idle.
02-23 13:21:35.714 13178 10675 D WM-GreedyScheduler: Ignoring {WorkSpec: 4abeeee6-7d36-4891-9a1d-f7c0360a02b4}. Requires ContentUri triggers.
02-23 13:21:35.714 13178 10675 D WM-GreedyScheduler: Ignoring {WorkSpec: b3d497de-04b9-42ff-88b7-0eed0f842296}. Requires device idle.
02-23 13:21:35.714 13178 10675 D WM-GreedyScheduler: Ignoring {WorkSpec: 393a63c7-f90a-464c-994c-abc2f228bbcb}. Requires ContentUri triggers.
02-23 13:21:35.714 13178 13178 D WM-Processor: shb d03e6522-bc1d-4997-9341-d8e5a86f56fd executed; reschedule = false
02-23 13:21:35.716  1495 11693 I WifiHAL : event received NL80211_CMD_VENDOR, vendor_id = 0x1374, subcmd = 0xd
02-23 13:21:35.718 13178 10675 D WM-GreedyScheduler: Cancelling work ID d03e6522-bc1d-4997-9341-d8e5a86f56fd
02-23 13:21:35.728 13178 10675 D WM-GreedyScheduler: Ignoring {WorkSpec: db568655-3f5f-4935-855a-68dfcc0202b2}. Requires device idle.
02-23 13:21:35.728 13178 10675 D WM-GreedyScheduler: Ignoring {WorkSpec: 2714b981-700f-4764-b2f8-64e4b167bdc6}. Requires device idle.
02-23 13:21:35.728 13178 10675 D WM-GreedyScheduler: Ignoring {WorkSpec: d9a6ec4f-497e-4fd2-9a0e-e1940640bfaf}. Requires device idle.
02-23 13:21:35.728 13178 10675 D WM-GreedyScheduler: Ignoring {WorkSpec: 4abeeee6-7d36-4891-9a1d-f7c0360a02b4}. Requires ContentUri triggers.
02-23 13:21:35.728 13178 10675 D WM-GreedyScheduler: Ignoring {WorkSpec: b3d497de-04b9-42ff-88b7-0eed0f842296}. Requires device idle.
02-23 13:21:35.728 13178 10675 D WM-GreedyScheduler: Ignoring {WorkSpec: 393a63c7-f90a-464c-994c-abc2f228bbcb}. Requires ContentUri triggers.
02-23 13:21:35.728  1474 26959 I vendor.qti.bluetooth@1.0-ibs_handler: ProcessIbsCmd: Received IBS_WAKE_IND: 0xFD
02-23 13:21:35.728  1474 26959 D vendor.qti.bluetooth@1.0-ibs_handler: SerialClockVote: vote for UART CLK ON
02-23 13:21:35.728  1474 26959 I vendor.qti.bluetooth@1.0-ibs_handler: ProcessIbsCmd: Writing IBS_WAKE_ACK
02-23 13:21:35.733  2028  3575 D ShortcutService: Saving package item org.telegram.messenger to /data/system_ce/0/shortcut_service/packages/org.telegram.messenger.xml
02-23 13:21:35.733  2028  2679 D ShortcutService: Getting shortcuts for launcher= com.android.systemuiuser=0 pkg=org.telegram.messenger
02-23 13:21:35.738  2028  2679 D ShortcutService: Getting shortcuts for launcher= com.android.launcheruser=0 pkg=org.telegram.messenger
02-23 13:21:35.739  2028  2679 D ShortcutService: Getting shortcuts for launcher= com.google.android.asuser=0 pkg=org.telegram.messenger
02-23 13:21:35.753  2028  2808 I am_uid_idle: 10100
02-23 13:21:35.754  1579 31213 D AudioPolicyService: updateUidStates_l() current->uid=10485 current->pid=10607 allowCapture=1 UidState=2 apmStat=2
02-23 13:21:35.755  1579 31213 D AudioPolicyService: updateUidStates_l() current->uid=10485 current->pid=10607 allowCapture=1 UidState=2 apmStat=2
02-23 13:21:35.769  1474 26959 I vendor.qti.bluetooth@1.0-ibs_handler: ProcessIbsCmd: Received IBS_SLEEP_IND: 0xFE
02-23 13:21:35.769  7113 19387 D ModernMediaScanner: Skipping preVisitDirectory /storage/emulated/0/Android/media/com.whatsapp/WhatsApp/Media/WhatsApp Images/Sent
02-23 13:21:35.769  1474 26959 D vendor.qti.bluetooth@1.0-ibs_handler: SerialClockVote: vote for UART CLK OFF
02-23 13:21:35.782  7113 19387 D ModernMediaScanner: Skipping preVisitDirectory /storage/emulated/0/Android/media/com.whatsapp/WhatsApp/Media/WhatsApp Images/Private
02-23 13:21:35.819  1545  1663 D vendor.oplus.hardware.charger-V6-service: ret_value:127, read content:,354,350,4202,4202,490,500,2200,82,85,1,4,-1,4987,85,1,0,1,1,0,0,4425,0,3,0,3,0,0,0,331,0,1,1,0,0,61,61,61,0,0,0,0,0,0,0,0,0,0
02-23 13:21:35.819  1545  1663 D vendor.oplus.hardware.charger-V6-service: gmtime: 2026-02-23-13-21-35
02-23 13:21:35.822  1545  1663 D vendor.oplus.hardware.charger-V6-service: usb_online:1, ac_online:0, wireless_online:-2147483648
02-23 13:21:35.848  9088  9088 I artd    : GetBestInfo: odex next to the dex file (/data/app/~~8JO_oeaSUZTN2mHOtpj3Zg==/com.spotify.music-Ty66JwAyCv5MbxoxfOQoxw==/oat/arm64/base.odex) is kOatUpToDate with filter 'speed-profile' executable 'false'
02-23 13:21:35.894 10607 11146 D ProfileInstaller: Installing profile for com.jarvis
02-23 13:21:35.919  1474 26943 D vendor.qti.bluetooth@1.0-wake_lock: Release wakelock is released 
02-23 13:21:35.925 22971 22971 W Finsky  : [2] STU: Failed to get storage stats for package 'com.google.android.appsearch' (1601: Error getting stats: android.content.pm.PackageManager.NameNotFoundException)
02-23 13:21:35.929 22971 22971 W Finsky  : [2] STU: Failed to get storage stats for package 'com.google.android.art' (1601: Error getting stats: android.content.pm.PackageManager.NameNotFoundException)
02-23 13:21:35.959  4306  4633 I NetworkUtils: curOpVersion : 34
02-23 13:21:35.965  4306  4633 I NetworkUtils: getUidTxBytesByPowerManager : 13701
02-23 13:21:35.966  4306  4633 I LiveScene: handleCheckLiveUploadTraffic : currentTx : 13701
02-23 13:21:35.966  4306  4633 I LiveScene: check upload traffic, byte = 0 byte,uid =10485,targetUid=10485,times=3,targetPkg:com.jarvis
02-23 13:21:35.966  4306  4633 I LiveScene: preCheckLiveState, uid = 10485package:com.jarvis,retrytimes:2
02-23 13:21:35.966  4306  4633 I NetworkUtils: curOpVersion : 34
02-23 13:21:35.967  4306  4633 I NetworkUtils: getUidTxBytesByPowerManager : 13701
02-23 13:21:35.967  4306  4633 I LiveScene: preCheckLiveState : traffic : 13701
02-23 13:21:35.984  2028  2683 I commit_sys_config_file: [notification-policy,101]
