02-23 12:34:57.740  2028  3078 I installer_clear_app_data_caller: [2028,1000,com.jarvis,39]
02-23 12:34:57.749  2028  3078 I installer_clear_app_data_caller: [2028,1000,com.jarvis,39]
02-23 12:34:58.074  2028  2028 I notification_cancel_all: [1000,2028,com.jarvis,0,0,0,5,NULL]
02-23 12:34:58.521  2028  2028 I notification_cancel_all: [1000,2028,com.jarvis,0,0,0,5,NULL]
02-23 12:35:20.642  2028  5008 I wm_create_activity: [0,4219963,718,com.jarvis/.MainActivity,android.intent.action.MAIN,NULL,NULL,270532608]
02-23 12:35:20.713  2028  2809 I am_proc_start: [0,17387,10485,com.jarvis,next-top-activity,{com.jarvis/com.jarvis.MainActivity},NULL]
02-23 12:35:20.899  2028  3642 I am_proc_bound: [0,17387,com.jarvis]
02-23 12:35:20.923  2028  3642 I wm_restart_activity: [0,4219963,718,com.jarvis/.MainActivity]
02-23 12:35:20.930  2028  3642 I wm_set_resumed_activity: [0,com.jarvis/.MainActivity,realStartActivityLocked - onActivityStateChanged]
02-23 12:35:21.441 17387 17387 I wm_on_create_called: [4219963,com.jarvis.MainActivity,performCreate,148]
02-23 12:35:21.452 17387 17387 I wm_on_start_called: [4219963,com.jarvis.MainActivity,handleStartActivity,2]
02-23 12:35:21.461 17387 17387 I wm_on_resume_called: [4219963,com.jarvis.MainActivity,RESUME_ACTIVITY,5]
02-23 12:35:21.519 17387 17387 I wm_on_top_resumed_gained_called: [4219963,com.jarvis.MainActivity,topStateChangedWhenResumed]
02-23 12:35:21.573  2028  2687 I input_focus: [Focus request b75f901 com.jarvis/com.jarvis.MainActivity,reason=UpdateInputWindows]
02-23 12:35:21.792  2028  3937 I am_foreground_service_denied: [0,com.jarvis/.JarvisService,1,PROC_STATE_TOP,36,36,0,0,0,0,UNKNOWN,0]
02-23 12:35:21.793  2028  2679 I sysui_multi_action: [319,221,321,202,322,1214,325,350525,757,761,758,7,759,1,806,com.jarvis,871,com.jarvis.MainActivity,904,com.android.shell,905,0,945,343,1320,12,1321,1]
02-23 12:35:21.794  2028  2679 I wm_activity_launch_time: [0,4219963,com.jarvis/.MainActivity,1214]
02-23 12:35:21.800  2028  7202 I am_crash: [17387,0,com.jarvis,550026822,java.lang.SecurityException,Remote stack trace:
02-23 12:35:21.809  2028  3459 I input_focus: [Focus entering b75f901 com.jarvis/com.jarvis.MainActivity (server),reason=Window became focusable. Previous reason: NOT_VISIBLE]
02-23 12:35:21.817  2028  7202 I wm_finish_activity: [0,4219963,718,com.jarvis/.MainActivity,force-crash]
02-23 12:35:21.819  2028  7202 I wm_pause_activity: [0,4219963,com.jarvis/.MainActivity,userLeaving=false,finish]
02-23 12:35:21.887  2028  3459 I input_focus: [Focus leaving b75f901 com.jarvis/com.jarvis.MainActivity (server),reason=NO_WINDOW]
02-23 12:35:22.479  2028  2685 I wm_destroy_activity: [0,4219963,718,com.jarvis/.MainActivity,finish-imm:completePausedLocked]
02-23 12:35:22.935  2028  3946 I am_proc_died: [0,17387,com.jarvis,50,4]
02-23 12:35:22.936  2028  3946 I am_schedule_service_restart: [0,com.jarvis/.JarvisService,49984]
02-23 12:35:22.941  2028  3946 I wm_task_removed: [718,718,0,removeChild, last child = ActivityRecord{40643b u0 com.jarvis/.MainActivity t-1 f}} in Task{de6b0b1 #718 type=standard A=10485:com.jarvis}]
02-23 12:35:23.347  2028  2757 I am_schedule_service_restart: [0,com.jarvis/.JarvisService,39574]
02-23 12:35:26.747  2028  2757 I am_schedule_service_restart: [0,com.jarvis/.JarvisService,20000]
02-23 12:35:43.645  2028  4098 I wm_create_activity: [0,235057484,719,com.jarvis/.MainActivity,android.intent.action.MAIN,NULL,NULL,270532608]
02-23 12:35:43.687  2028  2809 I am_proc_start: [0,17749,10485,com.jarvis,next-top-activity,{com.jarvis/com.jarvis.MainActivity},NULL]
02-23 12:35:43.863  2028  5008 I am_proc_bound: [0,17749,com.jarvis]
02-23 12:35:43.878  2028  5008 I wm_restart_activity: [0,235057484,719,com.jarvis/.MainActivity]
02-23 12:35:43.884  2028  5008 I wm_set_resumed_activity: [0,com.jarvis/.MainActivity,realStartActivityLocked - onActivityStateChanged]
02-23 12:35:44.426 17749 17749 I wm_on_create_called: [235057484,com.jarvis.MainActivity,performCreate,134]
02-23 12:35:44.436 17749 17749 I wm_on_start_called: [235057484,com.jarvis.MainActivity,handleStartActivity,3]
02-23 12:35:44.446 17749 17749 I wm_on_resume_called: [235057484,com.jarvis.MainActivity,RESUME_ACTIVITY,4]
02-23 12:35:44.486 17749 17749 I wm_on_top_resumed_gained_called: [235057484,com.jarvis.MainActivity,topStateChangedWhenResumed]
02-23 12:35:44.494  2028  4892 I am_foreground_service_denied: [0,com.jarvis/.JarvisService,1,PROC_STATE_TOP,36,36,0,0,0,0,UNKNOWN,0]
02-23 12:35:44.499  2028  7228 I am_crash: [17749,0,com.jarvis,550026822,java.lang.SecurityException,Remote stack trace:
02-23 12:35:44.502  2028  7228 I wm_finish_activity: [0,235057484,719,com.jarvis/.MainActivity,force-crash]
02-23 12:35:44.504  2028  7228 I wm_pause_activity: [0,235057484,com.jarvis/.MainActivity,userLeaving=false,finish]
02-23 12:35:44.616  2028  2685 I sysui_multi_action: [757,1144,758,7,806,com.jarvis,871,com.jarvis.MainActivity]
02-23 12:35:44.924  2028  2687 I input_focus: [Focus request 70148f6 Application Error: com.jarvis,reason=UpdateInputWindows]
02-23 12:35:45.029  2028  2685 I wm_destroy_activity: [0,235057484,719,com.jarvis/.MainActivity,finish-imm:completePausedLocked]
02-23 12:35:45.077  2028  3459 I input_focus: [Focus entering 70148f6 Application Error: com.jarvis (server),reason=Window became focusable. Previous reason: NOT_VISIBLE]
02-23 12:35:46.760  2028  3459 I input_interaction: Interaction with: 70148f6 Application Error: com.jarvis (server), [Gesture Monitor] OplusExInputReceiver1 (server), [Gesture Monitor] onehanded-touch (server), [Gesture Monitor] OplusUAHInputChannel (server), PointerEventDispatcher0 (server), 
02-23 12:35:46.952 17749 17749 I binder_sample: [android.app.IActivityManager,13,2453,com.jarvis,100]
02-23 12:35:47.145  2028  3946 I am_proc_died: [0,17749,com.jarvis,0,10]
02-23 12:35:47.169  2028  3946 I am_schedule_service_restart: [0,com.jarvis/.JarvisService,1800000]
02-23 12:35:47.206  2028  2687 I wm_task_removed: [719,719,0,removeChild, last child = ActivityRecord{e02b14c u0 com.jarvis/.MainActivity t-1 f}} in Task{bb686aa #719 type=standard A=10485:com.jarvis}]
02-23 12:35:47.547  2028  2757 I am_schedule_service_restart: [0,com.jarvis/.JarvisService,1799621]
02-23 12:35:49.685  2028  2757 I am_schedule_service_restart: [0,com.jarvis/.JarvisService,1797484]
02-23 12:36:05.014  2028  4117 I wm_create_activity: [0,79479231,721,com.jarvis/.MainActivity,android.intent.action.MAIN,NULL,NULL,270532608]
02-23 12:36:05.060  2028  2809 I am_proc_start: [0,18507,10485,com.jarvis,next-top-activity,{com.jarvis/com.jarvis.MainActivity},NULL]
02-23 12:36:05.178  2028  3892 I am_proc_bound: [0,18507,com.jarvis]
02-23 12:36:05.196  2028  3892 I wm_restart_activity: [0,79479231,721,com.jarvis/.MainActivity]
02-23 12:36:05.203  2028  3892 I wm_set_resumed_activity: [0,com.jarvis/.MainActivity,realStartActivityLocked - onActivityStateChanged]
02-23 12:36:05.680 18507 18507 I wm_on_create_called: [79479231,com.jarvis.MainActivity,performCreate,138]
02-23 12:36:05.691 18507 18507 I wm_on_start_called: [79479231,com.jarvis.MainActivity,handleStartActivity,2]
02-23 12:36:05.703 18507 18507 I wm_on_resume_called: [79479231,com.jarvis.MainActivity,RESUME_ACTIVITY,6]
02-23 12:36:05.751 18507 18507 I wm_on_top_resumed_gained_called: [79479231,com.jarvis.MainActivity,topStateChangedWhenResumed]
02-23 12:36:05.764  2028  7203 I am_foreground_service_denied: [0,com.jarvis/.JarvisService,1,PROC_STATE_TOP,36,36,0,0,0,0,UNKNOWN,0]
02-23 12:36:05.770  2028  7203 I am_crash: [18507,0,com.jarvis,550026822,java.lang.SecurityException,Remote stack trace:
02-23 12:36:05.776  2028  7203 I wm_finish_activity: [0,79479231,721,com.jarvis/.MainActivity,force-crash]
02-23 12:36:05.778  2028  7203 I wm_pause_activity: [0,79479231,com.jarvis/.MainActivity,userLeaving=false,finish]
02-23 12:36:05.845  2028  2685 I sysui_multi_action: [757,1144,758,7,806,com.jarvis,871,com.jarvis.MainActivity]
02-23 12:36:05.924  2028  3944 I am_proc_died: [0,18507,com.jarvis,0,2]
02-23 12:36:05.943  2028  3944 I am_schedule_service_restart: [0,com.jarvis/.JarvisService,3600000]
02-23 12:36:06.616  2028  3642 I wm_task_removed: [721,721,0,removeChild, last child = ActivityRecord{4bcc1bf u0 com.jarvis/.MainActivity t-1 f}} in Task{ab273d5 #721 type=standard A=10485:com.jarvis}]
02-23 12:39:43.541  2028  3078 I installer_clear_app_data_caller: [2028,1000,com.jarvis,39]
02-23 12:39:43.548  2028  3078 I installer_clear_app_data_caller: [2028,1000,com.jarvis,39]
02-23 12:39:43.875  2028  2028 I notification_cancel_all: [1000,2028,com.jarvis,0,0,0,5,NULL]
02-23 12:39:43.948  2028  2028 I notification_cancel_all: [1000,2028,com.jarvis,0,0,0,5,NULL]
02-23 12:40:11.364  2028  5002 I wm_create_activity: [0,112384755,722,com.jarvis/.MainActivity,android.intent.action.MAIN,NULL,NULL,270532608]
02-23 12:40:11.429  2028  2809 I am_proc_start: [0,19509,10485,com.jarvis,next-top-activity,{com.jarvis/com.jarvis.MainActivity},NULL]
02-23 12:40:11.549  2028  5002 I am_proc_bound: [0,19509,com.jarvis]
02-23 12:40:11.565  2028  5002 I wm_restart_activity: [0,112384755,722,com.jarvis/.MainActivity]
02-23 12:40:11.582  2028  5002 I wm_set_resumed_activity: [0,com.jarvis/.MainActivity,realStartActivityLocked - onActivityStateChanged]
02-23 12:40:12.006 19509 19509 I wm_on_create_called: [112384755,com.jarvis.MainActivity,performCreate,103]
02-23 12:40:12.016 19509 19509 I wm_on_start_called: [112384755,com.jarvis.MainActivity,handleStartActivity,3]
02-23 12:40:12.024 19509 19509 I wm_on_resume_called: [112384755,com.jarvis.MainActivity,RESUME_ACTIVITY,4]
02-23 12:40:12.061 19509 19509 I wm_on_top_resumed_gained_called: [112384755,com.jarvis.MainActivity,topStateChangedWhenResumed]
02-23 12:40:12.106  2028  2687 I input_focus: [Focus request c709740 com.jarvis/com.jarvis.MainActivity,reason=UpdateInputWindows]
02-23 12:40:12.302  2028  2679 I sysui_multi_action: [319,126,321,108,322,950,325,350815,757,761,758,7,759,1,806,com.jarvis,871,com.jarvis.MainActivity,904,com.android.shell,905,0,945,208,1320,12,1321,1]
02-23 12:40:12.304  2028  2679 I wm_activity_launch_time: [0,112384755,com.jarvis/.MainActivity,950]
02-23 12:40:12.325  2028  3459 I input_focus: [Focus entering c709740 com.jarvis/com.jarvis.MainActivity (server),reason=Window became focusable. Previous reason: NOT_VISIBLE]
02-23 12:40:20.320  2028  3459 I input_interaction: Interaction with: c709740 com.jarvis/com.jarvis.MainActivity (server), [Gesture Monitor] OplusExInputReceiver1 (server), [Gesture Monitor] onehanded-touch (server), [Gesture Monitor] OplusUAHInputChannel (server), PointerEventDispatcher0 (server), 
02-23 12:40:20.593  2028  2151 I wm_pause_activity: [0,112384755,com.jarvis/.MainActivity,userLeaving=true,resumeTopActivity]
02-23 12:40:20.605 19509 19509 I wm_on_top_resumed_lost_called: [112384755,com.jarvis.MainActivity,topStateChangedWhenResumed]
02-23 12:40:20.606 19509 19509 I wm_on_paused_called: [112384755,com.jarvis.MainActivity,performPause,1]
02-23 12:40:20.637  2028  3459 I input_focus: [Focus leaving c709740 com.jarvis/com.jarvis.MainActivity (server),reason=Waiting for window because NO_WINDOW]
02-23 12:40:21.130  2028  2679 I sysui_multi_action: [319,646,322,634,325,350824,757,761,758,8,759,2,806,com.google.android.permissioncontroller,871,com.android.permissioncontroller.permission.ui.GrantPermissionsActivity,904,com.jarvis,905,0,1320,12,1321,1]
02-23 12:40:22.792  2028  7226 I sysui_multi_action: [757,1243,758,4,806,com.jarvis,1241,android.permission.RECORD_AUDIO]
02-23 12:40:23.924  2028  4098 I sysui_multi_action: [757,1243,758,4,806,com.jarvis,1241,android.permission.READ_CONTACTS]
02-23 12:40:24.769  2028  7202 I sysui_multi_action: [757,1243,758,4,806,com.jarvis,1241,android.permission.POST_NOTIFICATIONS]
02-23 12:40:25.388  2028  5005 I sysui_multi_action: [757,1243,758,4,806,com.jarvis,1241,android.permission.CALL_PHONE]
02-23 12:40:25.391 18790 18790 I snet_event_log: [individual_permissions_requested,10485,com.jarvis:com.jarvis:;android.permission.RECORD_AUDIO|false|768com.jarvis:;android.permission.CALL_PHONE|false|768com.jarvis:;android.permission.READ_CONTACTS|false|768com.jarvis:;android.permission.POST_NOTIFICATIONS|false|768]
02-23 12:40:25.413  2028  5002 I wm_set_resumed_activity: [0,com.jarvis/.MainActivity,resumeTopActivity - onActivityStateChanged]
02-23 12:40:25.419  2028  5002 I wm_resume_activity: [0,112384755,722,com.jarvis/.MainActivity]
02-23 12:40:25.432  2028  2687 I input_focus: [Focus request c709740 com.jarvis/com.jarvis.MainActivity,reason=UpdateInputWindows]
02-23 12:40:25.450  2028  3459 I input_focus: [Focus entering c709740 com.jarvis/com.jarvis.MainActivity (server),reason=setFocusedWindow]
02-23 12:40:25.526 19509 19509 I wm_on_activity_result_called: [112384755,com.jarvis.MainActivity,ACTIVITY_RESULT]
02-23 12:40:25.529 19509 19509 I wm_on_resume_called: [112384755,com.jarvis.MainActivity,RESUME_ACTIVITY,2]
02-23 12:40:25.530 19509 19509 I wm_on_top_resumed_gained_called: [112384755,com.jarvis.MainActivity,topWhenResuming]
02-23 12:40:25.559  2028  7226 I am_foreground_service_start: [0,com.jarvis/.JarvisService,1,PROC_STATE_TOP,36,36,0,0,0,1,UNKNOWN,128]
02-23 12:40:27.216  2028  3459 I input_interaction: Interaction with: c709740 com.jarvis/com.jarvis.MainActivity (server), [Gesture Monitor] OplusExInputReceiver1 (server), [Gesture Monitor] onehanded-touch (server), [Gesture Monitor] OplusUAHInputChannel (server), PointerEventDispatcher0 (server), 
02-23 12:40:31.237  2028  2757 I am_pss  : [19509,10485,com.jarvis,0,0,0,232988672,0,2,3]
02-23 12:40:32.316  2028 19939 I am_anr  : [0,19509,com.jarvis,550026822,Input dispatching timed out (c709740 com.jarvis/com.jarvis.MainActivity (server) is not responding. Waited 5000ms for MotionEvent(deviceId=3, eventTime=350831692112000, source=TOUCHSCREEN, displayId=0, action=DOWN, actionButton=0x00000000, flags=0x00000000, metaState=0x00000000, buttonState=0x00000000, classification=NONE, edgeFlags=0x00000000, xPrecision=4.0, yPrecision=4.0, xCursorPosition=nan, yCursorPosition=nan, pointers=[0: (760.8, 940.5)]), policyFlags=0x62000000).]
02-23 12:40:32.856  2028  3459 I input_interaction: Interaction with: c709740 com.jarvis/com.jarvis.MainActivity (server), [Gesture Monitor] OplusExInputReceiver1 (server), [Gesture Monitor] onehanded-touch (server), [Gesture Monitor] OplusUAHInputChannel (server), PointerEventDispatcher0 (server), 
02-23 12:40:33.275  2028  4098 I wm_pause_activity: [0,112384755,com.jarvis/.MainActivity,userLeaving=true,resumeTopActivity]
02-23 12:40:33.278 19509 19509 I binder_sample: [android.app.IActivityTaskManager,1,372,com.jarvis,100]
02-23 12:40:33.295 19509 19509 I wm_on_top_resumed_lost_called: [112384755,com.jarvis.MainActivity,topStateChangedWhenResumed]
02-23 12:40:33.301 19509 19509 I wm_on_paused_called: [112384755,com.jarvis.MainActivity,performPause,1]
02-23 12:40:33.305  2028  2152 I wm_add_to_stopping: [0,112384755,com.jarvis/.MainActivity,makeInvisible]
02-23 12:40:33.333  2028  3459 I input_focus: [Focus leaving c709740 com.jarvis/com.jarvis.MainActivity (server),reason=NO_WINDOW]
02-23 12:40:34.396  2028  2679 I sysui_multi_action: [319,467,321,455,322,1445,325,350837,757,761,758,7,759,2,806,com.android.settings,871,com.android.settings.Settings$AccessibilitySettingsActivity,904,com.jarvis,905,0,945,576,1320,4,1321,24]
02-23 12:40:34.423  2028  2685 I wm_stop_activity: [0,112384755,com.jarvis/.MainActivity]
02-23 12:40:34.444 19509 19509 I wm_on_stop_called: [112384755,com.jarvis.MainActivity,STOP_ACTIVITY_ITEM,6]
02-23 12:40:35.581  2028  2028 I notification_enqueue: [10485,19509,com.jarvis,1,NULL,0,Notification(channel=jarvis_channel shortcut=null contentView=null vibrate=null sound=null defaults=0 flags=FOREGROUND_SERVICE color=0x00000000 vis=PRIVATE),0]
02-23 12:40:35.582  2028  2028 I sysui_multi_action: [757,1501,758,1,793,10,794,0,795,10,796,1,806,com.jarvis,857,jarvis_channel,858,2,947,0,1500,0,1688,1]
02-23 12:40:35.843  2028  2680 I am_kill : [0,19509,com.jarvis,50,user request after error:Input dispatching timed out (c709740 com.jarvis/com.jarvis.MainActivity (server) is not responding. Waited 5000ms for MotionEvent(deviceId=3, eventTime=350831692112000, source=TOUCHSCREEN, displayId=0, action=DOWN, actionButton=0x00000000, flags=0x00000000, metaState=0x00000000, buttonState=0x00000000, classification=NONE, edgeFlags=0x00000000, xPrecision=4.0, yPrecision=4.0, xCursorPosition=nan, yCursorPosition=nan, pointers=[0: (760.8, 940.5)]), policyFlags=0x62000000).,184676]
02-23 12:40:35.926  2028  3946 I am_proc_died: [0,19509,com.jarvis,50,4]
02-23 12:40:35.937  2028  3946 I am_schedule_service_restart: [0,com.jarvis/.JarvisService,10000]
02-23 12:40:35.950  2028  2028 I sysui_multi_action: [757,128,758,5,759,8,793,378,794,0,795,378,796,1,806,com.jarvis,857,jarvis_channel,858,2,947,0,1500,368,1688,1]
02-23 12:40:35.950  2028  2028 I notification_canceled: [0|com.jarvis|1|null|10485,8,378,378,0,-1,-1,NULL]
02-23 12:40:38.641  2028  2757 I am_schedule_service_restart: [0,com.jarvis/.JarvisService,7295]
02-23 12:40:45.962  2028  2809 I am_proc_start: [0,20459,10485,com.jarvis,service,{com.jarvis/com.jarvis.JarvisService},{ serviceType = restartService }]
02-23 12:40:46.032  2028  4117 I am_proc_bound: [0,20459,com.jarvis]
02-23 12:40:46.045  2028  2028 I notification_enqueue: [10485,20459,com.jarvis,1,NULL,0,Notification(channel=jarvis_channel shortcut=null contentView=null vibrate=null sound=null defaults=0 flags=NO_CLEAR|FOREGROUND_SERVICE color=0x00000000 vis=PRIVATE),0]
02-23 12:40:46.046  2028  2028 I sysui_multi_action: [757,1501,758,1,793,3,794,0,795,3,796,1,806,com.jarvis,857,jarvis_channel,858,2,947,0,1500,0]
02-23 12:40:46.292  2028  2028 I notification_enqueue: [10485,20459,com.jarvis,1,NULL,0,Notification(channel=jarvis_channel shortcut=null contentView=null vibrate=null sound=null defaults=0 flags=FOREGROUND_SERVICE color=0x00000000 vis=PRIVATE),1]
02-23 12:41:03.721  2028  3937 I wm_restart_activity: [0,112384755,722,com.jarvis/.MainActivity]
02-23 12:41:03.724  2028  3937 I wm_set_resumed_activity: [0,com.jarvis/.MainActivity,realStartActivityLocked - onActivityStateChanged]
02-23 12:41:03.985 20459 20459 I wm_on_create_called: [112384755,com.jarvis.MainActivity,performCreate,150]
02-23 12:41:03.991 20459 20459 I wm_on_start_called: [112384755,com.jarvis.MainActivity,handleStartActivity,1]
02-23 12:41:04.000 20459 20459 I wm_on_resume_called: [112384755,com.jarvis.MainActivity,RESUME_ACTIVITY,4]
02-23 12:41:04.054 20459 20459 I wm_on_top_resumed_gained_called: [112384755,com.jarvis.MainActivity,topStateChangedWhenResumed]
02-23 12:41:04.112  2028  2687 I input_focus: [Focus request c993746 com.jarvis/com.jarvis.MainActivity,reason=UpdateInputWindows]
02-23 12:41:04.319  2028  3459 I input_focus: [Focus entering c993746 com.jarvis/com.jarvis.MainActivity (server),reason=Window became focusable. Previous reason: NOT_VISIBLE]
02-23 12:41:07.540  2028  3459 I input_interaction: Interaction with: c993746 com.jarvis/com.jarvis.MainActivity (server), [Gesture Monitor] OplusExInputReceiver1 (server), [Gesture Monitor] onehanded-touch (server), [Gesture Monitor] OplusUAHInputChannel (server), PointerEventDispatcher0 (server), 
02-23 12:41:07.651  2028  7225 I wm_pause_activity: [0,112384755,com.jarvis/.MainActivity,userLeaving=true,resumeTopActivity]
02-23 12:41:07.662 20459 20459 I wm_on_top_resumed_lost_called: [112384755,com.jarvis.MainActivity,topStateChangedWhenResumed]
02-23 12:41:07.664 20459 20459 I wm_on_paused_called: [112384755,com.jarvis.MainActivity,performPause,0]
02-23 12:41:07.669  2028  5002 I wm_add_to_stopping: [0,112384755,com.jarvis/.MainActivity,makeInvisible]
02-23 12:41:07.702  2028  3459 I input_focus: [Focus leaving c993746 com.jarvis/com.jarvis.MainActivity (server),reason=NO_WINDOW]
02-23 12:41:08.078  2028  2679 I sysui_multi_action: [319,415,322,401,325,350872,757,761,758,8,759,2,806,com.android.settings,871,com.android.settings.Settings$AccessibilitySettingsActivity,904,com.jarvis,905,0,1320,4,1321,24]
02-23 12:41:08.444  2028  2685 I wm_stop_activity: [0,112384755,com.jarvis/.MainActivity]
02-23 12:41:08.486 20459 20459 I wm_on_stop_called: [112384755,com.jarvis.MainActivity,STOP_ACTIVITY_ITEM,1]
02-23 12:41:13.402 20010 21049 I sysui_multi_action: [757,830,758,4,833,2,854,com.jarvis/com.jarvis.JarvisAccessibilityService]
02-23 12:41:14.117  2028  2757 I am_pss  : [20459,10485,com.jarvis,0,0,0,180883456,0,4,2]
02-23 12:41:28.637  2028  5008 I wm_set_resumed_activity: [0,com.jarvis/.MainActivity,resumeTopActivity - onActivityStateChanged]
02-23 12:41:28.642  2028  5008 I wm_resume_activity: [0,112384755,722,com.jarvis/.MainActivity]
02-23 12:41:28.656 20459 20459 I wm_on_restart_called: [112384755,com.jarvis.MainActivity,performRestart,0]
02-23 12:41:28.659 20459 20459 I wm_on_start_called: [112384755,com.jarvis.MainActivity,handleStartActivity,2]
02-23 12:41:28.667 20459 20459 I wm_on_resume_called: [112384755,com.jarvis.MainActivity,RESUME_ACTIVITY,4]
02-23 12:41:28.667 20459 20459 I wm_on_top_resumed_gained_called: [112384755,com.jarvis.MainActivity,topWhenResuming]
02-23 12:41:28.701  2028  2687 I input_focus: [Focus request c993746 com.jarvis/com.jarvis.MainActivity,reason=UpdateInputWindows]
02-23 12:41:28.760  2028  3459 I input_focus: [Focus entering c993746 com.jarvis/com.jarvis.MainActivity (server),reason=Window became focusable. Previous reason: NOT_VISIBLE]
02-23 12:42:16.522  2028  3459 I input_interaction: Interaction with: c993746 com.jarvis/com.jarvis.MainActivity (server), [Gesture Monitor] OplusExInputReceiver1 (server), [Gesture Monitor] swipe-up (server), [Gesture Monitor] edge-swipe (server), [Gesture Monitor] onehanded-touch (server), [Gesture Monitor] OplusUAHInputChannel (server), PointerEventDispatcher0 (server), 
02-23 12:42:16.664  2028  3937 I wm_finish_activity: [0,112384755,722,com.jarvis/.MainActivity,app-request]
02-23 12:42:16.670  2028  3937 I wm_pause_activity: [0,112384755,com.jarvis/.MainActivity,userLeaving=false,finish]
02-23 12:42:16.673 20459 20459 I wm_on_top_resumed_lost_called: [112384755,com.jarvis.MainActivity,topStateChangedWhenResumed]
02-23 12:42:16.674 20459 20459 I wm_on_paused_called: [112384755,com.jarvis.MainActivity,performPause,0]
02-23 12:42:16.675  2028  5008 I wm_add_to_stopping: [0,112384755,com.jarvis/.MainActivity,completeFinishing]
02-23 12:42:16.721  2028  3459 I input_focus: [Focus leaving c993746 com.jarvis/com.jarvis.MainActivity (server),reason=NO_WINDOW]
02-23 12:42:17.650  2028  2685 I wm_destroy_activity: [0,112384755,722,com.jarvis/.MainActivity,finish-imm:idle]
02-23 12:42:17.664 20459 20459 I wm_on_stop_called: [112384755,com.jarvis.MainActivity,LIFECYCLER_STOP_ACTIVITY,2]
02-23 12:42:17.670 20459 20459 I wm_on_destroy_called: [112384755,com.jarvis.MainActivity,performDestroy,1]
02-23 12:42:17.696  2028  4117 I wm_task_removed: [722,722,0,removeChild, last child = ActivityRecord{6b2daf3 u0 com.jarvis/.MainActivity t-1 f}} in Task{eb41229 #722 type=standard A=10485:com.jarvis}]
02-23 12:42:23.418  2028  4591 I am_kill : [0,20459,com.jarvis,50,o-kill(40) K|C:[84, 86]|U:0|M:87,66 with swipe up]
02-23 12:42:23.462  2028  3944 I am_proc_died: [0,20459,com.jarvis,50,4]
02-23 12:42:23.464  2028  3944 I am_schedule_service_restart: [0,com.jarvis/.JarvisService,1000]
02-23 12:42:23.477  2028  2028 I sysui_multi_action: [757,128,758,5,759,8,793,97433,794,0,795,97186,796,1,806,com.jarvis,857,jarvis_channel,858,2,947,0,1500,97186,1688,1]
02-23 12:42:23.477  2028  2028 I notification_canceled: [0|com.jarvis|1|null|10485,8,97433,97186,0,-1,-1,NULL]
02-23 12:42:24.679  2028  2809 I am_proc_start: [0,22025,10485,com.jarvis,service,{com.jarvis/com.jarvis.JarvisService},{ serviceType = restartService }]
02-23 12:42:24.945  2028  4117 I am_proc_bound: [0,22025,com.jarvis]
02-23 12:42:25.084  2028  2028 I notification_enqueue: [10485,22025,com.jarvis,1,NULL,0,Notification(channel=jarvis_channel shortcut=null contentView=null vibrate=null sound=null defaults=0 flags=NO_CLEAR|FOREGROUND_SERVICE color=0x00000000 vis=PRIVATE),0]
02-23 12:42:25.093  2028  2028 I sysui_multi_action: [757,1501,758,1,793,12,794,0,795,12,796,1,806,com.jarvis,857,jarvis_channel,858,2,947,0,1500,0]
02-23 12:42:25.765  2028  2028 I notification_enqueue: [10485,22025,com.jarvis,1,NULL,0,Notification(channel=jarvis_channel shortcut=null contentView=null vibrate=null sound=null defaults=0 flags=FOREGROUND_SERVICE color=0x00000000 vis=PRIVATE),1]
02-23 12:42:41.721  2028  2757 I am_pss  : [22025,10485,com.jarvis,0,0,0,146743296,0,4,3]
02-23 12:44:59.130  2028  2757 I am_pss  : [22025,10485,com.jarvis,0,0,0,141930496,0,4,3]
02-23 12:48:53.477  2028  3296 I wm_create_activity: [0,98426847,724,com.jarvis/.MainActivity,NULL,NULL,NULL,268435456]
02-23 12:48:53.500  2028  4803 I wm_restart_activity: [0,98426847,724,com.jarvis/.MainActivity]
02-23 12:48:53.504  2028  4803 I wm_set_resumed_activity: [0,com.jarvis/.MainActivity,realStartActivityLocked - onActivityStateChanged]
02-23 12:48:53.720 22025 22025 I wm_on_create_called: [98426847,com.jarvis.MainActivity,performCreate,146]
02-23 12:48:53.724 22025 22025 I wm_on_start_called: [98426847,com.jarvis.MainActivity,handleStartActivity,1]
02-23 12:48:53.734 22025 22025 I wm_on_resume_called: [98426847,com.jarvis.MainActivity,RESUME_ACTIVITY,3]
02-23 12:48:53.784 22025 22025 I wm_on_top_resumed_gained_called: [98426847,com.jarvis.MainActivity,topStateChangedWhenResumed]
02-23 12:48:53.823  2028  2687 I input_focus: [Focus request bff6242 com.jarvis/com.jarvis.MainActivity,reason=UpdateInputWindows]
02-23 12:48:53.941  2028  2679 I sysui_multi_action: [319,131,321,119,322,493,325,351337,757,761,758,8,759,1,806,com.jarvis,871,com.jarvis.MainActivity,904,com.android.shell,905,0,1320,12,1321,1]
02-23 12:48:53.945  2028  2679 I wm_activity_launch_time: [0,98426847,com.jarvis/.MainActivity,493]
02-23 12:48:53.970  2028  3459 I input_focus: [Focus entering bff6242 com.jarvis/com.jarvis.MainActivity (server),reason=Window became focusable. Previous reason: NOT_VISIBLE]
02-23 12:48:58.598  2028  2757 I am_pss  : [22025,10485,com.jarvis,0,0,0,221241344,0,2,10]
02-23 12:49:58.916  2028  2902 I wm_pause_activity: [0,98426847,com.jarvis/.MainActivity,userLeaving=false,sleep]
02-23 12:49:58.917 22025 22025 I wm_on_top_resumed_lost_called: [98426847,com.jarvis.MainActivity,topStateChangedWhenResumed]
02-23 12:49:58.924 22025 22025 I wm_on_paused_called: [98426847,com.jarvis.MainActivity,performPause,2]
02-23 12:49:58.960  2028  3937 I wm_add_to_stopping: [0,98426847,com.jarvis/.MainActivity,completePauseLocked]
02-23 12:49:58.979  2028  2685 I wm_stop_activity: [0,98426847,com.jarvis/.MainActivity]
02-23 12:49:59.008 22025 22025 I wm_on_stop_called: [98426847,com.jarvis.MainActivity,STOP_ACTIVITY_ITEM,0]
02-23 12:49:59.334  2028  3459 I input_focus: [Focus leaving bff6242 com.jarvis/com.jarvis.MainActivity (server),reason=NO_WINDOW]
02-23 12:53:03.074  2028  3937 I sysui_multi_action: [757,128,758,1,793,637993,794,0,795,637312,796,1,798,1,806,com.jarvis,857,jarvis_channel,858,2,947,0,1395,4,1500,637312,1688,1]
02-23 12:53:03.074  2028  3937 I notification_visibility: [0|com.jarvis|1|null|10485,1,637993,637312,0,1]
02-23 12:53:08.112  2028  2757 I am_pss  : [22025,10485,com.jarvis,0,0,0,177487872,0,4,6]
02-23 12:53:13.056  2028  7206 I sysui_multi_action: [757,128,758,2,793,647975,794,9982,795,647294,796,1,798,2,806,com.jarvis,857,jarvis_channel,858,2,947,0,1395,5,1500,647294,1688,1]
02-23 12:53:13.056  2028  7206 I notification_visibility: [0|com.jarvis|1|null|10485,0,647975,647294,0,2]
02-23 12:53:27.592  2028  5005 I sysui_multi_action: [757,128,758,1,793,662511,794,0,795,661830,796,1,798,2,806,com.jarvis,857,jarvis_channel,858,2,947,0,1395,5,1500,661830,1688,1]
02-23 12:53:27.592  2028  5005 I notification_visibility: [0|com.jarvis|1|null|10485,1,662511,661830,0,2]
02-23 12:53:28.798  2028  3941 I wm_set_resumed_activity: [0,com.jarvis/.MainActivity,resumeTopActivity - onActivityStateChanged]
02-23 12:53:28.801  2028  3941 I wm_resume_activity: [0,98426847,724,com.jarvis/.MainActivity]
02-23 12:53:28.810 22025 22025 I wm_on_restart_called: [98426847,com.jarvis.MainActivity,performRestart,0]
02-23 12:53:28.811 22025 22025 I wm_on_start_called: [98426847,com.jarvis.MainActivity,handleStartActivity,1]
02-23 12:53:28.818 22025 22025 I wm_on_resume_called: [98426847,com.jarvis.MainActivity,RESUME_ACTIVITY,5]
02-23 12:53:28.818 22025 22025 I wm_on_top_resumed_gained_called: [98426847,com.jarvis.MainActivity,topWhenResuming]
02-23 12:53:28.873  2028  5004 I sysui_multi_action: [757,128,758,2,793,663791,794,1280,795,663110,796,1,798,2,806,com.jarvis,857,jarvis_channel,858,2,947,0,1395,5,1500,663110,1688,1]
02-23 12:53:28.873  2028  5004 I notification_visibility: [0|com.jarvis|1|null|10485,0,663791,663110,0,2]
02-23 12:53:28.914 22025 26268 I jank_cuj_events_begin_request: [80,1771831408913673000,672308846672604,351613390278576,0@0@com.jarvis]
02-23 12:53:30.827  2028  2687 I input_focus: [Focus request bff6242 com.jarvis/com.jarvis.MainActivity,reason=UpdateInputWindows]
02-23 12:53:30.850  2028  3459 I input_focus: [Focus entering bff6242 com.jarvis/com.jarvis.MainActivity (server),reason=setFocusedWindow]
02-23 12:53:30.879  2028  7205 I sysui_multi_action: [757,128,758,1,793,665797,794,0,795,665116,796,1,798,2,806,com.jarvis,857,jarvis_channel,858,2,947,0,1395,5,1500,665116,1688,1]
02-23 12:53:30.879  2028  7205 I notification_visibility: [0|com.jarvis|1|null|10485,1,665797,665116,0,2]
02-23 12:53:30.966  2028  3459 I input_focus: [Focus leaving bff6242 com.jarvis/com.jarvis.MainActivity (server),reason=setFocusedWindow]
02-23 12:53:34.828  2028  2028 I sysui_multi_action: [757,128,758,5,759,2,793,669746,794,3949,795,669065,796,1,798,1,806,com.jarvis,857,jarvis_channel,858,2,947,0,1395,2,1500,669065,1688,1]
02-23 12:53:34.828  2028  2028 I notification_canceled: [0|com.jarvis|1|null|10485,2,669746,669065,3949,1,2,NULL]
02-23 12:53:35.991  2028  2687 I input_focus: [Focus request bff6242 com.jarvis/com.jarvis.MainActivity,reason=UpdateInputWindows]
02-23 12:53:36.005  2028  3459 I input_focus: [Focus entering bff6242 com.jarvis/com.jarvis.MainActivity (server),reason=setFocusedWindow]
02-23 12:57:48.897  2028  5008 I am_kill : [0,22025,com.jarvis,0,stop com.jarvis due to from pid 27056,170528]
02-23 12:57:48.908  2028  5008 I am_foreground_service_stop: [0,com.jarvis/.JarvisService,1,PROC_STATE_TOP,36,36,1,1,1043348,1,STOP_SERVICE,128]
02-23 12:57:48.921  2028  5008 I wm_finish_activity: [0,98426847,724,com.jarvis/.MainActivity,proc died without state saved]
02-23 12:57:49.078  2028  2028 I notification_cancel_all: [1000,2028,com.jarvis,0,0,0,10020,NULL]
02-23 12:57:49.825  2028  7206 I wm_task_removed: [724,724,0,removeChild, last child = ActivityRecord{5dddfdf u0 com.jarvis/.MainActivity t-1 f}} in Task{da70ef5 #724 type=standard A=10485:com.jarvis}]
02-23 12:57:56.872  2028  7203 I wm_create_activity: [0,114605665,725,com.jarvis/.MainActivity,NULL,NULL,NULL,268435456]
02-23 12:57:56.927  2028  2809 I am_proc_start: [0,27371,10485,com.jarvis,next-top-activity,{com.jarvis/com.jarvis.MainActivity},NULL]
02-23 12:57:57.055  2028  5008 I am_proc_bound: [0,27371,com.jarvis]
02-23 12:57:57.074  2028  5008 I wm_restart_activity: [0,114605665,725,com.jarvis/.MainActivity]
02-23 12:57:57.078  2028  5008 I wm_set_resumed_activity: [0,com.jarvis/.MainActivity,realStartActivityLocked - onActivityStateChanged]
02-23 12:57:57.561 27371 27371 I wm_on_create_called: [114605665,com.jarvis.MainActivity,performCreate,119]
02-23 12:57:57.572 27371 27371 I wm_on_start_called: [114605665,com.jarvis.MainActivity,handleStartActivity,2]
02-23 12:57:57.581 27371 27371 I wm_on_resume_called: [114605665,com.jarvis.MainActivity,RESUME_ACTIVITY,5]
02-23 12:57:57.630 27371 27371 I wm_on_top_resumed_gained_called: [114605665,com.jarvis.MainActivity,topStateChangedWhenResumed]
02-23 12:57:57.665  2028  2687 I input_focus: [Focus request 1971f93 com.jarvis/com.jarvis.MainActivity,reason=UpdateInputWindows]
02-23 12:57:57.773  2028  2679 I sysui_multi_action: [319,120,321,113,322,928,325,351881,757,761,758,7,759,1,806,com.jarvis,871,com.jarvis.MainActivity,904,com.android.shell,905,0,945,221,1320,12,1321,1]
02-23 12:57:57.775  2028  2679 I wm_activity_launch_time: [0,114605665,com.jarvis/.MainActivity,928]
02-23 12:57:57.784  2028  4803 I am_foreground_service_start: [0,com.jarvis/.JarvisService,1,PROC_STATE_TOP,36,36,0,0,0,1,UNKNOWN,128]
02-23 12:57:57.804  2028  3459 I input_focus: [Focus entering 1971f93 com.jarvis/com.jarvis.MainActivity (server),reason=Window became focusable. Previous reason: NOT_VISIBLE]
02-23 12:58:07.794  2028  2028 I notification_enqueue: [10485,27371,com.jarvis,1,NULL,0,Notification(channel=jarvis_channel shortcut=null contentView=null vibrate=null sound=null defaults=0 flags=FOREGROUND_SERVICE color=0x00000000 vis=PRIVATE),0]
02-23 12:58:07.796  2028  2028 I sysui_multi_action: [757,1501,758,1,793,5,794,0,795,5,796,1,806,com.jarvis,857,jarvis_channel,858,2,947,0,1500,0]
02-23 12:58:35.741  2028  2902 I wm_pause_activity: [0,114605665,com.jarvis/.MainActivity,userLeaving=false,sleep]
02-23 12:58:35.741 27371 27371 I wm_on_top_resumed_lost_called: [114605665,com.jarvis.MainActivity,topStateChangedWhenResumed]
02-23 12:58:35.744 27371 27371 I wm_on_paused_called: [114605665,com.jarvis.MainActivity,performPause,1]
02-23 12:58:35.745  2028  7206 I wm_add_to_stopping: [0,114605665,com.jarvis/.MainActivity,completePauseLocked]
02-23 12:58:35.759  2028  2685 I wm_stop_activity: [0,114605665,com.jarvis/.MainActivity]
02-23 12:58:35.773  2028  3459 I input_focus: [Focus leaving 1971f93 com.jarvis/com.jarvis.MainActivity (server),reason=NO_WINDOW]
02-23 12:58:35.811 27371 27371 I wm_on_stop_called: [114605665,com.jarvis.MainActivity,STOP_ACTIVITY_ITEM,2]
02-23 12:59:43.916  2028  7239 I sysui_multi_action: [757,128,758,1,793,96125,794,0,795,96125,796,1,798,0,806,com.jarvis,857,jarvis_channel,858,2,947,0,1395,1,1500,96120,1688,1]
02-23 12:59:43.916  2028  7239 I sysui_multi_action: [757,1501,758,1,793,96125,794,0,795,96125,796,1,806,com.jarvis,857,jarvis_channel,858,2,947,0,1500,0,1688,1]
02-23 12:59:43.916  2028  7239 I notification_visibility: [0|com.jarvis|1|null|10485,1,96125,96125,0,0]
02-23 12:59:49.431  2028  2757 I am_pss  : [27371,10485,com.jarvis,0,0,0,172777472,0,4,3]
02-23 12:59:53.870  2028  7206 I sysui_multi_action: [757,128,758,2,793,106079,794,9954,795,106079,796,1,798,0,806,com.jarvis,857,jarvis_channel,858,2,947,0,1395,1,1500,9954,1688,1]
02-23 12:59:53.870  2028  7206 I notification_visibility: [0|com.jarvis|1|null|10485,0,106079,106079,0,0]
02-23 13:00:21.974  2028  7226 I sysui_multi_action: [757,128,758,1,793,134182,794,0,795,134182,796,1,798,0,806,com.jarvis,857,jarvis_channel,858,2,947,0,1395,1,1500,38057,1688,1]
02-23 13:00:21.974  2028  7226 I sysui_multi_action: [757,1501,758,1,793,134183,794,1,795,134183,796,1,806,com.jarvis,857,jarvis_channel,858,2,947,0,1500,0,1688,1]
02-23 13:00:21.974  2028  7226 I notification_visibility: [0|com.jarvis|1|null|10485,1,134182,134182,0,0]
02-23 13:00:26.986  2028  2757 I am_pss  : [27371,10485,com.jarvis,0,0,0,164016128,0,4,13]
02-23 13:00:31.892  2028  7231 I sysui_multi_action: [757,128,758,2,793,144101,794,9919,795,144101,796,1,798,0,806,com.jarvis,857,jarvis_channel,858,2,947,0,1395,1,1500,9918,1688,1]
02-23 13:00:31.893  2028  7231 I notification_visibility: [0|com.jarvis|1|null|10485,0,144101,144101,0,0]
02-23 13:00:33.422  2028  4117 I sysui_multi_action: [757,128,758,1,793,145631,794,0,795,145631,796,1,798,0,806,com.jarvis,857,jarvis_channel,858,2,947,0,1395,1,1500,11448,1688,1]
02-23 13:00:33.422  2028  4117 I sysui_multi_action: [757,1501,758,1,793,145631,794,0,795,145631,796,1,806,com.jarvis,857,jarvis_channel,858,2,947,0,1500,0,1688,1]
02-23 13:00:33.422  2028  4117 I notification_visibility: [0|com.jarvis|1|null|10485,1,145631,145631,0,0]
02-23 13:00:43.430  2028  7226 I sysui_multi_action: [757,128,758,2,793,155639,794,10008,795,155639,796,1,798,0,806,com.jarvis,857,jarvis_channel,858,2,947,0,1395,1,1500,10008,1688,1]
02-23 13:00:43.430  2028  7226 I notification_visibility: [0|com.jarvis|1|null|10485,0,155639,155639,0,0]
02-23 13:02:40.809  2028  5007 I sysui_multi_action: [757,128,758,1,793,273018,794,0,795,273018,796,1,798,0,806,com.jarvis,857,jarvis_channel,858,2,947,0,1395,1,1500,127387,1688,1]
02-23 13:02:40.809  2028  5007 I sysui_multi_action: [757,1501,758,1,793,273018,794,0,795,273018,796,1,806,com.jarvis,857,jarvis_channel,858,2,947,0,1500,0,1688,1]
02-23 13:02:40.809  2028  5007 I notification_visibility: [0|com.jarvis|1|null|10485,1,273018,273018,0,0]
02-23 13:02:45.887  2028  2757 I am_pss  : [27371,10485,com.jarvis,0,0,0,163401728,0,4,4]
02-23 13:02:50.818  2028  7205 I sysui_multi_action: [757,128,758,2,793,283027,794,10009,795,283027,796,1,798,1,806,com.jarvis,857,jarvis_channel,858,2,947,0,1395,2,1500,10009,1688,1]
02-23 13:02:50.818  2028  7205 I notification_visibility: [0|com.jarvis|1|null|10485,0,283027,283027,0,1]
02-23 13:04:29.995  2028  2808 I am_kill : [0,27371,com.jarvis,200,stop com.jarvis due to installPackageLI,156652]
02-23 13:04:29.999  2028  2808 I am_foreground_service_stop: [0,com.jarvis/.JarvisService,1,PROC_STATE_TOP,36,35,1,1,392216,1,STOP_SERVICE,128]
02-23 13:04:30.004  2028  2808 I wm_finish_activity: [0,114605665,725,com.jarvis/.MainActivity,proc died without state saved]
02-23 13:04:30.042  2028  2808 I wm_task_removed: [725,725,0,removeChild, last child = ActivityRecord{6d4be61 u0 com.jarvis/.MainActivity t-1 f}} in Task{7068647 #725 type=standard A=10485:com.jarvis}]
02-23 13:04:30.136  2028  2028 I sysui_multi_action: [757,128,758,5,759,8,793,382345,794,109327,795,382345,796,1,806,com.jarvis,857,jarvis_channel,858,2,947,0,1500,109327,1688,1]
02-23 13:04:30.136  2028  2028 I notification_canceled: [0|com.jarvis|1|null|10485,8,382345,382345,109327,-1,-1,NULL]
02-23 13:04:30.848  2028  3078 I installer_clear_app_data_caller: [2028,1000,com.jarvis,39]
02-23 13:04:30.862  2028  3078 I installer_clear_app_data_caller: [2028,1000,com.jarvis,39]
02-23 13:04:31.175  2028  2028 I notification_cancel_all: [1000,2028,com.jarvis,0,0,0,5,NULL]
02-23 13:04:31.376  2028  2028 I notification_cancel_all: [1000,2028,com.jarvis,0,0,0,5,NULL]
02-23 13:04:44.712  2028  7206 I wm_create_activity: [0,83626334,726,com.jarvis/.MainActivity,NULL,NULL,NULL,268435456]
02-23 13:04:44.743  2028  2809 I am_proc_start: [0,31094,10485,com.jarvis,top-activity,{com.jarvis/com.jarvis.MainActivity},NULL]
02-23 13:04:44.838  2028  7231 I am_proc_bound: [0,31094,com.jarvis]
02-23 13:04:44.849  2028  7231 I wm_restart_activity: [0,83626334,726,com.jarvis/.MainActivity]
02-23 13:04:44.852  2028  7231 I wm_set_resumed_activity: [0,com.jarvis/.MainActivity,realStartActivityLocked - onActivityStateChanged]
02-23 13:04:44.855  2028  7231 I wm_pause_activity: [0,83626334,com.jarvis/.MainActivity,userLeaving=false,sleep]
02-23 13:04:45.359  2028  2685 I wm_add_to_stopping: [0,83626334,com.jarvis/.MainActivity,completePauseLocked]
02-23 13:04:45.446 31094 31094 I wm_on_create_called: [83626334,com.jarvis.MainActivity,performCreate,206]
02-23 13:04:45.459 31094 31094 I wm_on_start_called: [83626334,com.jarvis.MainActivity,handleStartActivity,3]
02-23 13:04:45.484 31094 31094 I wm_on_resume_called: [83626334,com.jarvis.MainActivity,RESUME_ACTIVITY,16]
02-23 13:04:45.590 31094 31094 I wm_on_top_resumed_gained_called: [83626334,com.jarvis.MainActivity,topStateChangedWhenResumed]
02-23 13:04:45.590 31094 31094 I wm_on_top_resumed_lost_called: [83626334,com.jarvis.MainActivity,topStateChangedWhenResumed]
02-23 13:04:45.592 31094 31094 I wm_on_paused_called: [83626334,com.jarvis.MainActivity,performPause,0]
02-23 13:04:45.592  2028  7231 I wm_failed_to_pause: [0,83626334,com.jarvis/.MainActivity,(none)]
02-23 13:04:45.687  2028  2685 I wm_stop_activity: [0,83626334,com.jarvis/.MainActivity]
02-23 13:04:45.916  2028  2679 I sysui_multi_action: [319,0,322,1288,325,352289,757,761,758,7,759,3,806,com.jarvis,871,com.jarvis.MainActivity,904,com.android.shell,905,0,945,220,1320,12,1321,1]
02-23 13:04:45.921  2028  2679 I wm_activity_launch_time: [0,83626334,com.jarvis/.MainActivity,1288]
02-23 13:04:45.937  2028  3941 I am_foreground_service_start: [0,com.jarvis/.JarvisService,1,PROC_STATE_TOP,36,36,0,0,0,1,UNKNOWN,128]
02-23 13:04:47.273 31094 31094 I wm_on_stop_called: [83626334,com.jarvis.MainActivity,STOP_ACTIVITY_ITEM,1]
02-23 13:04:55.958  2028  2028 I notification_enqueue: [10485,31094,com.jarvis,1,NULL,0,Notification(channel=jarvis_channel shortcut=null contentView=null vibrate=null sound=null defaults=0 flags=FOREGROUND_SERVICE color=0x00000000 vis=PRIVATE),0]
02-23 13:04:55.961  2028  2028 I sysui_multi_action: [757,1501,758,1,793,7,794,0,795,7,796,1,806,com.jarvis,857,jarvis_channel,858,2,947,0,1500,0]
02-23 13:04:56.199  2028  5001 I sysui_multi_action: [757,128,758,1,793,244,794,0,795,244,796,1,798,0,806,com.jarvis,857,jarvis_channel,858,2,947,0,1395,1,1500,237,1688,1]
02-23 13:04:56.199  2028  5001 I sysui_multi_action: [757,1501,758,1,793,245,794,1,795,245,796,1,806,com.jarvis,857,jarvis_channel,858,2,947,0,1500,0,1688,1]
02-23 13:04:56.199  2028  5001 I notification_visibility: [0|com.jarvis|1|null|10485,1,244,244,0,0]
02-23 13:05:06.205  2028  7206 I sysui_multi_action: [757,128,758,2,793,10251,794,10007,795,10251,796,1,798,0,806,com.jarvis,857,jarvis_channel,858,2,947,0,1395,1,1500,10006,1688,1]
02-23 13:05:06.206  2028  7206 I notification_visibility: [0|com.jarvis|1|null|10485,0,10251,10251,0,0]
02-23 13:05:11.267  2028  2757 I am_pss  : [31094,10485,com.jarvis,0,0,0,172658688,0,4,7]
02-23 13:05:16.695  4239 10183 D CAT     : StkAppService: 0 Value of topclass name : com.jarvis.MainActivity, Value of baseclass name : com.jarvis.MainActivity
02-23 13:08:29.931  2028  4119 I sysui_multi_action: [757,128,758,1,793,213976,794,0,795,213976,796,1,798,0,806,com.jarvis,857,jarvis_channel,858,2,947,0,1395,1,1500,213731,1688,1]
02-23 13:08:29.931  2028  4119 I sysui_multi_action: [757,1501,758,1,793,213977,794,1,795,213977,796,1,806,com.jarvis,857,jarvis_channel,858,2,947,0,1500,0,1688,1]
02-23 13:08:29.931  2028  4119 I notification_visibility: [0|com.jarvis|1|null|10485,1,213976,213976,0,0]
02-23 13:08:31.776  2028  2757 I am_pss  : [31094,10485,com.jarvis,0,0,0,163168256,0,4,4]
02-23 13:08:39.914  2028  5001 I sysui_multi_action: [757,128,758,2,793,223960,794,9984,795,223960,796,1,798,0,806,com.jarvis,857,jarvis_channel,858,2,947,0,1395,1,1500,9983,1688,1]
02-23 13:08:39.914  2028  5001 I notification_visibility: [0|com.jarvis|1|null|10485,0,223960,223960,0,0]
02-23 13:09:07.664  2028  7237 I sysui_multi_action: [757,128,758,1,793,251710,794,0,795,251710,796,1,798,0,806,com.jarvis,857,jarvis_channel,858,2,947,0,1395,1,1500,37733,1688,1]
02-23 13:09:07.664  2028  7237 I sysui_multi_action: [757,1501,758,1,793,251710,794,0,795,251710,796,1,806,com.jarvis,857,jarvis_channel,858,2,947,0,1500,0,1688,1]
02-23 13:09:07.664  2028  7237 I notification_visibility: [0|com.jarvis|1|null|10485,1,251710,251710,0,0]
02-23 13:09:17.681  2028  4803 I sysui_multi_action: [757,128,758,2,793,261727,794,10017,795,261727,796,1,798,1,806,com.jarvis,857,jarvis_channel,858,2,947,0,1395,2,1500,10017,1688,1]
02-23 13:09:17.681  2028  4803 I notification_visibility: [0|com.jarvis|1|null|10485,0,261727,261727,0,1]
02-23 13:09:56.159  2028  3937 I sysui_multi_action: [757,128,758,1,793,300205,794,0,795,300205,796,1,798,1,806,com.jarvis,857,jarvis_channel,858,2,947,0,1395,2,1500,48495,1688,1]
02-23 13:09:56.159  2028  3937 I sysui_multi_action: [757,1501,758,1,793,300205,794,0,795,300205,796,1,806,com.jarvis,857,jarvis_channel,858,2,947,0,1500,0,1688,1]
02-23 13:09:56.159  2028  3937 I notification_visibility: [0|com.jarvis|1|null|10485,1,300205,300205,0,1]
02-23 13:10:01.240  2028  2757 I am_pss  : [31094,10485,com.jarvis,0,0,0,159965184,0,4,3]
02-23 13:10:06.160  2028  4892 I sysui_multi_action: [757,128,758,2,793,310204,794,9999,795,310204,796,1,798,2,806,com.jarvis,857,jarvis_channel,858,2,947,0,1395,3,1500,9999,1688,1]
02-23 13:10:06.160  2028  4892 I notification_visibility: [0|com.jarvis|1|null|10485,0,310204,310204,0,2]
02-23 13:11:41.852  2028  2757 I am_pss  : [31094,10485,com.jarvis,0,0,0,159117312,0,4,5]
02-23 13:16:57.194  2028  3642 I sysui_multi_action: [757,128,758,1,793,721240,794,0,795,721240,796,1,798,2,806,com.jarvis,857,jarvis_channel,858,2,947,0,1395,3,1500,421035,1688,1]
02-23 13:16:57.194  2028  3642 I sysui_multi_action: [757,1501,758,1,793,721240,794,0,795,721240,796,1,806,com.jarvis,857,jarvis_channel,858,2,947,0,1500,0,1688,1]
02-23 13:16:57.194  2028  3642 I notification_visibility: [0|com.jarvis|1|null|10485,1,721240,721240,0,2]
02-23 13:17:01.404  2028  2757 I am_pss  : [31094,10485,com.jarvis,0,0,0,126095360,0,4,5]
02-23 13:17:07.056  2028  7225 I sysui_multi_action: [757,128,758,2,793,731098,794,9858,795,731098,796,1,798,3,806,com.jarvis,857,jarvis_channel,858,2,947,0,1395,4,1500,9858,1688,1]
02-23 13:17:07.056  2028  7225 I notification_visibility: [0|com.jarvis|1|null|10485,0,731098,731098,0,3]
02-23 13:18:20.196  2028  5007 I am_kill : [0,31094,com.jarvis,200,stop com.jarvis due to from pid 6859,120976]
02-23 13:18:20.198  2028  5007 I am_foreground_service_stop: [0,com.jarvis/.JarvisService,1,PROC_STATE_TOP,36,36,1,1,814260,1,STOP_SERVICE,128]
02-23 13:18:20.203  2028  2028 I sysui_multi_action: [757,128,758,5,759,8,793,804248,794,83008,795,804248,796,1,806,com.jarvis,857,jarvis_channel,858,2,947,0,1500,83008,1688,1]
02-23 13:18:20.203  2028  2028 I notification_canceled: [0|com.jarvis|1|null|10485,8,804248,804248,83008,-1,-1,NULL]
02-23 13:18:20.205  2028  5007 I wm_finish_activity: [0,83626334,726,com.jarvis/.MainActivity,proc died without state saved]
02-23 13:18:20.225  2028  5007 I wm_task_removed: [726,726,0,removeChild, last child = ActivityRecord{4fc095e u0 com.jarvis/.MainActivity t-1 f}} in Task{65a7a0c #726 type=standard A=10485:com.jarvis}]
02-23 13:18:20.297  2028  2028 I notification_cancel_all: [1000,2028,com.jarvis,0,0,0,10020,NULL]
02-23 13:18:49.295  2028  4117 I wm_create_activity: [0,234610540,727,com.jarvis/.MainActivity,NULL,NULL,NULL,268435456]
02-23 13:18:49.336  2028  2809 I am_proc_start: [0,7563,10485,com.jarvis,top-activity,{com.jarvis/com.jarvis.MainActivity},NULL]
02-23 13:18:49.462  2028  5007 I am_proc_bound: [0,7563,com.jarvis]
02-23 13:18:49.481  2028  5007 I wm_restart_activity: [0,234610540,727,com.jarvis/.MainActivity]
02-23 13:18:49.483  2028  5007 I wm_set_resumed_activity: [0,com.jarvis/.MainActivity,realStartActivityLocked - onActivityStateChanged]
02-23 13:18:49.491  2028  5007 I wm_pause_activity: [0,234610540,com.jarvis/.MainActivity,userLeaving=false,sleep]
02-23 13:18:49.995  2028  2685 I wm_add_to_stopping: [0,234610540,com.jarvis/.MainActivity,completePauseLocked]
02-23 13:18:50.269  7563  7563 I wm_on_create_called: [234610540,com.jarvis.MainActivity,performCreate,229]
02-23 13:18:50.288  7563  7563 I wm_on_start_called: [234610540,com.jarvis.MainActivity,handleStartActivity,4]
02-23 13:18:50.309  7563  7563 I wm_on_resume_called: [234610540,com.jarvis.MainActivity,RESUME_ACTIVITY,13]
02-23 13:18:50.460  7563  7563 I wm_on_top_resumed_gained_called: [234610540,com.jarvis.MainActivity,topStateChangedWhenResumed]
02-23 13:18:50.460  7563  7563 I wm_on_top_resumed_lost_called: [234610540,com.jarvis.MainActivity,topStateChangedWhenResumed]
02-23 13:18:50.467  7563  7563 I wm_on_paused_called: [234610540,com.jarvis.MainActivity,performPause,2]
02-23 13:18:50.469  2028  7203 I wm_failed_to_pause: [0,234610540,com.jarvis/.MainActivity,(none)]
02-23 13:18:50.591  2028  2685 I wm_stop_activity: [0,234610540,com.jarvis/.MainActivity]
02-23 13:18:51.337  2028  2679 I sysui_multi_action: [319,0,322,2080,325,353133,757,761,758,7,759,3,806,com.jarvis,871,com.jarvis.MainActivity,904,com.android.shell,905,0,945,223,1320,12,1321,1]
02-23 13:18:51.338  2028  2679 I wm_activity_launch_time: [0,234610540,com.jarvis/.MainActivity,2080]
02-23 13:18:51.382  2028  4117 I am_foreground_service_start: [0,com.jarvis/.JarvisService,1,PROC_STATE_TOP,36,36,0,0,0,1,UNKNOWN,128]
02-23 13:18:53.184  7563  7563 I wm_on_stop_called: [234610540,com.jarvis.MainActivity,STOP_ACTIVITY_ITEM,0]
02-23 13:19:01.400  2028  2028 I notification_enqueue: [10485,7563,com.jarvis,1,NULL,0,Notification(channel=jarvis_channel shortcut=null contentView=null vibrate=null sound=null defaults=0 flags=FOREGROUND_SERVICE color=0x00000000 vis=PRIVATE),0]
02-23 13:19:01.401  2028  2028 I sysui_multi_action: [757,1501,758,1,793,3,794,0,795,3,796,1,806,com.jarvis,857,jarvis_channel,858,2,947,0,1500,0]
02-23 13:19:02.004  2028  3941 I sysui_multi_action: [757,128,758,1,793,606,794,0,795,606,796,1,798,3,806,com.jarvis,857,jarvis_channel,858,2,947,0,1395,4,1500,603,1688,1]
02-23 13:19:02.004  2028  3941 I sysui_multi_action: [757,1501,758,1,793,606,794,0,795,606,796,1,806,com.jarvis,857,jarvis_channel,858,2,947,0,1500,0,1688,1]
02-23 13:19:02.004  2028  3941 I notification_visibility: [0|com.jarvis|1|null|10485,1,606,606,0,3]
02-23 13:19:11.483  2028  5001 I sysui_multi_action: [757,128,758,2,793,10085,794,9479,795,10085,796,1,798,3,806,com.jarvis,857,jarvis_channel,858,2,947,0,1395,4,1500,9479,1688,1]
02-23 13:19:11.483  2028  5001 I notification_visibility: [0|com.jarvis|1|null|10485,0,10085,10085,0,3]
02-23 13:19:16.554  2028  2757 I am_pss  : [7563,10485,com.jarvis,0,0,0,176996352,0,4,3]
02-23 13:20:22.760  2028  2808 I am_kill : [0,7563,com.jarvis,200,stop com.jarvis due to installPackageLI,161644]
02-23 13:20:22.763  2028  2808 I am_foreground_service_stop: [0,com.jarvis/.JarvisService,1,PROC_STATE_TOP,36,36,1,1,91381,1,STOP_SERVICE,128]
