02-23 13:04:30.004  2028  2808 W ActivityTaskManager: Force removing ActivityRecord{6d4be61 u0 com.jarvis/.MainActivity t725 f}}: app died, no saved state
02-23 13:04:30.006  2028  3333 W UsageStatsService: Unexpected activity event reported! (com.jarvis/com.jarvis.MainActivity event : 23 instanceId : 211484276)
02-23 13:04:30.007  2028  2808 D SnapshotCache: removeRunningEntry id: 725, callers=com.android.server.wm.SnapshotCache.onAppRemoved:80 com.android.server.wm.AbsAppSnapshotController.onAppRemoved:677 com.android.server.wm.SnapshotController.onAppRemoved:69 
02-23 13:04:30.007  2028  2808 D ActivityTaskManager: removeAppToken: ActivityRecord{6d4be61 u0 com.jarvis/.MainActivity t725 f}} delayed=false parent=Task{7068647 #725 type=standard A=10485:com.jarvis} animating=false Callers=com.android.server.wm.DisplayContent.removeAppToken:1734 com.android.server.wm.ActivityRecord.removeFromHistory:5062 com.android.server.wm.ActivityRecord.handleAppDied:5405 com.android.server.wm.WindowProcessController.handleAppDied:1622 
02-23 13:04:30.026  2028  2808 I WindowManager: Window{1971f93 u0 com.jarvis/com.jarvis.MainActivity} state from HAS_DRAWN to NO_SURFACE; reason: destroySurface
02-23 13:04:30.030  2028  2808 D WindowManager: setFrameRateStart invalid typeId return!
02-23 13:04:30.035  2028  2808 D WindowManager: NFW_findFocusedWindowIfNeeded:Window{80d4fd5 u0 NotificationShade} mCurrentFocus:Window{80d4fd5 u0 NotificationShade}
02-23 13:04:30.047  2028  5002 D TextToSpeechManagerPerUserService: Unbinding TTS engine: com.google.android.tts. Reason: client process death is reported
02-23 13:04:30.048  2028  7225 I ActivityManager: Death received, pid = 0, processName = com.jarvis for thread android.os.BinderProxy@c00667a
02-23 13:04:30.053  2028  2028 I ServiceConnector.Impl: unbindJobThread: connection = ServiceConnector@574(Intent { act=android.intent.action.TTS_SERVICE pkg=com.google.android.tts mCallingUid=1000 }, user: 0)[Unbinding...]service = android.speech.tts.ITextToSpeechService$Stub$Proxy@a7a4b3c mBinding = false
02-23 13:04:30.059  2028  3078 I PackageManager: Update package com.jarvis code path from /data/app/~~9rGBU7nGvHUbjwpwfWUCSw==/com.jarvis-n_rVEWEhtDTC20NwcVqW6Q== to /data/app/~~_98byUz3j_y0S4qD5XjWHA==/com.jarvis-2jtslmwal9klGTpV6Unwcw==; Retain data and using new
02-23 13:04:30.060  2028  3078 I AppsFilter: interaction: PackageSetting{7ac6f5b com.android.microdroid.empty_payload/10372} -> PackageSetting{56680c5 com.jarvis/10485} BLOCKED
02-23 13:04:30.060  2028  3078 I AppsFilter: interaction: PackageSetting{eb96018 com.oplus.locationproxy/10148} -> PackageSetting{56680c5 com.jarvis/10485} BLOCKED
02-23 13:04:30.060  2028  3078 I AppsFilter: interaction: PackageSetting{8f383f5 com.example.women_safety_app/10359} -> PackageSetting{56680c5 com.jarvis/10485} BLOCKED
02-23 13:04:30.060  2028  3078 I AppsFilter: interaction: PackageSetting{25971da com.android.certinstaller/10186} -> PackageSetting{56680c5 com.jarvis/10485} BLOCKED
02-23 13:04:30.060  2028  3078 I AppsFilter: interaction: PackageSetting{8dacee6 com.oplus.location/10194} -> PackageSetting{56680c5 com.jarvis/10485} BLOCKED
02-23 13:04:30.060  2028  3078 I AppsFilter: interaction: PackageSetting{7ac6f5b com.android.microdroid.empty_payload/10372} -> PackageSetting{56680c5 com.jarvis/10485} BLOCKED
02-23 13:04:30.061  2028  3078 I AppsFilter: interaction: PackageSetting{eb96018 com.oplus.locationproxy/10148} -> PackageSetting{56680c5 com.jarvis/10485} BLOCKED
02-23 13:04:30.061  2028  3078 I AppsFilter: interaction: PackageSetting{8f383f5 com.example.women_safety_app/10359} -> PackageSetting{56680c5 com.jarvis/10485} BLOCKED
02-23 13:04:30.061  2028  3078 I AppsFilter: interaction: PackageSetting{25971da com.android.certinstaller/10186} -> PackageSetting{56680c5 com.jarvis/10485} BLOCKED
02-23 13:04:30.061  2028  3078 I AppsFilter: interaction: PackageSetting{8dacee6 com.oplus.location/10194} -> PackageSetting{56680c5 com.jarvis/10485} BLOCKED
02-23 13:04:30.061  2028  3078 I AppsFilter: interaction: PackageSetting{7ac6f5b com.android.microdroid.empty_payload/10372} -> PackageSetting{a32083 com.jarvis/10485} BLOCKED
02-23 13:04:30.061  2028  3078 I AppsFilter: interaction: PackageSetting{eb96018 com.oplus.locationproxy/10148} -> PackageSetting{a32083 com.jarvis/10485} BLOCKED
02-23 13:04:30.061  2028  3078 I AppsFilter: interaction: PackageSetting{8f383f5 com.example.women_safety_app/10359} -> PackageSetting{a32083 com.jarvis/10485} BLOCKED
02-23 13:04:30.061  2028  3078 I AppsFilter: interaction: PackageSetting{25971da com.android.certinstaller/10186} -> PackageSetting{a32083 com.jarvis/10485} BLOCKED
02-23 13:04:30.061  2028  3078 I AppsFilter: interaction: PackageSetting{8dacee6 com.oplus.location/10194} -> PackageSetting{a32083 com.jarvis/10485} BLOCKED
02-23 13:04:30.061  2028  3078 I AppsFilter: interaction: PackageSetting{7ac6f5b com.android.microdroid.empty_payload/10372} -> PackageSetting{a32083 com.jarvis/10485} BLOCKED
02-23 13:04:30.061  2028  3078 I AppsFilter: interaction: PackageSetting{eb96018 com.oplus.locationproxy/10148} -> PackageSetting{a32083 com.jarvis/10485} BLOCKED
02-23 13:04:30.061  2028  3078 I AppsFilter: interaction: PackageSetting{8f383f5 com.example.women_safety_app/10359} -> PackageSetting{a32083 com.jarvis/10485} BLOCKED
02-23 13:04:30.061  2028  3078 I AppsFilter: interaction: PackageSetting{25971da com.android.certinstaller/10186} -> PackageSetting{a32083 com.jarvis/10485} BLOCKED
02-23 13:04:30.062  2028  3078 I AppsFilter: interaction: PackageSetting{8dacee6 com.oplus.location/10194} -> PackageSetting{a32083 com.jarvis/10485} BLOCKED
02-23 13:04:30.070  2028  2808 D OplusMirageWindowManagerService: onTaskRemoved displayid:0 taskId:725 callers:com.android.server.wm.MirageWindowManagerExtImpl.onTaskRemoved:47 com.android.server.wm.TaskDisplayArea.removeChildTask:394 com.android.server.wm.TaskDisplayArea.removeChild:383 com.android.server.wm.WindowContainer.removeImmediately:1017 com.android.server.wm.TaskFragment.removeImmediately:3644 
02-23 13:04:30.070  2028  2808 I OplusScreenSecurityMask: onStackRemoved task = Task{7068647 #725 type=standard A=10485:com.jarvis} record = null displayId = 0
02-23 13:04:30.084  2028  2808 D WindowManager: NFW_findFocusedWindowIfNeeded:Window{80d4fd5 u0 NotificationShade} mCurrentFocus:Window{80d4fd5 u0 NotificationShade}
02-23 13:04:30.092  2028  2687 D OplusFlexibleWindowMinimizedManagerHelper: onTaskVanished taskInfo:725 task:Task{7068647 #725 type=standard A=10485:com.jarvis}
02-23 13:04:30.092  2028  2687 D OplusFlexibleDragToSplitAnimController: visibleFlexibleTaskInfos delete:725
02-23 13:04:30.093  2028  2687 D FlexibleTaskController: no need releaseFlexibleCaptionView or destroyFlexibleDragLeash when non-caption-view-task vanished, task=Task{7068647 #725 type=standard A=10485:com.jarvis}
02-23 13:04:30.093  2028  2687 D FlexibleWindowManagerService: notifyFlexibleTaskVanish taskId : 725 is not taskEmbedded
02-23 13:04:30.093  2028  2687 D FlexibleWindowManagerService: onFlexibleWindowTaskVanished: task = 725,size:0
02-23 13:04:30.093  2028  2687 D OplusFlexibleWindowMinimizedManagerHelper: onTaskVanished taskInfo:725 task:Task{7068647 #725 type=standard A=10485:com.jarvis}
02-23 13:04:30.093  2028  2687 D OplusFlexibleDragToSplitAnimController: visibleFlexibleTaskInfos delete:725
02-23 13:04:30.093  2028  2687 D FlexibleTaskController: no need releaseFlexibleCaptionView or destroyFlexibleDragLeash when non-caption-view-task vanished, task=Task{7068647 #725 type=standard A=10485:com.jarvis}
02-23 13:04:30.093  2028  2687 D FlexibleWindowManagerService: notifyFlexibleTaskVanish taskId : 725 is not taskEmbedded
02-23 13:04:30.093  2028  2687 D FlexibleWindowManagerService: onFlexibleWindowTaskVanished: task = 725,size:0
02-23 13:04:30.102  2028  7206 W WindowManager: Cannot find window which accessibility connection is added to
02-23 13:04:30.108  2028  3944 V ActivityManager: Got obituary of 27371:com.jarvis
02-23 13:04:30.111  2028  2028 W TextToSpeechManagerPerUserService: Disconnected from TTS engine
02-23 13:04:30.111  2028  2028 W ActivityManager: pid 2028 system sent binder code 2 with flags 1 to frozen apps and got error -32
02-23 13:04:30.112  2028  2028 I TextToSpeechManagerPerUserService: Failed running callback method: android.os.DeadObjectException
02-23 13:04:30.115  2028  2757 D AppProfilerExtImpl: Skipped pss collection for CPU busy
02-23 13:04:30.119  2028  2685 W ActivityManager: setHasOverlayUi called on unknown pid: 27371
02-23 13:04:30.135  2028  4803 D ActivityTaskManager: Skipping, invisible task: Task{e7e93cb #5 type=home I=com.android.launcher/.Launcher}
02-23 13:04:30.136  2028  4803 D ActivityTaskManager: pre-Filtered:com.jarvis # com.oneplus.deskclock # 
02-23 13:04:30.136  2028  4803 D ActivityTaskManager: after skip size 2
02-23 13:04:30.159  2028  3548 I SoundTriggerMiddlewareLogging: RESOURCES_AVAILABLE ()
02-23 13:04:30.159  2028  3548 I SoundTriggerMiddlewareLogging: RESOURCES_AVAILABLE ()
02-23 13:04:30.160  2028  2028 D SoundTriggerHelper: mIsAppOpPermitted = true,mDeviceState = ENABLE
02-23 13:04:30.160  2028  2028 D SoundTriggerHelper: mIsAppOpPermitted = true,mDeviceState = ENABLE
02-23 13:04:30.240  2028  2028 I SoundTriggerMiddlewareLogging: START_RECOGNITION (5, RecognitionConfig{captureRequested: true, phraseRecognitionExtras: [PhraseRecognitionExtra{id: 101, recognitionModes: 1, confidenceLevel: 0, levels: []}], audioCapabilities: 0, data: []}) -> android.os.Binder@4b95c96
02-23 13:04:30.240  2028  2028 I SoundTriggerHelper: startRecognition successful.
02-23 13:04:30.240  2028  3548 I SoundTriggerMiddlewareLogging: RESOURCES_AVAILABLE ()
02-23 13:04:30.240  2028  3548 I SoundTriggerMiddlewareLogging: RESOURCES_AVAILABLE ()
02-23 13:04:30.241 30055 30091 I AlwaysOnHotwordDetector: onRecognitionResumed
02-23 13:04:30.241  2028  2028 D SoundTriggerHelper: mIsAppOpPermitted = true,mDeviceState = ENABLE
02-23 13:04:30.242 30055 30207 I AlwaysOnHotwordDetector: handle message 5
02-23 13:04:30.693  2028  3078 D OplusPackageAbiHelper: notifyPackageAddOrChange :com.jarvis primaryabi = arm64-v8a secondabi = null
02-23 13:04:30.699  2028  2685 W AccessibilityWindowsPopulator: Windows change within in 2 frames continuously over 500 ms and notify windows changed immediately
02-23 13:04:30.700  2028  5006 V WindowManager: Relayout Window{fc41411 u0 OplusPrivacyIconTopRight}: viewVisibility=8, oldvis=0, req=12x12, vsysui=LAYOUT_STABLE
02-23 13:04:30.701  2028  5006 I WindowManager: Window{fc41411 u0 OplusPrivacyIconTopRight} state from HAS_DRAWN to NO_SURFACE; reason: destroySurface
02-23 13:04:30.706  2028  5006 D WindowManager: NFW_findFocusedWindowIfNeeded:Window{80d4fd5 u0 NotificationShade} mCurrentFocus:Window{80d4fd5 u0 NotificationShade}
02-23 13:04:30.707  2028  7206 D ActivityTaskManager: Skipping, invisible task: Task{e7e93cb #5 type=home I=com.android.launcher/.Launcher}
02-23 13:04:30.708  2028  7206 D ActivityTaskManager: pre-Filtered:com.jarvis # com.oneplus.deskclock # 
02-23 13:04:30.708  2028  7206 D ActivityTaskManager: after skip size 2
02-23 13:04:30.708  2028  2685 W AccessibilityWindowsPopulator: The displayInfo of this displayId (0) called back from the surface fligner is null
02-23 13:04:30.709  2028  2685 W AccessibilityWindowsPopulator: The displayInfo of this displayId (0) called back from the surface fligner is null
02-23 13:04:30.710  3826  4092 W Looper  : Slow dispatch took 570ms ScreenDecorations h=android.view.Choreographer$FrameHandler c=android.view.Choreographer$FrameDisplayEventReceiver@f61df7e m=0
02-23 13:04:30.763  2028  2685 W AccessibilityWindowsPopulator: The displayInfo of this displayId (0) called back from the surface fligner is null
02-23 13:04:30.787 30353 30353 E vold    : [cherry] mount func exit: Bad file descriptor
02-23 13:04:30.788 30354 30354 E vold    : [cherry] timer_pid: Bad file descriptor
02-23 13:04:30.790  2028  4803 D ActivityTaskManager: Skipping, invisible task: Task{e7e93cb #5 type=home I=com.android.launcher/.Launcher}
02-23 13:04:30.791  2028  4803 D ActivityTaskManager: pre-Filtered:com.jarvis # com.oneplus.deskclock # 
02-23 13:04:30.791  2028  4803 D ActivityTaskManager: after skip size 2
02-23 13:04:30.791 30352 30352 E vold    : [cherry] mount func exec success: No such file or directory
02-23 13:04:30.875  2028  3078 D OplusDexSceneManager: Starting attach context  for  com.jarvis reason: install
02-23 13:04:30.875  2028  3078 D OplusDexSceneManager: isTopAppFront =======com.android.launcher:false
02-23 13:04:30.875  2028  3078 D OplusDexSceneManager: OplusDex Framework didnot works!
02-23 13:04:30.875  2028  3078 W OplusSingleDexoptContainerImpl: oplus checkAndSetBeforeStart success: packageName= com.jarvis priority= 60 compilerFilter= skip
02-23 13:04:30.919  2028  3078 I AppsFilter: interaction: PackageSetting{84c63c8 com.android.microdroid.empty_payload/10372} -> PackageSetting{5e9becd com.jarvis/10485} BLOCKED
02-23 13:04:30.920  2028  3078 I AppsFilter: interaction: PackageSetting{3c75386 com.oplus.locationproxy/10148} -> PackageSetting{5e9becd com.jarvis/10485} BLOCKED
02-23 13:04:30.920  2028  3078 I AppsFilter: interaction: PackageSetting{6f59447 com.example.women_safety_app/10359} -> PackageSetting{5e9becd com.jarvis/10485} BLOCKED
02-23 13:04:30.920  2028  3078 I AppsFilter: interaction: PackageSetting{fa7f474 com.android.certinstaller/10186} -> PackageSetting{5e9becd com.jarvis/10485} BLOCKED
02-23 13:04:30.920  2028  3078 I AppsFilter: interaction: PackageSetting{cb69d9d com.oplus.location/10194} -> PackageSetting{5e9becd com.jarvis/10485} BLOCKED
02-23 13:04:30.920  2028  3078 I AppsFilter: interaction: PackageSetting{84c63c8 com.android.microdroid.empty_payload/10372} -> PackageSetting{5e9becd com.jarvis/10485} BLOCKED
02-23 13:04:30.920  2028  3078 I AppsFilter: interaction: PackageSetting{3c75386 com.oplus.locationproxy/10148} -> PackageSetting{5e9becd com.jarvis/10485} BLOCKED
02-23 13:04:30.920  2028  3078 I AppsFilter: interaction: PackageSetting{6f59447 com.example.women_safety_app/10359} -> PackageSetting{5e9becd com.jarvis/10485} BLOCKED
02-23 13:04:30.920  2028  3078 I AppsFilter: interaction: PackageSetting{fa7f474 com.android.certinstaller/10186} -> PackageSetting{5e9becd com.jarvis/10485} BLOCKED
02-23 13:04:30.920  2028  3078 I AppsFilter: interaction: PackageSetting{cb69d9d com.oplus.location/10194} -> PackageSetting{5e9becd com.jarvis/10485} BLOCKED
02-23 13:04:30.928  2028  3078 D InstallerExtImpl: Avoid to hold lock when rmPackageDir
02-23 13:04:30.940  2028  4307 I NativeFreezeManager: getCPULoad cpu Loading: 45
02-23 13:04:30.941  2028  3078 D InstallerExtImpl: Avoid to hold lock when rmPackageDir
02-23 13:04:30.949  2028  3078 D UserUninstallRecorder: not care com.jarvis installed.
02-23 13:04:30.949  2028  3020 W PackageSettings: writeFreezeToXml ustate isn't instance of PackageUserStateImpl
02-23 13:04:30.949  2028  3020 W PackageSettings: writeFreezeToXml ustate isn't instance of PackageUserStateImpl
02-23 13:04:30.950  2028  3020 W PackageSettings: writeFreezeToXml ustate isn't instance of PackageUserStateImpl
02-23 13:04:30.950  2028  3020 W PackageSettings: writeFreezeToXml ustate isn't instance of PackageUserStateImpl
02-23 13:04:30.950  2028  3020 W PackageSettings: writeFreezeToXml ustate isn't instance of PackageUserStateImpl
02-23 13:04:30.950  2028  3020 W PackageSettings: writeFreezeToXml ustate isn't instance of PackageUserStateImpl
02-23 13:04:30.950  2028  3020 W PackageSettings: writeFreezeToXml ustate isn't instance of PackageUserStateImpl
02-23 13:04:30.950  2028  3020 W PackageSettings: writeFreezeToXml ustate isn't instance of PackageUserStateImpl
02-23 13:04:30.950  2028  3020 W PackageSettings: writeFreezeToXml ustate isn't instance of PackageUserStateImpl
02-23 13:04:30.951  2028  3020 W PackageSettings: writeFreezeToXml ustate isn't instance of PackageUserStateImpl
02-23 13:04:30.951  2028  3020 W PackageSettings: writeFreezeToXml ustate isn't instance of PackageUserStateImpl
02-23 13:04:30.951  2028  3020 W PackageSettings: writeFreezeToXml ustate isn't instance of PackageUserStateImpl
02-23 13:04:30.951  2028  3020 W PackageSettings: writeFreezeToXml ustate isn't instance of PackageUserStateImpl
02-23 13:04:30.951  2028  3020 W PackageSettings: writeFreezeToXml ustate isn't instance of PackageUserStateImpl
02-23 13:04:30.952  2028  3020 W PackageSettings: writeFreezeToXml ustate isn't instance of PackageUserStateImpl
02-23 13:04:30.952  2028  3078 W ActivityManager: Skipping broadcast of Intent { act=oplus.intent.action.PACKAGE_REMOVED dat=package: flg=0x5000030 (has extras) }: user 10 and its parent (if any) are stopped
02-23 13:04:30.952  2028  3020 W PackageSettings: writeFreezeToXml ustate isn't instance of PackageUserStateImpl
02-23 13:04:30.952  2028  3020 W PackageSettings: writeFreezeToXml ustate isn't instance of PackageUserStateImpl
02-23 13:04:30.952  2028  3020 W PackageSettings: writeFreezeToXml ustate isn't instance of PackageUserStateImpl
02-23 13:04:30.952  2028  3020 W PackageSettings: writeFreezeToXml ustate isn't instance of PackageUserStateImpl
02-23 13:04:30.952  2028  3020 W PackageSettings: writeFreezeToXml ustate isn't instance of PackageUserStateImpl
02-23 13:04:30.952  2028  3078 W ActivityManager: Skipping broadcast of Intent { act=android.intent.action.PACKAGE_REMOVED dat=package: flg=0x4000010 (has extras) }: user 10 and its parent (if any) are stopped
02-23 13:04:30.952  2028  3020 W PackageSettings: writeFreezeToXml ustate isn't instance of PackageUserStateImpl
02-23 13:04:30.952  2028  3020 W PackageSettings: writeFreezeToXml ustate isn't instance of PackageUserStateImpl
02-23 13:04:30.952  2028  3020 W PackageSettings: writeFreezeToXml ustate isn't instance of PackageUserStateImpl
02-23 13:04:30.952  2028  3020 W PackageSettings: writeFreezeToXml ustate isn't instance of PackageUserStateImpl
02-23 13:04:30.952  2028  3020 W PackageSettings: writeFreezeToXml ustate isn't instance of PackageUserStateImpl
02-23 13:04:30.952  2028  3020 W PackageSettings: writeFreezeToXml ustate isn't instance of PackageUserStateImpl
02-23 13:04:30.952  2028  3020 W PackageSettings: writeFreezeToXml ustate isn't instance of PackageUserStateImpl
02-23 13:04:30.952  2028  3020 W PackageSettings: writeFreezeToXml ustate isn't instance of PackageUserStateImpl
02-23 13:04:30.952  2028  3020 W PackageSettings: writeFreezeToXml ustate isn't instance of PackageUserStateImpl
02-23 13:04:30.952  2028  3020 W PackageSettings: writeFreezeToXml ustate isn't instance of PackageUserStateImpl
02-23 13:04:30.952  2028  3020 W PackageSettings: writeFreezeToXml ustate isn't instance of PackageUserStateImpl
02-23 13:04:30.952  2028  3020 W PackageSettings: writeFreezeToXml ustate isn't instance of PackageUserStateImpl
02-23 13:04:30.952  2028  3020 W PackageSettings: writeFreezeToXml ustate isn't instance of PackageUserStateImpl
02-23 13:04:30.952  2028  3020 W PackageSettings: writeFreezeToXml ustate isn't instance of PackageUserStateImpl
02-23 13:04:30.953  2028  3020 W PackageSettings: writeFreezeToXml ustate isn't instance of PackageUserStateImpl
02-23 13:04:30.954  2028  3078 I ActivityManager: Force stopping com.jarvis appid=10485 user=0: pkg removed
02-23 13:04:30.996  2028  3575 D ShortcutService: received package broadcast intent: Intent { act=android.intent.action.PACKAGE_REMOVED dat=package: flg=0x4000010 (has extras) }
02-23 13:04:30.997  2028  3527 D CompatChangeReporter: Compat change id reported: 297989574; UID 1000; state: ENABLED
02-23 13:04:31.065  2028 30358 D OplusOsPackageManager: uploadInstallAppInfos:{installerPkg=null, code=1, abi1=arm64-v8a, abi2=null, update=1, cert=4326BA544C;, targetSdkVersion=36, source=com.android.shell, app_pkg=com.jarvis, version=1.0, initiatingPkg=com.android.shell, md5=8f3f9e67d83500ac862be43fb312395e}
02-23 13:04:31.091  2028  3078 W ActivityManager: Skipping broadcast of Intent { act=android.intent.action.PACKAGE_REMOVED_INTERNAL dat=package: flg=0x4000010 pkg=android (has extras) }: user 10 and its parent (if any) are stopped
02-23 13:04:31.092  2028  2809 W ActivityManager: Slow operation: 57ms so far, now at startProcess: done updating battery stats
02-23 13:04:31.093  2028  2809 W ActivityManager: Slow operation: 58ms so far, now at startProcess: building log message
02-23 13:04:31.093  2028  2809 I ActivityManager: Start proc 30361:com.oplus.phonemanager/u0a332 for broadcast {com.oplus.phonemanager/com.oplus.phonemanager.virusdetect.receiver.RealTimeMonitorReceiver}
02-23 13:04:31.093  2028  2809 W ActivityManager: Slow operation: 58ms so far, now at startProcess: starting to update pids map
02-23 13:04:31.093  2028  2028 D DeviceIdleHelper: pacakge removed: name=com.jarvis not in PowerSaveWhitelist
02-23 13:04:31.093  2028  2028 D MultiApp-DataService: handlePackageChange: android.intent.action.PACKAGE_REMOVED for: com.jarvis
02-23 13:04:31.094  2028  2809 W ActivityManager: Slow operation: 59ms so far, now at startProcess: done updating pids map
02-23 13:04:31.103  2028  2028 D CompatChangeReporter: Compat change id reported: 151861875; UID 10137; state: ENABLED
02-23 13:04:31.116  2028  2028 I OplusMediaControlService: package is replacing
02-23 13:04:31.144  2028  3575 D ShortcutService: received package broadcast intent: Intent { act=android.intent.action.PACKAGE_ADDED dat=package: flg=0x4000010 (has extras) }
02-23 13:04:31.144  2028  3575 D ShortcutService: replacing package: com.jarvis userId0
02-23 13:04:31.145  2028  3575 D ShortcutService: handlePackageUpdateFinished: com.jarvis user=0
02-23 13:04:31.145  2028  3575 D ShortcutService: rescanPackageIfNeeded 0@com.jarvis, forceRescan=true , isNewApp=true
02-23 13:04:31.148  2028  3575 D ShortcutService: Package com.jarvis has 0 manifest shortcut(s), and 0 share target(s)
02-23 13:04:31.166  2028  2809 W ActivityManager: Slow operation: 94ms so far, now at startProcess: done updating battery stats
02-23 13:04:31.167  2028  2809 W ActivityManager: Slow operation: 94ms so far, now at startProcess: building log message
02-23 13:04:31.167  2028  2809 I ActivityManager: Start proc 30370:com.android.keychain/1000 for service {com.android.keychain/com.android.keychain.KeyChainService}
02-23 13:04:31.167  2028  2809 W ActivityManager: Slow operation: 94ms so far, now at startProcess: starting to update pids map
02-23 13:04:31.167  2028  2809 W ActivityManager: Slow operation: 94ms so far, now at startProcess: done updating pids map
02-23 13:04:31.167  2028  2809 W ActivityManager: Slow operation: 63ms so far, now at startProcess: asking zygote to start proc
02-23 13:04:31.169  2028  2928 D OplusSmartBrightnessController: CtsTest = false
02-23 13:04:31.169  2028  2928 D OplusDisplayBrightnessBroadcastReceiver: onReceive action = android.intent.action.PACKAGE_REMOVED , listeners = [com.android.server.display.OplusSmartBrightnessController$SmartBroadcastReceiver@a9d3f45]
02-23 13:04:31.177  2028  4892 D ActivityTaskManagerServiceExtImpl: preBindApplication record is null
02-23 13:04:31.179  2028  2809 W ActivityManager: Slow operation: 75ms so far, now at startProcess: returned from zygote!
02-23 13:04:31.180  2028  2028 D OplusCustomizeService: mCoreAppIsEnable = false
02-23 13:04:31.180  2028  2028 D OplusCustomizeService: pkgName = com.jarvis
02-23 13:04:31.180  2028  2028 D OplusCustomizeService: Add packages name is :com.jarvis;dir:/data/app/~~_98byUz3j_y0S4qD5XjWHA==/com.jarvis-2jtslmwal9klGTpV6Unwcw==/base.apk
02-23 13:04:31.190  2028  2028 D MultiApp-DataService: handlePackageChange: android.intent.action.PACKAGE_ADDED for: com.jarvis
02-23 13:04:31.194  2028  3078 W ActivityManager: Skipping broadcast of Intent { act=oplus.intent.action.PACKAGE_ADDED dat=package: flg=0x5000030 (has extras) }: user 10 and its parent (if any) are stopped
02-23 13:04:31.194  2028  3078 W ActivityManager: Skipping broadcast of Intent { act=android.intent.action.PACKAGE_ADDED dat=package: flg=0x4000010 (has extras) }: user 10 and its parent (if any) are stopped
02-23 13:04:31.198  2028  2809 W ActivityManager: Slow operation: 94ms so far, now at startProcess: done updating battery stats
02-23 13:04:31.198  2028  2809 W ActivityManager: Slow operation: 95ms so far, now at startProcess: building log message
02-23 13:04:31.198  2028  2809 I ActivityManager: Start proc 30381:com.oplus.cosa/u0a137 for service {com.oplus.cosa/com.oplus.cosa.service.GameDaemonService}
02-23 13:04:31.198  2028  2809 W ActivityManager: Slow operation: 95ms so far, now at startProcess: starting to update pids map
02-23 13:04:31.198  2028  2809 W ActivityManager: Slow operation: 95ms so far, now at startProcess: done updating pids map
02-23 13:04:31.202  2028  3480 W PackageConfigPersister: App-specific configuration not found for packageName: com.jarvis and userId: 0
02-23 13:04:31.203  2028  3480 W PackageConfigPersister: App-specific configuration not found for packageName: com.jarvis and userId: 10
02-23 13:04:31.207  2028  3078 W ActivityManager: Skipping broadcast of Intent { act=android.intent.action.PACKAGE_ADDED dat=package: flg=0x4000010 pkg=com.google.android.permissioncontroller (has extras) }: user 10 and its parent (if any) are stopped
02-23 13:04:31.210  2028  3078 W ActivityManager: Skipping broadcast of Intent { act=android.intent.action.PACKAGE_ADDED dat=package: flg=0x4000010 pkg=com.android.vending (has extras) }: user 10 and its parent (if any) are stopped
02-23 13:04:31.222 10211 10211 D ActivityThread: Package [com.jarvis] reported as REPLACED, but missing application info. Assuming REMOVED.
02-23 13:04:31.222  4048  4048 D ActivityThread: Package [com.jarvis] reported as REPLACED, but missing application info. Assuming REMOVED.
02-23 13:04:31.223 22819 22819 D ActivityThread: Package [com.jarvis] reported as REPLACED, but missing application info. Assuming REMOVED.
02-23 13:04:31.224 30055 30055 D ActivityThread: Package [com.jarvis] reported as REPLACED, but missing application info. Assuming REMOVED.
02-23 13:04:31.225  3423  3423 D ActivityThread: Package [com.jarvis] reported as REPLACED, but missing application info. Assuming REMOVED.
02-23 13:04:31.225  4189  4189 D ActivityThread: Package [com.jarvis] reported as REPLACED, but missing application info. Assuming REMOVED.
02-23 13:04:31.227 27579 27579 D ActivityThread: Package [com.jarvis] reported as REPLACED, but missing application info. Assuming REMOVED.
02-23 13:04:31.228  4538  4538 D ActivityThread: Package [com.jarvis] reported as REPLACED, but missing application info. Assuming REMOVED.
02-23 13:04:31.228 22971 22971 D ActivityThread: Package [com.jarvis] reported as REPLACED, but missing application info. Assuming REMOVED.
02-23 13:04:31.228 21366 21366 D ActivityThread: Package [com.jarvis] reported as REPLACED, but missing application info. Assuming REMOVED.
02-23 13:04:31.229  7453  7453 D ActivityThread: Package [com.jarvis] reported as REPLACED, but missing application info. Assuming REMOVED.
02-23 13:04:31.229  7688  7688 D ActivityThread: Package [com.jarvis] reported as REPLACED, but missing application info. Assuming REMOVED.
02-23 13:04:31.229 28857 28857 D ActivityThread: Package [com.jarvis] reported as REPLACED, but missing application info. Assuming REMOVED.
02-23 13:04:31.230 14270 14270 D ActivityThread: Package [com.jarvis] reported as REPLACED, but missing application info. Assuming REMOVED.
02-23 13:04:31.232  3013  3013 D ActivityThread: Package [com.jarvis] reported as REPLACED, but missing application info. Assuming REMOVED.
02-23 13:04:31.232 30240 30240 D ActivityThread: Package [com.jarvis] reported as REPLACED, but missing application info. Assuming REMOVED.
02-23 13:04:31.232  7011  7011 D ActivityThread: Package [com.jarvis] reported as REPLACED, but missing application info. Assuming REMOVED.
02-23 13:04:31.233 30149 30149 D ActivityThread: Package [com.jarvis] reported as REPLACED, but missing application info. Assuming REMOVED.
02-23 13:04:31.233 13178 13178 D ActivityThread: Package [com.jarvis] reported as REPLACED, but missing application info. Assuming REMOVED.
02-23 13:04:31.233  7532  7532 D ActivityThread: Package [com.jarvis] reported as REPLACED, but missing application info. Assuming REMOVED.
02-23 13:04:31.233 25491 25491 D ActivityThread: Package [com.jarvis] reported as REPLACED, but missing application info. Assuming REMOVED.
02-23 13:04:31.233 11384 11384 D ActivityThread: Package [com.jarvis] reported as REPLACED, but missing application info. Assuming REMOVED.
02-23 13:04:31.234 22255 22255 D ActivityThread: Package [com.jarvis] reported as REPLACED, but missing application info. Assuming REMOVED.
02-23 13:04:31.234  7097  7097 D ActivityThread: Package [com.jarvis] reported as REPLACED, but missing application info. Assuming REMOVED.
02-23 13:04:31.236 19641 19641 D ActivityThread: Package [com.jarvis] reported as REPLACED, but missing application info. Assuming REMOVED.
02-23 13:04:31.236 24377 24377 D ActivityThread: Package [com.jarvis] reported as REPLACED, but missing application info. Assuming REMOVED.
02-23 13:04:31.236 25345 25345 D ActivityThread: Package [com.jarvis] reported as REPLACED, but missing application info. Assuming REMOVED.
02-23 13:04:31.237  9129  9129 D ActivityThread: Package [com.jarvis] reported as REPLACED, but missing application info. Assuming REMOVED.
02-23 13:04:31.237 26765 26765 D ActivityThread: Package [com.jarvis] reported as REPLACED, but missing application info. Assuming REMOVED.
02-23 13:04:31.237 24305 24305 D ActivityThread: Package [com.jarvis] reported as REPLACED, but missing application info. Assuming REMOVED.
02-23 13:04:31.238  7073  7073 D ActivityThread: Package [com.jarvis] reported as REPLACED, but missing application info. Assuming REMOVED.
02-23 13:04:31.238  4863  4863 D ActivityThread: Package [com.jarvis] reported as REPLACED, but missing application info. Assuming REMOVED.
02-23 13:04:31.238  9149  9149 D ActivityThread: Package [com.jarvis] reported as REPLACED, but missing application info. Assuming REMOVED.
02-23 13:04:31.238  7313  7313 D ActivityThread: Package [com.jarvis] reported as REPLACED, but missing application info. Assuming REMOVED.
02-23 13:04:31.238 24313 24313 D ActivityThread: Package [com.jarvis] reported as REPLACED, but missing application info. Assuming REMOVED.
02-23 13:04:31.239 20563 20563 D ActivityThread: Package [com.jarvis] reported as REPLACED, but missing application info. Assuming REMOVED.
02-23 13:04:31.239  7113  7113 D ActivityThread: Package [com.jarvis] reported as REPLACED, but missing application info. Assuming REMOVED.
02-23 13:04:31.239 28457 28457 D ActivityThread: Package [com.jarvis] reported as REPLACED, but missing application info. Assuming REMOVED.
02-23 13:04:31.239 29537 29537 D ActivityThread: Package [com.jarvis] reported as REPLACED, but missing application info. Assuming REMOVED.
02-23 13:04:31.241 27856 27856 D ActivityThread: Package [com.jarvis] reported as REPLACED, but missing application info. Assuming REMOVED.
02-23 13:04:31.242 27927 27927 D ActivityThread: Package [com.jarvis] reported as REPLACED, but missing application info. Assuming REMOVED.
02-23 13:04:31.246  7096  7096 D ActivityThread: Package [com.jarvis] reported as REPLACED, but missing application info. Assuming REMOVED.
02-23 13:04:31.249  7318  7318 D ActivityThread: Package [com.jarvis] reported as REPLACED, but missing application info. Assuming REMOVED.
02-23 13:04:31.255 29470 29470 D ActivityThread: Package [com.jarvis] reported as REPLACED, but missing application info. Assuming REMOVED.
02-23 13:04:31.264 27781 27781 D ActivityThread: Package [com.jarvis] reported as REPLACED, but missing application info. Assuming REMOVED.
02-23 13:04:31.266 26481 26481 D ActivityThread: Package [com.jarvis] reported as REPLACED, but missing application info. Assuming REMOVED.
02-23 13:04:31.266 28237 28237 D ActivityThread: Package [com.jarvis] reported as REPLACED, but missing application info. Assuming REMOVED.
02-23 13:04:31.268 28597 28597 D ActivityThread: Package [com.jarvis] reported as REPLACED, but missing application info. Assuming REMOVED.
02-23 13:04:31.272 28029 28029 D ActivityThread: Package [com.jarvis] reported as REPLACED, but missing application info. Assuming REMOVED.
02-23 13:04:31.278 25950 25950 D ActivityThread: Package [com.jarvis] reported as REPLACED, but missing application info. Assuming REMOVED.
02-23 13:04:31.281  7051  7051 D ActivityThread: Package [com.jarvis] reported as REPLACED, but missing application info. Assuming REMOVED.
02-23 13:04:31.283 23178 23178 D ActivityThread: Package [com.jarvis] reported as REPLACED, but missing application info. Assuming REMOVED.
02-23 13:04:31.285 23225 23225 D ActivityThread: Package [com.jarvis] reported as REPLACED, but missing application info. Assuming REMOVED.
02-23 13:04:31.286 25552 25552 D ActivityThread: Package [com.jarvis] reported as REPLACED, but missing application info. Assuming REMOVED.
02-23 13:04:31.286 25540 25540 D ActivityThread: Package [com.jarvis] reported as REPLACED, but missing application info. Assuming REMOVED.
02-23 13:04:31.287 18790 18790 D ActivityThread: Package [com.jarvis] reported as REPLACED, but missing application info. Assuming REMOVED.
02-23 13:04:31.288 25551 25551 D ActivityThread: Package [com.jarvis] reported as REPLACED, but missing application info. Assuming REMOVED.
02-23 13:04:31.292  8697  8697 D ActivityThread: Package [com.jarvis] reported as REPLACED, but missing application info. Assuming REMOVED.
02-23 13:04:31.293  9050  9050 D ActivityThread: Package [com.jarvis] reported as REPLACED, but missing application info. Assuming REMOVED.
02-23 13:04:31.293  8565  8565 D ActivityThread: Package [com.jarvis] reported as REPLACED, but missing application info. Assuming REMOVED.
02-23 13:04:31.294  8981  8981 D ActivityThread: Package [com.jarvis] reported as REPLACED, but missing application info. Assuming REMOVED.
02-23 13:04:31.296 21087 21087 D ActivityThread: Package [com.jarvis] reported as REPLACED, but missing application info. Assuming REMOVED.
02-23 13:04:31.296  8727  8727 D ActivityThread: Package [com.jarvis] reported as REPLACED, but missing application info. Assuming REMOVED.
02-23 13:04:31.298  8582  8582 D ActivityThread: Package [com.jarvis] reported as REPLACED, but missing application info. Assuming REMOVED.
02-23 13:04:31.299  4617  4617 D ActivityThread: Package [com.jarvis] reported as REPLACED, but missing application info. Assuming REMOVED.
02-23 13:04:31.300  7191  7191 D ActivityThread: Package [com.jarvis] reported as REPLACED, but missing application info. Assuming REMOVED.
02-23 13:04:31.300  8514  8514 D ActivityThread: Package [com.jarvis] reported as REPLACED, but missing application info. Assuming REMOVED.
02-23 13:04:31.300  7194  7194 D ActivityThread: Package [com.jarvis] reported as REPLACED, but missing application info. Assuming REMOVED.
02-23 13:04:31.300  8944  8944 D ActivityThread: Package [com.jarvis] reported as REPLACED, but missing application info. Assuming REMOVED.
02-23 13:04:31.302  4441  4441 D ActivityThread: Package [com.jarvis] reported as REPLACED, but missing application info. Assuming REMOVED.
02-23 13:04:31.302  5755  5755 D ActivityThread: Package [com.jarvis] reported as REPLACED, but missing application info. Assuming REMOVED.
02-23 13:04:31.303  4401  4401 D ActivityThread: Package [com.jarvis] reported as REPLACED, but missing application info. Assuming REMOVED.
02-23 13:04:31.304  5360  5360 D ActivityThread: Package [com.jarvis] reported as REPLACED, but missing application info. Assuming REMOVED.
02-23 13:04:31.304  4381  4381 D ActivityThread: Package [com.jarvis] reported as REPLACED, but missing application info. Assuming REMOVED.
02-23 13:04:31.305  4321  4321 D ActivityThread: Package [com.jarvis] reported as REPLACED, but missing application info. Assuming REMOVED.
02-23 13:04:31.305  4362  4362 D ActivityThread: Package [com.jarvis] reported as REPLACED, but missing application info. Assuming REMOVED.
02-23 13:04:31.306 29407 29407 D ActivityThread: Package [com.jarvis] reported as REPLACED, but missing application info. Assuming REMOVED.
02-23 13:04:31.307  4309  4309 D ActivityThread: Package [com.jarvis] reported as REPLACED, but missing application info. Assuming REMOVED.
02-23 13:04:31.307  4308  4308 D ActivityThread: Package [com.jarvis] reported as REPLACED, but missing application info. Assuming REMOVED.
02-23 13:04:31.308 30384 30384 D ActivityThread: Package [com.jarvis] reported as REPLACED, but missing application info. Assuming REMOVED.
02-23 13:04:31.309  4291  4291 D ActivityThread: Package [com.jarvis] reported as REPLACED, but missing application info. Assuming REMOVED.
02-23 13:04:31.310  4285  4285 D ActivityThread: Package [com.jarvis] reported as REPLACED, but missing application info. Assuming REMOVED.
02-23 13:04:31.311  4239  4239 D ActivityThread: Package [com.jarvis] reported as REPLACED, but missing application info. Assuming REMOVED.
02-23 13:04:31.311  4306  4306 D ActivityThread: Package [com.jarvis] reported as REPLACED, but missing application info. Assuming REMOVED.
02-23 13:04:31.311  4153  4153 D ActivityThread: Package [com.jarvis] reported as REPLACED, but missing application info. Assuming REMOVED.
02-23 13:04:31.312  3826  3826 D ActivityThread: Package [com.jarvis] reported as REPLACED, but missing application info. Assuming REMOVED.
02-23 13:04:31.312  4265  4265 D ActivityThread: Package [com.jarvis] reported as REPLACED, but missing application info. Assuming REMOVED.
02-23 13:04:31.313  3774  3774 D ActivityThread: Package [com.jarvis] reported as REPLACED, but missing application info. Assuming REMOVED.
02-23 13:04:31.321  2028  3078 W ActivityManager: Skipping broadcast of Intent { act=android.intent.action.PACKAGE_REPLACED dat=package: flg=0x4000010 (has extras) }: user 10 and its parent (if any) are stopped
02-23 13:04:31.325  2028  2028 W Looper  : Slow dispatch took 116ms main h=android.app.ActivityThread$H c=android.app.LoadedApk$ReceiverDispatcher$Args$$ExternalSyntheticLambda0@31a4d9 m=0
02-23 13:04:31.327  2028  4803 D ActivityTaskManagerServiceExtImpl: preBindApplication record is null
02-23 13:04:31.334  2028  2928 D OplusSmartBrightnessController: CtsTest = false
02-23 13:04:31.334  2028  2928 D OplusDisplayBrightnessBroadcastReceiver: onReceive action = android.intent.action.PACKAGE_ADDED , listeners = [com.android.server.display.OplusSmartBrightnessController$SmartBroadcastReceiver@a9d3f45]
02-23 13:04:31.341  2028  5007 D CompatChangeReporter: Compat change id reported: 151861875; UID 1000; state: ENABLED
02-23 13:04:31.342  2028  2028 V BackupManagerConstants: getFullBackupIntervalMilliseconds(...) returns 86400000
02-23 13:04:31.342  2028  2028 V BackupManagerConstants: getFullBackupRequiredNetworkType(...) returns 2
02-23 13:04:31.342  2028  2028 V BackupManagerConstants: getFullBackupRequireCharging(...) returns true
02-23 13:04:31.346  2028  2028 D CompatChangeReporter: Compat change id reported: 311402873; UID 1000; state: ENABLED
02-23 13:04:31.347  2028  2028 D CompatChangeReporter: Compat change id reported: 323349338; UID 1000; state: ENABLED
02-23 13:04:31.349  2028  7225 D ActivityTaskManagerServiceExtImpl: preBindApplication record is null
02-23 13:04:31.356  2028  2685 W AccessibilityWindowsPopulator: The displayInfo of this displayId (0) called back from the surface fligner is null
02-23 13:04:31.374  2028  2028 W Looper  : Slow delivery took 200ms main h=com.android.server.notification.NotificationManagerService$WorkerHandler c=com.android.server.notification.OplusNotificationManagerServiceExtImpl$1@2945450 m=0
02-23 13:04:31.376  2028  2028 W AlarmManager: Package com.jarvis, uid 10485 lost permission to set exact alarms!
02-23 13:04:31.378  2028  2028 D ActivityThread: Package [com.jarvis] reported as REPLACED, but missing application info. Assuming REMOVED.
02-23 13:04:31.386  2028  2028 W Looper  : Drained
02-23 13:04:31.389  2028  2809 W ActivityManager: Slow operation: 178ms so far, now at startProcess: done updating battery stats
02-23 13:04:31.389  2028  2809 W ActivityManager: Slow operation: 178ms so far, now at startProcess: building log message
02-23 13:04:31.389  2028  2809 I ActivityManager: Start proc 30393:com.android.vending:background/u0a100 for broadcast {com.android.vending/com.google.android.finsky.packagemonitor.backgroundimpl.BackgroundPackageMonitorReceiverImpl$RegisteredReceiver}
02-23 13:04:31.389  2028  2809 W ActivityManager: Slow operation: 178ms so far, now at startProcess: starting to update pids map
02-23 13:04:31.390  2028  2809 W ActivityManager: Slow operation: 178ms so far, now at startProcess: done updating pids map
02-23 13:04:31.392  2028  2757 W ActivityManager: Skipping broadcast of Intent { act=android.search.action.SEARCHABLES_CHANGED flg=0x24000010 }: user 10 and its parent (if any) are stopped
02-23 13:04:31.393 22819 22819 D ActivityThread: Package [com.jarvis] reported as REPLACED, but missing application info. Assuming REMOVED.
02-23 13:04:31.393  4048  4048 D ActivityThread: Package [com.jarvis] reported as REPLACED, but missing application info. Assuming REMOVED.
02-23 13:04:31.396 27579 27579 D ActivityThread: Package [com.jarvis] reported as REPLACED, but missing application info. Assuming REMOVED.
02-23 13:04:31.396  4746 21512 I iopgp   : PreloadService: TRANSACTION_IOPGP_ON_PACKAGES_CHANGED
02-23 13:04:31.396  4746 21512 I iopgp   : Iopgp: TRANSACTION_IOPGP_ON_PACKAGES_CHANGED  pkg_name = com.jarvis pkg_version = 1 isDeleted = 0
02-23 13:04:31.396  7097  7097 D ActivityThread: Package [com.jarvis] reported as REPLACED, but missing application info. Assuming REMOVED.
02-23 13:04:31.396  4746  4746 D iopgp   : Same version package com.jarvis with version 1
02-23 13:04:31.396  4746  4746 D iopgp   : OnPackageChangeEvent:old package version is 1
02-23 13:04:31.396  7318  7318 D ActivityThread: Package [com.jarvis] reported as REPLACED, but missing application info. Assuming REMOVED.
02-23 13:04:31.396  7453  7453 D ActivityThread: Package [com.jarvis] reported as REPLACED, but missing application info. Assuming REMOVED.
02-23 13:04:31.396 30055 30055 D ActivityThread: Package [com.jarvis] reported as REPLACED, but missing application info. Assuming REMOVED.
02-23 13:04:31.397 10211 10211 D ActivityThread: Package [com.jarvis] reported as REPLACED, but missing application info. Assuming REMOVED.
02-23 13:04:31.397  7051  7051 D ActivityThread: Package [com.jarvis] reported as REPLACED, but missing application info. Assuming REMOVED.
02-23 13:04:31.397  7096  7096 D ActivityThread: Package [com.jarvis] reported as REPLACED, but missing application info. Assuming REMOVED.
02-23 13:04:31.397  7688  7688 D ActivityThread: Package [com.jarvis] reported as REPLACED, but missing application info. Assuming REMOVED.
02-23 13:04:31.397  7011  7011 D ActivityThread: Package [com.jarvis] reported as REPLACED, but missing application info. Assuming REMOVED.
02-23 13:04:31.397  4189  4189 D ActivityThread: Package [com.jarvis] reported as REPLACED, but missing application info. Assuming REMOVED.
02-23 13:04:31.397  7532  7532 D ActivityThread: Package [com.jarvis] reported as REPLACED, but missing application info. Assuming REMOVED.
02-23 13:04:31.398 22971 22971 D ActivityThread: Package [com.jarvis] reported as REPLACED, but missing application info. Assuming REMOVED.
02-23 13:04:31.398 30240 30240 D ActivityThread: Package [com.jarvis] reported as REPLACED, but missing application info. Assuming REMOVED.
02-23 13:04:31.398  4538  4538 D ActivityThread: Package [com.jarvis] reported as REPLACED, but missing application info. Assuming REMOVED.
02-23 13:04:31.398 28857 28857 D ActivityThread: Package [com.jarvis] reported as REPLACED, but missing application info. Assuming REMOVED.
02-23 13:04:31.399 21366 21366 D ActivityThread: Package [com.jarvis] reported as REPLACED, but missing application info. Assuming REMOVED.
02-23 13:04:31.399 14270 14270 D ActivityThread: Package [com.jarvis] reported as REPLACED, but missing application info. Assuming REMOVED.
02-23 13:04:31.400  9129  9129 D ActivityThread: Package [com.jarvis] reported as REPLACED, but missing application info. Assuming REMOVED.
02-23 13:04:31.401  3423  3423 D ActivityThread: Package [com.jarvis] reported as REPLACED, but missing application info. Assuming REMOVED.
02-23 13:04:31.402  2028  2809 W ActivityManager: Slow operation: 61ms so far, now at startProcess: returned from zygote!
02-23 13:04:31.405  3013  3013 D ActivityThread: Package [com.jarvis] reported as REPLACED, but missing application info. Assuming REMOVED.
02-23 13:04:31.405 11384 11384 D ActivityThread: Package [com.jarvis] reported as REPLACED, but missing application info. Assuming REMOVED.
02-23 13:04:31.406 25491 25491 D ActivityThread: Package [com.jarvis] reported as REPLACED, but missing application info. Assuming REMOVED.
02-23 13:04:31.407 22255 22255 D ActivityThread: Package [com.jarvis] reported as REPLACED, but missing application info. Assuming REMOVED.
02-23 13:04:31.407 30149 30149 D ActivityThread: Package [com.jarvis] reported as REPLACED, but missing application info. Assuming REMOVED.
02-23 13:04:31.407 13178 13178 D ActivityThread: Package [com.jarvis] reported as REPLACED, but missing application info. Assuming REMOVED.
02-23 13:04:31.408 24305 24305 D ActivityThread: Package [com.jarvis] reported as REPLACED, but missing application info. Assuming REMOVED.
02-23 13:04:31.409 24377 24377 D ActivityThread: Package [com.jarvis] reported as REPLACED, but missing application info. Assuming REMOVED.
02-23 13:04:31.409  7073  7073 D ActivityThread: Package [com.jarvis] reported as REPLACED, but missing application info. Assuming REMOVED.
02-23 13:04:31.409 19641 19641 D ActivityThread: Package [com.jarvis] reported as REPLACED, but missing application info. Assuming REMOVED.
02-23 13:04:31.410  9149  9149 D ActivityThread: Package [com.jarvis] reported as REPLACED, but missing application info. Assuming REMOVED.
02-23 13:04:31.410  7313  7313 D ActivityThread: Package [com.jarvis] reported as REPLACED, but missing application info. Assuming REMOVED.
02-23 13:04:31.410 25345 25345 D ActivityThread: Package [com.jarvis] reported as REPLACED, but missing application info. Assuming REMOVED.
02-23 13:04:31.410 26765 26765 D ActivityThread: Package [com.jarvis] reported as REPLACED, but missing application info. Assuming REMOVED.
02-23 13:04:31.413  2028 16487 D IntervalStats: Unable to parse usage stats packages: [24, 28, 29, 59, 67, 73, 81, 87, 88, 134, 150, 190, 201, 217, 250, 284, 303, 316, 317, 327, 334, 338, 376, 395, 398, 401, 410, 415, 426, 467, 475, 497, 529, 638, 826, 829, 831, 832, 838, 842, 844, 845, 846, 847, 848, 850, 853, 854, 856, 857, 858, 860, 866, 867, 870, 871, 872, 873, 874, 875, 876, 877, 878, 880, 882, 884, 885, 886, 887, 891, 894, 898, 899, 901, 902, 904, 906, 914, 918, 919, 920, 921, 922, 924, 926, 927, 928, 930, 931, 932, 934, 935, 936, 938, 939, 940, 941, 942, 945, 946, 947, 948, 949, 951, 953, 955, 961, 964, 970, 971, 973, 974, 976, 977, 979, 980, 981, 982, 994, 1001, 1007, 1018, 1071, 1075, 1076, 1079, 1080, 1081, 1083, 1084, 1085, 1086, 1087, 1088, 1089, 1091, 1120, 1121, 1122, 1123, 1124, 1125, 1126, 1127, 1128, 1129, 1130, 1131, 1132, 1133, 1134, 1135, 1136, 1137, 1138, 1139, 1140, 1141, 1142, 1143, 1144, 1145, 1146, 1147, 1148, 1149, 1150, 1151, 1152, 1154, 1156, 1172, 1173, 1174, 1175, 1176, 1177, 1178, 1180, 1181, 1182, 1183, 1184, 1185, 1192, 1193, 1194, 1199, 1201, 1204, 1206, 1208, 1209, 1210, 1213, 1215, 1216, 1217, 1218, 1219, 1221, 1222, 1223, 1226, 1227, 1232, 1237, 1238, 1239, 1240, 1241, 1242, 1244, 1245, 1246, 1248, 1250, 1254, 1258, 1262, 1269, 1271, 1272, 1273, 1274, 1408, 1409, 1422, 1428, 1429, 1430, 1432, 1437, 1445, 1479, 1482, 1483, 1484, 1486, 1487, 1488, 1489, 1490, 1491, 1492, 1493, 1495, 1496, 1497, 1498, 1499, 1506, 1507, 1508, 1509, 1510, 1512, 1513, 1514, 1516, 1520]
02-23 13:04:31.413  4863  4863 D ActivityThread: Package [com.jarvis] reported as REPLACED, but missing application info. Assuming REMOVED.
02-23 13:04:31.414 20563 20563 D ActivityThread: Package [com.jarvis] reported as REPLACED, but missing application info. Assuming REMOVED.
02-23 13:04:31.415  7113  7113 D ActivityThread: Package [com.jarvis] reported as REPLACED, but missing application info. Assuming REMOVED.
02-23 13:04:31.415 28457 28457 D ActivityThread: Package [com.jarvis] reported as REPLACED, but missing application info. Assuming REMOVED.
02-23 13:04:31.417 27856 27856 D ActivityThread: Package [com.jarvis] reported as REPLACED, but missing application info. Assuming REMOVED.
02-23 13:04:31.417 29537 29537 D ActivityThread: Package [com.jarvis] reported as REPLACED, but missing application info. Assuming REMOVED.
02-23 13:04:31.417  2028 16487 D UsageStatsService: User[0] type=3 b=1740382471377 e=1771832071377 cb=1749796766886 ce=1771832071323 disk=406 all=854
02-23 13:04:31.418 27927 27927 D ActivityThread: Package [com.jarvis] reported as REPLACED, but missing application info. Assuming REMOVED.
02-23 13:04:31.420 29470 29470 D ActivityThread: Package [com.jarvis] reported as REPLACED, but missing application info. Assuming REMOVED.
02-23 13:04:31.420 24313 24313 D ActivityThread: Package [com.jarvis] reported as REPLACED, but missing application info. Assuming REMOVED.
02-23 13:04:31.421 26481 26481 D ActivityThread: Package [com.jarvis] reported as REPLACED, but missing application info. Assuming REMOVED.
02-23 13:04:31.421 27781 27781 D ActivityThread: Package [com.jarvis] reported as REPLACED, but missing application info. Assuming REMOVED.
