2026-02-23 17:37:33.535  2028  4892 D OplusTransitionAnimationManager: skipFinishDrawingIfNeed clientRotation=0, currentRotation=0, hasFixedRotationApp=false, requestedOrientation=-1, win=Window{93a22e6 u0 com.whatsapp/com.whatsapp.Conversation}, activity=ActivityRecord{91c484f u0 com.whatsapp/.Conversation t742}, currentConfig={0.86 ??mcc??mnc [en_GB,en_IN] ldltr sw360dp w360dp h800dp 480dpi nrml long widecg port night finger -keyb/v/h -nav/h winConfig={ mBounds=Rect(0, 0 - 1080, 2400) mAppBounds=Rect(0, 0 - 1080, 2400) mMaxBounds=Rect(0, 0 - 1080, 2400) mDisplayRotation=ROTATION_0 mWindowingMode=fullscreen mActivityType=standard mAlwaysOnTop=undefined mRotation=ROTATION_0} s.2 fontWeightAdjustment=0mThemeChanged= 0, mThemeChangedFlags= 0, mFlipFont= 0, mScenario= 0, mAccessibleChanged= -1, mUxIconConfig= 3468921665126138177, mMaterialColor= 20000, mUserId= 0, mFontUserId= 0, mFontVariationSettings= 226, mFoldingAngle = -1.0, mIconPackName= , mDarkModeBackgroundMaxL= 0.0, mDarkModeDialogBgMaxL= 27.0, mDarkModeForegroundMinL= 100.0, mOplusConfigType= 1, mOplusChangedConfigs= 0, OpSans= -1, mBurmeseFontFlag= 2, mFlag= 0, mFlexibleActivitySuitable= -1, mPuttDisplayFlag= -1}
2026-02-23 17:37:33.562  2028  2685 D WindowManager: NFW_findFocusedWindowIfNeeded:Window{93a22e6 u0 com.whatsapp/com.whatsapp.Conversation} mCurrentFocus:Window{93a22e6 u0 com.whatsapp/com.whatsapp.Conversation}
2026-02-23 17:37:33.570  2028  3470 D InputMethodManagerService: isSecurity: attribute.packageName = com.whatsapp mCurMethodId = com.google.android.inputmethod.latin/com.android.inputmethod.latin.LatinIME isSecurity = false ( enable = false needShow = false inBlackList = false isExist = true )
2026-02-23 17:37:33.572 26670 26670 D VRI[Conversation]: relayoutWindow result, sizeChanged:false, surfaceControlChanged:false, transformHintChanged:false, mSurfaceSize:Point(1080, 2400), mLastSurfaceSize:Point(1080, 2400), mWidth:1080, mHeight:2400, requestedWidth:1080, requestedHeight:2400, transformHint:0, installOrientation:0, displayRotation:0, isSurfaceValid:true, attr.flag:-2122252032, tmpFrames:ClientWindowFrames{frame=[0,0][1080,2400] display=[0,0][1080,2400] parentFrame=[0,0][1080,2400]}, relayoutAsync:true, mSyncSeqId:0
2026-02-23 17:37:33.573 26670 26670 W VRI[Conversation]: updateBlastSurfaceIfNeeded, surfaceSize:Point(1080, 2400), lastSurfaceSize:Point(1080, 2400), format:-1, blastBufferQueue:android.graphics.BLASTBufferQueue@16ab081
2026-02-23 17:37:33.576  2028  7231 D WindowManagerServiceExtImpl: extractConfigInfoAndRealFlags rotation=0, screenDp=360, residentWS:0, win=Window{93a22e6 u0 com.whatsapp/com.whatsapp.Conversation}
2026-02-23 17:37:33.578  2028  7231 V WindowManager: Relayout Window{93a22e6 u0 com.whatsapp/com.whatsapp.Conversation}: viewVisibility=0, oldvis=0, req=1080x2400, vsysui=, x=0, y=0
2026-02-23 17:37:33.603  2028  2685 W AccessibilityWindowsPopulator: Windows change within in 2 frames continuously over 500 ms and notify windows changed immediately
2026-02-23 17:37:33.604  2028  3297 W UserManagerService: Requested status bar icon for non-badged user 0
2026-02-23 17:37:33.610  2028  3880 W UserManagerService: Requested status bar icon for non-badged user 0
2026-02-23 17:37:33.618  2028  7231 D WindowManager: setFrameRateStart invalid typeId return!
2026-02-23 17:37:33.624  2028  4892 W PackageConfigPersister: App-specific configuration not found for packageName: com.whatsapp and userId: 0
2026-02-23 17:37:33.707  2028  3297 I WindowManager: Window{496d3ea u0 com.jarvis/com.jarvis.MainActivity} state from HAS_DRAWN to NO_SURFACE; reason: destroySurface
2026-02-23 17:37:33.710  2028  3297 D ActivityTaskManager: Clearing startingData for activity=ActivityRecord{a72c588 u0 com.jarvis/.MainActivity t749} mStartingData=null mStartingSurface=null
2026-02-23 17:37:33.717  2028  2152 D ClipboardService: clipboardAccessAllowed: op=29 result=true callingPackage=com.whatsapp
2026-02-23 17:37:33.749  2028  2152 D WindowManagerServiceExtImpl: extractConfigInfoAndRealFlags rotation=0, screenDp=360, residentWS:0, win=Window{9f2f247 u0 Splash Screen com.whatsapp}
2026-02-23 17:37:33.750  2028  2152 V WindowManager: Relayout Window{9f2f247 u0 Splash Screen com.whatsapp}: viewVisibility=8, oldvis=0, req=1080x2400, vsysui=
2026-02-23 17:37:33.751  2028  2152 D WindowManager: setFrameRateStart invalid typeId return!
2026-02-23 17:37:33.754  2028  2152 D WindowManager: NFW_findFocusedWindowIfNeeded:Window{93a22e6 u0 com.whatsapp/com.whatsapp.Conversation} mCurrentFocus:Window{93a22e6 u0 com.whatsapp/com.whatsapp.Conversation}
2026-02-23 17:37:33.754  2028  2688 D SurfaceAnimationRunner: onAnimationStart:Surface(name=Surface(name=9f2f247 Splash Screen com.whatsapp)/@0x509bb15 - animation-leash of window_animation)/@0x3633e2a
2026-02-23 17:37:33.767  2028  4118 D WindowManager: NFW_findFocusedWindowIfNeeded:Window{93a22e6 u0 com.whatsapp/com.whatsapp.Conversation} mCurrentFocus:Window{93a22e6 u0 com.whatsapp/com.whatsapp.Conversation}
2026-02-23 17:37:33.769  2028  4118 D RefreshRate: Refresh rate changing from 120.00001 to 90.0,maxRefreshRate=90.0 FOR:{
2026-02-23 17:37:33.769  2028  4118 D RefreshRate:     | COURSE[; Win preferred rateId=1, appReqFirst=false, data= RateData{PreferredRefreshRateData{mPreferredRefreshRateId=[2, 1, 2, 1],isAnimBoost=true}} ;win name:Splash Screen com.whatsapp]
2026-02-23 17:37:33.769  2028  4118 D RefreshRate:     | VOTES[PRIORITY_WINDOW_REQUEST -> Vote{mRefreshRate=90.0, mMinRefreshRate=90.0, mRequestSource=null};]
2026-02-23 17:37:33.769  2028  4118 D RefreshRate:     | TIME:2026-02-23 12:07:33}
2026-02-23 17:37:33.769  2028  4118 D DisplayModeDirector: setAppRequest displayId : 0  modeId: 2  requestedRefreshRate: 0.0  requestedMinRefreshRateRange: 0.0  requestedMaxRefreshRateRange: 90.0
2026-02-23 17:37:33.776  2028  3297 D CoreBackPreview: Window{9f2f247 u0 Splash Screen com.whatsapp EXITING}: Setting back callback null
2026-02-23 17:37:33.777  2028  2685 D DisplayManagerServiceExtImpl: scheduleTraversalLocked intraversal=false
2026-02-23 17:37:33.781  2028  2685 D DisplayManagerService: MSG_REQUEST_TRAVERSAL pendingCompleted=false
2026-02-23 17:37:33.782  2028  2687 D DisplayManagerService: performTraversalInternal pendingTraversal
2026-02-23 17:37:33.782  2028  2687 D DisplayDevice: setLayerStackLocked id=local:4630946896948975233 token=android.os.BinderProxy@5905c34 stack=0->0
2026-02-23 17:37:33.782  2028  2985 D LocalDisplayAdapter: setDesiredDisplayModeSpecsAsync: display unique id = local:4630946896948975233, display mode specs = defaultMode=1 allowGroupSwitching=false primaryRanges=physical: (0.0 120.00001) render:  (0.0 90.0) appRequestRanges=physical: (0.0 120.00001) render:  (0.0 90.0) idleScreenRefreshRate=null
2026-02-23 17:37:33.786  2028  2685 D DisplayManagerServiceExtImpl: scheduleTraversalLocked intraversal=false
2026-02-23 17:37:33.794  2028  2685 D DisplayManagerService: MSG_REQUEST_TRAVERSAL pendingCompleted=false
2026-02-23 17:37:33.797  2028  2687 D DisplayManagerService: performTraversalInternal pendingTraversal
2026-02-23 17:37:33.797  2028  2687 D DisplayDevice: setLayerStackLocked id=local:4630946896948975233 token=android.os.BinderProxy@5905c34 stack=0->0
2026-02-23 17:37:33.797  2028  2985 D LocalDisplayAdapter: setDesiredDisplayModeSpecsAsync: display unique id = local:4630946896948975233, display mode specs = defaultMode=1 allowGroupSwitching=false primaryRanges=physical: (0.0 90.0) render:  (0.0 90.0) appRequestRanges=physical: (0.0 90.0) render:  (0.0 90.0) idleScreenRefreshRate=null
2026-02-23 17:37:33.803  2028  2685 I DisplayDeviceRepository: Display device changed render timings: "Built-in Screen", renderFrameRate=90.0, presentationDeadlineNanos=17111110, appVsyncOffsetNanos=1000000
2026-02-23 17:37:33.803  2028  2685 D LogicalDisplayExt: set displayInfo flag FLAG_ROTATES_WITH_CONTENT
2026-02-23 17:37:33.808  2028  2685 D DisplayManagerServiceExtImpl: scheduleTraversalLocked intraversal=false
2026-02-23 17:37:33.809  2028  2685 I DisplayManagerServiceExtImpl: handle logical display changed logicalDisplay=id=0,stack=0,content=true,displayInfo{stack=0,type=1,id=0,uId=local:4630946896948975233,state=ON,pkg=null}
2026-02-23 17:37:33.809  2028  2902 D BrightnessThermalClamper: Thermal status observer already started
2026-02-23 17:37:33.809  2028  2902 D BrightnessPowerClamper: Power throttling data is missing for configuration data.
2026-02-23 17:37:33.809  2028  2685 D DisplayManagerService: Delivering display event: displayId=0, event=CHANGED
2026-02-23 17:37:33.813  3774  3774 D CastManagerService: onDisplayChanged.
2026-02-23 17:37:33.817  2028  2685 D DisplayManagerService: MSG_REQUEST_TRAVERSAL pendingCompleted=false
2026-02-23 17:37:33.817  2028  2680 D OplusVFXScreenEffectFeature: notifySFCompatWindowStateChange entered false
2026-02-23 17:37:33.818  2028  2680 D FSS_FoldScreenBlackCoverController: displayChangeToOn, dc:Display{#0 state=ON size=1080x2400 ROTATION_0}
2026-02-23 17:37:33.820  2028  2680 D DisplayManagerService: performTraversalInternal pendingTraversal
2026-02-23 17:37:33.820  2028  2680 D DisplayDevice: setLayerStackLocked id=local:4630946896948975233 token=android.os.BinderProxy@5905c34 stack=0->0
2026-02-23 17:37:33.840  2028  3658 I Quality : BitmapCompressInfo:756,1680,0,95,119678177
2026-02-23 17:37:33.843  2028  2985 D VRR [OPlusRefreshRateService]: handleConfigIdChange physicalDisplayId: 4630946896948975233 configId: 1 renderPeriod: 11111111
2026-02-23 17:37:33.905  2028  2688 D SurfaceAnimationRunner: onAnimationEnd:Surface(name=Surface(name=9f2f247 Splash Screen com.whatsapp)/@0x509bb15 - animation-leash of window_animation)/@0x3633e2a
2026-02-23 17:37:33.906  2028  2687 I WindowStateExtImpl: onSurfaceShowChange show = false mPackageName = com.whatsapp parentPkgName = com.whatsapp
2026-02-23 17:37:33.906  2028  2687 I WindowManager: Window{9f2f247 u0 Splash Screen com.whatsapp EXITING} state from HAS_DRAWN to NO_SURFACE; reason: destroySurface
2026-02-23 17:37:34.449  2028  5002 D ActivityTaskManager: Skipping, invisible task: Task{e7e93cb #5 type=home I=com.android.launcher/.Launcher}
2026-02-23 17:37:34.450  2028  5002 D OplusSplitScreenManagerService: com.instagram.android unSupportsSplitScreen by blockList or ForbidActivityList
2026-02-23 17:37:34.451  2028  5002 D ActivityTaskManager: pre-Filtered:com.whatsapp # com.jarvis # com.instagram.android # com.google.android.apps.docs # com.application.zomato # 
2026-02-23 17:37:34.451  2028  5002 D ActivityTaskManager: after skip size 5
2026-02-23 17:37:34.532  2028  2152 W SettingsStatsUtil: Can not parse value to float: +network
2026-02-23 17:37:34.537  2028  2152 W SettingsStatsUtil: Can not parse value to float: +network
2026-02-23 17:37:34.689  1476  1476 D OplusInputMethodUtil: init sDebug to false, init sDebugIme to false, init sAlwaysOn to false
2026-02-23 17:37:34.689  1476  1476 D OplusInputMethodUtil: updateDebugToClass InputMethodManager.DEBUG = false
2026-02-23 17:37:34.689  1476  1476 D OplusInputMethodUtil: updateDebugToClass ImeFocusController.DEBUG = false
2026-02-23 17:37:34.689  1476  1476 D OplusInputMethodUtil: updateDebugToClass InsetsController.DEBUG = false
2026-02-23 17:37:34.689  1476  1476 D OplusInputMethodUtil: updateDebugToClass BaseInputConnection.DEBUG = false
2026-02-23 17:37:34.695  1476  1476 I Quality : ActivityThread: makeApplication delay 1314 com.duolingo 1476
2026-02-23 17:37:34.748  1478  1478 I Quality : ActivityThread: callApplicationOnCreate delay 1397 com.jio.myjio:remote 1478
2026-02-23 17:37:34.750  2028  4118 D CompatChangeReporter: Compat change id reported: 151861875; UID 10036; state: ENABLED
2026-02-23 17:37:34.753  2028  5002 I ActivityManager: Flag disabled. Ignoring finishAttachApplication from uid: 10036. pid: 1478
2026-02-23 17:37:34.766  2028  2809 I ActivityManager: Start proc 1879:com.jio.myjio/u0a36 for service {com.jio.myjio/com.google.firebase.sessions.SessionLifecycleService}
2026-02-23 17:37:34.783  2028  5002 D CompatChangeReporter: Compat change id reported: 297989574; UID 10036; state: ENABLED
2026-02-23 17:37:34.815  2028  5002 D ActivityTaskManagerServiceExtImpl: preBindApplication record is null
2026-02-23 17:37:34.842  2028  5007 W ActivityManager: Receiver with filter android.content.IntentFilter@1c7cd45 already registered for pid 1478, callerPackage is com.jio.myjio
2026-02-23 17:37:34.850  2028  3459 D PowerManagerService: userActivityNoUpdateLocked: groupId=0, eventTime=368217690, event=touch, flags=0x0, uid=1000
2026-02-23 17:37:34.852  2028  3941 W ActivityManager: Receiver with filter android.content.IntentFilter@be924f2 already registered for pid 1478, callerPackage is com.jio.myjio
2026-02-23 17:37:34.885  2028  5002 I ActivityManager: Death received, pid = 30784, processName = com.facebook.system for thread android.os.BinderProxy@4a818d8
2026-02-23 17:37:34.886  2028  3941 D CompatChangeReporter: Compat change id reported: 297989574; UID 10246; state: ENABLED
2026-02-23 17:37:34.886  2028  3946 I ActivityManager: Process com.facebook.system (pid 30784) has died: cch+75 CEM 
2026-02-23 17:37:34.903  2028  2680 D DisplayManagerService: Drop pending events for gone uid 10188
2026-02-23 17:37:34.919  2028  4892 I ActivityManager: Death received, pid = 31384, processName = com.oplus.safecenter for thread android.os.BinderProxy@58a061c
2026-02-23 17:37:34.922  2028  3944 I ActivityManager: Process com.oplus.safecenter (pid 31384) has died: cch+55 CEM 
2026-02-23 17:37:34.941  2028  3941 I ActivityManager: Death received, pid = 30663, processName = com.facebook.appmanager for thread android.os.BinderProxy@6dd6ffa
2026-02-23 17:37:34.942  2028  3946 I ActivityManager: Process com.facebook.appmanager (pid 30663) has died: cch+65 CEM 
2026-02-23 17:37:34.945  2028  4117 I ActivityManager: Death received, pid = 30101, processName = com.google.android.apps.maps for thread android.os.BinderProxy@9c309ab
2026-02-23 17:37:34.946  2028  3297 I ActivityManager: Death received, pid = 30978, processName = com.oplus.phonemanager for thread android.os.BinderProxy@a3f6808
2026-02-23 17:37:34.946  2028  3946 I ActivityManager: Process com.google.android.apps.maps (pid 30101) has died: cch+85 CEM 
2026-02-23 17:37:34.950  2028  5002 I ActivityManager: Death received, pid = 31067, processName = com.android.vending:background for thread android.os.BinderProxy@ce1eba1
2026-02-23 17:37:34.951  2028  3459 D PowerManagerService: userActivityNoUpdateLocked: groupId=0, eventTime=368217792, event=touch, flags=0x0, uid=1000
2026-02-23 17:37:34.958  2028  3946 I ActivityManager: Process com.android.vending:background (pid 31067) has died: cch+35 CEM 
2026-02-23 17:37:34.964  2028  2680 D DisplayManagerService: Drop pending events for gone uid 10205
2026-02-23 17:37:34.964  2028  2680 D DisplayManagerService: Drop pending events for gone uid 10139
2026-02-23 17:37:34.972  2028  3944 I ActivityManager: Process com.oplus.phonemanager (pid 30978) has died: cch+65 CEM 
2026-02-23 17:37:35.004  2028  2680 D DisplayManagerService: Drop pending events for gone uid 10332
2026-02-23 17:37:35.055  2028  3459 D PowerManagerService: userActivityNoUpdateLocked: groupId=0, eventTime=368217896, event=touch, flags=0x0, uid=1000
2026-02-23 17:37:35.067  2028  3435 V AlarmManager: sending alarm Alarm{cf8f876 type 3 origWhen 689355000 whenElapsed 689355000 android} uid 1000 whenElapsed 689355000 windowLength 0 maxWhenElapsed 689355000 repeatInterval 0 action null component null tag StatsCompanionService.periodic flags 0x9 procName system_server
2026-02-23 17:37:35.122  1879  1879 D ResourcesManagerExtImpl: applyConfigurationToAppResourcesLocked app.getDisplayId() return callback.displayId:-1
2026-02-23 17:37:35.141  2028  3470 I FlexibleTaskController: onShowImeRequested
2026-02-23 17:37:35.157  1476  1476 I Quality : ActivityThread: callApplicationOnCreate delay 452 com.duolingo 1476
2026-02-23 17:37:35.160  2028  2152 I ActivityManager: Flag disabled. Ignoring finishAttachApplication from uid: 10246. pid: 1476
2026-02-23 17:37:35.194  1476  2043 E ActivityThread: Failed to find provider info for com.facebook.katana.provider.PlatformProvider
2026-02-23 17:37:35.251  2028  5007 D WindowManagerServiceExtImpl: extractConfigInfoAndRealFlags rotation=0, screenDp=360, residentWS:0, win=Window{22b7e37 u0 InputMethod}
2026-02-23 17:37:35.252  2028  5007 V WindowManager: Relayout Window{22b7e37 u0 InputMethod}: viewVisibility=0, oldvis=8, req=1080x2293, vsysui=, x=0, y=0
2026-02-23 17:37:35.252  2028  5007 I WindowManager: Window{22b7e37 u0 InputMethod} state from NO_SURFACE to DRAW_PENDING; reason: resetDrawState
2026-02-23 17:37:35.257  2028  3297 D CompatChangeReporter: Compat change id reported: 311402873; UID 10246; state: ENABLED
2026-02-23 17:37:35.257  2028  3297 D CompatChangeReporter: Compat change id reported: 323349338; UID 10246; state: ENABLED
2026-02-23 17:37:35.258  2028  5007 D WindowManager: NFW_findFocusedWindowIfNeeded:Window{93a22e6 u0 com.whatsapp/com.whatsapp.Conversation} mCurrentFocus:Window{93a22e6 u0 com.whatsapp/com.whatsapp.Conversation}
2026-02-23 17:37:35.262  3826  3826 W VRI[StatusBar]: handleResized abandoned!
2026-02-23 17:37:35.262  3826  3826 W VRI[NavigationBar_displayId_0]: handleResized abandoned!
2026-02-23 17:37:35.263 27579 27579 W VRI[InputMethod]: updateBlastSurfaceIfNeeded, surfaceSize:Point(1080, 2293), lastSurfaceSize:Point(1080, 2293), format:-2, blastBufferQueue:null
2026-02-23 17:37:35.266  3826  4092 W VRI[ScreenDecorOverlay]: handleResized abandoned!
2026-02-23 17:37:35.266  3826  4092 W VRI[ScreenDecorOverlayBottom]: handleResized abandoned!
2026-02-23 17:37:35.266  3826  4092 W VRI[OplusPrivacyIconTopRight]: handleResized abandoned!
2026-02-23 17:37:35.270 26670 26670 W VRI[Conversation]: handleResized abandoned!
2026-02-23 17:37:35.283  3826  3826 W VRI[StatusBar]: handleResized abandoned!
2026-02-23 17:37:35.283  3826  3826 W VRI[NavigationBar_displayId_0]: handleResized abandoned!
2026-02-23 17:37:35.285  3826  4092 W VRI[ScreenDecorOverlay]: handleResized abandoned!
2026-02-23 17:37:35.285  3826  4092 W VRI[ScreenDecorOverlayBottom]: handleResized abandoned!
2026-02-23 17:37:35.285  3826  4092 W VRI[OplusPrivacyIconTopRight]: handleResized abandoned!
2026-02-23 17:37:35.291 26670 26670 W VRI[Conversation]: handleResized abandoned!
2026-02-23 17:37:35.291  2028  5007 I WindowManager: Window{22b7e37 u0 InputMethod} state from DRAW_PENDING to COMMIT_DRAW_PENDING; reason: finishDrawingLocked
2026-02-23 17:37:35.312  2028  2687 I WindowManager: Window{22b7e37 u0 InputMethod} state from COMMIT_DRAW_PENDING to READY_TO_SHOW; reason: commitFinishDrawingLocked
2026-02-23 17:37:35.337  2028  4117 D OplusAppQuickStart_AppQuickStartController: reportImeDrawnOnTask taskid:742 mCurrentAppStartingSurface:null
2026-02-23 17:37:35.344  2028  4117 D WindowManager: setFrameRateStart invalid typeId return!
2026-02-23 17:37:35.370  1476  2072 E ActivityThread: Failed to find provider info for com.facebook.katana.provider.AttributionIdProvider
2026-02-23 17:37:35.374  2028  2687 V WindowStateExtImpl: notifyWindowStateChange input show
2026-02-23 17:37:35.374  2028  2687 I WindowManager: Window{22b7e37 u0 InputMethod} state from READY_TO_SHOW to HAS_DRAWN; reason: performShowLocked
2026-02-23 17:37:35.396 26670 26670 W VRI[Conversation]: handleResized abandoned!
2026-02-23 17:37:35.396  3826  3884 D WindowManagerShell: onKeepClearAreasChanged: restricted={}, unrestricted={Rect(0, 1264 - 1080, 2400)}
2026-02-23 17:37:35.401  3826  3826 W VRI[StatusBar]: handleResized abandoned!
2026-02-23 17:37:35.401  3826  3826 W VRI[NavigationBar_displayId_0]: handleResized abandoned!
2026-02-23 17:37:35.402  3826  4092 W VRI[ScreenDecorOverlay]: handleResized abandoned!
2026-02-23 17:37:35.402  3826  4092 W VRI[ScreenDecorOverlayBottom]: handleResized abandoned!
2026-02-23 17:37:35.402  3826  4092 W VRI[OplusPrivacyIconTopRight]: handleResized abandoned!
2026-02-23 17:37:35.410  2028  3880 D CompatChangeReporter: Compat change id reported: 311208629; UID 10246; state: ENABLED
2026-02-23 17:37:35.410 27579 27579 W VRI[InputMethod]: handleResized abandoned!
2026-02-23 17:37:35.416  2028  3880 W JobScheduler: Job didn't exist in JobStore: #com.duolingo/46034
2026-02-23 17:37:35.439  2028  3937 D VRR [OPlusExternalRefreshRateManager]: isPkgTfcEnable: pkgName = com.duolingo, enable = false
2026-02-23 17:37:35.439  2028  3937 D VRR [OPlusExternalRefreshRateManager]: getTfcMinFramerate: pkgName = com.duolingo, min framerate = 0
2026-02-23 17:37:35.550  2028  3880 W FillRequestEventLogger: Shouldn't be logging AutofillFillRequestReported again for same event
2026-02-23 17:37:35.550  2028  3880 W FillResponseEventLogger: Shouldn't be logging AutofillFillRequestReported again for same event
2026-02-23 17:37:35.551  2028  3880 D AutofillSession: clearPendingIntentLocked
2026-02-23 17:37:35.551  2028  2028 I ServiceConnector.Impl: unbindJobThread: connection = ServiceConnector@157(Intent { act=android.service.autofill.AutofillService cmp=com.google.android.gms/.autofill.service.AutofillService }, user: 0)[Unbinding...]service = null mBinding = false
2026-02-23 17:37:35.551  2028  3880 V AutofillSession: Primary service component name: ComponentInfo{com.google.android.gms/com.google.android.gms.autofill.service.AutofillService}, secondary service component name: ComponentInfo{com.android.credentialmanager/com.android.credentialmanager.autofill.CredentialAutofillService}
2026-02-23 17:37:35.551  2028  2028 E ServiceConnector.Impl: Failed to unbind: java.lang.IllegalArgumentException: Service not registered: ServiceConnector@157(Intent { act=android.service.autofill.AutofillService cmp=com.google.android.gms/.autofill.service.AutofillService }, user: 0)[Unbinding...]
2026-02-23 17:37:35.551  2028  3880 V SecondaryProviderHandler: Creating a secondary provider handler with component name, ComponentInfo{com.android.credentialmanager/com.android.credentialmanager.autofill.CredentialAutofillService}
2026-02-23 17:37:35.551  2028  2028 I ServiceConnector.Impl: unbindJobThread: connection = ServiceConnector@347(Intent { act=android.service.autofill.AutofillService cmp=com.android.credentialmanager/.autofill.CredentialAutofillService }, user: 0)[Unbinding...]service = null mBinding = false
2026-02-23 17:37:35.552  2028  2028 E ServiceConnector.Impl: Failed to unbind: java.lang.IllegalArgumentException: Service not registered: ServiceConnector@347(Intent { act=android.service.autofill.AutofillService cmp=com.android.credentialmanager/.autofill.CredentialAutofillService }, user: 0)[Unbinding...]
2026-02-23 17:37:35.671  1476  2041 E ActivityThread: Failed to find provider info for com.facebook.katana.provider.AttributionIdProvider
2026-02-23 17:37:35.702  2028  5007 I ActivityManager: Flag disabled. Ignoring finishAttachApplication from uid: 10036. pid: 1879
2026-02-23 17:37:35.711  2028  5004 D VRR [OPlusExternalRefreshRateManager]: isPkgTfcEnable: pkgName = com.jio.myjio, enable = false
2026-02-23 17:37:35.711  2028  5004 D VRR [OPlusExternalRefreshRateManager]: getTfcMinFramerate: pkgName = com.jio.myjio, min framerate = 0
2026-02-23 17:37:35.957  2028  3459 D PowerManagerService: userActivityNoUpdateLocked: groupId=0, eventTime=368218797, event=touch, flags=0x0, uid=1000
2026-02-23 17:37:36.059  2028  3459 D PowerManagerService: userActivityNoUpdateLocked: groupId=0, eventTime=368218900, event=touch, flags=0x0, uid=1000
2026-02-23 17:37:36.086  2028  2928 D OplusDisplayBrightnessBroadcastReceiver: onReceive action = android.intent.action.BATTERY_CHANGED , listeners = [com.android.server.display.OplusFeatureHDREnhanceBrightness$PhoneInfoReceiver@780cd78, com.android.server.display.OplusFeatureEdrEnhanceBrightness$PhoneInfoReceiver@3423c51]
2026-02-23 17:37:36.162  2028  3459 D PowerManagerService: userActivityNoUpdateLocked: groupId=0, eventTime=368219003, event=touch, flags=0x0, uid=1000
2026-02-23 17:37:36.265  2028  3459 D PowerManagerService: userActivityNoUpdateLocked: groupId=0, eventTime=368219107, event=touch, flags=0x0, uid=1000
2026-02-23 17:37:36.368  2028  3459 D PowerManagerService: userActivityNoUpdateLocked: groupId=0, eventTime=368219210, event=touch, flags=0x0, uid=1000
2026-02-23 17:37:36.420  2028  3937 W PresentationStatsEventLogger: Bad view state for: -1
2026-02-23 17:37:36.768  2028  7231 D CompatChangeReporter: Compat change id reported: 311402873; UID 10036; state: ENABLED
2026-02-23 17:37:36.769  2028  7231 D CompatChangeReporter: Compat change id reported: 323349338; UID 10036; state: ENABLED
2026-02-23 17:37:36.807  2028  2928 D OplusFeatureHDREnhanceBrightness: checkIsPlayingHDR isPlayingHDR=0 rotation=0 whiteApp=false battery=70
2026-02-23 17:37:37.244  2028  3459 D PowerManagerService: userActivityNoUpdateLocked: groupId=0, eventTime=368220085, event=touch, flags=0x0, uid=1000
2026-02-23 17:37:37.340  2028  5004 W PresentationStatsEventLogger: Bad view state for: -1
2026-02-23 17:37:37.409  2028  7231 W PresentationStatsEventLogger: Bad view state for: -1
2026-02-23 17:37:37.582  2028  7231 W JobScheduler: Job didn't exist in JobStore: #com.google.android.inputmethod.latin/167173
2026-02-23 17:37:39.657  2028  3459 D PowerManagerService: userActivityNoUpdateLocked: groupId=0, eventTime=368222497, event=touch, flags=0x0, uid=1000
2026-02-23 17:37:39.725  2028  3941 D CoreBackPreview: startBackNavigation currentTask=Task{4c84f0d #742 type=standard A=10276:com.whatsapp}, topRunningActivity=ActivityRecord{91c484f u0 com.whatsapp/.Conversation t742}, callbackInfo=OnBackInvokedCallbackInfo{mCallback=android.window.IOnBackInvokedCallback$Stub$Proxy@90dbc7d, mPriority=0, mIsAnimationCallback=false}, currentFocus=Window{93a22e6 u0 com.whatsapp/com.whatsapp.Conversation}
2026-02-23 17:37:39.727  3826  3884 D ShellBackPreview: Received backNavigationInfo:BackNavigationInfo{mType=TYPE_CALLBACK (4), mOnBackNavigationDone=android.os.RemoteCallback@3dd33c9, mOnBackInvokedCallback=android.window.IOnBackInvokedCallback$Stub$Proxy@16c7ace, mPrepareRemoteAnimation=false, mAnimationCallback=false, mCustomizeAnimationInfo=null}
2026-02-23 17:37:39.727  3826  3884 D ShellBackPreview: Finishing gesture with event action: 1
2026-02-23 17:37:39.727  3826  3884 D ShellBackPreview: onGestureFinished() mTriggerBack == false
2026-02-23 17:37:39.727  3826  3884 D ShellBackPreview: Trigger back without dispatching to animator.
2026-02-23 17:37:39.727  3826  3884 D ShellBackPreview: BackAnimationController: finishBackNavigation()
2026-02-23 17:37:39.728  2028  3941 D CoreBackPreview: onBackNavigationDone backType=4, triggerBack=false
2026-02-23 17:37:39.756  2028  5004 W PresentationStatsEventLogger: Bad view state for: -1
2026-02-23 17:37:39.778  2028  5002 W PackageConfigPersister: App-specific configuration not found for packageName: com.whatsapp and userId: 0
2026-02-23 17:37:40.010  2028  5004 W FillRequestEventLogger: Shouldn't be logging AutofillFillRequestReported again for same event
2026-02-23 17:37:40.010  2028  5004 W FillResponseEventLogger: Shouldn't be logging AutofillFillRequestReported again for same event
2026-02-23 17:37:40.010  2028  5004 D AutofillSession: clearPendingIntentLocked
2026-02-23 17:37:40.013  2028  5004 V AutofillSession: Primary service component name: ComponentInfo{com.google.android.gms/com.google.android.gms.autofill.service.AutofillService}, secondary service component name: ComponentInfo{com.android.credentialmanager/com.android.credentialmanager.autofill.CredentialAutofillService}
2026-02-23 17:37:40.013  2028  5004 V SecondaryProviderHandler: Creating a secondary provider handler with component name, ComponentInfo{com.android.credentialmanager/com.android.credentialmanager.autofill.CredentialAutofillService}
2026-02-23 17:37:40.014  2028  2028 I ServiceConnector.Impl: unbindJobThread: connection = ServiceConnector@136(Intent { act=android.service.autofill.AutofillService cmp=com.google.android.gms/.autofill.service.AutofillService }, user: 0)[Unbinding...]service = null mBinding = false
2026-02-23 17:37:40.015  2028  2028 E ServiceConnector.Impl: Failed to unbind: java.lang.IllegalArgumentException: Service not registered: ServiceConnector@136(Intent { act=android.service.autofill.AutofillService cmp=com.google.android.gms/.autofill.service.AutofillService }, user: 0)[Unbinding...]
2026-02-23 17:37:40.015  2028  2028 I ServiceConnector.Impl: unbindJobThread: connection = ServiceConnector@646(Intent { act=android.service.autofill.AutofillService cmp=com.android.credentialmanager/.autofill.CredentialAutofillService }, user: 0)[Unbinding...]service = null mBinding = false
2026-02-23 17:37:40.015  2028  2028 E ServiceConnector.Impl: Failed to unbind: java.lang.IllegalArgumentException: Service not registered: ServiceConnector@646(Intent { act=android.service.autofill.AutofillService cmp=com.android.credentialmanager/.autofill.CredentialAutofillService }, user: 0)[Unbinding...]
2026-02-23 17:37:40.459  2028  3459 D PowerManagerService: userActivityNoUpdateLocked: groupId=0, eventTime=368223299, event=touch, flags=0x0, uid=1000
2026-02-23 17:37:40.462  2028  5004 D CoreBackPreview: startBackNavigation currentTask=Task{4c84f0d #742 type=standard A=10276:com.whatsapp}, topRunningActivity=ActivityRecord{91c484f u0 com.whatsapp/.Conversation t742}, callbackInfo=OnBackInvokedCallbackInfo{mCallback=android.window.IOnBackInvokedCallback$Stub$Proxy@90dbc7d, mPriority=0, mIsAnimationCallback=false}, currentFocus=Window{93a22e6 u0 com.whatsapp/com.whatsapp.Conversation}
2026-02-23 17:37:40.463  3826  3884 D ShellBackPreview: Received backNavigationInfo:BackNavigationInfo{mType=TYPE_CALLBACK (4), mOnBackNavigationDone=android.os.RemoteCallback@1ef3def, mOnBackInvokedCallback=android.window.IOnBackInvokedCallback$Stub$Proxy@d9660fc, mPrepareRemoteAnimation=false, mAnimationCallback=false, mCustomizeAnimationInfo=null}
2026-02-23 17:37:40.470  2028  5002 V WindowManager: Relayout Window{a0df9ff u0 ColorSideGestureLeft_displayId_0}: viewVisibility=0, oldvis=8, req=115x2713, vsysui=
2026-02-23 17:37:40.470  2028  5002 I WindowManager: Window{a0df9ff u0 ColorSideGestureLeft_displayId_0} state from NO_SURFACE to DRAW_PENDING; reason: resetDrawState
2026-02-23 17:37:40.478  2028  5002 D WindowManager: NFW_findFocusedWindowIfNeeded:Window{93a22e6 u0 com.whatsapp/com.whatsapp.Conversation} mCurrentFocus:Window{93a22e6 u0 com.whatsapp/com.whatsapp.Conversation}
2026-02-23 17:37:40.482  2028  2680 D WindowManager: request show transient bar, navigationBar already visible
2026-02-23 17:37:40.499  2028  5002 I WindowManager: Window{a0df9ff u0 ColorSideGestureLeft_displayId_0} state from DRAW_PENDING to COMMIT_DRAW_PENDING; reason: finishDrawingLocked
2026-02-23 17:37:40.500  2028  2687 I WindowManager: Window{a0df9ff u0 ColorSideGestureLeft_displayId_0} state from COMMIT_DRAW_PENDING to READY_TO_SHOW; reason: commitFinishDrawingLocked
2026-02-23 17:37:40.500  2028  2687 I WindowManager: Window{a0df9ff u0 ColorSideGestureLeft_displayId_0} state from READY_TO_SHOW to HAS_DRAWN; reason: performShowLocked
2026-02-23 17:37:40.557  3826  3884 D ShellBackPreview: Finishing gesture with event action: 1
2026-02-23 17:37:40.557  3826  3884 D ShellBackPreview: onGestureFinished() mTriggerBack == true
2026-02-23 17:37:40.557  3826  3884 D ShellBackPreview: Trigger back without dispatching to animator.
2026-02-23 17:37:40.560  3826  3884 D ShellBackPreview: BackAnimationController: finishBackNavigation()
2026-02-23 17:37:40.562  2028  3941 D CoreBackPreview: onBackNavigationDone backType=4, triggerBack=true
2026-02-23 17:37:40.580  2028  7231 D WindowManager: setFrameRateStart invalid typeId return!
2026-02-23 17:37:40.582  2028  2685 V WindowStateExtImpl: notifyWindowStateChange input show
2026-02-23 17:37:40.590  3826  3826 W VRI[StatusBar]: handleResized abandoned!
2026-02-23 17:37:40.590  3826  3826 W VRI[NavigationBar_displayId_0]: handleResized abandoned!
2026-02-23 17:37:40.590  3826  4190 W VRI[ColorSideGestureLeft_displayId_0]: handleResized abandoned!
2026-02-23 17:37:40.590  3826  4092 W VRI[ScreenDecorOverlay]: handleResized abandoned!
2026-02-23 17:37:40.590  3826  4092 W VRI[ScreenDecorOverlayBottom]: handleResized abandoned!
2026-02-23 17:37:40.590  3826  4092 W VRI[OplusPrivacyIconTopRight]: handleResized abandoned!
2026-02-23 17:37:40.590  3826  3884 D WindowManagerShell: onKeepClearAreasChanged: restricted={}, unrestricted={}
2026-02-23 17:37:40.591  2028  5002 D WindowManagerServiceExtImpl: extractConfigInfoAndRealFlags rotation=0, screenDp=360, residentWS:0, win=Window{22b7e37 u0 InputMethod}
2026-02-23 17:37:40.591  2028  5002 V WindowManager: Relayout Window{22b7e37 u0 InputMethod}: viewVisibility=0, oldvis=0, req=1080x2293, vsysui=, x=0, y=0
2026-02-23 17:37:40.592  2028  5002 D WindowManager: NFW_findFocusedWindowIfNeeded:Window{93a22e6 u0 com.whatsapp/com.whatsapp.Conversation} mCurrentFocus:Window{93a22e6 u0 com.whatsapp/com.whatsapp.Conversation}
2026-02-23 17:37:40.594 27579 27579 W VRI[InputMethod]: updateBlastSurfaceIfNeeded, surfaceSize:Point(1080, 2293), lastSurfaceSize:Point(1080, 2293), format:-2, blastBufferQueue:android.graphics.BLASTBufferQueue@679dfe9
2026-02-23 17:37:40.608  3826  3826 W VRI[StatusBar]: handleResized abandoned!
2026-02-23 17:37:40.608  3826  3826 W VRI[NavigationBar_displayId_0]: handleResized abandoned!
2026-02-23 17:37:40.608  3826  4092 W VRI[ScreenDecorOverlay]: handleResized abandoned!
2026-02-23 17:37:40.608  3826  4092 W VRI[ScreenDecorOverlayBottom]: handleResized abandoned!
2026-02-23 17:37:40.608  3826  4092 W VRI[OplusPrivacyIconTopRight]: handleResized abandoned!
2026-02-23 17:37:40.609  3826  4190 W VRI[ColorSideGestureLeft_displayId_0]: handleResized abandoned!
2026-02-23 17:37:40.628 26670 26670 W VRI[Conversation]: handleResized abandoned!
2026-02-23 17:37:40.629 26670 26670 W VRI[Conversation]: handleResized abandoned!
2026-02-23 17:37:40.765  2028  7231 V WindowManager: Relayout Window{a0df9ff u0 ColorSideGestureLeft_displayId_0}: viewVisibility=8, oldvis=0, req=115x2713, vsysui=
2026-02-23 17:37:40.765  2028  7231 I WindowManager: Window{a0df9ff u0 ColorSideGestureLeft_displayId_0} state from HAS_DRAWN to NO_SURFACE; reason: destroySurface
2026-02-23 17:37:40.770  2028  7231 D WindowManager: NFW_findFocusedWindowIfNeeded:Window{93a22e6 u0 com.whatsapp/com.whatsapp.Conversation} mCurrentFocus:Window{93a22e6 u0 com.whatsapp/com.whatsapp.Conversation}
2026-02-23 17:37:40.773  2028  7231 W FillRequestEventLogger: Shouldn't be logging AutofillFillRequestReported again for same event
2026-02-23 17:37:40.773  2028  7231 W FillResponseEventLogger: Shouldn't be logging AutofillFillRequestReported again for same event
2026-02-23 17:37:40.773  2028  7231 D AutofillSession: clearPendingIntentLocked
2026-02-23 17:37:40.775  2028  2028 I ServiceConnector.Impl: unbindJobThread: connection = ServiceConnector@831(Intent { act=android.service.autofill.AutofillService cmp=com.google.android.gms/.autofill.service.AutofillService }, user: 0)[Unbinding...]service = null mBinding = false
2026-02-23 17:37:40.776  2028  2028 E ServiceConnector.Impl: Failed to unbind: java.lang.IllegalArgumentException: Service not registered: ServiceConnector@831(Intent { act=android.service.autofill.AutofillService cmp=com.google.android.gms/.autofill.service.AutofillService }, user: 0)[Unbinding...]
2026-02-23 17:37:40.776  2028  2028 I ServiceConnector.Impl: unbindJobThread: connection = ServiceConnector@613(Intent { act=android.service.autofill.AutofillService cmp=com.android.credentialmanager/.autofill.CredentialAutofillService }, user: 0)[Unbinding...]service = null mBinding = false
2026-02-23 17:37:40.776  2028  2028 E ServiceConnector.Impl: Failed to unbind: java.lang.IllegalArgumentException: Service not registered: ServiceConnector@613(Intent { act=android.service.autofill.AutofillService cmp=com.android.credentialmanager/.autofill.CredentialAutofillService }, user: 0)[Unbinding...]
2026-02-23 17:37:40.778  2028  7231 V AutofillSession: Primary service component name: ComponentInfo{com.google.android.gms/com.google.android.gms.autofill.service.AutofillService}, secondary service component name: ComponentInfo{com.android.credentialmanager/com.android.credentialmanager.autofill.CredentialAutofillService}
2026-02-23 17:37:40.778  2028  7231 V SecondaryProviderHandler: Creating a secondary provider handler with component name, ComponentInfo{com.android.credentialmanager/com.android.credentialmanager.autofill.CredentialAutofillService}
2026-02-23 17:37:40.983  2028  2028 W AccessibilityManagerService:  wait for adding window timeout: 8793
2026-02-23 17:37:41.219  2028  2928 D OplusDisplayBrightnessBroadcastReceiver: onReceive action = android.intent.action.BATTERY_CHANGED , listeners = [com.android.server.display.OplusFeatureHDREnhanceBrightness$PhoneInfoReceiver@780cd78, com.android.server.display.OplusFeatureEdrEnhanceBrightness$PhoneInfoReceiver@3423c51]
2026-02-23 17:37:41.351  2028  3941 D WindowManagerServiceExtImpl: extractConfigInfoAndRealFlags rotation=0, screenDp=360, residentWS:0, win=Window{22b7e37 u0 InputMethod}
2026-02-23 17:37:41.351  2028  3941 V WindowManager: Relayout Window{22b7e37 u0 InputMethod}: viewVisibility=8, oldvis=0, req=1080x2293, vsysui=
2026-02-23 17:37:41.352  2028  3941 I WindowManager: Window{22b7e37 u0 InputMethod} state from HAS_DRAWN to NO_SURFACE; reason: destroySurface
2026-02-23 17:37:41.368  2028  3941 D WindowManager: NFW_findFocusedWindowIfNeeded:Window{93a22e6 u0 com.whatsapp/com.whatsapp.Conversation} mCurrentFocus:Window{93a22e6 u0 com.whatsapp/com.whatsapp.Conversation}
2026-02-23 17:37:41.369 26670 26670 W VRI[Conversation]: handleResized abandoned!
2026-02-23 17:37:41.381  3826  3826 W VRI[StatusBar]: handleResized abandoned!
2026-02-23 17:37:41.381  3826  3826 W VRI[NavigationBar_displayId_0]: handleResized abandoned!
2026-02-23 17:37:41.381  3826  4092 W VRI[ScreenDecorOverlay]: handleResized abandoned!
2026-02-23 17:37:41.382  3826  4092 W VRI[ScreenDecorOverlayBottom]: handleResized abandoned!
2026-02-23 17:37:41.383  3826  4092 W VRI[OplusPrivacyIconTopRight]: handleResized abandoned!
2026-02-23 17:37:41.386 26670 26670 W VRI[Conversation]: handleResized abandoned!
2026-02-23 17:37:41.386  3826  3826 W VRI[StatusBar]: handleResized abandoned!
2026-02-23 17:37:41.386  3826  3826 W VRI[NavigationBar_displayId_0]: handleResized abandoned!
2026-02-23 17:37:41.386  3826  4092 W VRI[ScreenDecorOverlay]: handleResized abandoned!
2026-02-23 17:37:41.387  3826  4092 W VRI[ScreenDecorOverlayBottom]: handleResized abandoned!
2026-02-23 17:37:41.387  3826  4092 W VRI[OplusPrivacyIconTopRight]: handleResized abandoned!
2026-02-23 17:37:41.507  2028  3459 D PowerManagerService: userActivityNoUpdateLocked: groupId=0, eventTime=368224345, event=touch, flags=0x0, uid=1000
2026-02-23 17:37:41.605  2028  3459 D PowerManagerService: userActivityNoUpdateLocked: groupId=0, eventTime=368224446, event=touch, flags=0x0, uid=1000
2026-02-23 17:37:41.709  2028  3459 D PowerManagerService: userActivityNoUpdateLocked: groupId=0, eventTime=368224549, event=touch, flags=0x0, uid=1000
2026-02-23 17:37:41.812  2028  3459 D PowerManagerService: userActivityNoUpdateLocked: groupId=0, eventTime=368224652, event=touch, flags=0x0, uid=1000
2026-02-23 17:37:41.914  2028  3459 D PowerManagerService: userActivityNoUpdateLocked: groupId=0, eventTime=368224756, event=touch, flags=0x0, uid=1000
2026-02-23 17:37:42.017  2028  3459 D PowerManagerService: userActivityNoUpdateLocked: groupId=0, eventTime=368224859, event=touch, flags=0x0, uid=1000
2026-02-23 17:37:42.121  2028  3459 D PowerManagerService: userActivityNoUpdateLocked: groupId=0, eventTime=368224962, event=touch, flags=0x0, uid=1000
2026-02-23 17:37:42.245  2028  3470 I FlexibleTaskController: onShowImeRequested
2026-02-23 17:37:42.313  2028  5002 D WindowManagerServiceExtImpl: extractConfigInfoAndRealFlags rotation=0, screenDp=360, residentWS:0, win=Window{22b7e37 u0 InputMethod}
2026-02-23 17:37:42.313  2028  5002 V WindowManager: Relayout Window{22b7e37 u0 InputMethod}: viewVisibility=0, oldvis=8, req=1080x2293, vsysui=, x=0, y=0
2026-02-23 17:37:42.313  2028  5002 I WindowManager: Window{22b7e37 u0 InputMethod} state from NO_SURFACE to DRAW_PENDING; reason: resetDrawState
2026-02-23 17:37:42.319  2028  5002 D WindowManager: NFW_findFocusedWindowIfNeeded:Window{93a22e6 u0 com.whatsapp/com.whatsapp.Conversation} mCurrentFocus:Window{93a22e6 u0 com.whatsapp/com.whatsapp.Conversation}
2026-02-23 17:37:42.320 27579 27579 W VRI[InputMethod]: updateBlastSurfaceIfNeeded, surfaceSize:Point(1080, 2293), lastSurfaceSize:Point(1080, 2293), format:-2, blastBufferQueue:null
2026-02-23 17:37:42.323  3826  3826 W VRI[StatusBar]: handleResized abandoned!
2026-02-23 17:37:42.323  3826  3826 W VRI[NavigationBar_displayId_0]: handleResized abandoned!
2026-02-23 17:37:42.323  3826  4092 W VRI[ScreenDecorOverlay]: handleResized abandoned!
2026-02-23 17:37:42.324  3826  4092 W VRI[ScreenDecorOverlayBottom]: handleResized abandoned!
2026-02-23 17:37:42.324  3826  4092 W VRI[OplusPrivacyIconTopRight]: handleResized abandoned!
2026-02-23 17:37:42.329 26670 26670 W VRI[Conversation]: handleResized abandoned!
2026-02-23 17:37:42.334  3826  3826 W VRI[StatusBar]: handleResized abandoned!
2026-02-23 17:37:42.334  3826  3826 W VRI[NavigationBar_displayId_0]: handleResized abandoned!
2026-02-23 17:37:42.336  3826  4092 W VRI[ScreenDecorOverlay]: handleResized abandoned!
2026-02-23 17:37:42.336  3826  4092 W VRI[ScreenDecorOverlayBottom]: handleResized abandoned!
2026-02-23 17:37:42.336  3826  4092 W VRI[OplusPrivacyIconTopRight]: handleResized abandoned!
2026-02-23 17:37:42.339 26670 26670 W VRI[Conversation]: handleResized abandoned!
2026-02-23 17:37:42.341  2028  5002 I WindowManager: Window{22b7e37 u0 InputMethod} state from DRAW_PENDING to COMMIT_DRAW_PENDING; reason: finishDrawingLocked
2026-02-23 17:37:42.347  2028  2687 I WindowManager: Window{22b7e37 u0 InputMethod} state from COMMIT_DRAW_PENDING to READY_TO_SHOW; reason: commitFinishDrawingLocked
2026-02-23 17:37:42.364  2028  3941 D OplusAppQuickStart_AppQuickStartController: reportImeDrawnOnTask taskid:742 mCurrentAppStartingSurface:null
2026-02-23 17:37:42.369  2028  3941 D WindowManager: setFrameRateStart invalid typeId return!
2026-02-23 17:37:42.371  2028  2685 V WindowStateExtImpl: notifyWindowStateChange input show
2026-02-23 17:37:42.375  2028  2685 I WindowManager: Window{22b7e37 u0 InputMethod} state from READY_TO_SHOW to HAS_DRAWN; reason: performShowLocked
2026-02-23 17:37:42.379 27579 27579 W VRI[InputMethod]: handleResized abandoned!
2026-02-23 17:37:42.382  3826  3826 W VRI[StatusBar]: handleResized abandoned!
2026-02-23 17:37:42.382  3826  3826 W VRI[NavigationBar_displayId_0]: handleResized abandoned!
2026-02-23 17:37:42.383  3826  4092 W VRI[ScreenDecorOverlay]: handleResized abandoned!
2026-02-23 17:37:42.383  3826  4092 W VRI[ScreenDecorOverlayBottom]: handleResized abandoned!
2026-02-23 17:37:42.383  3826  4092 W VRI[OplusPrivacyIconTopRight]: handleResized abandoned!
2026-02-23 17:37:42.384 26670 26670 W VRI[Conversation]: handleResized abandoned!
2026-02-23 17:37:42.385  3826  3884 D WindowManagerShell: onKeepClearAreasChanged: restricted={}, unrestricted={Rect(0, 1264 - 1080, 2400)}
2026-02-23 17:37:42.636  2028  5004 W FillRequestEventLogger: Shouldn't be logging AutofillFillRequestReported again for same event
2026-02-23 17:37:42.637  2028  5004 W FillResponseEventLogger: Shouldn't be logging AutofillFillRequestReported again for same event
2026-02-23 17:37:42.637  2028  5004 D AutofillSession: clearPendingIntentLocked
2026-02-23 17:37:42.639  2028  2028 I ServiceConnector.Impl: unbindJobThread: connection = ServiceConnector@673(Intent { act=android.service.autofill.AutofillService cmp=com.google.android.gms/.autofill.service.AutofillService }, user: 0)[Unbinding...]service = null mBinding = false
2026-02-23 17:37:42.640  2028  5004 V AutofillSession: Primary service component name: ComponentInfo{com.google.android.gms/com.google.android.gms.autofill.service.AutofillService}, secondary service component name: ComponentInfo{com.android.credentialmanager/com.android.credentialmanager.autofill.CredentialAutofillService}
2026-02-23 17:37:42.640  2028  5004 V SecondaryProviderHandler: Creating a secondary provider handler with component name, ComponentInfo{com.android.credentialmanager/com.android.credentialmanager.autofill.CredentialAutofillService}
2026-02-23 17:37:42.640  2028  2028 E ServiceConnector.Impl: Failed to unbind: java.lang.IllegalArgumentException: Service not registered: ServiceConnector@673(Intent { act=android.service.autofill.AutofillService cmp=com.google.android.gms/.autofill.service.AutofillService }, user: 0)[Unbinding...]
2026-02-23 17:37:42.640  2028  2028 I ServiceConnector.Impl: unbindJobThread: connection = ServiceConnector@839(Intent { act=android.service.autofill.AutofillService cmp=com.android.credentialmanager/.autofill.CredentialAutofillService }, user: 0)[Unbinding...]service = null mBinding = false
2026-02-23 17:37:42.640  2028  2028 E ServiceConnector.Impl: Failed to unbind: java.lang.IllegalArgumentException: Service not registered: ServiceConnector@839(Intent { act=android.service.autofill.AutofillService cmp=com.android.credentialmanager/.autofill.CredentialAutofillService }, user: 0)[Unbinding...]
2026-02-23 17:37:44.022  2028  4570 D OplusProxyWakeLock: check proxy worksource [ 10036] failed, reason:TAG_NULL ,tag: *job*
2026-02-23 17:37:44.036  2028  5002 D CompatChangeReporter: Compat change id reported: 311208629; UID 10036; state: ENABLED
2026-02-23 17:37:45.284   712  2069 I keystore2: system/security/keystore2/watchdog/src/lib.rs:319 - Watchdog thread idle -> terminating. Have a great day.
2026-02-23 17:37:45.658  2028  5002 V WindowManager: Relayout Window{1a32c95 u0 OplusPrivacyIconTopLeft}: viewVisibility=8, oldvis=8, req=12x12, vsysui=LAYOUT_STABLE, x=39, y=56
2026-02-23 17:37:45.685  2028  5002 V WindowManager: Relayout Window{fc41411 u0 OplusPrivacyIconTopRight}: viewVisibility=0, oldvis=0, req=12x12, vsysui=LAYOUT_STABLE, x=39, y=56
2026-02-23 17:37:47.111  2028  2928 D OplusDisplayBrightnessBroadcastReceiver: onReceive action = android.intent.action.BATTERY_CHANGED , listeners = [com.android.server.display.OplusFeatureHDREnhanceBrightness$PhoneInfoReceiver@780cd78, com.android.server.display.OplusFeatureEdrEnhanceBrightness$PhoneInfoReceiver@3423c51]
2026-02-23 17:37:49.436  2028  3459 D PowerManagerService: userActivityNoUpdateLocked: groupId=0, eventTime=368232274, event=touch, flags=0x0, uid=1000
2026-02-23 17:37:49.540  2028  7231 W PresentationStatsEventLogger: Bad view state for: -1
2026-02-23 17:37:49.623  2028  3459 D PowerManagerService: userActivityNoUpdateLocked: groupId=0, eventTime=368232463, event=touch, flags=0x0, uid=1000
2026-02-23 17:37:49.733  2028  3459 D PowerManagerService: userActivityNoUpdateLocked: groupId=0, eventTime=368232573, event=touch, flags=0x0, uid=1000
2026-02-23 17:37:49.741  2028  7231 W PresentationStatsEventLogger: Bad view state for: -1
2026-02-23 17:37:49.856  2028  3459 D PowerManagerService: userActivityNoUpdateLocked: groupId=0, eventTime=368232694, event=touch, flags=0x0, uid=1000
2026-02-23 17:37:49.941  2028  5007 W PresentationStatsEventLogger: Bad view state for: -1
2026-02-23 17:37:50.058  2028  3459 D PowerManagerService: userActivityNoUpdateLocked: groupId=0, eventTime=368232895, event=touch, flags=0x0, uid=1000
2026-02-23 17:37:50.084  2028  7231 W PresentationStatsEventLogger: Bad view state for: -1
2026-02-23 17:37:50.219  2028  3459 D PowerManagerService: userActivityNoUpdateLocked: groupId=0, eventTime=368233058, event=touch, flags=0x0, uid=1000
2026-02-23 17:37:50.382  2028  3459 D PowerManagerService: userActivityNoUpdateLocked: groupId=0, eventTime=368233222, event=touch, flags=0x0, uid=1000
2026-02-23 17:37:50.463  2028  5004 W PresentationStatsEventLogger: Bad view state for: -1
2026-02-23 17:37:50.500  2028  3459 D PowerManagerService: userActivityNoUpdateLocked: groupId=0, eventTime=368233340, event=touch, flags=0x0, uid=1000
2026-02-23 17:37:50.606  2028  5007 W PresentationStatsEventLogger: Bad view state for: -1
2026-02-23 17:37:50.648  2028  3459 D PowerManagerService: userActivityNoUpdateLocked: groupId=0, eventTime=368233487, event=touch, flags=0x0, uid=1000
2026-02-23 17:37:50.732  2028  5004 W PresentationStatsEventLogger: Bad view state for: -1
2026-02-23 17:37:51.625  2028  5002 W SettingsStatsUtil: Can not parse value to float: +network
2026-02-23 17:37:51.639  2028  5002 W SettingsStatsUtil: Can not parse value to float: +network
2026-02-23 17:37:51.987  2028  3459 D PowerManagerService: userActivityNoUpdateLocked: groupId=0, eventTime=368234826, event=touch, flags=0x0, uid=1000
2026-02-23 17:37:52.008  2028  3941 W PresentationStatsEventLogger: Bad view state for: -1
2026-02-23 17:37:52.164  2028  3459 D PowerManagerService: userActivityNoUpdateLocked: groupId=0, eventTime=368235003, event=touch, flags=0x0, uid=1000
2026-02-23 17:37:52.186  2028  5002 W PresentationStatsEventLogger: Bad view state for: -1
2026-02-23 17:37:52.305  2028  3459 D PowerManagerService: userActivityNoUpdateLocked: groupId=0, eventTime=368235145, event=touch, flags=0x0, uid=1000
2026-02-23 17:37:52.328  2028  3941 W PresentationStatsEventLogger: Bad view state for: -1
2026-02-23 17:37:52.832  2028  3459 D PowerManagerService: userActivityNoUpdateLocked: groupId=0, eventTime=368235669, event=touch, flags=0x0, uid=1000
2026-02-23 17:37:52.917  2028  3941 W PresentationStatsEventLogger: Bad view state for: -1
