02-23 13:04:31.065  2028 30358 D OplusOsPackageManager: uploadInstallAppInfos:{installerPkg=null, code=1, abi1=arm64-v8a, abi2=null, update=1, cert=4326BA544C;, targetSdkVersion=36, source=com.android.shell, app_pkg=com.jarvis, version=1.0, initiatingPkg=com.android.shell, md5=8f3f9e67d83500ac862be43fb312395e}
02-23 13:04:31.091  2028  3078 W ActivityManager: Skipping broadcast of Intent { act=android.intent.action.PACKAGE_REMOVED_INTERNAL dat=package: flg=0x4000010 pkg=android (has extras) }: user 10 and its parent (if any) are stopped
02-23 13:04:31.092  2028  2809 W ActivityManager: Slow operation: 57ms so far, now at startProcess: done updating battery stats
02-23 13:04:31.093  2028  2809 W ActivityManager: Slow operation: 58ms so far, now at startProcess: building log message
02-23 13:04:31.093  2028  2809 I ActivityManager: Start proc 30361:com.oplus.phonemanager/u0a332 for broadcast {com.oplus.phonemanager/com.oplus.phonemanager.virusdetect.receiver.RealTimeMonitorReceiver}
02-23 13:04:31.093  2028  2809 W ActivityManager: Slow operation: 58ms so far, now at startProcess: starting to update pids map
02-23 13:04:31.093  2028  2028 D DeviceIdleHelper: pacakge removed: name=com.jarvis not in PowerSaveWhitelist
02-23 13:04:31.093  2028  2028 D MultiApp-DataService: handlePackageChange: android.intent.action.PACKAGE_REMOVED for: com.jarvis
02-23 13:04:31.094  2028  2809 W ActivityManager: Slow operation: 59ms so far, now at startProcess: done updating pids map
02-23 13:04:31.103  2028  2028 D CompatChangeReporter: Compat change id reported: 151861875; UID 10137; state: ENABLED
02-23 13:04:31.116  2028  2028 I OplusMediaControlService: package is replacing
02-23 13:04:31.144  2028  3575 D ShortcutService: received package broadcast intent: Intent { act=android.intent.action.PACKAGE_ADDED dat=package: flg=0x4000010 (has extras) }
02-23 13:04:31.144  2028  3575 D ShortcutService: replacing package: com.jarvis userId0
02-23 13:04:31.145  2028  3575 D ShortcutService: handlePackageUpdateFinished: com.jarvis user=0
02-23 13:04:31.145  2028  3575 D ShortcutService: rescanPackageIfNeeded 0@com.jarvis, forceRescan=true , isNewApp=true
02-23 13:04:31.148  2028  3575 D ShortcutService: Package com.jarvis has 0 manifest shortcut(s), and 0 share target(s)
02-23 13:04:31.166  2028  2809 W ActivityManager: Slow operation: 94ms so far, now at startProcess: done updating battery stats
02-23 13:04:31.167  2028  2809 W ActivityManager: Slow operation: 94ms so far, now at startProcess: building log message
02-23 13:04:31.167  2028  2809 I ActivityManager: Start proc 30370:com.android.keychain/1000 for service {com.android.keychain/com.android.keychain.KeyChainService}
02-23 13:04:31.167  2028  2809 W ActivityManager: Slow operation: 94ms so far, now at startProcess: starting to update pids map
02-23 13:04:31.167  2028  2809 W ActivityManager: Slow operation: 94ms so far, now at startProcess: done updating pids map
02-23 13:04:31.167  2028  2809 W ActivityManager: Slow operation: 63ms so far, now at startProcess: asking zygote to start proc
02-23 13:04:31.169  2028  2928 D OplusSmartBrightnessController: CtsTest = false
02-23 13:04:31.169  2028  2928 D OplusDisplayBrightnessBroadcastReceiver: onReceive action = android.intent.action.PACKAGE_REMOVED , listeners = [com.android.server.display.OplusSmartBrightnessController$SmartBroadcastReceiver@a9d3f45]
02-23 13:04:31.177  2028  4892 D ActivityTaskManagerServiceExtImpl: preBindApplication record is null
02-23 13:04:31.179  2028  2809 W ActivityManager: Slow operation: 75ms so far, now at startProcess: returned from zygote!
02-23 13:04:31.180  2028  2028 D OplusCustomizeService: mCoreAppIsEnable = false
02-23 13:04:31.180  2028  2028 D OplusCustomizeService: pkgName = com.jarvis
02-23 13:04:31.180  2028  2028 D OplusCustomizeService: Add packages name is :com.jarvis;dir:/data/app/~~_98byUz3j_y0S4qD5XjWHA==/com.jarvis-2jtslmwal9klGTpV6Unwcw==/base.apk
02-23 13:04:31.190  2028  2028 D MultiApp-DataService: handlePackageChange: android.intent.action.PACKAGE_ADDED for: com.jarvis
02-23 13:04:31.194  2028  3078 W ActivityManager: Skipping broadcast of Intent { act=oplus.intent.action.PACKAGE_ADDED dat=package: flg=0x5000030 (has extras) }: user 10 and its parent (if any) are stopped
02-23 13:04:31.194  2028  3078 W ActivityManager: Skipping broadcast of Intent { act=android.intent.action.PACKAGE_ADDED dat=package: flg=0x4000010 (has extras) }: user 10 and its parent (if any) are stopped
02-23 13:04:31.198  2028  2809 W ActivityManager: Slow operation: 94ms so far, now at startProcess: done updating battery stats
02-23 13:04:31.198  2028  2809 W ActivityManager: Slow operation: 95ms so far, now at startProcess: building log message
02-23 13:04:31.198  2028  2809 I ActivityManager: Start proc 30381:com.oplus.cosa/u0a137 for service {com.oplus.cosa/com.oplus.cosa.service.GameDaemonService}
02-23 13:04:31.198  2028  2809 W ActivityManager: Slow operation: 95ms so far, now at startProcess: starting to update pids map
02-23 13:04:31.198  2028  2809 W ActivityManager: Slow operation: 95ms so far, now at startProcess: done updating pids map
02-23 13:04:31.202  2028  3480 W PackageConfigPersister: App-specific configuration not found for packageName: com.jarvis and userId: 0
02-23 13:04:31.203  2028  3480 W PackageConfigPersister: App-specific configuration not found for packageName: com.jarvis and userId: 10
02-23 13:04:31.207  2028  3078 W ActivityManager: Skipping broadcast of Intent { act=android.intent.action.PACKAGE_ADDED dat=package: flg=0x4000010 pkg=com.google.android.permissioncontroller (has extras) }: user 10 and its parent (if any) are stopped
02-23 13:04:31.210  2028  3078 W ActivityManager: Skipping broadcast of Intent { act=android.intent.action.PACKAGE_ADDED dat=package: flg=0x4000010 pkg=com.android.vending (has extras) }: user 10 and its parent (if any) are stopped
02-23 13:04:31.222 10211 10211 D ActivityThread: Package [com.jarvis] reported as REPLACED, but missing application info. Assuming REMOVED.
02-23 13:04:31.222  4048  4048 D ActivityThread: Package [com.jarvis] reported as REPLACED, but missing application info. Assuming REMOVED.
02-23 13:04:31.223 22819 22819 D ActivityThread: Package [com.jarvis] reported as REPLACED, but missing application info. Assuming REMOVED.
02-23 13:04:31.224 30055 30055 D ActivityThread: Package [com.jarvis] reported as REPLACED, but missing application info. Assuming REMOVED.
02-23 13:04:31.225  3423  3423 D ActivityThread: Package [com.jarvis] reported as REPLACED, but missing application info. Assuming REMOVED.
02-23 13:04:31.225  4189  4189 D ActivityThread: Package [com.jarvis] reported as REPLACED, but missing application info. Assuming REMOVED.
02-23 13:04:31.227 27579 27579 D ActivityThread: Package [com.jarvis] reported as REPLACED, but missing application info. Assuming REMOVED.
02-23 13:04:31.228  4538  4538 D ActivityThread: Package [com.jarvis] reported as REPLACED, but missing application info. Assuming REMOVED.
02-23 13:04:31.228 22971 22971 D ActivityThread: Package [com.jarvis] reported as REPLACED, but missing application info. Assuming REMOVED.
02-23 13:04:31.228 21366 21366 D ActivityThread: Package [com.jarvis] reported as REPLACED, but missing application info. Assuming REMOVED.
02-23 13:04:31.229  7453  7453 D ActivityThread: Package [com.jarvis] reported as REPLACED, but missing application info. Assuming REMOVED.
02-23 13:04:31.229  7688  7688 D ActivityThread: Package [com.jarvis] reported as REPLACED, but missing application info. Assuming REMOVED.
02-23 13:04:31.229 28857 28857 D ActivityThread: Package [com.jarvis] reported as REPLACED, but missing application info. Assuming REMOVED.
02-23 13:04:31.230 14270 14270 D ActivityThread: Package [com.jarvis] reported as REPLACED, but missing application info. Assuming REMOVED.
02-23 13:04:31.232  3013  3013 D ActivityThread: Package [com.jarvis] reported as REPLACED, but missing application info. Assuming REMOVED.
02-23 13:04:31.232 30240 30240 D ActivityThread: Package [com.jarvis] reported as REPLACED, but missing application info. Assuming REMOVED.
02-23 13:04:31.232  7011  7011 D ActivityThread: Package [com.jarvis] reported as REPLACED, but missing application info. Assuming REMOVED.
02-23 13:04:31.233 30149 30149 D ActivityThread: Package [com.jarvis] reported as REPLACED, but missing application info. Assuming REMOVED.
02-23 13:04:31.233 13178 13178 D ActivityThread: Package [com.jarvis] reported as REPLACED, but missing application info. Assuming REMOVED.
02-23 13:04:31.233  7532  7532 D ActivityThread: Package [com.jarvis] reported as REPLACED, but missing application info. Assuming REMOVED.
02-23 13:04:31.233 25491 25491 D ActivityThread: Package [com.jarvis] reported as REPLACED, but missing application info. Assuming REMOVED.
02-23 13:04:31.233 11384 11384 D ActivityThread: Package [com.jarvis] reported as REPLACED, but missing application info. Assuming REMOVED.
02-23 13:04:31.234 22255 22255 D ActivityThread: Package [com.jarvis] reported as REPLACED, but missing application info. Assuming REMOVED.
02-23 13:04:31.234  7097  7097 D ActivityThread: Package [com.jarvis] reported as REPLACED, but missing application info. Assuming REMOVED.
02-23 13:04:31.236 19641 19641 D ActivityThread: Package [com.jarvis] reported as REPLACED, but missing application info. Assuming REMOVED.
02-23 13:04:31.236 24377 24377 D ActivityThread: Package [com.jarvis] reported as REPLACED, but missing application info. Assuming REMOVED.
02-23 13:04:31.236 25345 25345 D ActivityThread: Package [com.jarvis] reported as REPLACED, but missing application info. Assuming REMOVED.
02-23 13:04:31.237  9129  9129 D ActivityThread: Package [com.jarvis] reported as REPLACED, but missing application info. Assuming REMOVED.
02-23 13:04:31.237 26765 26765 D ActivityThread: Package [com.jarvis] reported as REPLACED, but missing application info. Assuming REMOVED.
02-23 13:04:31.237 24305 24305 D ActivityThread: Package [com.jarvis] reported as REPLACED, but missing application info. Assuming REMOVED.
02-23 13:04:31.238  7073  7073 D ActivityThread: Package [com.jarvis] reported as REPLACED, but missing application info. Assuming REMOVED.
02-23 13:04:31.238  4863  4863 D ActivityThread: Package [com.jarvis] reported as REPLACED, but missing application info. Assuming REMOVED.
02-23 13:04:31.238  9149  9149 D ActivityThread: Package [com.jarvis] reported as REPLACED, but missing application info. Assuming REMOVED.
02-23 13:04:31.238  7313  7313 D ActivityThread: Package [com.jarvis] reported as REPLACED, but missing application info. Assuming REMOVED.
02-23 13:04:31.238 24313 24313 D ActivityThread: Package [com.jarvis] reported as REPLACED, but missing application info. Assuming REMOVED.
02-23 13:04:31.239 20563 20563 D ActivityThread: Package [com.jarvis] reported as REPLACED, but missing application info. Assuming REMOVED.
02-23 13:04:31.239  7113  7113 D ActivityThread: Package [com.jarvis] reported as REPLACED, but missing application info. Assuming REMOVED.
02-23 13:04:31.239 28457 28457 D ActivityThread: Package [com.jarvis] reported as REPLACED, but missing application info. Assuming REMOVED.
02-23 13:04:31.239 29537 29537 D ActivityThread: Package [com.jarvis] reported as REPLACED, but missing application info. Assuming REMOVED.
02-23 13:04:31.241 27856 27856 D ActivityThread: Package [com.jarvis] reported as REPLACED, but missing application info. Assuming REMOVED.
02-23 13:04:31.242 27927 27927 D ActivityThread: Package [com.jarvis] reported as REPLACED, but missing application info. Assuming REMOVED.
02-23 13:04:31.246  7096  7096 D ActivityThread: Package [com.jarvis] reported as REPLACED, but missing application info. Assuming REMOVED.
02-23 13:04:31.249  7318  7318 D ActivityThread: Package [com.jarvis] reported as REPLACED, but missing application info. Assuming REMOVED.
02-23 13:04:31.255 29470 29470 D ActivityThread: Package [com.jarvis] reported as REPLACED, but missing application info. Assuming REMOVED.
02-23 13:04:31.264 27781 27781 D ActivityThread: Package [com.jarvis] reported as REPLACED, but missing application info. Assuming REMOVED.
02-23 13:04:31.266 26481 26481 D ActivityThread: Package [com.jarvis] reported as REPLACED, but missing application info. Assuming REMOVED.
02-23 13:04:31.266 28237 28237 D ActivityThread: Package [com.jarvis] reported as REPLACED, but missing application info. Assuming REMOVED.
02-23 13:04:31.268 28597 28597 D ActivityThread: Package [com.jarvis] reported as REPLACED, but missing application info. Assuming REMOVED.
02-23 13:04:31.272 28029 28029 D ActivityThread: Package [com.jarvis] reported as REPLACED, but missing application info. Assuming REMOVED.
02-23 13:04:31.278 25950 25950 D ActivityThread: Package [com.jarvis] reported as REPLACED, but missing application info. Assuming REMOVED.
02-23 13:04:31.281  7051  7051 D ActivityThread: Package [com.jarvis] reported as REPLACED, but missing application info. Assuming REMOVED.
02-23 13:04:31.283 23178 23178 D ActivityThread: Package [com.jarvis] reported as REPLACED, but missing application info. Assuming REMOVED.
02-23 13:04:31.285 23225 23225 D ActivityThread: Package [com.jarvis] reported as REPLACED, but missing application info. Assuming REMOVED.
02-23 13:04:31.286 25552 25552 D ActivityThread: Package [com.jarvis] reported as REPLACED, but missing application info. Assuming REMOVED.
02-23 13:04:31.286 25540 25540 D ActivityThread: Package [com.jarvis] reported as REPLACED, but missing application info. Assuming REMOVED.
02-23 13:04:31.287 18790 18790 D ActivityThread: Package [com.jarvis] reported as REPLACED, but missing application info. Assuming REMOVED.
02-23 13:04:31.288 25551 25551 D ActivityThread: Package [com.jarvis] reported as REPLACED, but missing application info. Assuming REMOVED.
02-23 13:04:31.292  8697  8697 D ActivityThread: Package [com.jarvis] reported as REPLACED, but missing application info. Assuming REMOVED.
02-23 13:04:31.293  9050  9050 D ActivityThread: Package [com.jarvis] reported as REPLACED, but missing application info. Assuming REMOVED.
02-23 13:04:31.293  8565  8565 D ActivityThread: Package [com.jarvis] reported as REPLACED, but missing application info. Assuming REMOVED.
02-23 13:04:31.294  8981  8981 D ActivityThread: Package [com.jarvis] reported as REPLACED, but missing application info. Assuming REMOVED.
02-23 13:04:31.296 21087 21087 D ActivityThread: Package [com.jarvis] reported as REPLACED, but missing application info. Assuming REMOVED.
02-23 13:04:31.296  8727  8727 D ActivityThread: Package [com.jarvis] reported as REPLACED, but missing application info. Assuming REMOVED.
02-23 13:04:31.298  8582  8582 D ActivityThread: Package [com.jarvis] reported as REPLACED, but missing application info. Assuming REMOVED.
02-23 13:04:31.299  4617  4617 D ActivityThread: Package [com.jarvis] reported as REPLACED, but missing application info. Assuming REMOVED.
02-23 13:04:31.300  7191  7191 D ActivityThread: Package [com.jarvis] reported as REPLACED, but missing application info. Assuming REMOVED.
02-23 13:04:31.300  8514  8514 D ActivityThread: Package [com.jarvis] reported as REPLACED, but missing application info. Assuming REMOVED.
02-23 13:04:31.300  7194  7194 D ActivityThread: Package [com.jarvis] reported as REPLACED, but missing application info. Assuming REMOVED.
02-23 13:04:31.300  8944  8944 D ActivityThread: Package [com.jarvis] reported as REPLACED, but missing application info. Assuming REMOVED.
02-23 13:04:31.302  4441  4441 D ActivityThread: Package [com.jarvis] reported as REPLACED, but missing application info. Assuming REMOVED.
02-23 13:04:31.302  5755  5755 D ActivityThread: Package [com.jarvis] reported as REPLACED, but missing application info. Assuming REMOVED.
02-23 13:04:31.303  4401  4401 D ActivityThread: Package [com.jarvis] reported as REPLACED, but missing application info. Assuming REMOVED.
02-23 13:04:31.304  5360  5360 D ActivityThread: Package [com.jarvis] reported as REPLACED, but missing application info. Assuming REMOVED.
02-23 13:04:31.304  4381  4381 D ActivityThread: Package [com.jarvis] reported as REPLACED, but missing application info. Assuming REMOVED.
02-23 13:04:31.305  4321  4321 D ActivityThread: Package [com.jarvis] reported as REPLACED, but missing application info. Assuming REMOVED.
02-23 13:04:31.305  4362  4362 D ActivityThread: Package [com.jarvis] reported as REPLACED, but missing application info. Assuming REMOVED.
02-23 13:04:31.306 29407 29407 D ActivityThread: Package [com.jarvis] reported as REPLACED, but missing application info. Assuming REMOVED.
02-23 13:04:31.307  4309  4309 D ActivityThread: Package [com.jarvis] reported as REPLACED, but missing application info. Assuming REMOVED.
02-23 13:04:31.307  4308  4308 D ActivityThread: Package [com.jarvis] reported as REPLACED, but missing application info. Assuming REMOVED.
02-23 13:04:31.308 30384 30384 D ActivityThread: Package [com.jarvis] reported as REPLACED, but missing application info. Assuming REMOVED.
02-23 13:04:31.309  4291  4291 D ActivityThread: Package [com.jarvis] reported as REPLACED, but missing application info. Assuming REMOVED.
02-23 13:04:31.310  4285  4285 D ActivityThread: Package [com.jarvis] reported as REPLACED, but missing application info. Assuming REMOVED.
02-23 13:04:31.311  4239  4239 D ActivityThread: Package [com.jarvis] reported as REPLACED, but missing application info. Assuming REMOVED.
02-23 13:04:31.311  4306  4306 D ActivityThread: Package [com.jarvis] reported as REPLACED, but missing application info. Assuming REMOVED.
02-23 13:04:31.311  4153  4153 D ActivityThread: Package [com.jarvis] reported as REPLACED, but missing application info. Assuming REMOVED.
02-23 13:04:31.312  3826  3826 D ActivityThread: Package [com.jarvis] reported as REPLACED, but missing application info. Assuming REMOVED.
02-23 13:04:31.312  4265  4265 D ActivityThread: Package [com.jarvis] reported as REPLACED, but missing application info. Assuming REMOVED.
02-23 13:04:31.313  3774  3774 D ActivityThread: Package [com.jarvis] reported as REPLACED, but missing application info. Assuming REMOVED.
02-23 13:04:31.321  2028  3078 W ActivityManager: Skipping broadcast of Intent { act=android.intent.action.PACKAGE_REPLACED dat=package: flg=0x4000010 (has extras) }: user 10 and its parent (if any) are stopped
02-23 13:04:31.325  2028  2028 W Looper  : Slow dispatch took 116ms main h=android.app.ActivityThread$H c=android.app.LoadedApk$ReceiverDispatcher$Args$$ExternalSyntheticLambda0@31a4d9 m=0
02-23 13:04:31.327  2028  4803 D ActivityTaskManagerServiceExtImpl: preBindApplication record is null
02-23 13:04:31.334  2028  2928 D OplusSmartBrightnessController: CtsTest = false
02-23 13:04:31.334  2028  2928 D OplusDisplayBrightnessBroadcastReceiver: onReceive action = android.intent.action.PACKAGE_ADDED , listeners = [com.android.server.display.OplusSmartBrightnessController$SmartBroadcastReceiver@a9d3f45]
02-23 13:04:31.341  2028  5007 D CompatChangeReporter: Compat change id reported: 151861875; UID 1000; state: ENABLED
02-23 13:04:31.342  2028  2028 V BackupManagerConstants: getFullBackupIntervalMilliseconds(...) returns 86400000
02-23 13:04:31.342  2028  2028 V BackupManagerConstants: getFullBackupRequiredNetworkType(...) returns 2
02-23 13:04:31.342  2028  2028 V BackupManagerConstants: getFullBackupRequireCharging(...) returns true
02-23 13:04:31.346  2028  2028 D CompatChangeReporter: Compat change id reported: 311402873; UID 1000; state: ENABLED
02-23 13:04:31.347  2028  2028 D CompatChangeReporter: Compat change id reported: 323349338; UID 1000; state: ENABLED
02-23 13:04:31.349  2028  7225 D ActivityTaskManagerServiceExtImpl: preBindApplication record is null
02-23 13:04:31.356  2028  2685 W AccessibilityWindowsPopulator: The displayInfo of this displayId (0) called back from the surface fligner is null
02-23 13:04:31.374  2028  2028 W Looper  : Slow delivery took 200ms main h=com.android.server.notification.NotificationManagerService$WorkerHandler c=com.android.server.notification.OplusNotificationManagerServiceExtImpl$1@2945450 m=0
02-23 13:04:31.376  2028  2028 W AlarmManager: Package com.jarvis, uid 10485 lost permission to set exact alarms!
02-23 13:04:31.378  2028  2028 D ActivityThread: Package [com.jarvis] reported as REPLACED, but missing application info. Assuming REMOVED.
02-23 13:04:31.386  2028  2028 W Looper  : Drained
02-23 13:04:31.389  2028  2809 W ActivityManager: Slow operation: 178ms so far, now at startProcess: done updating battery stats
02-23 13:04:31.389  2028  2809 W ActivityManager: Slow operation: 178ms so far, now at startProcess: building log message
02-23 13:04:31.389  2028  2809 I ActivityManager: Start proc 30393:com.android.vending:background/u0a100 for broadcast {com.android.vending/com.google.android.finsky.packagemonitor.backgroundimpl.BackgroundPackageMonitorReceiverImpl$RegisteredReceiver}
02-23 13:04:31.389  2028  2809 W ActivityManager: Slow operation: 178ms so far, now at startProcess: starting to update pids map
02-23 13:04:31.390  2028  2809 W ActivityManager: Slow operation: 178ms so far, now at startProcess: done updating pids map
02-23 13:04:31.392  2028  2757 W ActivityManager: Skipping broadcast of Intent { act=android.search.action.SEARCHABLES_CHANGED flg=0x24000010 }: user 10 and its parent (if any) are stopped
02-23 13:04:31.393 22819 22819 D ActivityThread: Package [com.jarvis] reported as REPLACED, but missing application info. Assuming REMOVED.
02-23 13:04:31.393  4048  4048 D ActivityThread: Package [com.jarvis] reported as REPLACED, but missing application info. Assuming REMOVED.
02-23 13:04:31.396 27579 27579 D ActivityThread: Package [com.jarvis] reported as REPLACED, but missing application info. Assuming REMOVED.
02-23 13:04:31.396  4746 21512 I iopgp   : PreloadService: TRANSACTION_IOPGP_ON_PACKAGES_CHANGED
02-23 13:04:31.396  4746 21512 I iopgp   : Iopgp: TRANSACTION_IOPGP_ON_PACKAGES_CHANGED  pkg_name = com.jarvis pkg_version = 1 isDeleted = 0
02-23 13:04:31.396  7097  7097 D ActivityThread: Package [com.jarvis] reported as REPLACED, but missing application info. Assuming REMOVED.
02-23 13:04:31.396  4746  4746 D iopgp   : Same version package com.jarvis with version 1
02-23 13:04:31.396  4746  4746 D iopgp   : OnPackageChangeEvent:old package version is 1
02-23 13:04:31.396  7318  7318 D ActivityThread: Package [com.jarvis] reported as REPLACED, but missing application info. Assuming REMOVED.
02-23 13:04:31.396  7453  7453 D ActivityThread: Package [com.jarvis] reported as REPLACED, but missing application info. Assuming REMOVED.
02-23 13:04:31.396 30055 30055 D ActivityThread: Package [com.jarvis] reported as REPLACED, but missing application info. Assuming REMOVED.
02-23 13:04:31.397 10211 10211 D ActivityThread: Package [com.jarvis] reported as REPLACED, but missing application info. Assuming REMOVED.
02-23 13:04:31.397  7051  7051 D ActivityThread: Package [com.jarvis] reported as REPLACED, but missing application info. Assuming REMOVED.
02-23 13:04:31.397  7096  7096 D ActivityThread: Package [com.jarvis] reported as REPLACED, but missing application info. Assuming REMOVED.
02-23 13:04:31.397  7688  7688 D ActivityThread: Package [com.jarvis] reported as REPLACED, but missing application info. Assuming REMOVED.
02-23 13:04:31.397  7011  7011 D ActivityThread: Package [com.jarvis] reported as REPLACED, but missing application info. Assuming REMOVED.
02-23 13:04:31.397  4189  4189 D ActivityThread: Package [com.jarvis] reported as REPLACED, but missing application info. Assuming REMOVED.
02-23 13:04:31.397  7532  7532 D ActivityThread: Package [com.jarvis] reported as REPLACED, but missing application info. Assuming REMOVED.
02-23 13:04:31.398 22971 22971 D ActivityThread: Package [com.jarvis] reported as REPLACED, but missing application info. Assuming REMOVED.
02-23 13:04:31.398 30240 30240 D ActivityThread: Package [com.jarvis] reported as REPLACED, but missing application info. Assuming REMOVED.
02-23 13:04:31.398  4538  4538 D ActivityThread: Package [com.jarvis] reported as REPLACED, but missing application info. Assuming REMOVED.
02-23 13:04:31.398 28857 28857 D ActivityThread: Package [com.jarvis] reported as REPLACED, but missing application info. Assuming REMOVED.
02-23 13:04:31.399 21366 21366 D ActivityThread: Package [com.jarvis] reported as REPLACED, but missing application info. Assuming REMOVED.
02-23 13:04:31.399 14270 14270 D ActivityThread: Package [com.jarvis] reported as REPLACED, but missing application info. Assuming REMOVED.
02-23 13:04:31.400  9129  9129 D ActivityThread: Package [com.jarvis] reported as REPLACED, but missing application info. Assuming REMOVED.
02-23 13:04:31.401  3423  3423 D ActivityThread: Package [com.jarvis] reported as REPLACED, but missing application info. Assuming REMOVED.
02-23 13:04:31.402  2028  2809 W ActivityManager: Slow operation: 61ms so far, now at startProcess: returned from zygote!
02-23 13:04:31.405  3013  3013 D ActivityThread: Package [com.jarvis] reported as REPLACED, but missing application info. Assuming REMOVED.
02-23 13:04:31.405 11384 11384 D ActivityThread: Package [com.jarvis] reported as REPLACED, but missing application info. Assuming REMOVED.
02-23 13:04:31.406 25491 25491 D ActivityThread: Package [com.jarvis] reported as REPLACED, but missing application info. Assuming REMOVED.
02-23 13:04:31.407 22255 22255 D ActivityThread: Package [com.jarvis] reported as REPLACED, but missing application info. Assuming REMOVED.
02-23 13:04:31.407 30149 30149 D ActivityThread: Package [com.jarvis] reported as REPLACED, but missing application info. Assuming REMOVED.
02-23 13:04:31.407 13178 13178 D ActivityThread: Package [com.jarvis] reported as REPLACED, but missing application info. Assuming REMOVED.
02-23 13:04:31.408 24305 24305 D ActivityThread: Package [com.jarvis] reported as REPLACED, but missing application info. Assuming REMOVED.
02-23 13:04:31.409 24377 24377 D ActivityThread: Package [com.jarvis] reported as REPLACED, but missing application info. Assuming REMOVED.
02-23 13:04:31.409  7073  7073 D ActivityThread: Package [com.jarvis] reported as REPLACED, but missing application info. Assuming REMOVED.
02-23 13:04:31.409 19641 19641 D ActivityThread: Package [com.jarvis] reported as REPLACED, but missing application info. Assuming REMOVED.
02-23 13:04:31.410  9149  9149 D ActivityThread: Package [com.jarvis] reported as REPLACED, but missing application info. Assuming REMOVED.
02-23 13:04:31.410  7313  7313 D ActivityThread: Package [com.jarvis] reported as REPLACED, but missing application info. Assuming REMOVED.
02-23 13:04:31.410 25345 25345 D ActivityThread: Package [com.jarvis] reported as REPLACED, but missing application info. Assuming REMOVED.
02-23 13:04:31.410 26765 26765 D ActivityThread: Package [com.jarvis] reported as REPLACED, but missing application info. Assuming REMOVED.
02-23 13:04:31.413  2028 16487 D IntervalStats: Unable to parse usage stats packages: [24, 28, 29, 59, 67, 73, 81, 87, 88, 134, 150, 190, 201, 217, 250, 284, 303, 316, 317, 327, 334, 338, 376, 395, 398, 401, 410, 415, 426, 467, 475, 497, 529, 638, 826, 829, 831, 832, 838, 842, 844, 845, 846, 847, 848, 850, 853, 854, 856, 857, 858, 860, 866, 867, 870, 871, 872, 873, 874, 875, 876, 877, 878, 880, 882, 884, 885, 886, 887, 891, 894, 898, 899, 901, 902, 904, 906, 914, 918, 919, 920, 921, 922, 924, 926, 927, 928, 930, 931, 932, 934, 935, 936, 938, 939, 940, 941, 942, 945, 946, 947, 948, 949, 951, 953, 955, 961, 964, 970, 971, 973, 974, 976, 977, 979, 980, 981, 982, 994, 1001, 1007, 1018, 1071, 1075, 1076, 1079, 1080, 1081, 1083, 1084, 1085, 1086, 1087, 1088, 1089, 1091, 1120, 1121, 1122, 1123, 1124, 1125, 1126, 1127, 1128, 1129, 1130, 1131, 1132, 1133, 1134, 1135, 1136, 1137, 1138, 1139, 1140, 1141, 1142, 1143, 1144, 1145, 1146, 1147, 1148, 1149, 1150, 1151, 1152, 1154, 1156, 1172, 1173, 1174, 1175, 1176, 1177, 1178, 1180, 1181, 1182, 1183, 1184, 1185, 1192, 1193, 1194, 1199, 1201, 1204, 1206, 1208, 1209, 1210, 1213, 1215, 1216, 1217, 1218, 1219, 1221, 1222, 1223, 1226, 1227, 1232, 1237, 1238, 1239, 1240, 1241, 1242, 1244, 1245, 1246, 1248, 1250, 1254, 1258, 1262, 1269, 1271, 1272, 1273, 1274, 1408, 1409, 1422, 1428, 1429, 1430, 1432, 1437, 1445, 1479, 1482, 1483, 1484, 1486, 1487, 1488, 1489, 1490, 1491, 1492, 1493, 1495, 1496, 1497, 1498, 1499, 1506, 1507, 1508, 1509, 1510, 1512, 1513, 1514, 1516, 1520]
02-23 13:04:31.413  4863  4863 D ActivityThread: Package [com.jarvis] reported as REPLACED, but missing application info. Assuming REMOVED.
02-23 13:04:31.414 20563 20563 D ActivityThread: Package [com.jarvis] reported as REPLACED, but missing application info. Assuming REMOVED.
02-23 13:04:31.415  7113  7113 D ActivityThread: Package [com.jarvis] reported as REPLACED, but missing application info. Assuming REMOVED.
02-23 13:04:31.415 28457 28457 D ActivityThread: Package [com.jarvis] reported as REPLACED, but missing application info. Assuming REMOVED.
02-23 13:04:31.417 27856 27856 D ActivityThread: Package [com.jarvis] reported as REPLACED, but missing application info. Assuming REMOVED.
02-23 13:04:31.417 29537 29537 D ActivityThread: Package [com.jarvis] reported as REPLACED, but missing application info. Assuming REMOVED.
02-23 13:04:31.417  2028 16487 D UsageStatsService: User[0] type=3 b=1740382471377 e=1771832071377 cb=1749796766886 ce=1771832071323 disk=406 all=854
02-23 13:04:31.418 27927 27927 D ActivityThread: Package [com.jarvis] reported as REPLACED, but missing application info. Assuming REMOVED.
02-23 13:04:31.420 29470 29470 D ActivityThread: Package [com.jarvis] reported as REPLACED, but missing application info. Assuming REMOVED.
02-23 13:04:31.420 24313 24313 D ActivityThread: Package [com.jarvis] reported as REPLACED, but missing application info. Assuming REMOVED.
02-23 13:04:31.421 26481 26481 D ActivityThread: Package [com.jarvis] reported as REPLACED, but missing application info. Assuming REMOVED.
02-23 13:04:31.421 27781 27781 D ActivityThread: Package [com.jarvis] reported as REPLACED, but missing application info. Assuming REMOVED.
02-23 13:04:31.422 28237 28237 D ActivityThread: Package [com.jarvis] reported as REPLACED, but missing application info. Assuming REMOVED.
02-23 13:04:31.423 28029 28029 D ActivityThread: Package [com.jarvis] reported as REPLACED, but missing application info. Assuming REMOVED.
02-23 13:04:31.425 28597 28597 D ActivityThread: Package [com.jarvis] reported as REPLACED, but missing application info. Assuming REMOVED.
02-23 13:04:31.426 23178 23178 D ActivityThread: Package [com.jarvis] reported as REPLACED, but missing application info. Assuming REMOVED.
02-23 13:04:31.429 25950 25950 D ActivityThread: Package [com.jarvis] reported as REPLACED, but missing application info. Assuming REMOVED.
02-23 13:04:31.430 25552 25552 D ActivityThread: Package [com.jarvis] reported as REPLACED, but missing application info. Assuming REMOVED.
02-23 13:04:31.430 23225 23225 D ActivityThread: Package [com.jarvis] reported as REPLACED, but missing application info. Assuming REMOVED.
02-23 13:04:31.431 18790 18790 D ActivityThread: Package [com.jarvis] reported as REPLACED, but missing application info. Assuming REMOVED.
02-23 13:04:31.431 25540 25540 D ActivityThread: Package [com.jarvis] reported as REPLACED, but missing application info. Assuming REMOVED.
02-23 13:04:31.432  8981  8981 D ActivityThread: Package [com.jarvis] reported as REPLACED, but missing application info. Assuming REMOVED.
02-23 13:04:31.432  8565  8565 D ActivityThread: Package [com.jarvis] reported as REPLACED, but missing application info. Assuming REMOVED.
02-23 13:04:31.433 21087 21087 D ActivityThread: Package [com.jarvis] reported as REPLACED, but missing application info. Assuming REMOVED.
02-23 13:04:31.433  8697  8697 D ActivityThread: Package [com.jarvis] reported as REPLACED, but missing application info. Assuming REMOVED.
02-23 13:04:31.432 25551 25551 D ActivityThread: Package [com.jarvis] reported as REPLACED, but missing application info. Assuming REMOVED.
02-23 13:04:31.433  9050  9050 D ActivityThread: Package [com.jarvis] reported as REPLACED, but missing application info. Assuming REMOVED.
02-23 13:04:31.433  4617  4617 D ActivityThread: Package [com.jarvis] reported as REPLACED, but missing application info. Assuming REMOVED.
02-23 13:04:31.434  8727  8727 D ActivityThread: Package [com.jarvis] reported as REPLACED, but missing application info. Assuming REMOVED.
02-23 13:04:31.436  8944  8944 D ActivityThread: Package [com.jarvis] reported as REPLACED, but missing application info. Assuming REMOVED.
02-23 13:04:31.436  8582  8582 D ActivityThread: Package [com.jarvis] reported as REPLACED, but missing application info. Assuming REMOVED.
02-23 13:04:31.436  8514  8514 D ActivityThread: Package [com.jarvis] reported as REPLACED, but missing application info. Assuming REMOVED.
02-23 13:04:31.437 30384 30384 D ActivityThread: Package [com.jarvis] reported as REPLACED, but missing application info. Assuming REMOVED.
02-23 13:04:31.437  5360  5360 D ActivityThread: Package [com.jarvis] reported as REPLACED, but missing application info. Assuming REMOVED.
02-23 13:04:31.437  7191  7191 D ActivityThread: Package [com.jarvis] reported as REPLACED, but missing application info. Assuming REMOVED.
02-23 13:04:31.437  4441  4441 D ActivityThread: Package [com.jarvis] reported as REPLACED, but missing application info. Assuming REMOVED.
02-23 13:04:31.437  7194  7194 D ActivityThread: Package [com.jarvis] reported as REPLACED, but missing application info. Assuming REMOVED.
02-23 13:04:31.437 29407 29407 D ActivityThread: Package [com.jarvis] reported as REPLACED, but missing application info. Assuming REMOVED.
02-23 13:04:31.437  5755  5755 D ActivityThread: Package [com.jarvis] reported as REPLACED, but missing application info. Assuming REMOVED.
02-23 13:04:31.438  4401  4401 D ActivityThread: Package [com.jarvis] reported as REPLACED, but missing application info. Assuming REMOVED.
02-23 13:04:31.438  4381  4381 D ActivityThread: Package [com.jarvis] reported as REPLACED, but missing application info. Assuming REMOVED.
02-23 13:04:31.438  2028 16487 W UsageStatsService: Failed to query usage stats for locked user 10
02-23 13:04:31.439  4306  4306 D ActivityThread: Package [com.jarvis] reported as REPLACED, but missing application info. Assuming REMOVED.
02-23 13:04:31.439  4362  4362 D ActivityThread: Package [com.jarvis] reported as REPLACED, but missing application info. Assuming REMOVED.
02-23 13:04:31.439  4321  4321 D ActivityThread: Package [com.jarvis] reported as REPLACED, but missing application info. Assuming REMOVED.
02-23 13:04:31.439  3774  3774 D ActivityThread: Package [com.jarvis] reported as REPLACED, but missing application info. Assuming REMOVED.
02-23 13:04:31.440  4308  4308 D ActivityThread: Package [com.jarvis] reported as REPLACED, but missing application info. Assuming REMOVED.
02-23 13:04:31.440  4153  4153 D ActivityThread: Package [com.jarvis] reported as REPLACED, but missing application info. Assuming REMOVED.
02-23 13:04:31.440  4265  4265 D ActivityThread: Package [com.jarvis] reported as REPLACED, but missing application info. Assuming REMOVED.
02-23 13:04:31.440  2028  2028 D ActivityThread: Package [com.jarvis] reported as REPLACED, but missing application info. Assuming REMOVED.
02-23 13:04:31.440  4239  4239 D ActivityThread: Package [com.jarvis] reported as REPLACED, but missing application info. Assuming REMOVED.
02-23 13:04:31.440  4309  4309 D ActivityThread: Package [com.jarvis] reported as REPLACED, but missing application info. Assuming REMOVED.
02-23 13:04:31.441  4285  4285 D ActivityThread: Package [com.jarvis] reported as REPLACED, but missing application info. Assuming REMOVED.
02-23 13:04:31.441  4291  4291 D ActivityThread: Package [com.jarvis] reported as REPLACED, but missing application info. Assuming REMOVED.
02-23 13:04:31.442  2028  5001 D ActivityTaskManagerServiceExtImpl: preBindApplication record is null
02-23 13:04:31.442  3826  3826 D ActivityThread: Package [com.jarvis] reported as REPLACED, but missing application info. Assuming REMOVED.
02-23 13:04:31.449  2028  2809 W ActivityManager: Slow operation: 108ms so far, now at startProcess: done updating battery stats
02-23 13:04:31.449  2028  2809 W ActivityManager: Slow operation: 108ms so far, now at startProcess: building log message
02-23 13:04:31.449  2028  2809 I ActivityManager: Start proc 30425:com.heytap.mcs.statistics/1000 for content provider {com.heytap.mcs/com.heytap.mcs.biz.statistics.provider.StatisticsContentProvider}
02-23 13:04:31.449  2028  2809 W ActivityManager: Slow operation: 108ms so far, now at startProcess: starting to update pids map
02-23 13:04:31.450  2028  2809 W ActivityManager: Slow operation: 108ms so far, now at startProcess: done updating pids map
02-23 13:04:31.464  2028  3078 W ActivityManager: Skipping broadcast of Intent { act=android.intent.action.PACKAGE_REPLACED dat=package: flg=0x4000010 pkg=com.android.vending (has extras) }: user 10 and its parent (if any) are stopped
02-23 13:04:31.472  2028  5001 D ActivityTaskManagerServiceExtImpl: preBindApplication record is null
02-23 13:04:31.481  2028  3078 W ActivityManager: Skipping broadcast of Intent { act=android.intent.action.MY_PACKAGE_REPLACED flg=0x4000010 pkg=com.jarvis (has extras) }: user 10 and its parent (if any) are stopped
02-23 13:04:31.481  2028  3078 D PackageInstallerSessionExtImpl: recordSotaAppResult stagedSession is null
02-23 13:04:31.482  2028  3078 D PackageInstallerSession: Marking session 384909614 as applied
02-23 13:04:31.482  2028  3078 D InstallerExtImpl: Avoid to hold lock when rmPackageDir
02-23 13:04:31.483  2028  2809 I ActivityManager: Start proc 30437:com.heytap.mcs.appservice/1000 for content provider {com.heytap.mcs/com.heytap.mcs.biz.appservice.provider.AppServiceContentProvider}
02-23 13:04:31.501  2028  3078 D OplusInstallAccelerateManager: stopAccelerate()
02-23 13:04:31.501  2028  3078 D OplusInstallAccelerateManager: operateCpuBouncingIfNeeded()
02-23 13:04:31.502  2028  3078 D OplusInstallAccelerateManager: originatingPackageName = unknown
02-23 13:04:31.502  2028  3078 D OplusInstallAccelerateManager: initiatingPackageName = com.android.shell
02-23 13:04:31.502  2028  3078 D OplusInstallAccelerateManager: installerPackageName = unknown
02-23 13:04:31.502  2028  3039 D OplusInstallAccelerateManager: handleMessage(1000)
02-23 13:04:31.502  2028  3039 D OplusInstallAccelerateManager: recoveryCpuBouncingIfNeeded(384909614, false)
02-23 13:04:31.502  2028  3039 D OplusInstallAccelerateManager: remove message 384909614
02-23 13:04:31.502  2028  3039 D OplusInstallAccelerateManager: recoveryCpuBouncing()
02-23 13:04:31.566 30381 30381 D ResourcesManagerExtImpl: applyConfigurationToAppResourcesLocked app.getDisplayId() return callback.displayId:-1
02-23 13:04:31.592  2028  5008 I ActivityManager: Flag disabled. Ignoring finishAttachApplication from uid: 1000. pid: 30370
02-23 13:04:31.607  2028  5008 D ActivityTaskManagerServiceExtImpl: preBindApplication record is null
02-23 13:04:31.614  2028  7237 W OplusSelfProtectManager: pkg[com.android.keychain] not in policy list
02-23 13:04:31.621 30370 30370 D ActivityThread: Package [com.jarvis] reported as REPLACED, but missing application info. Assuming REMOVED.
02-23 13:04:31.639 30393 30393 D ResourcesManagerExtImpl: applyConfigurationToAppResourcesLocked app.getDisplayId() return callback.displayId:-1
02-23 13:04:31.707  2028  3474 V AccessibilityManagerService: onUserStateChangedLocked for user 0 with forceUpdate: false mEnabledServices = [ComponentInfo{com.microsoft.appmanager/com.microsoft.mmx.screenmirroringsrc.accessibility.ScreenMirroringAccessibilityService}] mCrashedServices = []
02-23 13:04:31.709  2028  7206 D CompatChangeReporter: Compat change id reported: 311208629; UID 1000; state: ENABLED
02-23 13:04:31.710  2028  3474 W MagnificationConnectionManager: requestConnection duplicated request: connect=false, mConnectionState=DISCONNECTED
02-23 13:04:31.718  2028  5001 W PackageManager: package com.oplus.cosa uid 10137 pid 30381 call SetEnabledSetting(com.oplus.cosa component = androidx.work.impl.background.systemjob.SystemJobService, 1, 0)
02-23 13:04:31.744  2028  3474 V AccessibilityManagerService: onUserStateChangedLocked for user 0 with forceUpdate: false mEnabledServices = [ComponentInfo{com.microsoft.appmanager/com.microsoft.mmx.screenmirroringsrc.accessibility.ScreenMirroringAccessibilityService}] mCrashedServices = []
02-23 13:04:31.745  2028  3474 W MagnificationConnectionManager: requestConnection duplicated request: connect=false, mConnectionState=DISCONNECTED
02-23 13:04:31.758  2028  3474 W AccessibilitySecurityPolicy: Skipping accessibility service com.jarvis/.JarvisAccessibilityService: disallowed by AppOps
02-23 13:04:31.766  2028  3474 W AccessibilitySecurityPolicy: Skipping accessibility service com.jarvis/.JarvisAccessibilityService: disallowed by AppOps
02-23 13:04:31.778  2028  5005 I ActivityManager: Flag disabled. Ignoring finishAttachApplication from uid: 10137. pid: 30381
02-23 13:04:31.787 30381 30381 D ActivityThread: Package [com.jarvis] reported as REPLACED, but missing application info. Assuming REMOVED.
02-23 13:04:31.791  2028  7237 I ActivityManager: Flag disabled. Ignoring finishAttachApplication from uid: 1000. pid: 30425
02-23 13:04:31.796  2028  5008 I ActivityManager: Flag disabled. Ignoring finishAttachApplication from uid: 1000. pid: 30437
02-23 13:04:31.842  2028  5008 D CompatChangeReporter: Compat change id reported: 297989574; UID 1000; state: ENABLED
02-23 13:04:31.846 30361 30361 I Quality : GetResourcesInfo:359546302,/product/priv-app/PhoneManager/PhoneManager.apk
02-23 13:04:31.874 30361 30361 D ResourcesManagerExtImpl: applyConfigurationToAppResourcesLocked app.getDisplayId() return callback.displayId:-1
02-23 13:04:31.919  2028  4307 I NativeFreezeManager: Get dex2oat pid more than 3 times
02-23 13:04:32.031  2028  5001 W ActivityManager: Receiver with filter android.content.IntentFilter@c96848c already registered for pid 30425, callerPackage is com.heytap.mcs
02-23 13:04:32.061 30381 30469 I MirageDisplayWindow: OplusActivityManager createMirageWindowSession
02-23 13:04:32.063  2028  7206 V OplusMiragerDisplaySession: add mUid: 10137 mPid: 30381 com.android.server.display.OplusMiragerDisplaySession@fbedddc
02-23 13:04:32.066  2028  5005 W ActivityManager: Receiver with filter android.content.IntentFilter@850946b already registered for pid 30425, callerPackage is com.heytap.mcs
02-23 13:04:32.073  2028  5008 I GameManagerServiceExt-GameRemoteCallbackManager: setCosaCallback: android.os.BinderProxy@d49fbc8
02-23 13:04:32.242  2028  7206 I ActivityManager: Flag disabled. Ignoring finishAttachApplication from uid: 10100. pid: 30393
02-23 13:04:32.256 26670 26670 D ActivityThread: Package [com.jarvis] reported as REPLACED, but missing application info. Assuming REMOVED.
02-23 13:04:32.257 26670 26670 D ActivityThread: Package [com.jarvis] reported as REPLACED, but missing application info. Assuming REMOVED.
02-23 13:04:32.312  2028  7206 D ActivityTaskManager: Skipping, invisible task: Task{e7e93cb #5 type=home I=com.android.launcher/.Launcher}
02-23 13:04:32.312  2028  7206 D ActivityTaskManager: pre-Filtered:com.jarvis # com.oneplus.deskclock # 
02-23 13:04:32.312  2028  7206 D ActivityTaskManager: after skip size 2
02-23 13:04:32.768  2028  5008 D OplusUserManagerServiceEnhance: getMultiSystemUserId  res = -10000
02-23 13:04:32.768  2028  7206 I ActivityManager: Flag disabled. Ignoring finishAttachApplication from uid: 10332. pid: 30361
02-23 13:04:32.772 30361 30361 D ActivityThread: Package [com.jarvis] reported as REPLACED, but missing application info. Assuming REMOVED.
02-23 13:04:32.773 30361 30361 D ActivityThread: Package [com.jarvis] reported as REPLACED, but missing application info. Assuming REMOVED.
02-23 13:04:32.784  2028  2816 D CompatChangeReporter: Compat change id reported: 151861875; UID 1000; state: ENABLED
02-23 13:04:32.794  2028  7206 D VRR [OPlusExternalRefreshRateManager]: isPkgTfcEnable: pkgName = com.oplus.phonemanager, enable = false
02-23 13:04:32.794  2028  7206 D VRR [OPlusExternalRefreshRateManager]: getTfcMinFramerate: pkgName = com.oplus.phonemanager, min framerate = 0
02-23 13:04:32.800  2028  2809 I ActivityManager: Start proc 30580:com.oplus.safecenter/1000 for broadcast {com.oplus.safecenter/com.oplus.safecenter.privacy.control.DeepProtectReceiver}
02-23 13:04:32.844  2028  7237 D ActivityTaskManagerServiceExtImpl: preBindApplication record is null
02-23 13:04:32.850  2028  2816 D CompatChangeReporter: Compat change id reported: 151861875; UID 1000; state: ENABLED
02-23 13:04:32.861  2028  2809 I ActivityManager: Start proc 30607:com.oplus.sau/1000 for broadcast {com.oplus.sau/com.oplusos.sau.strategy.AppReceiver}
02-23 13:04:32.897 26765 26765 W ContextImpl: Calling a method in the system process without a qualified user: android.app.ContextImpl.startService:1958 android.content.ContextWrapper.startService:837 android.content.ContextWrapper.startService:837 com.oplusos.securitypermission.permission.OplusPermissionReceiver.l:92 com.oplusos.securitypermission.permission.OplusPermissionReceiver.onReceive:168 
02-23 13:04:32.925 26765 26765 W ContextImpl: Calling a method in the system process without a qualified user: android.app.ContextImpl.startService:1958 android.content.ContextWrapper.startService:837 android.content.ContextWrapper.startService:837 com.oplusos.securitypermission.permission.OplusPermissionReceiver.l:92 com.oplusos.securitypermission.permission.OplusPermissionReceiver.onReceive:179 
02-23 13:04:32.938  2028  5008 D ActivityTaskManagerServiceExtImpl: preBindApplication record is null
02-23 13:04:32.992  2028  5008 W ActivityManager: Slow operation: 57ms so far, now at attachApplicationLocked: after updateOomAdjLocked
02-23 13:04:32.998  2028  2809 W ActivityManager: Slow operation: 80ms so far, now at startProcess: done updating battery stats
02-23 13:04:32.998  2028  2809 W ActivityManager: Slow operation: 80ms so far, now at startProcess: building log message
02-23 13:04:32.998  2028  2809 I ActivityManager: Start proc 30622:com.oplus.notificationmanager/1000 for service {com.oplus.notificationmanager/com.oplus.notification.NotificationCenterService}
02-23 13:04:32.998  2028  2809 W ActivityManager: Slow operation: 80ms so far, now at startProcess: starting to update pids map
02-23 13:04:32.999  2028  2809 W ActivityManager: Slow operation: 80ms so far, now at startProcess: done updating pids map
02-23 13:04:33.089  2028  3642 D ActivityTaskManagerServiceExtImpl: preBindApplication record is null
02-23 13:04:33.174  2028  3941 D IntervalStats: Unable to parse usage stats packages: [24, 28, 29, 59, 67, 73, 81, 87, 88, 134, 150, 190, 201, 217, 250, 284, 303, 316, 317, 327, 334, 338, 376, 395, 398, 401, 410, 415, 426, 467, 475, 497, 529, 638, 826, 829, 831, 832, 838, 842, 844, 845, 846, 847, 848, 850, 853, 854, 856, 857, 858, 860, 866, 867, 870, 871, 872, 873, 874, 875, 876, 877, 878, 880, 882, 884, 885, 886, 887, 891, 894, 898, 899, 901, 902, 904, 906, 914, 918, 919, 920, 921, 922, 924, 926, 927, 928, 930, 931, 932, 934, 935, 936, 938, 939, 940, 941, 942, 945, 946, 947, 948, 949, 951, 953, 955, 961, 964, 970, 971, 973, 974, 976, 977, 979, 980, 981, 982, 994, 1001, 1007, 1018, 1071, 1075, 1076, 1079, 1080, 1081, 1083, 1084, 1085, 1086, 1087, 1088, 1089, 1091, 1120, 1121, 1122, 1123, 1124, 1125, 1126, 1127, 1128, 1129, 1130, 1131, 1132, 1133, 1134, 1135, 1136, 1137, 1138, 1139, 1140, 1141, 1142, 1143, 1144, 1145, 1146, 1147, 1148, 1149, 1150, 1151, 1152, 1154, 1156, 1172, 1173, 1174, 1175, 1176, 1177, 1178, 1180, 1181, 1182, 1183, 1184, 1185, 1192, 1193, 1194, 1199, 1201, 1204, 1206, 1208, 1209, 1210, 1213, 1215, 1216, 1217, 1218, 1219, 1221, 1222, 1223, 1226, 1227, 1232, 1237, 1238, 1239, 1240, 1241, 1242, 1244, 1245, 1246, 1248, 1250, 1254, 1258, 1262, 1269, 1271, 1272, 1273, 1274, 1408, 1409, 1422, 1428, 1429, 1430, 1432, 1437, 1445, 1479, 1482, 1483, 1484, 1486, 1487, 1488, 1489, 1490, 1491, 1492, 1493, 1495, 1496, 1497, 1498, 1499, 1506, 1507, 1508, 1509, 1510, 1512, 1513, 1514, 1516, 1520]
02-23 13:04:33.186  2028  3941 D UsageStatsService: User[0] type=3 b=1740296073139 e=1771832073139 cb=1749796766886 ce=1771832073107 disk=406 all=854
02-23 13:04:33.197  2028  7237 W AppOpService: Ignored setUidMode call for runtime permission app op: uid = 10226, code = READ_CELL_BROADCASTS, mode = allow, callingUid = 1001, oldMode = allow
02-23 13:04:33.242  2028  5008 W AppOpService: Ignored setUidMode call for runtime permission app op: uid = 1001, code = READ_SMS, mode = allow, callingUid = 1001, oldMode = allow
02-23 13:04:33.247  2028  7202 W AppOpService: Ignored setUidMode call for runtime permission app op: uid = 1001, code = RECEIVE_SMS, mode = allow, callingUid = 1001, oldMode = allow
02-23 13:04:33.249  2028  5008 W AppOpService: Ignored setUidMode call for runtime permission app op: uid = 1001, code = RECEIVE_WAP_PUSH, mode = allow, callingUid = 1001, oldMode = allow
02-23 13:04:33.274  2028  4098 V ActivityManager: Has totaly same connectionRecord, just reuse it!
02-23 13:04:33.278  2028  3941 W AppOpService: Ignored setUidMode call for runtime permission app op: uid = 1001, code = SEND_SMS, mode = allow, callingUid = 1001, oldMode = allow
02-23 13:04:33.280  2028  7205 W AppOpService: Ignored setUidMode call for runtime permission app op: uid = 1001, code = READ_CELL_BROADCASTS, mode = allow, callingUid = 1001, oldMode = allow
02-23 13:04:33.282 30361 30581 E ActivityThread: Failed to find provider info for com.nearme.romupdate.provider.db
