02-23 13:06:28.120  2028  4117 W PackageManager: package com.facebook.appmanager uid 10205 pid 31451 call SetEnabledSetting(com.facebook.appmanager component = com.facebook.oxygen.appmanager.webinstall.WebInstallAppLinkInstagramLoggedOutActivity, 2, 0)
02-23 13:06:28.130  2028  4117 W PackageManager: package com.facebook.appmanager uid 10205 pid 31451 call SetEnabledSetting(com.facebook.appmanager component = com.facebook.oxygen.appmanager.webinstall.WebInstallAppLinkThreadsLoggedOutActivity, 1, 0)
02-23 13:06:28.144  2028  4117 W PackageManager: package com.facebook.appmanager uid 10205 pid 31451 call SetEnabledSetting(com.facebook.appmanager component = com.facebook.oxygen.appmanager.webinstall.WebInstallAppLinkMessengerLoggedOutActivity, 1, 0)
02-23 13:06:28.154  2028  4117 W PackageManager: package com.facebook.appmanager uid 10205 pid 31451 call SetEnabledSetting(com.facebook.appmanager component = com.facebook.oxygen.appmanager.webinstall.WebInstallAppLinkIgliteRestrictedActivity, 2, 0)
02-23 13:06:28.157  2028  4117 W PackageManager: package com.facebook.appmanager uid 10205 pid 31451 call SetEnabledSetting(com.facebook.appmanager component = com.facebook.oxygen.appmanager.webinstall.WebInstallAppLinkWhatsAppRestrictedActivity, 2, 0)
02-23 13:06:28.159  2028  4117 W PackageManager: package com.facebook.appmanager uid 10205 pid 31451 call SetEnabledSetting(com.facebook.appmanager component = com.facebook.oxygen.appmanager.webinstall.WebInstallAppLinkFbliteRestrictedActivity, 2, 0)
02-23 13:06:28.162  2028  7206 W PackageManager: package com.facebook.appmanager uid 10205 pid 31451 call SetEnabledSetting(com.facebook.appmanager component = com.facebook.oxygen.appmanager.webinstall.WebInstallAppLinkFB4ARestrictedActivity, 2, 0)
02-23 13:06:28.164  2028  7206 W PackageManager: package com.facebook.appmanager uid 10205 pid 31451 call SetEnabledSetting(com.facebook.appmanager component = com.facebook.oxygen.appmanager.webinstall.WebInstallAppLinkMetaAIRestrictedActivity, 2, 0)
02-23 13:06:28.166  2028  7206 W PackageManager: package com.facebook.appmanager uid 10205 pid 31451 call SetEnabledSetting(com.facebook.appmanager component = com.facebook.oxygen.appmanager.webinstall.WebInstallAppLinkInstagramRestrictedActivity, 2, 0)
02-23 13:06:28.169  2028  7206 W PackageManager: package com.facebook.appmanager uid 10205 pid 31451 call SetEnabledSetting(com.facebook.appmanager component = com.facebook.oxygen.appmanager.webinstall.WebInstallAppLinkThreadsRestrictedActivity, 2, 0)
02-23 13:06:28.170  2028  7206 W PackageManager: package com.facebook.appmanager uid 10205 pid 31451 call SetEnabledSetting(com.facebook.appmanager component = com.facebook.oxygen.appmanager.webinstall.WebInstallAppLinkMessengerRestrictedActivity, 2, 0)
02-23 13:06:28.172  2028  7206 W PackageManager: package com.facebook.appmanager uid 10205 pid 31451 call SetEnabledSetting(com.facebook.appmanager component = com.facebook.oxygen.appmanager.modules.api.ModulesApiProvider, 1, 0)
02-23 13:06:28.174  2028  7206 W PackageManager: package com.facebook.appmanager uid 10205 pid 31451 call SetEnabledSetting(com.facebook.appmanager component = com.facebook.oxygen.appmanager.firstparty.tos.ShouldAcceptTos, 2, 0)
02-23 13:06:28.175  2028  7206 W PackageManager: package com.facebook.appmanager uid 10205 pid 31451 call SetEnabledSetting(com.facebook.appmanager component = com.facebook.oxygen.appmanager.firstparty.tos.ShouldShowTos, 2, 0)
02-23 13:06:28.176  2028  7206 W PackageManager: package com.facebook.appmanager uid 10205 pid 31451 call SetEnabledSetting(com.facebook.appmanager component = com.facebook.oxygen.appmanager.firstparty.tos.ShouldShowExplicitTos, 2, 0)
02-23 13:06:28.190  2028  5005 D CompatChangeReporter: Compat change id reported: 311208629; UID 10279; state: ENABLED
02-23 13:06:28.547  2028  2928 D OplusDisplayBrightnessBroadcastReceiver: onReceive action = android.intent.action.BATTERY_CHANGED , listeners = [com.android.server.display.OplusFeatureHDREnhanceBrightness$PhoneInfoReceiver@780cd78, com.android.server.display.OplusFeatureEdrEnhanceBrightness$PhoneInfoReceiver@3423c51]
02-23 13:06:28.983  2028  3078 I AppsFilter: interaction: PackageSetting{84c63c8 com.android.microdroid.empty_payload/10372} -> PackageSetting{9c84da8 com.facebook.appmanager/10205} BLOCKED
02-23 13:06:28.983  2028  3078 I AppsFilter: interaction: PackageSetting{5e9becd com.jarvis/10485} -> PackageSetting{9c84da8 com.facebook.appmanager/10205} BLOCKED
02-23 13:06:28.983  2028  3078 I AppsFilter: interaction: PackageSetting{3c75386 com.oplus.locationproxy/10148} -> PackageSetting{9c84da8 com.facebook.appmanager/10205} BLOCKED
02-23 13:06:28.983  2028  3078 I AppsFilter: interaction: PackageSetting{6f59447 com.example.women_safety_app/10359} -> PackageSetting{9c84da8 com.facebook.appmanager/10205} BLOCKED
02-23 13:06:28.983  2028  3078 I AppsFilter: interaction: PackageSetting{fa7f474 com.android.certinstaller/10186} -> PackageSetting{9c84da8 com.facebook.appmanager/10205} BLOCKED
02-23 13:06:28.983  2028  3078 I AppsFilter: interaction: PackageSetting{cb69d9d com.oplus.location/10194} -> PackageSetting{9c84da8 com.facebook.appmanager/10205} BLOCKED
02-23 13:06:29.001  2028  3575 D ShortcutService: received package broadcast intent: Intent { act=android.intent.action.PACKAGE_CHANGED dat=package: flg=0x45000010 (has extras) }
02-23 13:06:29.001  2028  3575 D ShortcutService: changing package: com.facebook.appmanager userId0
02-23 13:06:29.001  2028  3575 D ShortcutService: handlePackageChanged: com.facebook.appmanager user=0
02-23 13:06:29.001  2028  3575 D ShortcutService: rescanPackageIfNeeded 0@com.facebook.appmanager, forceRescan=true , isNewApp=true
02-23 13:06:29.013  2028  3575 D ShortcutService: Package com.facebook.appmanager has 0 manifest shortcut(s), and 0 share target(s)
02-23 13:06:29.101  2028  2809 I ActivityManager: Start proc 31560:com.google.android.apps.nbu.files/u0a220 for service {com.google.android.apps.nbu.files/androidx.work.impl.background.systemjob.SystemJobService}
02-23 13:06:29.135  2028  4117 D ActivityTaskManagerServiceExtImpl: preBindApplication record is null
02-23 13:06:29.240 31560 31560 D ResourcesManagerExtImpl: applyConfigurationToAppResourcesLocked app.getDisplayId() return callback.displayId:-1
02-23 13:06:29.252  2028  3474 V AccessibilityManagerService: onUserStateChangedLocked for user 0 with forceUpdate: false mEnabledServices = [ComponentInfo{com.microsoft.appmanager/com.microsoft.mmx.screenmirroringsrc.accessibility.ScreenMirroringAccessibilityService}] mCrashedServices = []
02-23 13:06:29.252  2028  3474 W MagnificationConnectionManager: requestConnection duplicated request: connect=false, mConnectionState=DISCONNECTED
02-23 13:06:29.441  2028  4117 I ActivityManager: Flag disabled. Ignoring finishAttachApplication from uid: 10220. pid: 31560
02-23 13:06:29.856  2028  7206 D ShortcutService: rescanPackageIfNeeded 0@org.telegram.messenger, forceRescan=false , isNewApp=false
02-23 13:06:29.876  2028  7206 D ShortcutService: rescanPackageIfNeeded 0@org.telegram.messenger, forceRescan=false , isNewApp=false
02-23 13:06:29.892  2028  7206 D ShortcutService: Getting shortcuts for launcher= androiduser=0 pkg=org.telegram.messenger
02-23 13:06:29.895  2028  7206 D ShortcutService: rescanPackageIfNeeded 0@org.telegram.messenger, forceRescan=false , isNewApp=false
02-23 13:06:29.999  2028  3575 D ShortcutService: Saving package item org.telegram.messenger to /data/system_ce/0/shortcut_service/packages/org.telegram.messenger.xml
02-23 13:06:29.999  2028  2679 D ShortcutService: Getting shortcuts for launcher= com.android.systemuiuser=0 pkg=org.telegram.messenger
02-23 13:06:30.007  2028  2679 D ShortcutService: Getting shortcuts for launcher= com.android.launcheruser=0 pkg=org.telegram.messenger
02-23 13:06:30.007  2028  2679 D ShortcutService: Getting shortcuts for launcher= com.google.android.asuser=0 pkg=org.telegram.messenger
02-23 13:06:30.029  2028  7206 D ShortcutService: rescanPackageIfNeeded 0@org.telegram.messenger, forceRescan=false , isNewApp=false
02-23 13:06:30.035  2028  7206 D ShortcutService: rescanPackageIfNeeded 0@org.telegram.messenger, forceRescan=false , isNewApp=false
02-23 13:06:30.040  2028  7206 D ShortcutService: Getting shortcuts for launcher= androiduser=0 pkg=org.telegram.messenger
02-23 13:06:30.042  2028  7206 D ShortcutService: rescanPackageIfNeeded 0@org.telegram.messenger, forceRescan=false , isNewApp=false
02-23 13:06:30.143  2028  3575 D ShortcutService: Saving package item org.telegram.messenger to /data/system_ce/0/shortcut_service/packages/org.telegram.messenger.xml
02-23 13:06:30.144  2028  2679 D ShortcutService: Getting shortcuts for launcher= com.android.systemuiuser=0 pkg=org.telegram.messenger
02-23 13:06:30.154  2028  2679 D ShortcutService: Getting shortcuts for launcher= com.android.launcheruser=0 pkg=org.telegram.messenger
02-23 13:06:30.154  2028  2679 D ShortcutService: Getting shortcuts for launcher= com.google.android.asuser=0 pkg=org.telegram.messenger
02-23 13:06:30.173  2028  5005 D ShortcutService: rescanPackageIfNeeded 0@org.telegram.messenger, forceRescan=false , isNewApp=false
02-23 13:06:30.182  2028  5005 D ShortcutService: rescanPackageIfNeeded 0@org.telegram.messenger, forceRescan=false , isNewApp=false
02-23 13:06:30.187  2028  5005 D ShortcutService: Getting shortcuts for launcher= androiduser=0 pkg=org.telegram.messenger
02-23 13:06:30.189  2028  5005 D ShortcutService: rescanPackageIfNeeded 0@org.telegram.messenger, forceRescan=false , isNewApp=false
02-23 13:06:30.291  2028  3575 D ShortcutService: Saving package item org.telegram.messenger to /data/system_ce/0/shortcut_service/packages/org.telegram.messenger.xml
02-23 13:06:30.291  2028  2679 D ShortcutService: Getting shortcuts for launcher= com.android.systemuiuser=0 pkg=org.telegram.messenger
02-23 13:06:30.296  2028  2679 D ShortcutService: Getting shortcuts for launcher= com.android.launcheruser=0 pkg=org.telegram.messenger
02-23 13:06:30.297  2028  2679 D ShortcutService: Getting shortcuts for launcher= com.google.android.asuser=0 pkg=org.telegram.messenger
02-23 13:06:30.382  2028  5005 D CompatChangeReporter: Compat change id reported: 297989574; UID 10279; state: ENABLED
02-23 13:06:31.046  2028  7206 W AppOpService: Ignored setUidMode call for runtime permission app op: uid = 10226, code = READ_CELL_BROADCASTS, mode = allow, callingUid = 1001, oldMode = allow
02-23 13:06:31.064  2028  7206 W AppOpService: Ignored setUidMode call for runtime permission app op: uid = 1001, code = READ_SMS, mode = allow, callingUid = 1001, oldMode = allow
02-23 13:06:31.066  2028  7206 W AppOpService: Ignored setUidMode call for runtime permission app op: uid = 1001, code = RECEIVE_SMS, mode = allow, callingUid = 1001, oldMode = allow
02-23 13:06:31.067  2028  7206 W AppOpService: Ignored setUidMode call for runtime permission app op: uid = 1001, code = RECEIVE_WAP_PUSH, mode = allow, callingUid = 1001, oldMode = allow
02-23 13:06:31.068  2028  7206 W AppOpService: Ignored setUidMode call for runtime permission app op: uid = 1001, code = SEND_SMS, mode = allow, callingUid = 1001, oldMode = allow
02-23 13:06:31.069  2028  7206 W AppOpService: Ignored setUidMode call for runtime permission app op: uid = 1001, code = READ_CELL_BROADCASTS, mode = allow, callingUid = 1001, oldMode = allow
02-23 13:06:32.184  2028  5005 W JobScheduler: Job didn't exist in JobStore: #com.google.android.apps.nbu.files/38218
02-23 13:06:34.425  2028  2928 D OplusDisplayBrightnessBroadcastReceiver: onReceive action = android.intent.action.BATTERY_CHANGED , listeners = [com.android.server.display.OplusFeatureHDREnhanceBrightness$PhoneInfoReceiver@780cd78, com.android.server.display.OplusFeatureEdrEnhanceBrightness$PhoneInfoReceiver@3423c51]
02-23 13:06:35.927  2028  4570 D OplusProxyWakeLock: check proxy worksource [ 10276] failed, reason:TAG_NULL ,tag: *job*
02-23 13:06:37.649  2028  3334 E JobScheduler.Background: Couldn't determine stopped state for unknown package: com.oplus.onet
02-23 13:06:38.336  2028  7231 W SettingsStatsUtil: Can not parse value to float: +network
02-23 13:06:38.341  2028  7231 W SettingsStatsUtil: Can not parse value to float: +network
02-23 13:06:38.415  2028  7231 D CompatChangeReporter: Compat change id reported: 151861875; UID 10334; state: ENABLED
02-23 13:06:38.438  2028  2809 I ActivityManager: Start proc 31631:com.oplus.dmp:main/u0a334 for content provider {com.oplus.dmp/com.oplus.oss.daemon.RemoteDaemonProxy}
02-23 13:06:38.490  2028  7231 D ActivityTaskManagerServiceExtImpl: preBindApplication record is null
02-23 13:06:38.685 31631 31631 D ResourcesManagerExtImpl: applyConfigurationToAppResourcesLocked app.getDisplayId() return callback.displayId:-1
02-23 13:06:39.009  2028  7231 W PackageManager: package com.oplus.dmp uid 10334 pid 31631 call SetEnabledSetting(com.oplus.dmp component = androidx.work.impl.background.systemjob.SystemJobService, 1, 0)
02-23 13:06:39.018  2028  7231 I ActivityManager: Flag disabled. Ignoring finishAttachApplication from uid: 10334. pid: 31631
02-23 13:06:39.023  2028  7231 D VRR [OPlusExternalRefreshRateManager]: isPkgTfcEnable: pkgName = com.oplus.dmp, enable = false
02-23 13:06:39.023  2028  7231 D VRR [OPlusExternalRefreshRateManager]: getTfcMinFramerate: pkgName = com.oplus.dmp, min framerate = 0
02-23 13:06:39.290  2028  5005 W PackageManager: package com.oplus.dmp uid 10334 pid 31631 call SetEnabledSetting(com.oplus.dmp component = androidx.work.impl.background.systemalarm.RescheduleReceiver, 1, 0)
02-23 13:06:39.322  2028  5005 D CompatChangeReporter: Compat change id reported: 311402873; UID 10334; state: ENABLED
02-23 13:06:39.322  2028  5005 D CompatChangeReporter: Compat change id reported: 323349338; UID 10334; state: ENABLED
02-23 13:06:39.342  2028  2809 I ActivityManager: Start proc 31659:com.google.android.apps.photos/u0a241 for service {com.google.android.apps.photos/com.google.android.libraries.social.mediamonitor.MediaMonitorJobSchedulerService}
02-23 13:06:39.379  2028  7231 D ActivityTaskManagerServiceExtImpl: preBindApplication record is null
02-23 13:06:39.507  2028  7231 W PackageManager: package com.oplus.dmp uid 10334 pid 31631 call SetEnabledSetting(com.oplus.dmp component = androidx.work.impl.background.systemalarm.RescheduleReceiver, 2, 0)
02-23 13:06:39.517  2028  7231 D CompatChangeReporter: Compat change id reported: 311208629; UID 10334; state: ENABLED
02-23 13:06:39.540  2028  2928 D OplusDisplayBrightnessBroadcastReceiver: onReceive action = android.intent.action.BATTERY_CHANGED , listeners = [com.android.server.display.OplusFeatureHDREnhanceBrightness$PhoneInfoReceiver@780cd78, com.android.server.display.OplusFeatureEdrEnhanceBrightness$PhoneInfoReceiver@3423c51]
02-23 13:06:39.573 31659 31659 D ResourcesManagerExtImpl: applyConfigurationToAppResourcesLocked app.getDisplayId() return callback.displayId:-1
02-23 13:06:39.822  2028  7231 I ActivityManager: Flag disabled. Ignoring finishAttachApplication from uid: 10241. pid: 31659
02-23 13:06:39.894 31659 31682 E OplusCustomizeRestrictionManager: sInstance is null, start a new sInstance
02-23 13:06:40.185  2028  7231 W JobScheduler: Job didn't exist in JobStore: #com.google.android.apps.photos/1034
02-23 13:06:40.274  2028  5005 W UriGrantsManagerService: No permission grants found for com.google.android.apps.photos
02-23 13:06:40.275  2028  5005 W UriGrantsManagerService: No permission grants found for com.google.android.apps.photos
02-23 13:06:40.294  2028  3078 I AppsFilter: interaction: PackageSetting{84c63c8 com.android.microdroid.empty_payload/10372} -> PackageSetting{7fd1be1 com.oplus.dmp/10334} BLOCKED
02-23 13:06:40.294  2028  3078 I AppsFilter: interaction: PackageSetting{5e9becd com.jarvis/10485} -> PackageSetting{7fd1be1 com.oplus.dmp/10334} BLOCKED
02-23 13:06:40.295  2028  3078 I AppsFilter: interaction: PackageSetting{3c75386 com.oplus.locationproxy/10148} -> PackageSetting{7fd1be1 com.oplus.dmp/10334} BLOCKED
02-23 13:06:40.295  2028  3078 I AppsFilter: interaction: PackageSetting{6f59447 com.example.women_safety_app/10359} -> PackageSetting{7fd1be1 com.oplus.dmp/10334} BLOCKED
02-23 13:06:40.295  2028  3078 I AppsFilter: interaction: PackageSetting{fa7f474 com.android.certinstaller/10186} -> PackageSetting{7fd1be1 com.oplus.dmp/10334} BLOCKED
02-23 13:06:40.295  2028  3078 I AppsFilter: interaction: PackageSetting{cb69d9d com.oplus.location/10194} -> PackageSetting{7fd1be1 com.oplus.dmp/10334} BLOCKED
02-23 13:06:40.330  2028  3474 V AccessibilityManagerService: onUserStateChangedLocked for user 0 with forceUpdate: false mEnabledServices = [ComponentInfo{com.microsoft.appmanager/com.microsoft.mmx.screenmirroringsrc.accessibility.ScreenMirroringAccessibilityService}] mCrashedServices = []
02-23 13:06:40.331  2028  3474 W MagnificationConnectionManager: requestConnection duplicated request: connect=false, mConnectionState=DISCONNECTED
02-23 13:06:42.339  2028  7231 W AppOpService: Ignored setUidMode call for runtime permission app op: uid = 10226, code = READ_CELL_BROADCASTS, mode = allow, callingUid = 1001, oldMode = allow
02-23 13:06:42.350  2028  7231 W AppOpService: Ignored setUidMode call for runtime permission app op: uid = 1001, code = READ_SMS, mode = allow, callingUid = 1001, oldMode = allow
02-23 13:06:42.350  2028  7231 W AppOpService: Ignored setUidMode call for runtime permission app op: uid = 1001, code = RECEIVE_SMS, mode = allow, callingUid = 1001, oldMode = allow
02-23 13:06:42.351  2028  7231 W AppOpService: Ignored setUidMode call for runtime permission app op: uid = 1001, code = RECEIVE_WAP_PUSH, mode = allow, callingUid = 1001, oldMode = allow
02-23 13:06:42.351  2028  7231 W AppOpService: Ignored setUidMode call for runtime permission app op: uid = 1001, code = SEND_SMS, mode = allow, callingUid = 1001, oldMode = allow
02-23 13:06:42.351  2028  7231 W AppOpService: Ignored setUidMode call for runtime permission app op: uid = 1001, code = READ_CELL_BROADCASTS, mode = allow, callingUid = 1001, oldMode = allow
02-23 13:06:43.011  2028  5005 W UriGrantsManagerService: No permission grants found for com.google.android.apps.photos
02-23 13:06:43.011  2028  5005 W UriGrantsManagerService: No permission grants found for com.google.android.apps.photos
02-23 13:06:45.293  2028  5005 W UriGrantsManagerService: No permission grants found for com.google.android.apps.photos
02-23 13:06:45.293  2028  5005 W UriGrantsManagerService: No permission grants found for com.google.android.apps.photos
02-23 13:06:45.361  2028  5005 W UriGrantsManagerService: No permission grants found for com.google.android.apps.photos
02-23 13:06:45.362  2028  5005 W UriGrantsManagerService: No permission grants found for com.google.android.apps.photos
02-23 13:06:45.428  2028  2928 D OplusDisplayBrightnessBroadcastReceiver: onReceive action = android.intent.action.BATTERY_CHANGED , listeners = [com.android.server.display.OplusFeatureHDREnhanceBrightness$PhoneInfoReceiver@780cd78, com.android.server.display.OplusFeatureEdrEnhanceBrightness$PhoneInfoReceiver@3423c51]
02-23 13:06:45.453  2028  7203 W UriGrantsManagerService: No permission grants found for com.google.android.apps.photos
02-23 13:06:45.453  2028  7203 W UriGrantsManagerService: No permission grants found for com.google.android.apps.photos
02-23 13:06:49.098  2028  5005 D StorageStatsService: getFreeBytes: 21735936000
02-23 13:06:50.548  2028  2928 D OplusDisplayBrightnessBroadcastReceiver: onReceive action = android.intent.action.BATTERY_CHANGED , listeners = [com.android.server.display.OplusFeatureHDREnhanceBrightness$PhoneInfoReceiver@780cd78, com.android.server.display.OplusFeatureEdrEnhanceBrightness$PhoneInfoReceiver@3423c51]
02-23 13:06:51.503  2028  5005 D ShortcutService: rescanPackageIfNeeded 0@com.whatsapp, forceRescan=false , isNewApp=false
02-23 13:06:51.546  2028  5005 D ShortcutService: rescanPackageIfNeeded 0@com.whatsapp, forceRescan=false , isNewApp=false
02-23 13:06:51.562  2028  5005 D ShortcutService: rescanPackageIfNeeded 0@com.whatsapp, forceRescan=false , isNewApp=false
02-23 13:06:51.566  2028  5005 E ShortcutService: Invalid icon type in shortcut 133784087359716@lid. Bitmaps are not allowed in long-lived shortcuts. Use Resource icons, or Uri-based icons instead.
02-23 13:06:51.709  2028  3575 D ShortcutService: Saving package item com.whatsapp to /data/system_ce/0/shortcut_service/packages/com.whatsapp.xml
02-23 13:06:51.709  2028  2679 D ShortcutService: Getting shortcuts for launcher= com.android.systemuiuser=0 pkg=com.whatsapp
02-23 13:06:51.730  2028  2679 D ShortcutService: Getting shortcuts for launcher= com.android.launcheruser=0 pkg=com.whatsapp
02-23 13:06:51.732  2028  2679 D ShortcutService: Getting shortcuts for launcher= com.google.android.asuser=0 pkg=com.whatsapp
02-23 13:06:56.429  2028  2928 D OplusDisplayBrightnessBroadcastReceiver: onReceive action = android.intent.action.BATTERY_CHANGED , listeners = [com.android.server.display.OplusFeatureHDREnhanceBrightness$PhoneInfoReceiver@780cd78, com.android.server.display.OplusFeatureEdrEnhanceBrightness$PhoneInfoReceiver@3423c51]
02-23 13:07:01.542  2028  2928 D OplusDisplayBrightnessBroadcastReceiver: onReceive action = android.intent.action.BATTERY_CHANGED , listeners = [com.android.server.display.OplusFeatureHDREnhanceBrightness$PhoneInfoReceiver@780cd78, com.android.server.display.OplusFeatureEdrEnhanceBrightness$PhoneInfoReceiver@3423c51]
02-23 13:07:03.242  2028  5005 D ShortcutService: rescanPackageIfNeeded 0@com.whatsapp, forceRescan=false , isNewApp=false
02-23 13:07:03.281  2028  5005 D ShortcutService: rescanPackageIfNeeded 0@com.whatsapp, forceRescan=false , isNewApp=false
02-23 13:07:03.293  2028  5005 D ShortcutService: rescanPackageIfNeeded 0@com.whatsapp, forceRescan=false , isNewApp=false
02-23 13:07:03.296  2028  5005 E ShortcutService: Invalid icon type in shortcut 133784087359716@lid. Bitmaps are not allowed in long-lived shortcuts. Use Resource icons, or Uri-based icons instead.
02-23 13:07:03.440  2028  3575 D ShortcutService: Saving package item com.whatsapp to /data/system_ce/0/shortcut_service/packages/com.whatsapp.xml
02-23 13:07:03.440  2028  2679 D ShortcutService: Getting shortcuts for launcher= com.android.systemuiuser=0 pkg=com.whatsapp
02-23 13:07:03.459  2028  2679 D ShortcutService: Getting shortcuts for launcher= com.android.launcheruser=0 pkg=com.whatsapp
02-23 13:07:03.461  2028  2679 D ShortcutService: Getting shortcuts for launcher= com.google.android.asuser=0 pkg=com.whatsapp
02-23 13:07:04.243  2028  2808 D ProcessCpuTrackerExtImpl: mContext is already set, return now! 
02-23 13:07:07.450  2028  2928 D OplusDisplayBrightnessBroadcastReceiver: onReceive action = android.intent.action.BATTERY_CHANGED , listeners = [com.android.server.display.OplusFeatureHDREnhanceBrightness$PhoneInfoReceiver@780cd78, com.android.server.display.OplusFeatureEdrEnhanceBrightness$PhoneInfoReceiver@3423c51]
02-23 13:07:08.330  2028  7231 W SettingsStatsUtil: Can not parse value to float: +network
02-23 13:07:08.336  2028  7231 W SettingsStatsUtil: Can not parse value to float: +network
02-23 13:07:08.390  2028  2151 D StorageStatsService: getFreeBytes: 21736636416
02-23 13:07:13.594  2028  2928 D OplusDisplayBrightnessBroadcastReceiver: onReceive action = android.intent.action.BATTERY_CHANGED , listeners = [com.android.server.display.OplusFeatureHDREnhanceBrightness$PhoneInfoReceiver@780cd78, com.android.server.display.OplusFeatureEdrEnhanceBrightness$PhoneInfoReceiver@3423c51]
02-23 13:07:18.236  2028  3435 V AlarmManager: sending alarm Alarm{94953c8 type 3 origWhen 673059933 whenElapsed 673059933 android} uid 1000 whenElapsed 673059933 windowLength 0 maxWhenElapsed 673059933 repeatInterval 0 action null component null tag TIME_TICK flags 0x9 procName system_server
02-23 13:07:18.250  2028  3435 V AlarmManager: sending alarm Alarm{a0b4447 type 3 origWhen 673035000 whenElapsed 673035000 android} uid 1000 whenElapsed 673035000 windowLength 0 maxWhenElapsed 673035000 repeatInterval 0 action null component null tag StatsCompanionService.periodic flags 0x9 procName system_server
02-23 13:07:18.250  2028  3435 V AlarmManager: sending alarm Alarm{b83e474 type 3 origWhen 673066607 whenElapsed 673066607 android} uid 1000 whenElapsed 673066607 windowLength 0 maxWhenElapsed 673066607 repeatInterval 0 action null component null tag *usage.launchTime* flags 0x9 procName system_server
02-23 13:07:18.250  2028  3435 V AlarmManager: sending alarm Alarm{c7bcd9d type 3 origWhen 673120051 whenElapsed 673120051 android} uid 1000 whenElapsed 673120051 windowLength 18116 maxWhenElapsed 673138167 repeatInterval 0 action null component null tag *job.delay* flags 0x0 procName system_server
02-23 13:07:18.250  2028  3435 V AlarmManager: sending alarm Alarm{dca9212 type 3 origWhen 673004045 whenElapsed 673004045 com.oplus.obrain} uid 1000 whenElapsed 673004045 windowLength 225000 maxWhenElapsed 673229045 repeatInterval 300000 action MIDAS FIVE MINUTE CLOCK ACTION component null flags 0x8 procName com.oplus.midas
02-23 13:07:18.257  2028  2928 D OplusDisplayBrightnessBroadcastReceiver: onReceive action = android.intent.action.TIME_TICK , listeners = []
02-23 13:07:18.285  2028  3333 D UsageStatsService: User[0] type=0 b=1771227438259 e=1771832238259 cb=1771764266287 ce=1771832213913 disk=1 all=1
02-23 13:07:23.098  2028  4570 D OplusProxyWakeLock: check proxy worksource [ 10276] failed, reason:TAG_NULL ,tag: *job*
02-23 13:07:25.629  2028  2928 D OplusDisplayBrightnessBroadcastReceiver: onReceive action = android.intent.action.BATTERY_CHANGED , listeners = [com.android.server.display.OplusFeatureHDREnhanceBrightness$PhoneInfoReceiver@780cd78, com.android.server.display.OplusFeatureEdrEnhanceBrightness$PhoneInfoReceiver@3423c51]
02-23 13:07:31.511  2028  2928 D OplusDisplayBrightnessBroadcastReceiver: onReceive action = android.intent.action.BATTERY_CHANGED , listeners = [com.android.server.display.OplusFeatureHDREnhanceBrightness$PhoneInfoReceiver@780cd78, com.android.server.display.OplusFeatureEdrEnhanceBrightness$PhoneInfoReceiver@3423c51]
02-23 13:07:37.316  2028  9252 D UsageStatsService: User[0] type=0 b=1771832106175 e=1771832257313 cb=1771764266287 ce=1771832255991 disk=0 all=2
02-23 13:07:37.651  2028  2928 D OplusDisplayBrightnessBroadcastReceiver: onReceive action = android.intent.action.BATTERY_CHANGED , listeners = [com.android.server.display.OplusFeatureHDREnhanceBrightness$PhoneInfoReceiver@780cd78, com.android.server.display.OplusFeatureEdrEnhanceBrightness$PhoneInfoReceiver@3423c51]
02-23 13:07:38.352  2028  7231 W SettingsStatsUtil: Can not parse value to float: +network
02-23 13:07:38.357  2028  7231 W SettingsStatsUtil: Can not parse value to float: +network
02-23 13:07:38.964  2028  3880 D ShortcutService: rescanPackageIfNeeded 0@com.whatsapp, forceRescan=false , isNewApp=false
02-23 13:07:39.005  2028  3880 D ShortcutService: rescanPackageIfNeeded 0@com.whatsapp, forceRescan=false , isNewApp=false
02-23 13:07:39.019  2028  3880 D ShortcutService: rescanPackageIfNeeded 0@com.whatsapp, forceRescan=false , isNewApp=false
02-23 13:07:39.023  2028  3880 E ShortcutService: Invalid icon type in shortcut 133784087359716@lid. Bitmaps are not allowed in long-lived shortcuts. Use Resource icons, or Uri-based icons instead.
02-23 13:07:39.162  2028  3575 D ShortcutService: Saving package item com.whatsapp to /data/system_ce/0/shortcut_service/packages/com.whatsapp.xml
02-23 13:07:39.163  2028  2679 D ShortcutService: Getting shortcuts for launcher= com.android.systemuiuser=0 pkg=com.whatsapp
02-23 13:07:39.185  2028  2679 D ShortcutService: Getting shortcuts for launcher= com.android.launcheruser=0 pkg=com.whatsapp
02-23 13:07:39.188  2028  2679 D ShortcutService: Getting shortcuts for launcher= com.google.android.asuser=0 pkg=com.whatsapp
02-23 13:07:43.538  2028  2928 D OplusDisplayBrightnessBroadcastReceiver: onReceive action = android.intent.action.BATTERY_CHANGED , listeners = [com.android.server.display.OplusFeatureHDREnhanceBrightness$PhoneInfoReceiver@780cd78, com.android.server.display.OplusFeatureEdrEnhanceBrightness$PhoneInfoReceiver@3423c51]
02-23 13:07:45.519  2028  3435 V AlarmManager: sending alarm Alarm{8175d75 type 3 origWhen 673155000 whenElapsed 673155000 android} uid 1000 whenElapsed 673155000 windowLength 0 maxWhenElapsed 673155000 repeatInterval 0 action null component null tag StatsCompanionService.periodic flags 0x9 procName system_server
02-23 13:07:45.522  2028  3435 V AlarmManager: sending alarm Alarm{deaa10a type 2 origWhen 673155451 whenElapsed 673155451 com.heytap.mcs} uid 1000 whenElapsed 673155451 windowLength 10000 maxWhenElapsed 673165451 repeatInterval 0 action com.heytap.mcs.action component null flags 0x8 procName com.heytap.mcs
02-23 13:07:49.435  2028  2928 D OplusDisplayBrightnessBroadcastReceiver: onReceive action = android.intent.action.BATTERY_CHANGED , listeners = [com.android.server.display.OplusFeatureHDREnhanceBrightness$PhoneInfoReceiver@780cd78, com.android.server.display.OplusFeatureEdrEnhanceBrightness$PhoneInfoReceiver@3423c51]
02-23 13:07:54.552  2028  2928 D OplusDisplayBrightnessBroadcastReceiver: onReceive action = android.intent.action.BATTERY_CHANGED , listeners = [com.android.server.display.OplusFeatureHDREnhanceBrightness$PhoneInfoReceiver@780cd78, com.android.server.display.OplusFeatureEdrEnhanceBrightness$PhoneInfoReceiver@3423c51]
02-23 13:07:56.861  2028  2151 D ShortcutService: rescanPackageIfNeeded 0@com.whatsapp, forceRescan=false , isNewApp=false
02-23 13:07:56.900  2028  2151 D ShortcutService: rescanPackageIfNeeded 0@com.whatsapp, forceRescan=false , isNewApp=false
02-23 13:07:56.913  2028  2151 D ShortcutService: rescanPackageIfNeeded 0@com.whatsapp, forceRescan=false , isNewApp=false
02-23 13:07:56.917  2028  2151 E ShortcutService: Invalid icon type in shortcut 133784087359716@lid. Bitmaps are not allowed in long-lived shortcuts. Use Resource icons, or Uri-based icons instead.
02-23 13:07:57.056  2028  3575 D ShortcutService: Saving package item com.whatsapp to /data/system_ce/0/shortcut_service/packages/com.whatsapp.xml
02-23 13:07:57.057  2028  2679 D ShortcutService: Getting shortcuts for launcher= com.android.systemuiuser=0 pkg=com.whatsapp
02-23 13:07:57.076  2028  2679 D ShortcutService: Getting shortcuts for launcher= com.android.launcheruser=0 pkg=com.whatsapp
02-23 13:07:57.078  2028  2679 D ShortcutService: Getting shortcuts for launcher= com.google.android.asuser=0 pkg=com.whatsapp
02-23 13:08:00.421  2028  2928 D OplusDisplayBrightnessBroadcastReceiver: onReceive action = android.intent.action.BATTERY_CHANGED , listeners = [com.android.server.display.OplusFeatureHDREnhanceBrightness$PhoneInfoReceiver@780cd78, com.android.server.display.OplusFeatureEdrEnhanceBrightness$PhoneInfoReceiver@3423c51]
02-23 13:08:05.566  2028  2928 D OplusDisplayBrightnessBroadcastReceiver: onReceive action = android.intent.action.BATTERY_CHANGED , listeners = [com.android.server.display.OplusFeatureHDREnhanceBrightness$PhoneInfoReceiver@780cd78, com.android.server.display.OplusFeatureEdrEnhanceBrightness$PhoneInfoReceiver@3423c51]
02-23 13:08:08.330  2028  3880 W SettingsStatsUtil: Can not parse value to float: +network
02-23 13:08:08.337  2028  3880 W SettingsStatsUtil: Can not parse value to float: +network
02-23 13:08:17.073  2028  2928 D OplusDisplayBrightnessBroadcastReceiver: onReceive action = android.intent.action.BATTERY_CHANGED , listeners = [com.android.server.display.OplusFeatureHDREnhanceBrightness$PhoneInfoReceiver@780cd78, com.android.server.display.OplusFeatureEdrEnhanceBrightness$PhoneInfoReceiver@3423c51]
02-23 13:08:17.580  2028  2928 D OplusDisplayBrightnessBroadcastReceiver: onReceive action = android.intent.action.BATTERY_CHANGED , listeners = [com.android.server.display.OplusFeatureHDREnhanceBrightness$PhoneInfoReceiver@780cd78, com.android.server.display.OplusFeatureEdrEnhanceBrightness$PhoneInfoReceiver@3423c51]
02-23 13:08:23.477  2028  2928 D OplusDisplayBrightnessBroadcastReceiver: onReceive action = android.intent.action.BATTERY_CHANGED , listeners = [com.android.server.display.OplusFeatureHDREnhanceBrightness$PhoneInfoReceiver@780cd78, com.android.server.display.OplusFeatureEdrEnhanceBrightness$PhoneInfoReceiver@3423c51]
02-23 13:08:25.911  2028  2809 I ActivityManager: Start proc 31806:com.google.android.gm/u0a136 for broadcast {com.google.android.gm/com.google.firebase.iid.FirebaseInstanceIdReceiver}
02-23 13:08:25.952  2028  3880 D ActivityTaskManagerServiceExtImpl: preBindApplication record is null
02-23 13:08:26.127 31806 31806 D ResourcesManagerExtImpl: applyConfigurationToAppResourcesLocked app.getDisplayId() return callback.displayId:-1
02-23 13:08:26.452  2028  3880 I ActivityManager: Flag disabled. Ignoring finishAttachApplication from uid: 10136. pid: 31806
02-23 13:08:26.469  2028  2151 W PackageManager: package com.google.android.gm uid 10136 pid 31806 call SetEnabledSetting(com.google.android.gm component = com.google.android.libraries.communications.conference.ui.intents.ChitChatGatewayActivity, 1, 0)
02-23 13:08:26.690  2028  3497 D CompatChangeReporter: Compat change id reported: 311402873; UID 1000; state: ENABLED
02-23 13:08:26.696  2028  3497 D CompatChangeReporter: Compat change id reported: 323349338; UID 1000; state: ENABLED
02-23 13:08:26.714  2028  2028 W ProcessStats: Tracking association SourceState{495f777 com.oplus.exsystemservice/1000 BFgs #1255135} whose proc state 4 is better than process ProcessState{24acfe4 system/1000 pkg=com.android.providers.settings (sub)} proc state 9 (1 skipped)
02-23 13:08:26.735  2028  2757 D AppProfilerExtImpl: Skipped pss collection for CPU busy
02-23 13:08:26.749  2028  3334 E JobScheduler.Background: Couldn't determine stopped state for unknown package: com.oplus.onet
02-23 13:08:26.806  2028  2028 W JobScheduler: Job didn't exist in JobStore: #com.google.android.gm/878
02-23 13:08:26.870  2028  3880 W PackageManager: package com.google.android.gm uid 10136 pid 31806 call SetEnabledSetting(com.google.android.gm component = com.google.android.apps.dynamite.features.hub.navigation.PeopleActivity, 2, 0)
02-23 13:08:26.871  2028  3880 W PackageManager: package com.google.android.gm uid 10136 pid 31806 call SetEnabledSetting(com.google.android.gm component = com.google.android.apps.dynamite.features.hub.navigation.RoomsActivity, 2, 0)
02-23 13:08:26.871  2028  3880 W PackageManager: package com.google.android.gm uid 10136 pid 31806 call SetEnabledSetting(com.google.android.gm component = com.google.android.apps.dynamite.services.notification.NotificationService, 2, 0)
02-23 13:08:26.871  2028  3880 W PackageManager: package com.google.android.gm uid 10136 pid 31806 call SetEnabledSetting(com.google.android.gm component = com.google.android.apps.dynamite.DynamiteDeepLinkMultiple, 2, 0)
02-23 13:08:26.873  2028  3880 W PackageManager: package com.google.android.gm uid 10136 pid 31806 call SetEnabledSetting(com.google.android.gm component = com.google.android.libraries.communications.conference.ui.callui.SingleCallActivity, 1, 0)
02-23 13:08:26.874  2028  3880 W PackageManager: package com.google.android.gm uid 10136 pid 31806 call SetEnabledSetting(com.google.android.gm component = com.google.android.libraries.communications.conference.ui.callui.chat.ChatActivity, 1, 0)
02-23 13:08:26.874  2028  7225 W PackageManager: package com.google.android.gm uid 10136 pid 31806 call SetEnabledSetting(com.google.android.gm component = com.google.android.libraries.communications.conference.ui.intents.ChitChatGatewayActivity, 1, 0)
02-23 13:08:26.875  2028  7225 W PackageManager: package com.google.android.gm uid 10136 pid 31806 call SetEnabledSetting(com.google.android.gm component = com.google.android.libraries.communications.conference.ui.greenroom.GreenroomActivity, 1, 0)
02-23 13:08:26.876  2028  3880 W PackageManager: package com.google.android.gm uid 10136 pid 31806 call SetEnabledSetting(com.google.android.gm component = com.google.android.libraries.communications.conference.ui.largescreen.HomeActivity, 1, 0)
02-23 13:08:26.876  2028  3880 W PackageManager: package com.google.android.gm uid 10136 pid 31806 call SetEnabledSetting(com.google.android.gm component = com.google.android.libraries.communications.conference.ui.intents.LivestreamHandlerActivity, 1, 0)
02-23 13:08:26.877  2028  3880 W PackageManager: package com.google.android.gm uid 10136 pid 31806 call SetEnabledSetting(com.google.android.gm component = com.google.android.libraries.communications.conference.ui.intents.ConferenceUrlHandlerActivity, 1, 0)
02-23 13:08:26.878  2028  3880 W PackageManager: package com.google.android.gm uid 10136 pid 31806 call SetEnabledSetting(com.google.android.gm component = com.google.android.libraries.communications.conference.ui.intents.TransferCallHandlerActivity, 1, 0)
02-23 13:08:26.879  2028  7206 W PackageManager: package com.google.android.gm uid 10136 pid 31806 call SetEnabledSetting(com.google.android.gm component = com.google.android.libraries.communications.conference.ui.intents.ConferenceGatewayActivity, 1, 0)
02-23 13:08:26.880  2028  7225 W PackageManager: package com.google.android.gm uid 10136 pid 31806 call SetEnabledSetting(com.google.android.gm component = com.google.android.libraries.communications.conference.ui.intents.AssistantNewUrlHandlerActivity, 1, 0)
02-23 13:08:26.884  2028  7206 W PackageManager: package com.google.android.gm uid 10136 pid 31806 call SetEnabledSetting(com.google.android.gm component = com.google.android.libraries.communications.conference.ui.settings.SettingsActivity, 1, 0)
02-23 13:08:28.000  2028  3880 D ShortcutService: rescanPackageIfNeeded 0@com.google.android.gm, forceRescan=false , isNewApp=false
02-23 13:08:28.057  2028  3880 D ShortcutService: rescanPackageIfNeeded 0@com.google.android.gm, forceRescan=false , isNewApp=false
02-23 13:08:28.078  2028  3880 D ShortcutService: rescanPackageIfNeeded 0@com.google.android.gm, forceRescan=false , isNewApp=false
02-23 13:08:28.114  2028  3880 D ShortcutService: rescanPackageIfNeeded 0@com.google.android.gm, forceRescan=false , isNewApp=false
02-23 13:08:28.136  2028  7225 D ShortcutService: rescanPackageIfNeeded 0@com.google.android.gm, forceRescan=false , isNewApp=false
02-23 13:08:28.151  2028  7225 D ShortcutService: rescanPackageIfNeeded 0@com.google.android.gm, forceRescan=false , isNewApp=false
02-23 13:08:28.166  2028  3880 D ShortcutService: rescanPackageIfNeeded 0@com.google.android.gm, forceRescan=false , isNewApp=false
02-23 13:08:28.182  2028  3880 D ShortcutService: rescanPackageIfNeeded 0@com.google.android.gm, forceRescan=false , isNewApp=false
02-23 13:08:28.196  2028  3880 D ShortcutService: rescanPackageIfNeeded 0@com.google.android.gm, forceRescan=false , isNewApp=false
02-23 13:08:28.208  2028  3880 D ShortcutService: rescanPackageIfNeeded 0@com.google.android.gm, forceRescan=false , isNewApp=false
02-23 13:08:28.222  2028  7225 D ShortcutService: rescanPackageIfNeeded 0@com.google.android.gm, forceRescan=false , isNewApp=false
02-23 13:08:28.238  2028  7225 D ShortcutService: rescanPackageIfNeeded 0@com.google.android.gm, forceRescan=false , isNewApp=false
02-23 13:08:28.273  2028  3880 D ShortcutService: rescanPackageIfNeeded 0@com.google.android.gm, forceRescan=false , isNewApp=false
02-23 13:08:28.286  2028  3880 D ShortcutService: rescanPackageIfNeeded 0@com.google.android.gm, forceRescan=false , isNewApp=false
02-23 13:08:28.298  2028  3880 D ShortcutService: rescanPackageIfNeeded 0@com.google.android.gm, forceRescan=false , isNewApp=false
02-23 13:08:28.311  2028  3880 D ShortcutService: rescanPackageIfNeeded 0@com.google.android.gm, forceRescan=false , isNewApp=false
02-23 13:08:28.409  2028  3575 D ShortcutService: Saving package item com.google.android.gm to /data/system_ce/0/shortcut_service/packages/com.google.android.gm.xml
02-23 13:08:28.409  2028  2679 D ShortcutService: Getting shortcuts for launcher= com.android.systemuiuser=0 pkg=com.google.android.gm
02-23 13:08:28.424  2028  2679 D ShortcutService: Getting shortcuts for launcher= com.android.launcheruser=0 pkg=com.google.android.gm
02-23 13:08:28.428  2028  2679 D ShortcutService: Getting shortcuts for launcher= com.google.android.asuser=0 pkg=com.google.android.gm
02-23 13:08:28.683 31806 31838 E OplusCustomizeRestrictionManager: sInstance is null, start a new sInstance
02-23 13:08:28.815  2028  3880 I OplusStatusBarManagerServiceEnhance:  getTopIsFullscreen mTopIsFullscreen: false
02-23 13:08:28.815  2028  3880 W ActivityManager: Permission Denial: getTopApplicationInfo from pid=31806, uid=10136 requires oplus.permission.OPLUS_COMPONENT_SAFE
02-23 13:08:28.819  2028  2028 D NotificationService--OplusNotificationManagerServiceExtImpl: isForwardToAssistants: true, case : Is local notification
02-23 13:08:28.819  2028  2028 D NotificationService: This application enqueue notifications is need postDelayed mcsAssistantDelayTime: 200
02-23 13:08:28.836  2028  2028 I OplusStatusBarManagerServiceEnhance:  getTopIsFullscreen mTopIsFullscreen: false
02-23 13:08:28.838  2028  2028 V NotifAttentionHelper: Ringtone player is null.
02-23 13:08:28.848  2028  7237 I OplusStatusBarManagerServiceEnhance:  getTopIsFullscreen mTopIsFullscreen: false
02-23 13:08:28.848  2028  7237 W ActivityManager: Permission Denial: getTopApplicationInfo from pid=31806, uid=10136 requires oplus.permission.OPLUS_COMPONENT_SAFE
02-23 13:08:28.849  2028  2028 D NotificationService--OplusNotificationManagerServiceExtImpl: isForwardToAssistants: true, case : Is local notification
02-23 13:08:28.849  2028  2028 D NotificationService: This application enqueue notifications is need postDelayed mcsAssistantDelayTime: 200
02-23 13:08:28.856  2028  2028 W LocaleConfig: The resource file pointed to by the given resource ID isn't found.
02-23 13:08:29.031  2028  7237 I AS.FadeOutManager: unfadeOutUid() uid:10184
02-23 13:08:29.113  3826  3826 W LocaleConfig: The resource file pointed to by the given resource ID isn't found.
02-23 13:08:29.154  3826  4172 W LocaleConfig: The resource file pointed to by the given resource ID isn't found.
02-23 13:08:29.535  2028  7237 D ShortcutService: rescanPackageIfNeeded 0@com.whatsapp, forceRescan=false , isNewApp=false
02-23 13:08:29.550  2028  4117 D ShortcutService: rescanPackageIfNeeded 0@com.whatsapp, forceRescan=false , isNewApp=false
02-23 13:08:29.572  2028  4117 D ShortcutService: Getting shortcuts for launcher= androiduser=0 pkg=com.whatsapp
02-23 13:08:29.572  2028  4117 I OplusStatusBarManagerServiceEnhance:  getTopIsFullscreen mTopIsFullscreen: false
02-23 13:08:29.573  2028  4117 W ActivityManager: Permission Denial: getTopApplicationInfo from pid=26670, uid=10276 requires oplus.permission.OPLUS_COMPONENT_SAFE
02-23 13:08:29.573  2028  2028 D NotificationService--OplusNotificationManagerServiceExtImpl: isForwardToAssistants: true, case : Is local notification
02-23 13:08:29.573  2028  2028 D NotificationService: This application enqueue notifications is need postDelayed mcsAssistantDelayTime: 200
02-23 13:08:29.576  2028  4117 D ShortcutService: rescanPackageIfNeeded 0@com.whatsapp, forceRescan=false , isNewApp=false
02-23 13:08:29.588  2028  4117 D ShortcutService: Getting shortcuts for launcher= androiduser=0 pkg=com.whatsapp
02-23 13:08:29.589  2028  4117 I OplusStatusBarManagerServiceEnhance:  getTopIsFullscreen mTopIsFullscreen: false
02-23 13:08:29.589  2028  4117 W ActivityManager: Permission Denial: getTopApplicationInfo from pid=26670, uid=10276 requires oplus.permission.OPLUS_COMPONENT_SAFE
02-23 13:08:29.593  2028  2028 D NotificationService--OplusNotificationManagerServiceExtImpl: isForwardToAssistants: true, case : Is local notification
02-23 13:08:29.593  2028  2028 D NotificationService: This application enqueue notifications is need postDelayed mcsAssistantDelayTime: 200
02-23 13:08:29.596  2028  2028 I OplusStatusBarManagerServiceEnhance:  getTopIsFullscreen mTopIsFullscreen: false
02-23 13:08:29.597  2028  2028 V NotifAttentionHelper: Ringtone player is null.
02-23 13:08:29.597  2028  2028 D NotifAttentionHelper: vibrateLinearmotorIfNeed, content://settings/system/notification_sound
02-23 13:08:29.604  2028  2028 E SystemServiceRegistry: Manager wrapper not available: linearmotor
02-23 13:08:29.633  2028  2928 D OplusDisplayBrightnessBroadcastReceiver: onReceive action = android.intent.action.BATTERY_CHANGED , listeners = [com.android.server.display.OplusFeatureHDREnhanceBrightness$PhoneInfoReceiver@780cd78, com.android.server.display.OplusFeatureEdrEnhanceBrightness$PhoneInfoReceiver@3423c51]
02-23 13:08:29.662  2028  3575 D ShortcutService: Saving package item com.whatsapp to /data/system_ce/0/shortcut_service/packages/com.whatsapp.xml
02-23 13:08:29.662  2028  2679 D ShortcutService: Getting shortcuts for launcher= com.android.systemuiuser=0 pkg=com.whatsapp
02-23 13:08:29.669  2028  2679 D ShortcutService: Getting shortcuts for launcher= com.android.launcheruser=0 pkg=com.whatsapp
02-23 13:08:29.671  2028  2679 D ShortcutService: Getting shortcuts for launcher= com.google.android.asuser=0 pkg=com.whatsapp
02-23 13:08:29.880  2028  7206 D OplusFeatureAOD: notifySfUnBlockScreenOn
02-23 13:08:29.880  2028  7206 D OplusPowerManagerHelper: scheduleNotifyStopDream
02-23 13:08:29.880  2028  7206 D OplusPowerManagerHelper: [onWakeUp]
02-23 13:08:29.880  2028  2902 D OplusPowerManagerHelper: handleMessage:102
02-23 13:08:29.881  2028  2902 D OplusPowerManagerHelper: MSG_STOP_DEAM
02-23 13:08:29.881  2028  7206 E OplusCustomizeRestrictionManagerService: isBiometricDisabled start
02-23 13:08:29.881  2028  7206 D OplusPowerManagerHelper: [requestKeyguard]
02-23 13:08:29.881  2028  7206 I PowerGroup: Waking up power group from Asleep (groupId=0, uid=10184, reason=WAKE_REASON_UNKNOWN, details=wakeUp)...
02-23 13:08:29.881  2028  7206 D PowerManagerService: userActivityNoUpdateLocked: groupId=0, eventTime=352514351, event=other, flags=0x0, uid=10184
02-23 13:08:29.881  2028  7206 I PowerManagerService: Waking up from Asleep (uid=10184, reason=WAKE_REASON_UNKNOWN, details=wakeUp)...
02-23 13:08:29.886  2028  7206 D OplusScreenOffTorchHelper: onWakeUp
02-23 13:08:29.887  2028  7206 D DisplayPowerController[0]: requestPowerState: policy=BRIGHT, useProximitySensor=false, screenBrightnessOverride=-1.0, useAutoBrightness=false, screenAutoBrightnessAdjustmentOverride=NaN, screenLowPowerBrightnessFactor=1.0, blockScreenOn=false, lowPowerMode=false, boostScreenBrightness=false, dozeScreenBrightness=NaN, dozeScreenState=UNKNOWN, dozeScreenStateReason=DEFAULT_POLICY, waitForNegativeProximity=false displayReady=false pendingRequest=true
02-23 13:08:29.887  2028  7206 D DisplayManagerServiceExtImpl: request size(1,1),dpc=com.android.server.display.DisplayPowerController@867fbb8 size(0,1),flags=0X200F,id(0,0,local:4630946896948975233),enable=true,ready=false,waitForNegativeProximity=false policy=BRIGHT,useProximitySensor=false,dozeState=UNKNOWN,screenBrightnessOverride=-1.000000,useAuto=false,lowPower=false,lowPowerFactor=1.000000
02-23 13:08:29.888  2028  2985 D VRR [OPlusRefreshRateService]: handleScreenStateChange state: 2
02-23 13:08:29.888  2028  2985 D VRR [OPlusExternalRefreshRateManager]: screenStateChange state: 2
02-23 13:08:29.889  2028  2902 D BackLightStat: setScreenState: state changed:OFF->ON
02-23 13:08:29.889  2028  2902 D OplusDisplayState: setScreenState = true isPrimary = true
02-23 13:08:29.889  2028  2902 D OplusSmartBrightnessController: onScreenEvent isScreenOn displayId[0]=true isFolding=false policy=BRIGHT
02-23 13:08:29.889  2028  2902 D Arc[OplusBrightnessAmbientAdapter]: onScreenEvent displayId:0 isScreenOn:true isFolding:false
02-23 13:08:29.889  2028  2902 D Arc[OplusFeatureBrightnessBarController]: BrightnessBarController is not support.
02-23 13:08:29.891  2028  2928 I OplusSmartBrightnessController: handleMessage MSG_UPDATE_BRIGHTNESS_NO_ANIMATION changed:true
02-23 13:08:29.891  2028  2928 D OplusSmartBrightnessController: setBrightnessNoAnimation false->true
02-23 13:08:29.892  2028  2928 I OplusSmartBrightnessController: handleMessage MSG_FORCE_UPDATE_BRIGHTNESS.
02-23 13:08:29.892  2028  2928 I OplusSmartBrightnessController: onTargetBrightnessChange brightness change to (6861.5127, 547.6225, 3260.0583)
02-23 13:08:29.892  2028  2902 D DisplayPowerState[0]: setScreenState changed:OFF->ON
02-23 13:08:29.892  2028  2902 I DisplayPowerController[0]: Blocking screen on until initial contents have been drawn.
02-23 13:08:29.894  2028  2903 I ActivityManager: Killing 5507:com.facebook.katana/u0a288 (adj 999): empty #49
02-23 13:08:29.898  2028  2902 D WindowManager: screenTurnedOn  Display{#0 state=OFF size=1080x2400 ROTATION_0}
02-23 13:08:29.901  2028  2902 D OplusScreenOffGestureManager: unRegisterSensor:
02-23 13:08:29.902  2028  2903 I ActivityManager: Killing 3734:com.facebook.katana:fdidsync/u0a288 (adj 999): empty #50
02-23 13:08:29.904  2028  2902 D DisplayPowerController[0]: animateScreenStateChange screen on blocked blocker=com.android.server.display.DisplayPowerController$ScreenOnUnblocker@dfaffc1
02-23 13:08:29.904  2028  2902 I DisplayBrightnessStrategySelector: Changing the DisplayBrightnessStrategy from ScreenOffBrightnessStrategy to InvalidBrightnessStrategy for display 0
02-23 13:08:29.904  2028  2902 D OplusSmartBrightnessController: wakeup displayId[0]=2400 -> 0
02-23 13:08:29.904  2028  2902 I OplusSmartBrightnessController: setPowerOnRealTimeBrightness 344.0
02-23 13:08:29.904  2028  2902 D OplusFeatureHDREnhanceBrightness: setAnimating : displayId[0]=false
02-23 13:08:29.904  2028  2902 D OplusFeatureReduceBrightness: setAnimating : animating = false
02-23 13:08:29.904  2028  2902 D OplusFeatureEdrEnhanceBrightness: setAnimating: false
