02-23 13:17:00.137  2243  6786 I MediaCodec:   int32_t height = 1920
02-23 13:17:00.137  2243  6786 I MediaCodec:   int32_t display-width = 1080
02-23 13:17:00.137  2243  6786 I MediaCodec:   int32_t display-height = 1920
02-23 13:17:00.137  2243  6786 I MediaCodec:   int32_t rotation-degrees = 270
02-23 13:17:00.137  2243  6786 I MediaCodec:   int32_t color-range = 2
02-23 13:17:00.137  2243  6786 I MediaCodec:   int32_t max-input-size = 370564
02-23 13:17:00.137  2243  6786 I MediaCodec:   int32_t frame-rate = 20
02-23 13:17:00.137  2243  6786 I MediaCodec:   int32_t profile = 8
02-23 13:17:00.137  2243  6786 I MediaCodec:   int32_t level = 2048
02-23 13:17:00.137  2243  6786 I MediaCodec:   Buffer csd-0 = {
02-23 13:17:00.137  2243  6786 I MediaCodec:     00000000:  00 00 00 01 67 64 00 28  ac b4 02 20 1e 3c bc a4  ....gd.(... .<..
02-23 13:17:00.137  2243  6786 I MediaCodec:     00000010:  14 18 14 1b 42 84 d4                              ....B..
02-23 13:17:00.137  2243  6786 I MediaCodec:   }
02-23 13:17:00.137  2243  6786 I MediaCodec:   Buffer csd-1 = {
02-23 13:17:00.137  2243  6786 I MediaCodec:     00000000:  00 00 00 01 68 ee 06 e2  c0                       ....h....
02-23 13:17:00.137  2243  6786 I MediaCodec:   }
02-23 13:17:00.137  2243  6786 I MediaCodec:   int32_t color-format = 2130708361
02-23 13:17:00.137  2243  6786 I MediaCodec:   int32_t android._num-input-buffers = 1
02-23 13:17:00.137  2243  6786 I MediaCodec:   int32_t android._num-output-buffers = 1
02-23 13:17:00.137  2243  6786 I MediaCodec:   int32_t thumbnail-mode = 1
02-23 13:17:00.137  2243  6786 I MediaCodec:   int32_t vendor.qti-ext-dec-thumbnail-mode.value = 1
02-23 13:17:00.137  2243  6786 I MediaCodec:   int32_t importance
02-23 13:17:00.137  2243  5655 D MediaCodec: [0xe4171000] [c2.qti.avc.decoder] connectToSurface: surface 0xe55c1800, mSurface 0x0
02-23 13:17:00.137  2243  5655 D SurfaceUtils: connecting to surface 0xe55c1808, reason connectToSurface
02-23 13:17:00.137  2243  5655 D BufferQueueProducer: [FrameDecoder](id:8c3000002c7,api:3,p:2243,c:2243) connect: api=3 producerControlledByApp=false
02-23 13:17:00.137  2243  5655 D SurfaceUtils: disconnecting from surface 0xe55c1808, reason connectToSurface(reconnect)
02-23 13:17:00.137  2243  5655 D BufferQueueProducer: [FrameDecoder](id:8c3000002c7,api:3,p:2243,c:2243) disconnect: api 3
02-23 13:17:00.138  2243  5655 D SurfaceUtils: connecting to surface 0xe55c1800, reason connectToSurface(reconnect-with-listener)
02-23 13:17:00.138  2243  5655 D BufferQueueProducer: [FrameDecoder](id:8c3000002c7,api:3,p:2243,c:2243) connect: api=3 producerControlledByApp=false
02-23 13:17:00.138  2243  5655 D MediaCodec: [0xe4171000] setState: 3
02-23 13:17:00.138  2243  5655 I OplusCCodec: configEncoderFilter enter, mIsEncoder: 0
02-23 13:17:00.138  2243  5655 I OplusCCodec: consumeName is FrameDecoder
02-23 13:17:00.138  2243  5655 W AString : ctor got NULL, using empty string instead
02-23 13:17:00.139  2243  5655 D AtlasEventUploadUtils: setEvent event:atlas_event_video_monitor_network_switch
02-23 13:17:00.140  5360  7029 D OplusAtlas.OplusAtlasEventDispatch: setEvent:atlas_event_video_monitor_network_switch info:START,2243,Key,3847818752,Component,c2.qti.avc.decoder,Width,1080,Height,1920,IsMediaPlayer,1
02-23 13:17:00.140  5360  7032 D OplusAtlasVideo: callback success event:atlas_event_video_monitor_network_switch eventInfo:START,2243,Key,3847818752,Component,c2.qti.avc.decoder,Width,1080,Height,1920,IsMediaPlayer,1
02-23 13:17:00.144  2243  5656 D CCodec  : [c2.qti.avc.decoder] buffers are bound to CCodec for this session
02-23 13:17:00.145  2243  5656 D ReflectedParamUpdater: vendor.oplus.vpp.white.list.value found, but param #1107330561 isn't present to update
02-23 13:17:00.145  1509  1887 E StandardCaps: max size must equal to/greater than output size
02-23 13:17:00.147  1509  1887 E QC2Interface: Failed to query parameters
02-23 13:17:00.147  2243  5656 W Codec2Client: query -- param skipped: index = 1107298332.
02-23 13:17:00.147  2243  5656 D CCodec  : client requested max input size 370564, which is smaller than what component recommended (3133440); overriding with component recommendation.
02-23 13:17:00.147  2243  5656 W CCodec  : This behavior is subject to change. It is recommended that app developers double check whether the requested max input size is in reasonable range.
02-23 13:17:00.147  2243  5656 D CCodec  : encoding statistics level = 0
02-23 13:17:00.147  2243  5656 D CCodec  : setup formats input: AMessage(what = 0x00000000) = {
02-23 13:17:00.147  2243  5656 D CCodec  :   int32_t feature-secure-playback = 0
02-23 13:17:00.147  2243  5656 D CCodec  :   int32_t frame-rate = 20
02-23 13:17:00.147  2243  5656 D CCodec  :   int32_t height = 1920
02-23 13:17:00.147  2243  5656 D CCodec  :   int32_t max-input-size = 3133440
02-23 13:17:00.147  2243  5656 D CCodec  :   string mime = "video/avc"
02-23 13:17:00.147  2243  5656 D CCodec  :   int32_t priority = 0
02-23 13:17:00.147  2243  5656 D CCodec  :   int32_t profile = 8
02-23 13:17:00.147  2243  5656 D CCodec  :   int32_t width = 1080
02-23 13:17:00.147  2243  5656 D CCodec  :   Rect crop(0, 0, 1079, 1919)
02-23 13:17:00.147  2243  5656 D CCodec  :   int32_t level = 2048
02-23 13:17:00.147  2243  5656 D CCodec  :   int32_t vendor.qti-ext-dec-thumbnail-mode.value = 1
02-23 13:17:00.147  2243  5656 D CCodec  : }
02-23 13:17:00.147  2243  5656 D CCodec  : setup formats output: AMessage(what = 0x00000000) = {
02-23 13:17:00.147  2243  5656 D CCodec  :   int32_t android._color-format = 0
02-23 13:17:00.147  2243  5656 D CCodec  :   int32_t android._video-scaling = 1
02-23 13:17:00.147  2243  5656 D CCodec  :   int32_t android._dataspace = 260
02-23 13:17:00.147  2243  5656 D CCodec  :   int32_t color-standard = 130817
02-23 13:17:00.147  2243  5656 D CCodec  :   int32_t color-range = 2
02-23 13:17:00.147  2243  5656 D CCodec  :   int32_t color-transfer = 65791
02-23 13:17:00.147  2243  5656 D CCodec  :   int32_t sar-height = 1
02-23 13:17:00.147  2243  5656 D CCodec  :   int32_t rotation-degrees = 270
02-23 13:17:00.147  2243  5656 D CCodec  :   Buffer hdr-static-info = {
02-23 13:17:00.147  2243  5656 D CCodec  :     00000000:  00 00 00 00 00 00 00 00  00 00 00 00 00 00 00 00  ................
02-23 13:17:00.147  2243  5656 D CCodec  :     00000010:  00 00 00 00 00 00 00 00  00                       .........
02-23 13:17:00.147  2243  5656 D CCodec  :   }
02-23 13:17:00.147  2243  5656 D CCodec  :   int32_t sar-width = 1
02-23 13:17:00.147  2243  5656 D CCodec  :   Rect crop(0, 0, 1079, 1919)
02-23 13:17:00.147  2243  5656 D CCodec  :   int32_t width = 1080
02-23 13:17:00.147  2243  5656 D CCodec  :   int32_t feature-secure-playback = 0
02-23 13:17:00.147  2243  5656 D CCodec  :   int32_t frame-rate = 20
02-23 13:17:00.147  2243  5656 D CCodec  :   int32_t height = 1920
02-23 13:17:00.147  2243  5656 D CCodec  :   int32_t max-height = 1079
02-23 13:17:00.147  2243  5656 D CCodec  :   int32_t max-width = 1920
02-23 13:17:00.147  2243  5656 D CCodec  :   string mime = "video/raw"
02-23 13:17:00.147  2243  5656 D CCodec  :   int32_t priority = 0
02-23 13:17:00.147  2243  5656 D CCodec  :   int32_t color-format = 2130708361
02-23 13:17:00.147  2243  5656 D CCodec  : }
02-23 13:17:00.148  1509  1887 E QC2Interface: Failed to query parameters
02-23 13:17:00.148  2243  5656 I CCodecConfig: query failed after returning 18 values (BAD_INDEX)
02-23 13:17:00.148  2243  5655 D MediaCodec: [0xe4171000] setState: 4
02-23 13:17:00.148  2243  5655 D MediaCodec: [0xe4171000] setState: 5
02-23 13:17:00.149  1509  5657 I QC2Registry: Build pipelined codec for session
02-23 13:17:00.149  1509  5657 I QC2Registry: Getting stages for pipelined codec
02-23 13:17:00.149  1509  5657 I QC2Registry: Pipelining not enabled
02-23 13:17:00.149  1509  5657 I QC2Registry: Doesn't support pipelining. Create standalone codec
02-23 13:17:00.149  1509  5657 I QC2V4l2Driver: [avcD_3898] Device /dev/video32 opened with fd: 7
02-23 13:17:00.150  1509  5657 E QC2V4l2Caps: unsupported c2 format: VENUS_NV12_UBWC for v4l2 format 0x38323151
02-23 13:17:00.150  1509  5657 E QC2V4l2Caps: unsupported c2 format: VENUS_TP10 for v4l2 format 0x41323151
02-23 13:17:00.150  1509  5657 E QC2Interface: Failed to query parameters
02-23 13:17:00.151  1509  5657 I QC2Comp : [avcD_3898] c2d rotation is not configured
02-23 13:17:00.151  1509  5657 E QC2Interface: Failed to query parameters
02-23 13:17:00.151  1509  5657 I QC2Comp : [avcD_3898] FastCV mirror is not configured
02-23 13:17:00.151  1509  5657 W QC2V4l2Codec: [avcD_3898] unknown/unsupported param default.color index = 0x5200180B
02-23 13:17:00.151  1509  5657 W QC2V4l2Codec: [avcD_3898] unknown/unsupported param input.buffers.max-size index = 0xC200081E
02-23 13:17:00.151  1509  5657 E QC2V4l2Codec: [avcD_3898]  ? is not a supported pixel format!
02-23 13:17:00.151  5658  5658 E Parcel  : Attempt to read from protected data in Parcel 0x7fc3f6b870
02-23 13:17:00.151  5658  5658 E Parcel  : Attempt to read from protected data in Parcel 0x7fc3f6b870
02-23 13:17:00.151  5658  5658 E Parcel  : Attempt to read from protected data in Parcel 0x7fc3f6b870
02-23 13:17:00.151  5658  5658 E Parcel  : Attempt to read from protected data in Parcel 0x7fc3f6b870
02-23 13:17:00.151  1509  5657 I QC2Buf  : use shared ref tracker
02-23 13:17:00.151  5658  5658 E Parcel  : Attempt to read from protected data in Parcel 0x7fc3f6b870
02-23 13:17:00.151  1509  5657 I QC2Buf  : Reconfig: clearing from 0 bufs. Peak mem=0 MB
02-23 13:17:00.151  1509  5657 I QC2Buf  : Reconfig: clearing from 0 bufs. Peak mem=0 MB
02-23 13:17:00.155  1509  1887 E QC2Interface: Failed to query parameters
02-23 13:17:00.155  2243  5656 W Codec2Client: query -- param skipped: index = 1342179345.
02-23 13:17:00.155  2243  5656 W Codec2Client: query -- param skipped: index = 2415921170.
02-23 13:17:00.155  2243  5656 W Codec2Client: query -- param skipped: index = 1610614798.
02-23 13:17:00.156  1509  1887 E QC2Interface: Failed to query parameters
02-23 13:17:00.156  2243  5656 D CCodecBufferChannel: [c2.qti.avc.decoder#772] Query input allocators returned 0 params => BAD_INDEX (6)
02-23 13:17:00.157  2243  5656 D CCodecBufferChannel: [c2.qti.avc.decoder#772] Created input block pool with allocatorID 16 => poolID 3048 - OK (0)
02-23 13:17:00.157  2243  5656 D CCodecBufferChannel: [c2.qti.avc.decoder#772] start: max output delay 12
02-23 13:17:00.157  1509  1887 E QC2Interface: Failed to query parameters
02-23 13:17:00.157  2243  5656 D CCodecBufferChannel: [c2.qti.avc.decoder#772] Query output allocators returned 0 params => BAD_INDEX (6)
02-23 13:17:00.157  1509  1887 E QC2Interface: Failed to query parameters
02-23 13:17:00.157  2243  5656 D CCodecBufferChannel: [c2.qti.avc.decoder#772] Query output surface allocator returned 0 params => BAD_INDEX (6)
02-23 13:17:00.158  2243  5656 I CCodecBufferChannel: [c2.qti.avc.decoder#772] Created output block pool with allocatorID 18 => poolID 3558 - OK
02-23 13:17:00.159  2243  5656 D CCodecBufferChannel: [c2.qti.avc.decoder#772] Configured output block pool ids 3558 => OK
02-23 13:17:00.159  2243  5656 D CCodecBufferChannel: [0xe4111b10] [c2.qti.avc.decoder#772] start: output->outputDelay 1, output->numSlots 5
02-23 13:17:00.159  2243  5656 D Codec2-OutputBufferQueue: remote graphic buffer migration 0/0
02-23 13:17:00.159  1509  1887 E QC2Interface: Few parameters failed to configure
02-23 13:17:00.159  2243  5656 D Codec2Client: setOutputSurface -- failed to set consumer usage (6/BAD_INDEX)
02-23 13:17:00.159  2243  5656 D Codec2Client: setOutputSurface -- generation=2297552 consumer usage=0x900
02-23 13:17:00.160  2243  5656 D qdgralloc: Falling back to default YUV format - no camera/video specific format defined, usage 0x100
02-23 13:17:00.160  1498  4215 D qdgralloc: Falling back to default YUV format - no camera/video specific format defined, usage 0x100
02-23 13:17:00.161  1509  1887 D qdgralloc: Falling back to default YUV format - no camera/video specific format defined, usage 0x100
02-23 13:17:00.161  1509  1887 D C2BqBuffer: local generation change 2297552 , bqId: 9633611645639 migrated buffers # 0
02-23 13:17:00.162  2243  5656 D Codec2Client: Surface configure completed
02-23 13:17:00.162  2243  5656 D CCodecBufferChannel: [c2.qti.avc.decoder#772] start: updating output delay 1
02-23 13:17:00.164  2243  5655 W ResourceManagerServiceUtils: Ignoring request to add new resource entry with value <= 0
02-23 13:17:00.164  1509  1887 E QC2Interface: Failed to query parameters
02-23 13:17:00.165  2243  5655 D MediaCodec: [0xe4171000] setState: 6
02-23 13:17:00.165  2240  3842 D MediaBufferGroup: creating MemoryDealer
02-23 13:17:00.166  2243 27452 D BufferPoolAccessor2.0: Destruction - bufferpool2 0xe1da6d98 cached: 0/0M, 0/0% in use; allocs: 39, 87% recycled; transfers: 36, 86% unfetched
02-23 13:17:00.166  1509  1887 E FMQ     : grantorIdx must be less than 3
02-23 13:17:00.168  1509  5657 I QC2Buf  : use shared ref tracker
02-23 13:17:00.168  1509  5657 I QC2Buf  : Reconfig: clearing from 0 bufs. Peak mem=0 MB
02-23 13:17:00.168  1509  5657 I QC2Buf  : Reconfig: clearing from 0 bufs. Peak mem=0 MB
02-23 13:17:00.169  2028  3514 D WifiStaIfaceHidlImpl: getCachedScanData is not implemented by HIDL
02-23 13:17:00.171  2243  5656 D CCodecBufferChannel: [c2.qti.avc.decoder#772] onWorkDone: updating output delay 10
02-23 13:17:00.171  2243  5656 I CCodecBufferChannel: [c2.qti.avc.decoder#772] onWorkDone: updating max output delay 17
02-23 13:17:00.171  2243  5656 D Codec2-OutputBufferQueue: set max dequeue count 17 from update
02-23 13:17:00.177  3826  3940 D WifiStatusTracker: mNetworkCallback onCapabilitiesChanged network:289 mPrimaryNetworkId:289
02-23 13:17:00.178  3826  3940 I SystemUi--Statusbar: NetworkController.WifiSignalController-->handleStatusUpdated state=3 enabled=true connected=true isDefaultNetwork=true rssi=-72 level=3 statusLabel=null isDirty=false
02-23 13:17:00.181  3826  3940 D WifiStatusTracker: mNetworkCallback onCapabilitiesChanged network:289 mPrimaryNetworkId:289
02-23 13:17:00.182  3826  3940 I SystemUi--Statusbar: NetworkController.WifiSignalController-->handleStatusUpdated state=3 enabled=true connected=true isDefaultNetwork=true rssi=-72 level=3 statusLabel=null isDirty=false
02-23 13:17:00.183  3826  3940 I SystemUi--Statusbar: NetworkController.WifiSignalController-->handleStatusUpdated state=3 enabled=true connected=true isDefaultNetwork=true rssi=-72 level=3 statusLabel=null isDirty=false
02-23 13:17:00.183  4441  4441 D VendorWifiService: onEvent event:9,action:1
02-23 13:17:00.184  4441  4620 D SubsysEventListenerManager: onCapabilitiesChanged
02-23 13:17:00.184  4441  4620 D DataStateTracker: getCurDataChannel, channel:1
02-23 13:17:00.186  3826  4011 D WifiPickerTracker: handleNetworkCapabilitiesChanged network:289
02-23 13:17:00.186 18823 18823 I wpa_supplicant: wlan0: command[CURRENT_RSSI -72], reply:SUCCESS
02-23 13:17:00.187  3826  4011 I WifiPickerTracker: wifi connected status realConnectedWifiEntry not null: true
02-23 13:17:00.188  9129  9343 I NullBinder: NullBinder for android.net.action.RECOMMEND_NETWORKS triggering remote TransactionTooLargeException due to Service without Chimera impl, calling uid: 1000, calling pid: 0
02-23 13:17:00.188  9129  9343 W .gms.persistent: Large reply transaction of 2113536 bytes, interface descriptor , code 1
02-23 13:17:00.190  9129  9343 I NullBinder: NullBinder for android.net.action.RECOMMEND_NETWORKS triggering remote TransactionTooLargeException due to Service without Chimera impl, calling uid: 1000, calling pid: 0
02-23 13:17:00.190  9129  9343 W .gms.persistent: Large reply transaction of 2113536 bytes, interface descriptor , code 1
02-23 13:17:00.191  2028  3653 D OplusSlaNetworkManager: isPrimaryWifi:true network:289
02-23 13:17:00.192  9129  9343 I NullBinder: NullBinder for android.net.action.RECOMMEND_NETWORKS triggering remote TransactionTooLargeException due to Service without Chimera impl, calling uid: 1000, calling pid: 0
02-23 13:17:00.192  9129  9343 W .gms.persistent: Large reply transaction of 2113536 bytes, interface descriptor , code 1
02-23 13:17:00.194  4306  4306 D AppModule: onTriggerHookEvent: eventId=26, pid=0, pkgName=null
02-23 13:17:00.194  9129  9343 I NullBinder: NullBinder for android.net.action.RECOMMEND_NETWORKS triggering remote TransactionTooLargeException due to Service without Chimera impl, calling uid: 1000, calling pid: 0
02-23 13:17:00.194  9129  9343 W .gms.persistent: Large reply transaction of 2113536 bytes, interface descriptor , code 1
02-23 13:17:00.194  4306  4633 D AppSceneEventManager: handleMessage: 101
02-23 13:17:00.194  4306  4633 I DispatcherPolicy: onBaseEvent EventId=26	INPUT_VIDEO_START	TimeStamp =1771832820194	Intent =null	Content =null	Pid =0	PkgName =null
02-23 13:17:00.194  4306  4633 I VideoScene: onInputEvent : INPUT_VIDEO_START
02-23 13:17:00.195  4306  4633 I VideoScene: updateVideoPlayInfo : playing = true uid = 10227 pkg = com.oneplus.gallery
02-23 13:17:00.195  4306  4633 I VideoCallScene: onInputEvent : EventId=26	INPUT_VIDEO_START	TimeStamp =1771832820194	Intent =null	Content =null	Pid =0	PkgName =null
02-23 13:17:00.195  4306  4633 I VideoCallScene: updateVideoPlayInfo : playing = true uid = 10227 pkg = com.oneplus.gallery
02-23 13:17:00.195  4306  4633 I VoiceCallScene: onInputEvent : EventId=26	INPUT_VIDEO_START	TimeStamp =1771832820194	Intent =null	Content =null	Pid =0	PkgName =null
02-23 13:17:00.195  4306  4633 D RunningProcessManager: genEmptyProcessInfo from uid = 10227
02-23 13:17:00.196  2028  3615 D OplusWifiPower_TriggerCenter: mComponentCallback: wifistat
02-23 13:17:00.197  2028  3615 D SystemNetworkObserver: wifi network 289 nc changed, primary=true
02-23 13:17:00.197  2028  3615 D SystemNetworkObserver: default network nc changed 289
02-23 13:17:00.200  1509  5664 I QC2Buf  : Reconfig: clearing from 6 bufs. Peak mem=27 MB
02-23 13:17:00.201 10211 10375 I CardConfig.RxNetworkMonitor: onNetworkStateChange, current:true, last:true
02-23 13:17:00.201  2243  5655 D CCodecBufferChannel: [c2.qti.avc.decoder#772] input EOS
02-23 13:17:00.203  9050  9092 I BugleRcsEngine: handleMessage processing message:[NOTIFY_UPTIME_IGNORE_STATE_CHANGED] with [non-null]:RcsEngineImpl reference [CONTEXT log_prefix="RcsEngineImpl[DUAL_REG]:[84532c06-c402]>Handler" thread_id=759 ]
02-23 13:17:00.204  1509  5657 I QC2Comp : [avcD_3898] Registered an empty EOS buffer
02-23 13:17:00.204  9050  9082 I BugleRcsEngine: Connected state: [1], networkType: [WIFI] [CONTEXT thread_id=752 ]
02-23 13:17:00.208  9050  9092 I BugleRcsEngine: Rcs is enabled from user settings: true [CONTEXT log_prefix="ProvisioningEngineDataRetriever" thread_id=759 ]
02-23 13:17:00.212   644   644 E lowmemorykiller: device memory 506548 free 69093 file 409458
02-23 13:17:00.218 31017 31047 I AIUnit-NetworkPublisher: onNetworkChanged [onCapabilitiesChanged, 289]
02-23 13:17:00.219 31017 31047 D Track.TrackUpload: onCapabilitiesChanged is calling.
02-23 13:17:00.227  5668  5668 E Parcel  : Attempt to read from protected data in Parcel 0x7fc6de34e0
02-23 13:17:00.227  5668  5668 E Parcel  : Attempt to read from protected data in Parcel 0x7fc6de34e0
02-23 13:17:00.227  5668  5668 E Parcel  : Attempt to read from protected data in Parcel 0x7fc6de34e0
02-23 13:17:00.227  5668  5668 E Parcel  : Attempt to read from protected data in Parcel 0x7fc6de34e0
02-23 13:17:00.227  5668  5668 E Parcel  : Attempt to read from protected data in Parcel 0x7fc6de34e0
02-23 13:17:00.227  2243  5655 D CCodecBufferChannel: [c2.qti.avc.decoder#772] first render dataSpace=258
02-23 13:17:00.228  2243  5655 D OplusFeedbackInfo: video-first-frame-latency-list is not configured
02-23 13:17:00.228  2243  5655 D OplusCCodec: signalSetParameters [1832]: (0xe1dfda80)
02-23 13:17:00.228  1509  5657 W QC2Comp : [avcD_3898] Skipping empty output buffer
02-23 13:17:00.250  2243  6786 D StagefrightMetadataRetriever: c2.qti.avc.decoder extract frame done
02-23 13:17:00.250  2243  6786 D MediaCodec: [0xe4171000] [c2.qti.avc.decoder] release
02-23 13:17:00.250  2243  5655 D MediaCodec: [0xe4171000] setState: 10
02-23 13:17:00.251  2243  5655 D CCodecBufferChannel: [c2.qti.avc.decoder#772] MediaCodec discarded an unknown buffer
02-23 13:17:00.251  2243  5655 D CCodecBufferChannel: [c2.qti.avc.decoder#772] MediaCodec discarded an unknown buffer
02-23 13:17:00.251  2243  5655 D CCodecBufferChannel: [c2.qti.avc.decoder#772] MediaCodec discarded an unknown buffer
02-23 13:17:00.254  2243  5675 W BufferQueueProducer: [FrameDecoder](id:8c3000002c7,api:3,p:2243,c:2243) detachBuffer: slot 11 is not owned by the producer (state = FREE)
02-23 13:17:00.254  2243  5675 W BufferQueueProducer: [FrameDecoder](id:8c3000002c7,api:3,p:2243,c:2243) detachBuffer: slot 12 is not owned by the producer (state = FREE)
02-23 13:17:00.254  2243  5675 W BufferQueueProducer: [FrameDecoder](id:8c3000002c7,api:3,p:2243,c:2243) detachBuffer: slot 13 is not owned by the producer (state = FREE)
02-23 13:17:00.254  2243  5675 W BufferQueueProducer: [FrameDecoder](id:8c3000002c7,api:3,p:2243,c:2243) detachBuffer: slot 14 is not owned by the producer (state = FREE)
02-23 13:17:00.254  2243  5675 W BufferQueueProducer: [FrameDecoder](id:8c3000002c7,api:3,p:2243,c:2243) detachBuffer: slot 15 is not owned by the producer (state = FREE)
02-23 13:17:00.254  2243  5675 W BufferQueueProducer: [FrameDecoder](id:8c3000002c7,api:3,p:2243,c:2243) detachBuffer: slot 16 is not owned by the producer (state = FREE)
02-23 13:17:00.255  2243  5675 W BufferQueueProducer: [FrameDecoder](id:8c3000002c7,api:3,p:2243,c:2243) detachBuffer: slot 17 is not owned by the producer (state = FREE)
02-23 13:17:00.255  2243  5675 W BufferQueueProducer: [FrameDecoder](id:8c3000002c7,api:3,p:2243,c:2243) detachBuffer: slot 18 is not owned by the producer (state = FREE)
02-23 13:17:00.255  2243  5675 W BufferQueueProducer: [FrameDecoder](id:8c3000002c7,api:3,p:2243,c:2243) detachBuffer: slot 19 is not owned by the producer (state = FREE)
02-23 13:17:00.255  2243  5675 W BufferQueueProducer: [FrameDecoder](id:8c3000002c7,api:3,p:2243,c:2243) detachBuffer: slot 20 is not owned by the producer (state = FREE)
02-23 13:17:00.255  2243  5675 W BufferQueueProducer: [FrameDecoder](id:8c3000002c7,api:3,p:2243,c:2243) detachBuffer: slot 21 is not owned by the producer (state = FREE)
02-23 13:17:00.256  2243  5675 W BufferQueueProducer: [FrameDecoder](id:8c3000002c7,api:3,p:2243,c:2243) detachBuffer: slot 22 is not owned by the producer (state = FREE)
02-23 13:17:00.256  2243  5675 W BufferQueueProducer: [FrameDecoder](id:8c3000002c7,api:3,p:2243,c:2243) detachBuffer: slot 23 is not owned by the producer (state = FREE)
02-23 13:17:00.256  2243  5675 W BufferQueueProducer: [FrameDecoder](id:8c3000002c7,api:3,p:2243,c:2243) detachBuffer: slot 24 is not owned by the producer (state = FREE)
02-23 13:17:00.256  2243  5675 W BufferQueueProducer: [FrameDecoder](id:8c3000002c7,api:3,p:2243,c:2243) detachBuffer: slot 25 is not owned by the producer (state = FREE)
02-23 13:17:00.256  2243  5675 W BufferQueueProducer: [FrameDecoder](id:8c3000002c7,api:3,p:2243,c:2243) detachBuffer: slot 26 is not owned by the producer (state = FREE)
02-23 13:17:00.256  2243  5675 W BufferQueueProducer: [FrameDecoder](id:8c3000002c7,api:3,p:2243,c:2243) detachBuffer: slot 27 is not owned by the producer (state = FREE)
02-23 13:17:00.256  2243  5675 W BufferQueueProducer: [FrameDecoder](id:8c3000002c7,api:3,p:2243,c:2243) detachBuffer: slot 28 is not owned by the producer (state = FREE)
02-23 13:17:00.257  2243  5675 W BufferQueueProducer: [FrameDecoder](id:8c3000002c7,api:3,p:2243,c:2243) detachBuffer: slot 29 is not owned by the producer (state = FREE)
02-23 13:17:00.257  2243  5675 W BufferQueueProducer: [FrameDecoder](id:8c3000002c7,api:3,p:2243,c:2243) detachBuffer: slot 30 is not owned by the producer (state = FREE)
02-23 13:17:00.257  2243  5675 W BufferQueueProducer: [FrameDecoder](id:8c3000002c7,api:3,p:2243,c:2243) detachBuffer: slot 31 is not owned by the producer (state = FREE)
02-23 13:17:00.257  2243  5675 W BufferQueueProducer: [FrameDecoder](id:8c3000002c7,api:3,p:2243,c:2243) detachBuffer: slot 32 is not owned by the producer (state = FREE)
02-23 13:17:00.257  2243  5675 W BufferQueueProducer: [FrameDecoder](id:8c3000002c7,api:3,p:2243,c:2243) detachBuffer: slot 33 is not owned by the producer (state = FREE)
02-23 13:17:00.257  2243  5675 W BufferQueueProducer: [FrameDecoder](id:8c3000002c7,api:3,p:2243,c:2243) detachBuffer: slot 34 is not owned by the producer (state = FREE)
02-23 13:17:00.257  2243  5675 W BufferQueueProducer: [FrameDecoder](id:8c3000002c7,api:3,p:2243,c:2243) detachBuffer: slot 35 is not owned by the producer (state = FREE)
02-23 13:17:00.257  2243  5675 W BufferQueueProducer: [FrameDecoder](id:8c3000002c7,api:3,p:2243,c:2243) detachBuffer: slot 36 is not owned by the producer (state = FREE)
02-23 13:17:00.257  2243  5675 W BufferQueueProducer: [FrameDecoder](id:8c3000002c7,api:3,p:2243,c:2243) detachBuffer: slot 37 is not owned by the producer (state = FREE)
02-23 13:17:00.258  2243  5675 W BufferQueueProducer: [FrameDecoder](id:8c3000002c7,api:3,p:2243,c:2243) detachBuffer: slot 38 is not owned by the producer (state = FREE)
02-23 13:17:00.258  2243  5675 W BufferQueueProducer: [FrameDecoder](id:8c3000002c7,api:3,p:2243,c:2243) detachBuffer: slot 39 is not owned by the producer (state = FREE)
02-23 13:17:00.258  2243  5675 W BufferQueueProducer: [FrameDecoder](id:8c3000002c7,api:3,p:2243,c:2243) detachBuffer: slot 40 is not owned by the producer (state = FREE)
02-23 13:17:00.258  2243  5675 W BufferQueueProducer: [FrameDecoder](id:8c3000002c7,api:3,p:2243,c:2243) detachBuffer: slot 41 is not owned by the producer (state = FREE)
02-23 13:17:00.258  2243  5675 W BufferQueueProducer: [FrameDecoder](id:8c3000002c7,api:3,p:2243,c:2243) detachBuffer: slot 42 is not owned by the producer (state = FREE)
02-23 13:17:00.258  2243  5675 W BufferQueueProducer: [FrameDecoder](id:8c3000002c7,api:3,p:2243,c:2243) detachBuffer: slot 43 is not owned by the producer (state = FREE)
02-23 13:17:00.258  2243  5675 W BufferQueueProducer: [FrameDecoder](id:8c3000002c7,api:3,p:2243,c:2243) detachBuffer: slot 44 is not owned by the producer (state = FREE)
02-23 13:17:00.259  2243  5675 W BufferQueueProducer: [FrameDecoder](id:8c3000002c7,api:3,p:2243,c:2243) detachBuffer: slot 45 is not owned by the producer (state = FREE)
02-23 13:17:00.259  2243  5675 W BufferQueueProducer: [FrameDecoder](id:8c3000002c7,api:3,p:2243,c:2243) detachBuffer: slot 46 is not owned by the producer (state = FREE)
02-23 13:17:00.259  2243  5675 W BufferQueueProducer: [FrameDecoder](id:8c3000002c7,api:3,p:2243,c:2243) detachBuffer: slot 47 is not owned by the producer (state = FREE)
02-23 13:17:00.259  2243  5675 W BufferQueueProducer: [FrameDecoder](id:8c3000002c7,api:3,p:2243,c:2243) detachBuffer: slot 48 is not owned by the producer (state = FREE)
02-23 13:17:00.259  2243  5675 W BufferQueueProducer: [FrameDecoder](id:8c3000002c7,api:3,p:2243,c:2243) detachBuffer: slot 49 is not owned by the producer (state = FREE)
02-23 13:17:00.259  2243  5675 W BufferQueueProducer: [FrameDecoder](id:8c3000002c7,api:3,p:2243,c:2243) detachBuffer: slot 50 is not owned by the producer (state = FREE)
02-23 13:17:00.260  2243  5675 W BufferQueueProducer: [FrameDecoder](id:8c3000002c7,api:3,p:2243,c:2243) detachBuffer: slot 51 is not owned by the producer (state = FREE)
02-23 13:17:00.260  2243  5675 W BufferQueueProducer: [FrameDecoder](id:8c3000002c7,api:3,p:2243,c:2243) detachBuffer: slot 52 is not owned by the producer (state = FREE)
02-23 13:17:00.260  2243  5675 W BufferQueueProducer: [FrameDecoder](id:8c3000002c7,api:3,p:2243,c:2243) detachBuffer: slot 53 is not owned by the producer (state = FREE)
02-23 13:17:00.260  2243  5675 W BufferQueueProducer: [FrameDecoder](id:8c3000002c7,api:3,p:2243,c:2243) detachBuffer: slot 54 is not owned by the producer (state = FREE)
02-23 13:17:00.260  2243  5675 W BufferQueueProducer: [FrameDecoder](id:8c3000002c7,api:3,p:2243,c:2243) detachBuffer: slot 55 is not owned by the producer (state = FREE)
02-23 13:17:00.260  2243  5675 W BufferQueueProducer: [FrameDecoder](id:8c3000002c7,api:3,p:2243,c:2243) detachBuffer: slot 56 is not owned by the producer (state = FREE)
02-23 13:17:00.261  2243  5675 W BufferQueueProducer: [FrameDecoder](id:8c3000002c7,api:3,p:2243,c:2243) detachBuffer: slot 57 is not owned by the producer (state = FREE)
02-23 13:17:00.261  2243  5675 W BufferQueueProducer: [FrameDecoder](id:8c3000002c7,api:3,p:2243,c:2243) detachBuffer: slot 58 is not owned by the producer (state = FREE)
02-23 13:17:00.261  2243  5675 W BufferQueueProducer: [FrameDecoder](id:8c3000002c7,api:3,p:2243,c:2243) detachBuffer: slot 59 is not owned by the producer (state = FREE)
02-23 13:17:00.261  2243  5675 W BufferQueueProducer: [FrameDecoder](id:8c3000002c7,api:3,p:2243,c:2243) detachBuffer: slot 60 is not owned by the producer (state = FREE)
02-23 13:17:00.261  2243  5675 W BufferQueueProducer: [FrameDecoder](id:8c3000002c7,api:3,p:2243,c:2243) detachBuffer: slot 61 is not owned by the producer (state = FREE)
02-23 13:17:00.261  2243  5675 W BufferQueueProducer: [FrameDecoder](id:8c3000002c7,api:3,p:2243,c:2243) detachBuffer: slot 62 is not owned by the producer (state = FREE)
02-23 13:17:00.261  2243  5675 W BufferQueueProducer: [FrameDecoder](id:8c3000002c7,api:3,p:2243,c:2243) detachBuffer: slot 63 is not owned by the producer (state = FREE)
02-23 13:17:00.262  1509  1887 W C2BqBuffer: invalid producer producer(0), generation(0)
02-23 13:17:00.262  1509  5657 I QC2Comp : [avcD_3898] Stats: Pending(0) i/p-done(0) Works: Q: 5/Done 6|Work-Rate: Q(35.0/s Avg=35.0/s) Done(42.026/s Avg=42.026/s)| Stream: 30.00fps 500.4Kbps
02-23 13:17:00.262  1509  5657 I QC2Comp : Mem-usage:  [In-1D - 4 bufs 11.953 MB] [1D-0 - 11 bufs 0.172 MB] [2D-3558 - 11 bufs 49.500 MB]
02-23 13:17:00.262  1509  5657 I QC2Comp : Total Mem-usage: 61.625 MB
02-23 13:17:00.262  1509  5657 E QC2Comp : comp.release() is called without comp.stop()
02-23 13:17:00.283  1509  5657 I QC2V4l2Driver: [avcD_3898] Closed device driver with fd: 7
02-23 13:17:00.284  1509  5657 I QC2Comp : NOTE: handleStopCodec returning: 0 (OK=0)
02-23 13:17:00.285  1509  5657 E vendor.qti.media.c2@1.0-service: Missing dependency coding.temporal-layering
02-23 13:17:00.286  1509  5657 I vendor.qti.media.c2@1.0-service: missing struct descriptor #Param::CoreIndex(-Vc010) for field window of struct #Param::CoreIndex(FV1c00d)
02-23 13:17:00.286  1509  5657 I vendor.qti.media.c2@1.0-service: missing struct descriptor #Param::CoreIndex(-Vc01a) for field misr_info_top_field of struct #Param::CoreIndex(-Vc01b)
02-23 13:17:00.286  1509  5657 I vendor.qti.media.c2@1.0-service: missing struct descriptor #Param::CoreIndex(-Vc01a) for field misr_info_bottom_field of struct #Param::CoreIndex(-Vc01b)
02-23 13:17:00.287  1509  5657 I vendor.qti.media.c2@1.0-service: missing struct descriptor #Param::CoreIndex(--002) for field mastering of struct #Param::CoreIndex(--180a)
02-23 13:17:00.287  1509  1887 I QC2Comp : NOTE: Release returning: 0 (OK=0)
02-23 13:17:00.288  2243  5655 D MediaCodec: [0xe4171000] [c2.qti.avc.decoder] kWhatReleaseCompleted
02-23 13:17:00.288  2243  5655 D MediaCodec: [0xe4171000] setState: 0
02-23 13:17:00.288  2243  5655 D MediaCodec: [0xe4171000] [c2.qti.avc.decoder] disconnectFromSurface: mSurface 0xe55c1800
02-23 13:17:00.288  2243  5655 D SurfaceUtils: disconnecting from surface 0xe55c1808, reason disconnectFromSurface
02-23 13:17:00.288  2243  5655 D BufferQueueProducer: [FrameDecoder](id:8c3000002c7,api:3,p:2243,c:2243) disconnect: api 3
02-23 13:17:00.288  2243  5656 I hw-BpHwBinder: onLastStrongRef automatically unlinking death recipients
02-23 13:17:00.289  1509  1887 I hw-BpHwBinder: onLastStrongRef automatically unlinking death recipients
02-23 13:17:00.289  1509  1887 D Codec2-DumpInput: [~DumpInput:L420][c2.qti.avc.decoder_385] this:0xebfa9dec
02-23 13:17:00.289  1509  1887 I QC2CompStore: Deleting component(c2.qti.avc.decoder) id(3898)
02-23 13:17:00.290  1509  1887 I QC2Comp : [avcD_3898] Deallocated component c2.qti.avc.decoder [id=3898]
02-23 13:17:00.290  4306  4306 D AppModule: onTriggerHookEvent: eventId=27, pid=0, pkgName=null
02-23 13:17:00.291  4306  4633 D AppSceneEventManager: handleMessage: 101
02-23 13:17:00.291  4306  4633 I DispatcherPolicy: onBaseEvent EventId=27	INPUT_VIDEO_STOP	TimeStamp =1771832820290	Intent =null	Content =null	Pid =0	PkgName =null
02-23 13:17:00.291  4306  4633 I VideoScene: onInputEvent : INPUT_VIDEO_STOP
02-23 13:17:00.291  4306  4633 D RunningProcessManager: genEmptyProcessInfo from uid = 10227
02-23 13:17:00.291  4306  4633 I VideoScene: updateVideoPlayInfo : playing = false uid = 10227 pkg = null
02-23 13:17:00.291  4306  4633 I VideoCallScene: onInputEvent : EventId=27	INPUT_VIDEO_STOP	TimeStamp =1771832820290	Intent =null	Content =null	Pid =0	PkgName =null
02-23 13:17:00.291  4306  4633 D RunningProcessManager: genEmptyProcessInfo from uid = 10227
02-23 13:17:00.291  4306  4633 I VideoCallScene: updateVideoPlayInfo : playing = false uid = 10227 pkg = null
02-23 13:17:00.291  4306  4633 I VoiceCallScene: onInputEvent : EventId=27	INPUT_VIDEO_STOP	TimeStamp =1771832820290	Intent =null	Content =null	Pid =0	PkgName =null
02-23 13:17:00.291  4306  4633 D RunningProcessManager: genEmptyProcessInfo from uid = 10227
02-23 13:17:00.291  2243  6786 D FrameDecoder: FrameDecoder destroyed
02-23 13:17:00.292  2243  6786 D MediaCodec: [0xe4171000] ~MediaCodec
02-23 13:17:00.293  2243  6786 D AtlasEventUploadUtils: setEvent event:atlas_event_video_monitor_network_switch
02-23 13:17:00.294  5360 26177 D OplusAtlas.OplusAtlasEventDispatch: setEvent:atlas_event_video_monitor_network_switch info:STOP,2243,Key,3847818752
02-23 13:17:00.294  5360  7032 D OplusAtlasVideo: callback success event:atlas_event_video_monitor_network_switch eventInfo:STOP,2243,Key,3847818752
02-23 13:17:00.294  2243  6786 D OplusStagefrightMetadataRetriever: StagefrightMetadataRetriever::getFrameAtTime frame:0xe1dee798
02-23 13:17:00.294  2243  6786 D OplusStagefrightMetadataRetriever: StagefrightMetadataRetriever::isNeedRetryGetFrame isBadFrame:0 retryTimes:0
02-23 13:17:00.294  2243  6786 D OplusStagefrightMetadataRetriever: getFrameAtTime- frame:0xe1dee798 (cost time=189355 us)
02-23 13:17:00.295  5676  5676 E Parcel  : Attempt to read from protected data in Parcel 0x7fc033e940
02-23 13:17:00.295  5676  5676 E Parcel  : Attempt to read from protected data in Parcel 0x7fc033e940
02-23 13:17:00.295  5676  5676 E Parcel  : Attempt to read from protected data in Parcel 0x7fc033e940
02-23 13:17:00.295  5676  5676 E Parcel  : Attempt to read from protected data in Parcel 0x7fc033e940
02-23 13:17:00.295  5676  5676 E Parcel  : Attempt to read from protected data in Parcel 0x7fc033e940
02-23 13:17:00.313   644   644 E lowmemorykiller: device memory 518858 free 66654 file 409576
02-23 13:17:00.319  7318  8161 E LocalFileUtil: getListFromStream stream is null
02-23 13:17:00.336  2028  3647 D OplusNetKit: in getLpByInterface name from LP: [rmnet_data2]
02-23 13:17:00.336  2028  3647 D OplusNetKit: in getLpByInterface name from LP: [wlan0]
02-23 13:17:00.358  5680  5680 E Parcel  : Attempt to read from protected data in Parcel 0x7fe0131820
02-23 13:17:00.358  5680  5680 E Parcel  : Attempt to read from protected data in Parcel 0x7fe0131820
02-23 13:17:00.358  5680  5680 E Parcel  : Attempt to read from protected data in Parcel 0x7fe0131820
02-23 13:17:00.358  5680  5680 E Parcel  : Attempt to read from protected data in Parcel 0x7fe0131820
02-23 13:17:00.358  5680  5680 E Parcel  : Attempt to read from protected data in Parcel 0x7fe0131820
02-23 13:17:00.359  3826  3940 I SystemUi--Statusbar: OplusNetworkSpeedControllExImpl-->updateNetworkSpeed: isConnected:true,isSwitchOn:true
02-23 13:17:00.360  3826  3940 I SystemUi--Statusbar: OplusNetworkSpeedControllExImpl-->getTotalByte: totalRxBytes:22812580038,totalTxBytes:3617293562,loopbackTxBytes:2817511,loopbackRxBytes:2692591 ,totalBytes:26424363498
02-23 13:17:00.361  3013  3050 D PowerStatsService: handleMessage:2(g_pds) 4
02-23 13:17:00.361  3013  3050 D PowerStatsService: handleMessage systemStatus:{ srft:673306693,srnt:673717280,isrn:true,cbl:81,pbl:92 }
02-23 13:17:00.361  3013  3050 D PolicyManager: isAllowToWorkSinceBoot:true
02-23 13:17:00.363  3013  3050 D WakeLockHelper: enable wakelock PowerMonior:3, timeout=1000
02-23 13:17:00.363  3013  3050 D UserUtils: appUid:1000 main_user:1000
02-23 13:17:00.363  3013  3050 D PowerStatsService: multi_u:false
02-23 13:17:00.363  3013  3050 D PowerStatsService: needGetDat:true
02-23 13:17:00.363  3013  3050 D PowerStatsService: getPowerDataSnapshotLocked 4 srn
02-23 13:17:00.363  3013  3050 D HealthStatsDataCenter: update diff:false
02-23 13:17:00.363  3013  3050 D HealthStatsDataCenter: updateDataInternal
02-23 13:17:00.386  1502  1502 E ANDR-PERF-MPCTL: Active req limit reached, No optimizations performed
02-23 13:17:00.399  3013  3050 D HealthStatsDataCenter: updateActiveAppIds: len=449
02-23 13:17:00.407  2028  3647 D OplusNetRttKit: getIcmpEchoRtt addr:192.168.0.*** avgRtt: 20
02-23 13:17:00.414   644   644 E lowmemorykiller: device memory 519691 free 67241 file 409704
02-23 13:17:00.446  5686  5686 E Parcel  : Attempt to read from protected data in Parcel 0x7fd49ade10
02-23 13:17:00.446  5686  5686 E Parcel  : Attempt to read from protected data in Parcel 0x7fd49ade10
02-23 13:17:00.446  5686  5686 E Parcel  : Attempt to read from protected data in Parcel 0x7fd49ade10
02-23 13:17:00.446  5686  5686 E Parcel  : Attempt to read from protected data in Parcel 0x7fd49ade10
02-23 13:17:00.446  5686  5686 E Parcel  : Attempt to read from protected data in Parcel 0x7fd49ade10
02-23 13:17:00.461   918  1340 D VideoFrameExtractor: extractFrames, timeUs:9000000
02-23 13:17:00.464  2243  6546 D OplusStagefrightMetadataRetriever: getFrameAtTime+ timeUs:9000000 option:3 colorFormat:1, metaOnly:0 mime:video/mp4
02-23 13:17:00.464  2243  6546 D StagefrightMetadataRetriever: getFrameAtTime: 9000000 us option: 3 colorFormat: 1, metaOnly: 0
02-23 13:17:00.467  2243  6546 D FrameDecoder: FrameDecoder created
02-23 13:17:00.468  2243  6546 D BufferQueueConsumer: [FrameDecoder](id:8c3000002c8,api:0,p:-1,c:2243) connect: controlledByApp=false
02-23 13:17:00.468  2243  6546 W libc    : Access denied finding property "vendor.display.enable_optimal_refresh_rate"
02-23 13:17:00.468  2243  6546 I FrameDecoder: using surface mode
02-23 13:17:00.468  2243  6546 D MediaCodec: CreateByComponentName: name c2.qti.avc.decoder
02-23 13:17:00.469  2243  6546 W libc    : Access denied finding property "vendor.debug.stagefright.mediacodec.trace"
02-23 13:17:00.469  2243  6546 W libc    : Access denied finding property "vendor.debug.stagefright.BufferCount"
02-23 13:17:00.470  2243  6546 W libc    : Access denied finding property "vendor.debug.stagefright.BufferCount"
02-23 13:17:00.470  2243  6546 W libc    : Access denied finding property "vendor.oplus.media.vpp.stutter"
02-23 13:17:00.471  2243  6546 D OplusFeedbackInfo: OVFR is supported in video side
02-23 13:17:00.471  2243  6546 W libc    : Access denied finding property "vendor.debug.stagefright.BufferCount"
02-23 13:17:00.471  2243  6546 W libc    : Access denied finding property "vendor.debug.stagefright.BufferCount"
02-23 13:17:00.472  2243  6546 D MediaCodec: [0xe4172400] init: CCodec 0xe1da3540, CCodecBufferChannel 0xe4110610
02-23 13:17:00.472  2243  5691 D MediaCodec: [0xe4172400] setState: 1
02-23 13:17:00.472  2243  5692 D CCodec  : allocate(c2.qti.avc.decoder)
02-23 13:17:00.475  2243  5692 I CCodec  : setting up 'default' as default (vendor) store
02-23 13:17:00.476  1509  1887 E vendor.qti.media.c2@1.0-service: Missing dependency coding.temporal-layering
02-23 13:17:00.477  1509  1887 I vendor.qti.media.c2@1.0-service: missing struct descriptor #Param::CoreIndex(-Vc010) for field window of struct #Param::CoreIndex(FV1c00d)
02-23 13:17:00.477  1509  1887 I vendor.qti.media.c2@1.0-service: missing struct descriptor #Param::CoreIndex(-Vc01a) for field misr_info_top_field of struct #Param::CoreIndex(-Vc01b)
02-23 13:17:00.477  1509  1887 I vendor.qti.media.c2@1.0-service: missing struct descriptor #Param::CoreIndex(-Vc01a) for field misr_info_bottom_field of struct #Param::CoreIndex(-Vc01b)
02-23 13:17:00.477  1509  1887 I vendor.qti.media.c2@1.0-service: missing struct descriptor #Param::CoreIndex(--002) for field mastering of struct #Param::CoreIndex(--180a)
02-23 13:17:00.478  3013  3050 D takeUidSnapshots: took 79ms
02-23 13:17:00.479  1509  1887 I QC2Comp : Create: Allocated component[3899] for name c2.qti.avc.decoder : [32 bit]
02-23 13:17:00.479  1509  1887 I QC2CompStore: Created component(c2.qti.avc.decoder) id(3899)
02-23 13:17:00.479  1509  1887 D Codec2-DumpInput: [DumpInput:L379][c2.qti.avc.decoder_386] this:0xee0477cc
02-23 13:17:00.479  1509  1887 D Codec2-DumpInput: checkDumpCondition 512, decodercheck 1, nonsecurecheck 1, regioncheck 0, platformcheck 0, isCodecSupported 1 
02-23 13:17:00.481  2243  5692 I CCodec  : Created component [c2.qti.avc.decoder]
02-23 13:17:00.481  2243  5692 D CCodecBufferChannel: [0xe4110610] setComponent: mName c2.qti.avc.decoder#821, mPipelineWatcher 0xe4110800
02-23 13:17:00.481  1509  3261 E QC2Interface: Failed to query parameters
02-23 13:17:00.482  2243  5692 D CCodecConfig: read media type: video/avc
02-23 13:17:00.482  3013  3050 D parsePowerDataFormHealthStats: took 4ms
02-23 13:17:00.482  3013  3050 D HealthStatsDataCenter: get_snap_data:2026_0223_1317_00
02-23 13:17:00.482  3013  3050 D PowerDataSnapshotCollector: getDataSnapshot
02-23 13:17:00.485  3013  3050 D BatteryStatusMonitor: hashCode:242146722/168290867
02-23 13:17:00.485  2243  5692 D ReflectedParamUpdater: extent() != 1 for single value type: output.buffers.pool-ids.values
02-23 13:17:00.491  2460  2460 D vendor.oplus.hardware.rpmh-V1-service: Calling uid is 1000.
02-23 13:17:00.491  2460  2460 D vendor.oplus.hardware.rpmh-V1-service: vendor.oplus.rpmh.support: true
02-23 13:17:00.491  2460  2460 D vendor.oplus.hardware.rpmh-V1-service: getPowerStateSubsystemSleepStateList()
02-23 13:17:00.491  2460  2460 D vendor.oplus.hardware.rpmh-V1-service: last update:352671545 , 353024968
02-23 13:17:00.492  2243  5692 D ReflectedParamUpdater: extent() != 1 for single value type: vendor.qti-ext-dec-info-misr.misr_info_top_field.misr_dpb_luma
02-23 13:17:00.492  2243  5692 D ReflectedParamUpdater: extent() != 1 for single value type: vendor.qti-ext-dec-info-misr.misr_info_top_field.misr_dpb_chroma
02-23 13:17:00.492  2243  5692 D ReflectedParamUpdater: extent() != 1 for single value type: vendor.qti-ext-dec-info-misr.misr_info_top_field.misr_opb_luma
02-23 13:17:00.492  2243  5692 D ReflectedParamUpdater: extent() != 1 for single value type: vendor.qti-ext-dec-info-misr.misr_info_top_field.misr_opb_chroma
02-23 13:17:00.492  2243  5692 D ReflectedParamUpdater: extent() != 1 for single value type: vendor.qti-ext-dec-info-misr.misr_info_bottom_field.misr_dpb_luma
02-23 13:17:00.492  2243  5692 D ReflectedParamUpdater: extent() != 1 for single value type: vendor.qti-ext-dec-info-misr.misr_info_bottom_field.misr_dpb_chroma
02-23 13:17:00.492  2243  5692 D ReflectedParamUpdater: extent() != 1 for single value type: vendor.qti-ext-dec-info-misr.misr_info_bottom_field.misr_opb_luma
02-23 13:17:00.492  2243  5692 D ReflectedParamUpdater: extent() != 1 for single value type: vendor.qti-ext-dec-info-misr.misr_info_bottom_field.misr_opb_chroma
02-23 13:17:00.492  2460  2460 D vendor.oplus.hardware.rpmh-V1-service: getPowerStateSubsystemSleepStateList tmpSubsystemState: ADSP 226015 59004856
02-23 13:17:00.492  2460  2460 D vendor.oplus.hardware.rpmh-V1-service: putSubsystemSleepState key:ADSP  val:ADSP | 226015 | 59004856
02-23 13:17:00.492  2460  2460 D vendor.oplus.hardware.rpmh-V1-service: putSubsystemSleepState update
02-23 13:17:00.493  2243  5692 D ReflectedParamUpdater: ignored struct field vendor.qti-ext-dec-panscan.window
02-23 13:17:00.493  2460  2460 D vendor.oplus.hardware.rpmh-V1-service: getPowerStateSubsystemSleepStateList tmpSubsystemState: ADSP_ISLAND 557900 59081368
02-23 13:17:00.493  2460  2460 D vendor.oplus.hardware.rpmh-V1-service: putSubsystemSleepState key:ADSP_ISLAND  val:ADSP_ISLAND | 557900 | 59081368
02-23 13:17:00.493  2460  2460 D vendor.oplus.hardware.rpmh-V1-service: putSubsystemSleepState update
02-23 13:17:00.493  2243  5692 D CCodecConfig: ignoring local param raw.size (0xd2001800) as it is already supported
02-23 13:17:00.493  2243  5692 D CCodecConfig: ignoring local param default.color (0x5200180b) as it is already supported
02-23 13:17:00.493  2243  5692 D CCodecConfig: ignoring local param raw.hdr-static-info (0xd200180a) as it is already supported
02-23 13:17:00.494  2460  2460 D vendor.oplus.hardware.rpmh-V1-service: getPowerStateSubsystemSleepStateList tmpSubsystemState: ADSP_ISLAND 557900 59081368
02-23 13:17:00.494  2460  2460 E vendor.oplus.hardware.rpmh-V1-service: get data from /sys/power/soc_sleep/stats failed! res=-1
02-23 13:17:00.494  2460  2460 D vendor.oplus.hardware.rpmh-V1-service: getPowerStateSubsystemSleepStateList tmpSubsystemState: APSS 848303 330161667
02-23 13:17:00.494  2460  2460 D vendor.oplus.hardware.rpmh-V1-service: putSubsystemSleepState key:APSS  val:APSS | 848303 | 330161667
02-23 13:17:00.494  2460  2460 D vendor.oplus.hardware.rpmh-V1-service: putSubsystemSleepState update
02-23 13:17:00.494  1509  1887 E QC2Interface: Failed to query parameters
02-23 13:17:00.494  2243  5692 I CCodecConfig: query failed after returning 17 values (BAD_INDEX)
02-23 13:17:00.494  2460  2460 D vendor.oplus.hardware.rpmh-V1-service: getPowerStateSubsystemSleepStateList tmpSubsystemState: CDSP 274 673549479
02-23 13:17:00.494  2460  2460 D vendor.oplus.hardware.rpmh-V1-service: putSubsystemSleepState key:CDSP  val:CDSP | 274 | 673549479
02-23 13:17:00.494  2460  2460 D vendor.oplus.hardware.rpmh-V1-service: putSubsystemSleepState update
02-23 13:17:00.494  2460  2460 D vendor.oplus.hardware.rpmh-V1-service: getPowerStateSubsystemSleepStateList tmpSubsystemState: CDSP 274 673549479
02-23 13:17:00.494  2460  2460 E vendor.oplus.hardware.rpmh-V1-service: get data from /sys/power/soc_sleep/stats failed! res=-1
02-23 13:17:00.494  2460  2460 D vendor.oplus.hardware.rpmh-V1-service: getPowerStateSubsystemSleepStateList tmpSubsystemState: CDSP 274 673549479
02-23 13:17:00.494  2460  2460 E vendor.oplus.hardware.rpmh-V1-service: get data from /sys/power/soc_sleep/stats failed! res=-1
02-23 13:17:00.494  2243  5692 W ColorUtils: expected specified color aspects (0:0:255:255)
02-23 13:17:00.495  2243  5691 D MediaCodec: [0xe4172400] setState: 2
02-23 13:17:00.495  2460  2460 D vendor.oplus.hardware.rpmh-V1-service: getPowerStateSubsystemSleepStateList tmpSubsystemState: MPSS 1569431 384732336
02-23 13:17:00.495  2460  2460 D vendor.oplus.hardware.rpmh-V1-service: putSubsystemSleepState key:MPSS  val:MPSS | 1569431 | 384732336
02-23 13:17:00.495  2460  2460 D vendor.oplus.hardware.rpmh-V1-service: putSubsystemSleepState update
02-23 13:17:00.495  2460  2460 D vendor.oplus.hardware.rpmh-V1-service: getPowerStateSubsystemSleepStateList tmpSubsystemState: MPSS 1569431 384732336
02-23 13:17:00.495  2460  2460 E vendor.oplus.hardware.rpmh-V1-service: get data from /sys/power/rpmh_stats/master_stats failed! res=-1
02-23 13:17:00.495  2460  2460 D vendor.oplus.hardware.rpmh-V1-service: getPowerStateSubsystemSleepStateList tmpSubsystemState: MPSS 1569431 384732336
02-23 13:17:00.495  2460  2460 E vendor.oplus.hardware.rpmh-V1-service: get data from /sys/power/rpmh_stats/master_stats failed! res=-1
02-23 13:17:00.495  2460  2460 D vendor.oplus.hardware.rpmh-V1-service: dumpSubsystemSleepState-->
02-23 13:17:00.495  2460  2460 D vendor.oplus.hardware.rpmh-V1-service: key:ADSP  val:ADSP | 226015 | 59004856 
02-23 13:17:00.495  2460  2460 D vendor.oplus.hardware.rpmh-V1-service: key:ADSP_ISLAND  val:ADSP_ISLAND | 557900 | 59081368 
02-23 13:17:00.495  2460  2460 D vendor.oplus.hardware.rpmh-V1-service: key:APSS  val:APSS | 848303 | 330161667 
02-23 13:17:00.495  2460  2460 D vendor.oplus.hardware.rpmh-V1-service: key:CDSP  val:CDSP | 274 | 673549479 
02-23 13:17:00.495  2460  2460 D vendor.oplus.hardware.rpmh-V1-service: key:MPSS  val:MPSS | 1569431 | 384732336 
02-23 13:17:00.496  3013  3050 D RpmAidlHelper: getPowerStateSubsystemSleepStateListMethod return code: 0
02-23 13:17:00.496  2243  6546 I MediaCodec: [0xe4172400] [c2.qti.avc.decoder] configure, format : AMessage(what = 0x00000000) = {
02-23 13:17:00.496  2243  6546 I MediaCodec:   string mime = "video/avc"
02-23 13:17:00.496  2243  6546 I MediaCodec:   int64_t thumbnail-time = 0
02-23 13:17:00.496  2243  6546 I MediaCodec:   int64_t durationUs = 9536677
02-23 13:17:00.496  2243  6546 I MediaCodec:   int32_t frame-count = 189
02-23 13:17:00.496  2243  6546 I MediaCodec:   int32_t track-id = 2
02-23 13:17:00.496  2243  6546 I MediaCodec:   string language = "```"
02-23 13:17:00.496  2243  6546 I MediaCodec:   int32_t width = 1080
02-23 13:17:00.496  2243  6546 I MediaCodec:   int32_t height = 1920
02-23 13:17:00.496  2243  6546 I MediaCodec:   int32_t display-width = 1080
02-23 13:17:00.496  2243  6546 I MediaCodec:   int32_t display-height = 1920
02-23 13:17:00.496  2243  6546 I MediaCodec:   int32_t rotation-degrees = 270
02-23 13:17:00.496  2243  6546 I MediaCodec:   int32_t color-range = 2
02-23 13:17:00.496  2243  6546 I MediaCodec:   int32_t max-input-size = 370564
02-23 13:17:00.496  2243  6546 I MediaCodec:   int32_t frame-rate = 20
