02-23 13:16:59.057  5550  5550 E Parcel  : Attempt to read from protected data in Parcel 0x7fe3699af0
02-23 13:16:59.061  1502  1502 E ANDR-PERF-MPCTL: Active req limit reached, No optimizations performed
02-23 13:16:59.068  1502  1502 E ANDR-PERF-MPCTL: Active req limit reached, No optimizations performed
02-23 13:16:59.069  2243 23005 D BufferPoolAccessor2.0: bufferpool2 0xe1da6d98 : 0(0 size) total buffers - 0(0 size) used buffers - 34/39 (recycle/alloc) - 5/36 (fetch/transfer)
02-23 13:16:59.069  2243 23005 D BufferPoolAccessor2.0: evictor expired: 1, evicted: 1
02-23 13:16:59.076  1502  1502 E ANDR-PERF-MPCTL: Active req limit reached, No optimizations performed
02-23 13:16:59.085  1502  1502 E ANDR-PERF-MPCTL: Active req limit reached, No optimizations performed
02-23 13:16:59.085 22255 22255 W AnrLogEnhancementHelperImpl: app side detected 22255 dynamic_receiver cost time = 1482
02-23 13:16:59.093  1502  1502 E ANDR-PERF-MPCTL: Active req limit reached, No optimizations performed
02-23 13:16:59.100  2243  5526 D CCodecBufferChannel: [c2.qti.avc.decoder#502] first render dataSpace=258
02-23 13:16:59.100  2243  5526 D OplusFeedbackInfo: video-first-frame-latency-list is not configured
02-23 13:16:59.102  1502  1502 E ANDR-PERF-MPCTL: Active req limit reached, No optimizations performed
02-23 13:16:59.108   644   644 E lowmemorykiller: device memory 484711 free 66027 file 410064
02-23 13:16:59.111  1502  1502 E ANDR-PERF-MPCTL: Active req limit reached, No optimizations performed
02-23 13:16:59.115  7688  7688 V DeepThinker: BroadcastReceiverWrapper: onReceive, start dispatch android.media.ACTION_AUDIO_PLAYBACK_STATE_CHANGED
02-23 13:16:59.116  7688  7688 V DeepThinker: BroadcastReceiverWrapper: onReceive, finish dispatch android.media.ACTION_AUDIO_PLAYBACK_STATE_CHANGED  category : null  Time consuming : 1 ms
02-23 13:16:59.120  1502  1502 E ANDR-PERF-MPCTL: Active req limit reached, No optimizations performed
02-23 13:16:59.126  2028  2985 D VRR [OPlusExternalRefreshRateManager]: notifyDisableOtiMode: false
02-23 13:16:59.126  2028  2985 D VRR [OPlusSurfaceFlingerController]:  setTouchIdleShouldPause : false
02-23 13:16:59.126  1592  1997 D VRR [OTI]: handleIdle from 0 to 0
02-23 13:16:59.126  1592  1997 D VRR [OTI-HW]: isStateReady 0
02-23 13:16:59.126  1592  1997 D VRR [OTI-HW]: rate range: min {id=2, hwcId=4, resolution=1080x2400, vsyncRate=60.00 Hz, dpi=391.89x390.77, group=0, vrrConfig=N/A} cur {id=0, hwcId=0, resolution=1080x2400, vsyncRate=120.00 Hz, dpi=391.89x390.77, group=0, vrrConfig=N/A} max {id=0, hwcId=0, resolution=1080x2400, vsyncRate=120.00 Hz, dpi=391.89x390.77, group=0, vrrConfig=N/A}
02-23 13:16:59.126  1592  1997 D VRR [OTI-HW]: keep rate.
02-23 13:16:59.127  1502  1502 E ANDR-PERF-MPCTL: Active req limit reached, No optimizations performed
02-23 13:16:59.134  2243  6786 D StagefrightMetadataRetriever: c2.qti.avc.decoder extract frame done
02-23 13:16:59.134  2243  6786 D MediaCodec: [0xe4171000] [c2.qti.avc.decoder] release
02-23 13:16:59.135  2243  5526 D MediaCodec: [0xe4171000] setState: 10
02-23 13:16:59.135  1502  1502 E ANDR-PERF-MPCTL: Active req limit reached, No optimizations performed
02-23 13:16:59.135  2243  5526 D CCodecBufferChannel: [c2.qti.avc.decoder#502] MediaCodec discarded an unknown buffer
02-23 13:16:59.136  2243  5526 D CCodecBufferChannel: [c2.qti.avc.decoder#502] MediaCodec discarded an unknown buffer
02-23 13:16:59.136  2243  5526 D CCodecBufferChannel: [c2.qti.avc.decoder#502] MediaCodec discarded an unknown buffer
02-23 13:16:59.136  2243  5526 D CCodecBufferChannel: [c2.qti.avc.decoder#502] MediaCodec discarded an unknown buffer
02-23 13:16:59.137  2243  5526 D CCodecBufferChannel: [c2.qti.avc.decoder#502] MediaCodec discarded an unknown buffer
02-23 13:16:59.137  2243  5526 D CCodecBufferChannel: [c2.qti.avc.decoder#502] MediaCodec discarded an unknown buffer
02-23 13:16:59.137  2243  5526 D CCodecBufferChannel: [c2.qti.avc.decoder#502] MediaCodec discarded an unknown buffer
02-23 13:16:59.137  2243  5556 W BufferQueueProducer: [FrameDecoder](id:8c3000002c4,api:3,p:2243,c:2243) detachBuffer: slot 0 is not owned by the producer (state = FREE)
02-23 13:16:59.137  2243  5526 D CCodecBufferChannel: [c2.qti.avc.decoder#502] MediaCodec discarded an unknown buffer
02-23 13:16:59.137  2243  5526 D CCodecBufferChannel: [c2.qti.avc.decoder#502] MediaCodec discarded an unknown buffer
02-23 13:16:59.137  2243  5526 D CCodecBufferChannel: [c2.qti.avc.decoder#502] MediaCodec discarded an unknown buffer
02-23 13:16:59.137  2243  5526 D CCodecBufferChannel: [c2.qti.avc.decoder#502] MediaCodec discarded an unknown buffer
02-23 13:16:59.137  2243  5526 D CCodecBufferChannel: [c2.qti.avc.decoder#502] MediaCodec discarded an unknown buffer
02-23 13:16:59.137  2243  5526 D CCodecBufferChannel: [c2.qti.avc.decoder#502] MediaCodec discarded an unknown buffer
02-23 13:16:59.137  2243  5526 D CCodecBufferChannel: [c2.qti.avc.decoder#502] MediaCodec discarded an unknown buffer
02-23 13:16:59.137  2243  5526 D CCodecBufferChannel: [c2.qti.avc.decoder#502] MediaCodec discarded an unknown buffer
02-23 13:16:59.137  2243  5526 D CCodecBufferChannel: [c2.qti.avc.decoder#502] MediaCodec discarded an unknown buffer
02-23 13:16:59.137  2243  5526 D CCodecBufferChannel: [c2.qti.avc.decoder#502] MediaCodec discarded an unknown buffer
02-23 13:16:59.137  2243  5526 D CCodecBufferChannel: [c2.qti.avc.decoder#502] MediaCodec discarded an unknown buffer
02-23 13:16:59.137  2243  5526 D CCodecBufferChannel: [c2.qti.avc.decoder#502] MediaCodec discarded an unknown buffer
02-23 13:16:59.138  2243  5556 W BufferQueueProducer: [FrameDecoder](id:8c3000002c4,api:3,p:2243,c:2243) detachBuffer: slot 3 is not owned by the producer (state = FREE)
02-23 13:16:59.139  2243  5556 W BufferQueueProducer: [FrameDecoder](id:8c3000002c4,api:3,p:2243,c:2243) detachBuffer: slot 4 is not owned by the producer (state = FREE)
02-23 13:16:59.142  2243  5556 W BufferQueueProducer: [FrameDecoder](id:8c3000002c4,api:3,p:2243,c:2243) detachBuffer: slot 18 is not owned by the producer (state = FREE)
02-23 13:16:59.143  1502  1502 E ANDR-PERF-MPCTL: Active req limit reached, No optimizations performed
02-23 13:16:59.143  2243  5556 W BufferQueueProducer: [FrameDecoder](id:8c3000002c4,api:3,p:2243,c:2243) detachBuffer: slot 19 is not owned by the producer (state = FREE)
02-23 13:16:59.143  2243  5556 W BufferQueueProducer: [FrameDecoder](id:8c3000002c4,api:3,p:2243,c:2243) detachBuffer: slot 20 is not owned by the producer (state = FREE)
02-23 13:16:59.143  2243  5556 W BufferQueueProducer: [FrameDecoder](id:8c3000002c4,api:3,p:2243,c:2243) detachBuffer: slot 21 is not owned by the producer (state = FREE)
02-23 13:16:59.144  2243  5556 W BufferQueueProducer: [FrameDecoder](id:8c3000002c4,api:3,p:2243,c:2243) detachBuffer: slot 22 is not owned by the producer (state = FREE)
02-23 13:16:59.144  2243  5556 W BufferQueueProducer: [FrameDecoder](id:8c3000002c4,api:3,p:2243,c:2243) detachBuffer: slot 23 is not owned by the producer (state = FREE)
02-23 13:16:59.144  2243  5556 W BufferQueueProducer: [FrameDecoder](id:8c3000002c4,api:3,p:2243,c:2243) detachBuffer: slot 24 is not owned by the producer (state = FREE)
02-23 13:16:59.144  2243  5556 W BufferQueueProducer: [FrameDecoder](id:8c3000002c4,api:3,p:2243,c:2243) detachBuffer: slot 25 is not owned by the producer (state = FREE)
02-23 13:16:59.144  2243  5556 W BufferQueueProducer: [FrameDecoder](id:8c3000002c4,api:3,p:2243,c:2243) detachBuffer: slot 26 is not owned by the producer (state = FREE)
02-23 13:16:59.144  2243  5556 W BufferQueueProducer: [FrameDecoder](id:8c3000002c4,api:3,p:2243,c:2243) detachBuffer: slot 27 is not owned by the producer (state = FREE)
02-23 13:16:59.144  2243  5556 W BufferQueueProducer: [FrameDecoder](id:8c3000002c4,api:3,p:2243,c:2243) detachBuffer: slot 28 is not owned by the producer (state = FREE)
02-23 13:16:59.144  2243  5556 W BufferQueueProducer: [FrameDecoder](id:8c3000002c4,api:3,p:2243,c:2243) detachBuffer: slot 29 is not owned by the producer (state = FREE)
02-23 13:16:59.144  2243  5556 W BufferQueueProducer: [FrameDecoder](id:8c3000002c4,api:3,p:2243,c:2243) detachBuffer: slot 30 is not owned by the producer (state = FREE)
02-23 13:16:59.144  2243  5556 W BufferQueueProducer: [FrameDecoder](id:8c3000002c4,api:3,p:2243,c:2243) detachBuffer: slot 31 is not owned by the producer (state = FREE)
02-23 13:16:59.144  2243  5556 W BufferQueueProducer: [FrameDecoder](id:8c3000002c4,api:3,p:2243,c:2243) detachBuffer: slot 32 is not owned by the producer (state = FREE)
02-23 13:16:59.145  2243  5556 W BufferQueueProducer: [FrameDecoder](id:8c3000002c4,api:3,p:2243,c:2243) detachBuffer: slot 33 is not owned by the producer (state = FREE)
02-23 13:16:59.145  2243  5556 W BufferQueueProducer: [FrameDecoder](id:8c3000002c4,api:3,p:2243,c:2243) detachBuffer: slot 34 is not owned by the producer (state = FREE)
02-23 13:16:59.145  2243  5556 W BufferQueueProducer: [FrameDecoder](id:8c3000002c4,api:3,p:2243,c:2243) detachBuffer: slot 35 is not owned by the producer (state = FREE)
02-23 13:16:59.145  2243  5556 W BufferQueueProducer: [FrameDecoder](id:8c3000002c4,api:3,p:2243,c:2243) detachBuffer: slot 36 is not owned by the producer (state = FREE)
02-23 13:16:59.145  2243  5556 W BufferQueueProducer: [FrameDecoder](id:8c3000002c4,api:3,p:2243,c:2243) detachBuffer: slot 37 is not owned by the producer (state = FREE)
02-23 13:16:59.145  2243  5556 W BufferQueueProducer: [FrameDecoder](id:8c3000002c4,api:3,p:2243,c:2243) detachBuffer: slot 38 is not owned by the producer (state = FREE)
02-23 13:16:59.145  2243  5556 W BufferQueueProducer: [FrameDecoder](id:8c3000002c4,api:3,p:2243,c:2243) detachBuffer: slot 39 is not owned by the producer (state = FREE)
02-23 13:16:59.145  2243  5556 W BufferQueueProducer: [FrameDecoder](id:8c3000002c4,api:3,p:2243,c:2243) detachBuffer: slot 40 is not owned by the producer (state = FREE)
02-23 13:16:59.145  2243  5556 W BufferQueueProducer: [FrameDecoder](id:8c3000002c4,api:3,p:2243,c:2243) detachBuffer: slot 41 is not owned by the producer (state = FREE)
02-23 13:16:59.146  2243  5556 W BufferQueueProducer: [FrameDecoder](id:8c3000002c4,api:3,p:2243,c:2243) detachBuffer: slot 42 is not owned by the producer (state = FREE)
02-23 13:16:59.146  2243  5556 W BufferQueueProducer: [FrameDecoder](id:8c3000002c4,api:3,p:2243,c:2243) detachBuffer: slot 43 is not owned by the producer (state = FREE)
02-23 13:16:59.146  2243  5556 W BufferQueueProducer: [FrameDecoder](id:8c3000002c4,api:3,p:2243,c:2243) detachBuffer: slot 44 is not owned by the producer (state = FREE)
02-23 13:16:59.146  2243  5556 W BufferQueueProducer: [FrameDecoder](id:8c3000002c4,api:3,p:2243,c:2243) detachBuffer: slot 45 is not owned by the producer (state = FREE)
02-23 13:16:59.146  2243  5556 W BufferQueueProducer: [FrameDecoder](id:8c3000002c4,api:3,p:2243,c:2243) detachBuffer: slot 46 is not owned by the producer (state = FREE)
02-23 13:16:59.146  2243  5556 W BufferQueueProducer: [FrameDecoder](id:8c3000002c4,api:3,p:2243,c:2243) detachBuffer: slot 47 is not owned by the producer (state = FREE)
02-23 13:16:59.146  2243  5556 W BufferQueueProducer: [FrameDecoder](id:8c3000002c4,api:3,p:2243,c:2243) detachBuffer: slot 48 is not owned by the producer (state = FREE)
02-23 13:16:59.146  2243  5556 W BufferQueueProducer: [FrameDecoder](id:8c3000002c4,api:3,p:2243,c:2243) detachBuffer: slot 49 is not owned by the producer (state = FREE)
02-23 13:16:59.146  2243  5556 W BufferQueueProducer: [FrameDecoder](id:8c3000002c4,api:3,p:2243,c:2243) detachBuffer: slot 50 is not owned by the producer (state = FREE)
02-23 13:16:59.147  2243  5556 W BufferQueueProducer: [FrameDecoder](id:8c3000002c4,api:3,p:2243,c:2243) detachBuffer: slot 51 is not owned by the producer (state = FREE)
02-23 13:16:59.147  2243  5556 W BufferQueueProducer: [FrameDecoder](id:8c3000002c4,api:3,p:2243,c:2243) detachBuffer: slot 52 is not owned by the producer (state = FREE)
02-23 13:16:59.147  2243  5556 W BufferQueueProducer: [FrameDecoder](id:8c3000002c4,api:3,p:2243,c:2243) detachBuffer: slot 53 is not owned by the producer (state = FREE)
02-23 13:16:59.147  2243  5556 W BufferQueueProducer: [FrameDecoder](id:8c3000002c4,api:3,p:2243,c:2243) detachBuffer: slot 54 is not owned by the producer (state = FREE)
02-23 13:16:59.147  2243  5556 W BufferQueueProducer: [FrameDecoder](id:8c3000002c4,api:3,p:2243,c:2243) detachBuffer: slot 55 is not owned by the producer (state = FREE)
02-23 13:16:59.147  2243  5556 W BufferQueueProducer: [FrameDecoder](id:8c3000002c4,api:3,p:2243,c:2243) detachBuffer: slot 56 is not owned by the producer (state = FREE)
02-23 13:16:59.147  2243  5556 W BufferQueueProducer: [FrameDecoder](id:8c3000002c4,api:3,p:2243,c:2243) detachBuffer: slot 57 is not owned by the producer (state = FREE)
02-23 13:16:59.147  2243  5556 W BufferQueueProducer: [FrameDecoder](id:8c3000002c4,api:3,p:2243,c:2243) detachBuffer: slot 58 is not owned by the producer (state = FREE)
02-23 13:16:59.147  2243  5556 W BufferQueueProducer: [FrameDecoder](id:8c3000002c4,api:3,p:2243,c:2243) detachBuffer: slot 59 is not owned by the producer (state = FREE)
02-23 13:16:59.148  2243  5556 W BufferQueueProducer: [FrameDecoder](id:8c3000002c4,api:3,p:2243,c:2243) detachBuffer: slot 60 is not owned by the producer (state = FREE)
02-23 13:16:59.148  2243  5556 W BufferQueueProducer: [FrameDecoder](id:8c3000002c4,api:3,p:2243,c:2243) detachBuffer: slot 61 is not owned by the producer (state = FREE)
02-23 13:16:59.148  2243  5556 W BufferQueueProducer: [FrameDecoder](id:8c3000002c4,api:3,p:2243,c:2243) detachBuffer: slot 62 is not owned by the producer (state = FREE)
02-23 13:16:59.148  2243  5556 W BufferQueueProducer: [FrameDecoder](id:8c3000002c4,api:3,p:2243,c:2243) detachBuffer: slot 63 is not owned by the producer (state = FREE)
02-23 13:16:59.149  1509  3261 W C2BqBuffer: invalid producer producer(0), generation(0)
02-23 13:16:59.150  1509  5529 I QC2Comp : [avcD_3895] Stats: Pending(0) i/p-done(0) Works: Q: 21/Done 22|Work-Rate: Q(48.5/s Avg=48.5/s) Done(50.764/s Avg=50.764/s)| Stream: 30.09fps 15.9Mbps
02-23 13:16:59.150  1509  5529 I QC2Comp : Mem-usage:  [In-1D - 5 bufs 14.941 MB] [1D-0 - 9 bufs 0.141 MB] [2D-3555 - 18 bufs 81.000 MB]
02-23 13:16:59.150  1509  5529 I QC2Comp : Total Mem-usage: 96.082 MB
02-23 13:16:59.150  1509  5529 E QC2Comp : comp.release() is called without comp.stop()
02-23 13:16:59.151  1502  1502 E ANDR-PERF-MPCTL: Active req limit reached, No optimizations performed
02-23 13:16:59.153  3826  3826 E StackScroll: Heads up view appearing mWasCancelled = false for ANIMATION_TYPE_ADD
02-23 13:16:59.154  3826  3826 E StackScroll: Heads up view appearing mWasCancelled = false for ANIMATION_TYPE_ADD
02-23 13:16:59.154  3826  3826 E StackScroll: Heads up view appearing mWasCancelled = false for ANIMATION_TYPE_ADD
02-23 13:16:59.160  1502  1502 E ANDR-PERF-MPCTL: Active req limit reached, No optimizations performed
02-23 13:16:59.160  1509  5529 I QC2V4l2Driver: [avcD_3895] Closed device driver with fd: 7
02-23 13:16:59.164  1509  5529 I QC2Comp : NOTE: handleStopCodec returning: 0 (OK=0)
02-23 13:16:59.166  1509  5529 E vendor.qti.media.c2@1.0-service: Missing dependency coding.temporal-layering
02-23 13:16:59.167  1509  5529 I vendor.qti.media.c2@1.0-service: missing struct descriptor #Param::CoreIndex(-Vc010) for field window of struct #Param::CoreIndex(FV1c00d)
02-23 13:16:59.167  1509  5529 I vendor.qti.media.c2@1.0-service: missing struct descriptor #Param::CoreIndex(-Vc01a) for field misr_info_top_field of struct #Param::CoreIndex(-Vc01b)
02-23 13:16:59.167  1509  5529 I vendor.qti.media.c2@1.0-service: missing struct descriptor #Param::CoreIndex(-Vc01a) for field misr_info_bottom_field of struct #Param::CoreIndex(-Vc01b)
02-23 13:16:59.168  1509  5529 I vendor.qti.media.c2@1.0-service: missing struct descriptor #Param::CoreIndex(--002) for field mastering of struct #Param::CoreIndex(--180a)
02-23 13:16:59.168  1502  1502 E ANDR-PERF-MPCTL: Active req limit reached, No optimizations performed
02-23 13:16:59.168  1509  3261 I QC2Comp : NOTE: Release returning: 0 (OK=0)
02-23 13:16:59.169  2243  5526 D MediaCodec: [0xe4171000] [c2.qti.avc.decoder] kWhatReleaseCompleted
02-23 13:16:59.169  2243  5526 D MediaCodec: [0xe4171000] setState: 0
02-23 13:16:59.169  2243  5526 D MediaCodec: [0xe4171000] [c2.qti.avc.decoder] disconnectFromSurface: mSurface 0xe55c1800
02-23 13:16:59.169  2243  5526 D SurfaceUtils: disconnecting from surface 0xe55c1808, reason disconnectFromSurface
02-23 13:16:59.169  2243  5526 D BufferQueueProducer: [FrameDecoder](id:8c3000002c4,api:3,p:2243,c:2243) disconnect: api 3
02-23 13:16:59.172  2243  5527 I hw-BpHwBinder: onLastStrongRef automatically unlinking death recipients
02-23 13:16:59.173  1509  3261 I hw-BpHwBinder: onLastStrongRef automatically unlinking death recipients
02-23 13:16:59.173  1509  3261 D Codec2-DumpInput: [~DumpInput:L420][c2.qti.avc.decoder_382] this:0xebfa91ec
02-23 13:16:59.173  1509  3261 I QC2CompStore: Deleting component(c2.qti.avc.decoder) id(3895)
02-23 13:16:59.174  1509  3261 I QC2Comp : [avcD_3895] Deallocated component c2.qti.avc.decoder [id=3895]
02-23 13:16:59.175  4306  4306 D AppModule: onTriggerHookEvent: eventId=27, pid=0, pkgName=null
02-23 13:16:59.176  4306  4633 D AppSceneEventManager: handleMessage: 101
02-23 13:16:59.176  4306  4633 I DispatcherPolicy: onBaseEvent EventId=27	INPUT_VIDEO_STOP	TimeStamp =1771832819175	Intent =null	Content =null	Pid =0	PkgName =null
02-23 13:16:59.176  5557  5557 E Parcel  : Attempt to read from protected data in Parcel 0x7fe81afc00
02-23 13:16:59.176  5557  5557 E Parcel  : Attempt to read from protected data in Parcel 0x7fe81afc00
02-23 13:16:59.176  5557  5557 E Parcel  : Attempt to read from protected data in Parcel 0x7fe81afc00
02-23 13:16:59.176  5557  5557 E Parcel  : Attempt to read from protected data in Parcel 0x7fe81afc00
02-23 13:16:59.176  5557  5557 E Parcel  : Attempt to read from protected data in Parcel 0x7fe81afc00
02-23 13:16:59.176  4306  4633 I VideoScene: onInputEvent : INPUT_VIDEO_STOP
02-23 13:16:59.176  4306  4633 D RunningProcessManager: genEmptyProcessInfo from uid = 10227
02-23 13:16:59.176  4306  4633 I VideoScene: updateVideoPlayInfo : playing = false uid = 10227 pkg = null
02-23 13:16:59.176  4306  4633 I VideoCallScene: onInputEvent : EventId=27	INPUT_VIDEO_STOP	TimeStamp =1771832819175	Intent =null	Content =null	Pid =0	PkgName =null
02-23 13:16:59.176  4306  4633 D RunningProcessManager: genEmptyProcessInfo from uid = 10227
02-23 13:16:59.176  4306  4633 I VideoCallScene: updateVideoPlayInfo : playing = false uid = 10227 pkg = null
02-23 13:16:59.176  4306  4633 I VoiceCallScene: onInputEvent : EventId=27	INPUT_VIDEO_STOP	TimeStamp =1771832819175	Intent =null	Content =null	Pid =0	PkgName =null
02-23 13:16:59.176  4306  4633 D RunningProcessManager: genEmptyProcessInfo from uid = 10227
02-23 13:16:59.176  1502  1502 E ANDR-PERF-MPCTL: Active req limit reached, No optimizations performed
02-23 13:16:59.177  2243  6786 D FrameDecoder: FrameDecoder destroyed
02-23 13:16:59.177  2243  6786 D MediaCodec: [0xe4171000] ~MediaCodec
02-23 13:16:59.180  2243  6786 D AtlasEventUploadUtils: setEvent event:atlas_event_video_monitor_network_switch
02-23 13:16:59.181  2243  6786 D OplusFeedbackInfo: [notifyFpsToSF:L986] fixFps=0 currentFps=0 isRelease=1
02-23 13:16:59.181  1592  1883 E SurfaceFlinger: Permission Denial: can't access SurfaceFlinger pid=2243, uid=1013
02-23 13:16:59.181  5360  7029 D OplusAtlas.OplusAtlasEventDispatch: setEvent:atlas_event_video_monitor_network_switch info:STOP,2243,Key,3847818752
02-23 13:16:59.182  5360  7032 D OplusAtlasVideo: callback success event:atlas_event_video_monitor_network_switch eventInfo:STOP,2243,Key,3847818752
02-23 13:16:59.183  2243  6786 D OplusStagefrightMetadataRetriever: StagefrightMetadataRetriever::getFrameAtTime frame:0xe1deed38
02-23 13:16:59.184  2243  6786 D OplusStagefrightMetadataRetriever: StagefrightMetadataRetriever::isNeedRetryGetFrame isBadFrame:0 retryTimes:0
02-23 13:16:59.184  2243  6786 D OplusStagefrightMetadataRetriever: getFrameAtTime- frame:0xe1deed38 (cost time=491154 us)
02-23 13:16:59.185  1502  1502 E ANDR-PERF-MPCTL: Active req limit reached, No optimizations performed
02-23 13:16:59.195  1502  1502 E ANDR-PERF-MPCTL: Active req limit reached, No optimizations performed
02-23 13:16:59.204  1502  1502 E ANDR-PERF-MPCTL: Active req limit reached, No optimizations performed
02-23 13:16:59.208   644   644 E lowmemorykiller: device memory 515764 free 63835 file 410108
02-23 13:16:59.211  1502  1502 E ANDR-PERF-MPCTL: Active req limit reached, No optimizations performed
02-23 13:16:59.218  1502  1502 E ANDR-PERF-MPCTL: Active req limit reached, No optimizations performed
02-23 13:16:59.226  1502  1502 E ANDR-PERF-MPCTL: Active req limit reached, No optimizations performed
02-23 13:16:59.236  1502  1502 E ANDR-PERF-MPCTL: Active req limit reached, No optimizations performed
02-23 13:16:59.243  1502  1502 E ANDR-PERF-MPCTL: Active req limit reached, No optimizations performed
02-23 13:16:59.251  1502  1502 E ANDR-PERF-MPCTL: Active req limit reached, No optimizations performed
02-23 13:16:59.259  1502  1502 E ANDR-PERF-MPCTL: Active req limit reached, No optimizations performed
02-23 13:16:59.268  1502  1502 E ANDR-PERF-MPCTL: Active req limit reached, No optimizations performed
02-23 13:16:59.276  7191 26114 D gaia-GaiaConnectChecker: start connect check++
02-23 13:16:59.276  1502  1502 E ANDR-PERF-MPCTL: Active req limit reached, No optimizations performed
02-23 13:16:59.279  7191 25702 D gaia-GaiaConnectChecker: start connect check++
02-23 13:16:59.283  5561  5561 E Parcel  : Attempt to read from protected data in Parcel 0x7fd18b3c90
02-23 13:16:59.284  5561  5561 E Parcel  : Attempt to read from protected data in Parcel 0x7fd18b3c90
02-23 13:16:59.284  5561  5561 E Parcel  : Attempt to read from protected data in Parcel 0x7fd18b3c90
02-23 13:16:59.284  5561  5561 E Parcel  : Attempt to read from protected data in Parcel 0x7fd18b3c90
02-23 13:16:59.284  5561  5561 E Parcel  : Attempt to read from protected data in Parcel 0x7fd18b3c90
02-23 13:16:59.285  1502  1502 E ANDR-PERF-MPCTL: Active req limit reached, No optimizations performed
02-23 13:16:59.293  1502  1502 E ANDR-PERF-MPCTL: Active req limit reached, No optimizations performed
02-23 13:16:59.302  1502  1502 E ANDR-PERF-MPCTL: Active req limit reached, No optimizations performed
02-23 13:16:59.309   644   644 E lowmemorykiller: device memory 516604 free 63602 file 410116
02-23 13:16:59.317  1495 11693 I WifiHAL : event received NL80211_CMD_VENDOR, vendor_id = 0x1374, subcmd = 0xd
02-23 13:16:59.336  2028  3890 I Osense-PsiDetector: 2017,247,2783,5631,51,183,256,2090,1942,394,1207,0,8,8489
02-23 13:16:59.337  7097  9960 I metis_v2_OsenseCallBack: memLevel: 2 [Metis|com.oplus.metis|1.4.54-aa2067f]
02-23 13:16:59.358   918  1340 D VideoFrameExtractor: extractFrames, timeUs:6000000
02-23 13:16:59.359  5568  5568 E Parcel  : Attempt to read from protected data in Parcel 0x7fcec4a7d0
02-23 13:16:59.360  5568  5568 E Parcel  : Attempt to read from protected data in Parcel 0x7fcec4a7d0
02-23 13:16:59.360  5568  5568 E Parcel  : Attempt to read from protected data in Parcel 0x7fcec4a7d0
02-23 13:16:59.360  5568  5568 E Parcel  : Attempt to read from protected data in Parcel 0x7fcec4a7d0
02-23 13:16:59.360  5568  5568 E Parcel  : Attempt to read from protected data in Parcel 0x7fcec4a7d0
02-23 13:16:59.360  2243  6546 D OplusStagefrightMetadataRetriever: getFrameAtTime+ timeUs:6000000 option:2 colorFormat:1, metaOnly:0 mime:video/mp4
02-23 13:16:59.360  2243  6546 D StagefrightMetadataRetriever: getFrameAtTime: 6000000 us option: 2 colorFormat: 1, metaOnly: 0
02-23 13:16:59.361  3826  3826 I DateMessageView: showAnimationStep1->end,text=Charging 85%
02-23 13:16:59.365  2243  6546 D FrameDecoder: FrameDecoder created
02-23 13:16:59.365  2243  6546 D BufferQueueConsumer: [FrameDecoder](id:8c3000002c5,api:0,p:-1,c:2243) connect: controlledByApp=false
02-23 13:16:59.365  2243  6546 W libc    : Access denied finding property "vendor.display.enable_optimal_refresh_rate"
02-23 13:16:59.365  2243  6546 I FrameDecoder: using surface mode
02-23 13:16:59.366  2243  6546 D MediaCodec: CreateByComponentName: name c2.qti.avc.decoder
02-23 13:16:59.366  2243  6546 W libc    : Access denied finding property "vendor.debug.stagefright.mediacodec.trace"
02-23 13:16:59.368  2243  6546 W libc    : Access denied finding property "vendor.debug.stagefright.BufferCount"
02-23 13:16:59.368  2243  6546 W libc    : Access denied finding property "vendor.debug.stagefright.BufferCount"
02-23 13:16:59.368  2252 20470 D AtlasService: Update top activity name: mUpdateActivityTime=673718640 currentTime=673719301 isSetEvent=0
02-23 13:16:59.369  2243  6546 W libc    : Access denied finding property "vendor.oplus.media.vpp.stutter"
02-23 13:16:59.369  5360  7029 D OplusAtlas.OplusAtlasEventDispatch: setEvent:atlas_event_video_update_top_activity info:
02-23 13:16:59.370  2243  6546 D OplusFeedbackInfo: OVFR is supported in video side
02-23 13:16:59.370  5360  7032 D OplusAtlasVideo: callback success event:atlas_event_video_update_top_activity eventInfo:
02-23 13:16:59.370  2243  6546 W libc    : Access denied finding property "vendor.debug.stagefright.BufferCount"
02-23 13:16:59.371  2243  6546 W libc    : Access denied finding property "vendor.debug.stagefright.BufferCount"
02-23 13:16:59.371  2243  6546 D MediaCodec: [0xe4172400] init: CCodec 0xe1da3540, CCodecBufferChannel 0xeb1d5a10
02-23 13:16:59.371  2243  5572 D MediaCodec: [0xe4172400] setState: 1
02-23 13:16:59.372  2243  5575 D CCodec  : allocate(c2.qti.avc.decoder)
02-23 13:16:59.375  5360  7032 D OplusAtlasVideo: Update top activity name: .MainActivity
02-23 13:16:59.376  2243  5575 I CCodec  : setting up 'default' as default (vendor) store
02-23 13:16:59.376  1502  1502 E ANDR-PERF-MPCTL: Active req limit reached, No optimizations performed
02-23 13:16:59.377  1509  3263 E vendor.qti.media.c2@1.0-service: Missing dependency coding.temporal-layering
02-23 13:16:59.378  1509  3263 I vendor.qti.media.c2@1.0-service: missing struct descriptor #Param::CoreIndex(-Vc010) for field window of struct #Param::CoreIndex(FV1c00d)
02-23 13:16:59.378  1509  3263 I vendor.qti.media.c2@1.0-service: missing struct descriptor #Param::CoreIndex(-Vc01a) for field misr_info_top_field of struct #Param::CoreIndex(-Vc01b)
02-23 13:16:59.378  1509  3263 I vendor.qti.media.c2@1.0-service: missing struct descriptor #Param::CoreIndex(-Vc01a) for field misr_info_bottom_field of struct #Param::CoreIndex(-Vc01b)
02-23 13:16:59.379  1509  3263 I vendor.qti.media.c2@1.0-service: missing struct descriptor #Param::CoreIndex(--002) for field mastering of struct #Param::CoreIndex(--180a)
02-23 13:16:59.380  1509  3263 I QC2Comp : Create: Allocated component[3896] for name c2.qti.avc.decoder : [32 bit]
02-23 13:16:59.380  1509  3263 I QC2CompStore: Created component(c2.qti.avc.decoder) id(3896)
02-23 13:16:59.380  1509  3263 D Codec2-DumpInput: [DumpInput:L379][c2.qti.avc.decoder_383] this:0xebfa924c
02-23 13:16:59.380  1509  3263 D Codec2-DumpInput: checkDumpCondition 512, decodercheck 1, nonsecurecheck 1, regioncheck 0, platformcheck 0, isCodecSupported 1 
02-23 13:16:59.383  2243  5575 I CCodec  : Created component [c2.qti.avc.decoder]
02-23 13:16:59.383  2243  5575 D CCodecBufferChannel: [0xeb1d5a10] setComponent: mName c2.qti.avc.decoder#501, mPipelineWatcher 0xeb1d5c00
02-23 13:16:59.384  1509  1887 E QC2Interface: Failed to query parameters
02-23 13:16:59.384  2243  5575 D CCodecConfig: read media type: video/avc
02-23 13:16:59.385  1502  1502 E ANDR-PERF-MPCTL: Active req limit reached, No optimizations performed
02-23 13:16:59.388  2243  5575 D ReflectedParamUpdater: extent() != 1 for single value type: output.buffers.pool-ids.values
02-23 13:16:59.394  1502  1502 E ANDR-PERF-MPCTL: Active req limit reached, No optimizations performed
02-23 13:16:59.394  2243  5575 D ReflectedParamUpdater: extent() != 1 for single value type: vendor.qti-ext-dec-info-misr.misr_info_top_field.misr_dpb_luma
02-23 13:16:59.394  2243  5575 D ReflectedParamUpdater: extent() != 1 for single value type: vendor.qti-ext-dec-info-misr.misr_info_top_field.misr_dpb_chroma
02-23 13:16:59.394  2243  5575 D ReflectedParamUpdater: extent() != 1 for single value type: vendor.qti-ext-dec-info-misr.misr_info_top_field.misr_opb_luma
02-23 13:16:59.394  2243  5575 D ReflectedParamUpdater: extent() != 1 for single value type: vendor.qti-ext-dec-info-misr.misr_info_top_field.misr_opb_chroma
02-23 13:16:59.395  2243  5575 D ReflectedParamUpdater: extent() != 1 for single value type: vendor.qti-ext-dec-info-misr.misr_info_bottom_field.misr_dpb_luma
02-23 13:16:59.395  2243  5575 D ReflectedParamUpdater: extent() != 1 for single value type: vendor.qti-ext-dec-info-misr.misr_info_bottom_field.misr_dpb_chroma
02-23 13:16:59.395  2243  5575 D ReflectedParamUpdater: extent() != 1 for single value type: vendor.qti-ext-dec-info-misr.misr_info_bottom_field.misr_opb_luma
02-23 13:16:59.395  2243  5575 D ReflectedParamUpdater: extent() != 1 for single value type: vendor.qti-ext-dec-info-misr.misr_info_bottom_field.misr_opb_chroma
02-23 13:16:59.396  2243  5575 D ReflectedParamUpdater: ignored struct field vendor.qti-ext-dec-panscan.window
02-23 13:16:59.397  2243  5575 D CCodecConfig: ignoring local param raw.size (0xd2001800) as it is already supported
02-23 13:16:59.397  2243  5575 D CCodecConfig: ignoring local param default.color (0x5200180b) as it is already supported
02-23 13:16:59.397  2243  5575 D CCodecConfig: ignoring local param raw.hdr-static-info (0xd200180a) as it is already supported
02-23 13:16:59.397  1509  3263 E QC2Interface: Failed to query parameters
02-23 13:16:59.397  2243  5575 I CCodecConfig: query failed after returning 17 values (BAD_INDEX)
02-23 13:16:59.398  2243  5575 W ColorUtils: expected specified color aspects (0:0:255:255)
02-23 13:16:59.398  2243  5572 D MediaCodec: [0xe4172400] setState: 2
02-23 13:16:59.399  2243  6546 I MediaCodec: [0xe4172400] [c2.qti.avc.decoder] configure, format : AMessage(what = 0x00000000) = {
02-23 13:16:59.399  2243  6546 I MediaCodec:   string mime = "video/avc"
02-23 13:16:59.399  2243  6546 I MediaCodec:   int64_t thumbnail-time = 0
02-23 13:16:59.399  2243  6546 I MediaCodec:   int64_t durationUs = 9536677
02-23 13:16:59.399  2243  6546 I MediaCodec:   int32_t frame-count = 189
02-23 13:16:59.399  2243  6546 I MediaCodec:   int32_t track-id = 2
02-23 13:16:59.399  2243  6546 I MediaCodec:   string language = "```"
02-23 13:16:59.399  2243  6546 I MediaCodec:   int32_t width = 1080
02-23 13:16:59.399  2243  6546 I MediaCodec:   int32_t height = 1920
02-23 13:16:59.399  2243  6546 I MediaCodec:   int32_t display-width = 1080
02-23 13:16:59.399  2243  6546 I MediaCodec:   int32_t display-height = 1920
02-23 13:16:59.399  2243  6546 I MediaCodec:   int32_t rotation-degrees = 270
02-23 13:16:59.399  2243  6546 I MediaCodec:   int32_t color-range = 2
02-23 13:16:59.399  2243  6546 I MediaCodec:   int32_t max-input-size = 370564
02-23 13:16:59.399  2243  6546 I MediaCodec:   int32_t frame-rate = 20
02-23 13:16:59.399  2243  6546 I MediaCodec:   int32_t profile = 8
02-23 13:16:59.399  2243  6546 I MediaCodec:   int32_t level = 2048
02-23 13:16:59.399  2243  6546 I MediaCodec:   Buffer csd-0 = {
02-23 13:16:59.399  2243  6546 I MediaCodec:     00000000:  00 00 00 01 67 64 00 28  ac b4 02 20 1e 3c bc a4  ....gd.(... .<..
02-23 13:16:59.399  2243  6546 I MediaCodec:     00000010:  14 18 14 1b 42 84 d4                              ....B..
02-23 13:16:59.399  2243  6546 I MediaCodec:   }
02-23 13:16:59.399  2243  6546 I MediaCodec:   Buffer csd-1 = {
02-23 13:16:59.399  2243  6546 I MediaCodec:     00000000:  00 00 00 01 68 ee 06 e2  c0                       ....h....
02-23 13:16:59.399  2243  6546 I MediaCodec:   }
02-23 13:16:59.399  2243  6546 I MediaCodec:   int32_t color-format = 2130708361
02-23 13:16:59.399  2243  6546 I MediaCodec:   int32_t android._num-input-buffers = 1
02-23 13:16:59.399  2243  6546 I MediaCodec:   int32_t android._num-output-buffers = 1
02-23 13:16:59.399  2243  6546 I MediaCodec:   int32_t thumbnail-mode = 1
02-23 13:16:59.399  2243  6546 I MediaCodec:   int32_t vendor.qti-ext-dec-thumbnail-mode.value = 1
02-23 13:16:59.399  2243  6546 I MediaCodec:   int32_t importance
02-23 13:16:59.399  2243  5572 D MediaCodec: [0xe4172400] [c2.qti.avc.decoder] connectToSurface: surface 0xe55cdc00, mSurface 0x0
02-23 13:16:59.399  2243  5572 D SurfaceUtils: connecting to surface 0xe55cdc08, reason connectToSurface
02-23 13:16:59.399  2243  5572 D BufferQueueProducer: [FrameDecoder](id:8c3000002c5,api:3,p:2243,c:2243) connect: api=3 producerControlledByApp=false
02-23 13:16:59.399  2243  5572 D SurfaceUtils: disconnecting from surface 0xe55cdc08, reason connectToSurface(reconnect)
02-23 13:16:59.399  2243  5572 D BufferQueueProducer: [FrameDecoder](id:8c3000002c5,api:3,p:2243,c:2243) disconnect: api 3
02-23 13:16:59.399  2243  5572 D SurfaceUtils: connecting to surface 0xe55cdc00, reason connectToSurface(reconnect-with-listener)
02-23 13:16:59.400  2243  5572 D BufferQueueProducer: [FrameDecoder](id:8c3000002c5,api:3,p:2243,c:2243) connect: api=3 producerControlledByApp=false
02-23 13:16:59.400  2243  5572 D MediaCodec: [0xe4172400] setState: 3
02-23 13:16:59.400  2243  5572 I OplusCCodec: configEncoderFilter enter, mIsEncoder: 0
02-23 13:16:59.400  2243  5572 I OplusCCodec: consumeName is FrameDecoder
02-23 13:16:59.400  2243  5572 W AString : ctor got NULL, using empty string instead
02-23 13:16:59.401  1502  1502 E ANDR-PERF-MPCTL: Active req limit reached, No optimizations performed
02-23 13:16:59.401  2243  5572 D AtlasEventUploadUtils: setEvent event:atlas_event_video_monitor_network_switch
02-23 13:16:59.403  5360  7029 D OplusAtlas.OplusAtlasEventDispatch: setEvent:atlas_event_video_monitor_network_switch info:START,2243,Key,3847936000,Component,c2.qti.avc.decoder,Width,1080,Height,1920,IsMediaPlayer,1
02-23 13:16:59.403  5360  7032 D OplusAtlasVideo: callback success event:atlas_event_video_monitor_network_switch eventInfo:START,2243,Key,3847936000,Component,c2.qti.avc.decoder,Width,1080,Height,1920,IsMediaPlayer,1
02-23 13:16:59.405  2243  5575 D CCodec  : [c2.qti.avc.decoder] buffers are bound to CCodec for this session
02-23 13:16:59.406  2243  5575 D ReflectedParamUpdater: vendor.oplus.vpp.white.list.value found, but param #1107330561 isn't present to update
02-23 13:16:59.406  1509  3263 E StandardCaps: max size must equal to/greater than output size
02-23 13:16:59.407  1509  3263 E QC2Interface: Failed to query parameters
02-23 13:16:59.407  2243  5575 W Codec2Client: query -- param skipped: index = 1107298332.
02-23 13:16:59.407  2243  5575 D CCodec  : client requested max input size 370564, which is smaller than what component recommended (3133440); overriding with component recommendation.
02-23 13:16:59.407  2243  5575 W CCodec  : This behavior is subject to change. It is recommended that app developers double check whether the requested max input size is in reasonable range.
02-23 13:16:59.407  2243  5575 D CCodec  : encoding statistics level = 0
02-23 13:16:59.407  2243  5575 D CCodec  : setup formats input: AMessage(what = 0x00000000) = {
02-23 13:16:59.407  2243  5575 D CCodec  :   int32_t feature-secure-playback = 0
02-23 13:16:59.407  2243  5575 D CCodec  :   int32_t frame-rate = 20
02-23 13:16:59.407  2243  5575 D CCodec  :   int32_t height = 1920
02-23 13:16:59.407  2243  5575 D CCodec  :   int32_t max-input-size = 3133440
02-23 13:16:59.407  2243  5575 D CCodec  :   string mime = "video/avc"
02-23 13:16:59.407  2243  5575 D CCodec  :   int32_t priority = 0
02-23 13:16:59.407  2243  5575 D CCodec  :   int32_t profile = 8
02-23 13:16:59.407  2243  5575 D CCodec  :   int32_t width = 1080
02-23 13:16:59.407  2243  5575 D CCodec  :   Rect crop(0, 0, 1079, 1919)
02-23 13:16:59.407  2243  5575 D CCodec  :   int32_t level = 2048
02-23 13:16:59.407  2243  5575 D CCodec  :   int32_t vendor.qti-ext-dec-thumbnail-mode.value = 1
02-23 13:16:59.407  2243  5575 D CCodec  : }
02-23 13:16:59.408  2243  5575 D CCodec  : setup formats output: AMessage(what = 0x00000000) = {
02-23 13:16:59.408  2243  5575 D CCodec  :   int32_t android._color-format = 0
02-23 13:16:59.408  2243  5575 D CCodec  :   int32_t android._video-scaling = 1
02-23 13:16:59.408  2243  5575 D CCodec  :   int32_t android._dataspace = 260
02-23 13:16:59.408  2243  5575 D CCodec  :   int32_t color-standard = 130817
02-23 13:16:59.408  2243  5575 D CCodec  :   int32_t color-range = 2
02-23 13:16:59.408  2243  5575 D CCodec  :   int32_t color-transfer = 65791
02-23 13:16:59.408  2243  5575 D CCodec  :   int32_t sar-height = 1
02-23 13:16:59.408  2243  5575 D CCodec  :   int32_t rotation-degrees = 270
02-23 13:16:59.408  2243  5575 D CCodec  :   Buffer hdr-static-info = {
02-23 13:16:59.408  2243  5575 D CCodec  :     00000000:  00 00 00 00 00 00 00 00  00 00 00 00 00 00 00 00  ................
02-23 13:16:59.408  2243  5575 D CCodec  :     00000010:  00 00 00 00 00 00 00 00  00                       .........
02-23 13:16:59.408  2243  5575 D CCodec  :   }
02-23 13:16:59.408  2243  5575 D CCodec  :   int32_t sar-width = 1
02-23 13:16:59.408  2243  5575 D CCodec  :   Rect crop(0, 0, 1079, 1919)
02-23 13:16:59.408  2243  5575 D CCodec  :   int32_t width = 1080
02-23 13:16:59.408  2243  5575 D CCodec  :   int32_t feature-secure-playback = 0
02-23 13:16:59.408  2243  5575 D CCodec  :   int32_t frame-rate = 20
02-23 13:16:59.408  2243  5575 D CCodec  :   int32_t height = 1920
02-23 13:16:59.408  2243  5575 D CCodec  :   int32_t max-height = 1079
02-23 13:16:59.408  2243  5575 D CCodec  :   int32_t max-width = 1920
02-23 13:16:59.408  2243  5575 D CCodec  :   string mime = "video/raw"
02-23 13:16:59.408  2243  5575 D CCodec  :   int32_t priority = 0
02-23 13:16:59.408  2243  5575 D CCodec  :   int32_t color-format = 2130708361
02-23 13:16:59.408  2243  5575 D CCodec  : }
02-23 13:16:59.408  1509  3263 E QC2Interface: Failed to query parameters
02-23 13:16:59.408  2243  5575 I CCodecConfig: query failed after returning 18 values (BAD_INDEX)
02-23 13:16:59.408  2243  5572 D MediaCodec: [0xe4172400] setState: 4
02-23 13:16:59.408  2243  5572 D MediaCodec: [0xe4172400] setState: 5
02-23 13:16:59.409  1509  5576 I QC2Registry: Build pipelined codec for session
02-23 13:16:59.410  1509  5576 I QC2Registry: Getting stages for pipelined codec
02-23 13:16:59.410  1509  5576 I QC2Registry: Pipelining not enabled
02-23 13:16:59.410  1509  5576 I QC2Registry: Doesn't support pipelining. Create standalone codec
02-23 13:16:59.410  1509  5576 I QC2V4l2Driver: [avcD_3896] Device /dev/video32 opened with fd: 7
02-23 13:16:59.411  1509  5576 E QC2V4l2Caps: unsupported c2 format: VENUS_NV12_UBWC for v4l2 format 0x38323151
02-23 13:16:59.411  1509  5576 E QC2V4l2Caps: unsupported c2 format: VENUS_TP10 for v4l2 format 0x41323151
02-23 13:16:59.411  1509  5576 E QC2Interface: Failed to query parameters
02-23 13:16:59.411  1509  5576 I QC2Comp : [avcD_3896] c2d rotation is not configured
02-23 13:16:59.411  1509  5576 E QC2Interface: Failed to query parameters
02-23 13:16:59.412  1509  5576 I QC2Comp : [avcD_3896] FastCV mirror is not configured
02-23 13:16:59.412  1509  5576 W QC2V4l2Codec: [avcD_3896] unknown/unsupported param default.color index = 0x5200180B
02-23 13:16:59.412  1509  5576 W QC2V4l2Codec: [avcD_3896] unknown/unsupported param input.buffers.max-size index = 0xC200081E
02-23 13:16:59.412  1509  5576 E QC2V4l2Codec: [avcD_3896]  ? is not a supported pixel format!
02-23 13:16:59.412  1509  5576 I QC2Buf  : use shared ref tracker
02-23 13:16:59.412  1509  5576 I QC2Buf  : Reconfig: clearing from 0 bufs. Peak mem=0 MB
02-23 13:16:59.412  1509  5576 I QC2Buf  : Reconfig: clearing from 0 bufs. Peak mem=0 MB
02-23 13:16:59.416  1509  3263 E QC2Interface: Failed to query parameters
02-23 13:16:59.416  2243  5575 W Codec2Client: query -- param skipped: index = 1342179345.
02-23 13:16:59.416  2243  5575 W Codec2Client: query -- param skipped: index = 2415921170.
02-23 13:16:59.416  2243  5575 W Codec2Client: query -- param skipped: index = 1610614798.
02-23 13:16:59.416  1509  3263 E QC2Interface: Failed to query parameters
02-23 13:16:59.416  2243  5575 D CCodecBufferChannel: [c2.qti.avc.decoder#501] Query input allocators returned 0 params => BAD_INDEX (6)
02-23 13:16:59.417  2243  5575 D CCodecBufferChannel: [c2.qti.avc.decoder#501] Created input block pool with allocatorID 16 => poolID 3046 - OK (0)
02-23 13:16:59.417  2243  5575 D CCodecBufferChannel: [c2.qti.avc.decoder#501] start: max output delay 12
02-23 13:16:59.417  1509  3263 E QC2Interface: Failed to query parameters
02-23 13:16:59.417  2243  5575 D CCodecBufferChannel: [c2.qti.avc.decoder#501] Query output allocators returned 0 params => BAD_INDEX (6)
02-23 13:16:59.417  1509  3263 E QC2Interface: Failed to query parameters
02-23 13:16:59.417  2243  5575 D CCodecBufferChannel: [c2.qti.avc.decoder#501] Query output surface allocator returned 0 params => BAD_INDEX (6)
02-23 13:16:59.418  2243  5575 I CCodecBufferChannel: [c2.qti.avc.decoder#501] Created output block pool with allocatorID 18 => poolID 3556 - OK
02-23 13:16:59.419  2243  5575 D CCodecBufferChannel: [c2.qti.avc.decoder#501] Configured output block pool ids 3556 => OK
02-23 13:16:59.419  2243  5575 D CCodecBufferChannel: [0xeb1d5a10] [c2.qti.avc.decoder#501] start: output->outputDelay 1, output->numSlots 5
02-23 13:16:59.419  2243  5575 D Codec2-OutputBufferQueue: remote graphic buffer migration 0/0
02-23 13:16:59.419  1509  3263 E QC2Interface: Few parameters failed to configure
02-23 13:16:59.420  2243  5575 D Codec2Client: setOutputSurface -- failed to set consumer usage (6/BAD_INDEX)
02-23 13:16:59.420  2243  5575 D Codec2Client: setOutputSurface -- generation=2297550 consumer usage=0x900
02-23 13:16:59.420  2243  5575 D qdgralloc: Falling back to default YUV format - no camera/video specific format defined, usage 0x100
02-23 13:16:59.420  1498  1498 D qdgralloc: Falling back to default YUV format - no camera/video specific format defined, usage 0x100
02-23 13:16:59.421  1509  3263 D qdgralloc: Falling back to default YUV format - no camera/video specific format defined, usage 0x100
02-23 13:16:59.421  1509  3263 D C2BqBuffer: local generation change 2297550 , bqId: 9633611645637 migrated buffers # 0
02-23 13:16:59.421  2243  5575 D Codec2Client: Surface configure completed
02-23 13:16:59.421  2243  5575 D CCodecBufferChannel: [c2.qti.avc.decoder#501] start: updating output delay 1
02-23 13:16:59.423  1509  3263 E QC2Interface: Failed to query parameters
02-23 13:16:59.423  2243  5572 W ResourceManagerServiceUtils: Ignoring request to add new resource entry with value <= 0
02-23 13:16:59.423  2243  5572 D MediaCodec: [0xe4172400] setState: 6
02-23 13:16:59.424  2240  3842 D MediaBufferGroup: creating MemoryDealer
02-23 13:16:59.425  1509  3263 E FMQ     : grantorIdx must be less than 3
02-23 13:16:59.426  1509  5576 I QC2Buf  : use shared ref tracker
02-23 13:16:59.426  1509  5576 I QC2Buf  : Reconfig: clearing from 0 bufs. Peak mem=0 MB
02-23 13:16:59.426  1509  5576 I QC2Buf  : Reconfig: clearing from 0 bufs. Peak mem=0 MB
02-23 13:16:59.429  2243  5575 D CCodecBufferChannel: [c2.qti.avc.decoder#501] onWorkDone: updating output delay 10
02-23 13:16:59.429  2243  5575 I CCodecBufferChannel: [c2.qti.avc.decoder#501] onWorkDone: updating max output delay 17
02-23 13:16:59.429  2243  5575 D Codec2-OutputBufferQueue: set max dequeue count 17 from update
02-23 13:16:59.430  5580  5580 E Parcel  : Attempt to read from protected data in Parcel 0x7ff4c1d690
02-23 13:16:59.431  5580  5580 E Parcel  : Attempt to read from protected data in Parcel 0x7ff4c1d690
02-23 13:16:59.431  5580  5580 E Parcel  : Attempt to read from protected data in Parcel 0x7ff4c1d690
02-23 13:16:59.431  5580  5580 E Parcel  : Attempt to read from protected data in Parcel 0x7ff4c1d690
02-23 13:16:59.431  5580  5580 E Parcel  : Attempt to read from protected data in Parcel 0x7ff4c1d690
02-23 13:16:59.443  4306  4306 D AppModule: onTriggerHookEvent: eventId=26, pid=0, pkgName=null
02-23 13:16:59.444  4306  4633 D AppSceneEventManager: handleMessage: 101
02-23 13:16:59.444  4306  4633 I DispatcherPolicy: onBaseEvent EventId=26	INPUT_VIDEO_START	TimeStamp =1771832819443	Intent =null	Content =null	Pid =0	PkgName =null
02-23 13:16:59.444  4306  4633 I VideoScene: onInputEvent : INPUT_VIDEO_START
02-23 13:16:59.444  4306  4633 I VideoScene: updateVideoPlayInfo : playing = true uid = 10227 pkg = com.oneplus.gallery
02-23 13:16:59.444  4306  4633 I VideoCallScene: onInputEvent : EventId=26	INPUT_VIDEO_START	TimeStamp =1771832819443	Intent =null	Content =null	Pid =0	PkgName =null
02-23 13:16:59.444  4306  4633 I VideoCallScene: updateVideoPlayInfo : playing = true uid = 10227 pkg = com.oneplus.gallery
02-23 13:16:59.444  4306  4633 I VoiceCallScene: onInputEvent : EventId=26	INPUT_VIDEO_START	TimeStamp =1771832819443	Intent =null	Content =null	Pid =0	PkgName =null
02-23 13:16:59.444  4306  4633 D RunningProcessManager: genEmptyProcessInfo from uid = 10227
02-23 13:16:59.446  2243  5572 D CCodecBufferChannel: [c2.qti.avc.decoder#501] input EOS
02-23 13:16:59.450  1509  5583 I QC2Buf  : Reconfig: clearing from 3 bufs. Peak mem=14 MB
02-23 13:16:59.452  1509  5576 I QC2Comp : [avcD_3896] Registered an empty EOS buffer
02-23 13:16:59.474  2243  5572 D CCodecBufferChannel: [c2.qti.avc.decoder#501] first render dataSpace=258
02-23 13:16:59.475  2243  5572 D OplusFeedbackInfo: video-first-frame-latency-list is not configured
02-23 13:16:59.475  2243  5572 D OplusCCodec: signalSetParameters [1832]: (0xe1da3540)
02-23 13:16:59.475  2028  2147 I system_server: Background concurrent copying GC freed 9531KB AllocSpace bytes, 29(1772KB) LOS objects, 15% free, 131MB/155MB, paused 303us,141us total 846.411ms
02-23 13:16:59.479  1509  5576 W QC2Comp : [avcD_3896] Skipping empty output buffer
02-23 13:16:59.497  2243  6546 D StagefrightMetadataRetriever: c2.qti.avc.decoder extract frame done
02-23 13:16:59.497  2243  6546 D MediaCodec: [0xe4172400] [c2.qti.avc.decoder] release
02-23 13:16:59.498  2243  5572 D MediaCodec: [0xe4172400] setState: 10
02-23 13:16:59.499  2243  5572 D CCodecBufferChannel: [c2.qti.avc.decoder#501] MediaCodec discarded an unknown buffer
02-23 13:16:59.499  2243  5572 D CCodecBufferChannel: [c2.qti.avc.decoder#501] MediaCodec discarded an unknown buffer
02-23 13:16:59.499  2243  5572 D CCodecBufferChannel: [c2.qti.avc.decoder#501] MediaCodec discarded an unknown buffer
02-23 13:16:59.501  2243  5590 W BufferQueueProducer: [FrameDecoder](id:8c3000002c5,api:3,p:2243,c:2243) detachBuffer: slot 11 is not owned by the producer (state = FREE)
02-23 13:16:59.501  2243  5590 W BufferQueueProducer: [FrameDecoder](id:8c3000002c5,api:3,p:2243,c:2243) detachBuffer: slot 12 is not owned by the producer (state = FREE)
02-23 13:16:59.502  2243  5590 W BufferQueueProducer: [FrameDecoder](id:8c3000002c5,api:3,p:2243,c:2243) detachBuffer: slot 13 is not owned by the producer (state = FREE)
02-23 13:16:59.501  5588  5588 E Parcel  : Attempt to read from protected data in Parcel 0x7ff7799f80
02-23 13:16:59.502  5588  5588 E Parcel  : Attempt to read from protected data in Parcel 0x7ff7799f80
02-23 13:16:59.502  5588  5588 E Parcel  : Attempt to read from protected data in Parcel 0x7ff7799f80
02-23 13:16:59.502  5588  5588 E Parcel  : Attempt to read from protected data in Parcel 0x7ff7799f80
02-23 13:16:59.502  5588  5588 E Parcel  : Attempt to read from protected data in Parcel 0x7ff7799f80
02-23 13:16:59.502  2243  5590 W BufferQueueProducer: [FrameDecoder](id:8c3000002c5,api:3,p:2243,c:2243) detachBuffer: slot 14 is not owned by the producer (state = FREE)
02-23 13:16:59.502  2243  5590 W BufferQueueProducer: [FrameDecoder](id:8c3000002c5,api:3,p:2243,c:2243) detachBuffer: slot 15 is not owned by the producer (state = FREE)
02-23 13:16:59.502  2243  5590 W BufferQueueProducer: [FrameDecoder](id:8c3000002c5,api:3,p:2243,c:2243) detachBuffer: slot 16 is not owned by the producer (state = FREE)
02-23 13:16:59.502  2243  5590 W BufferQueueProducer: [FrameDecoder](id:8c3000002c5,api:3,p:2243,c:2243) detachBuffer: slot 17 is not owned by the producer (state = FREE)
02-23 13:16:59.502  2243  5590 W BufferQueueProducer: [FrameDecoder](id:8c3000002c5,api:3,p:2243,c:2243) detachBuffer: slot 18 is not owned by the producer (state = FREE)
02-23 13:16:59.502  2243  5590 W BufferQueueProducer: [FrameDecoder](id:8c3000002c5,api:3,p:2243,c:2243) detachBuffer: slot 19 is not owned by the producer (state = FREE)
02-23 13:16:59.503  2243  5590 W BufferQueueProducer: [FrameDecoder](id:8c3000002c5,api:3,p:2243,c:2243) detachBuffer: slot 20 is not owned by the producer (state = FREE)
02-23 13:16:59.503  2243  5590 W BufferQueueProducer: [FrameDecoder](id:8c3000002c5,api:3,p:2243,c:2243) detachBuffer: slot 21 is not owned by the producer (state = FREE)
02-23 13:16:59.503  2243  5590 W BufferQueueProducer: [FrameDecoder](id:8c3000002c5,api:3,p:2243,c:2243) detachBuffer: slot 22 is not owned by the producer (state = FREE)
02-23 13:16:59.503  2243  5590 W BufferQueueProducer: [FrameDecoder](id:8c3000002c5,api:3,p:2243,c:2243) detachBuffer: slot 23 is not owned by the producer (state = FREE)
02-23 13:16:59.503  2243  5590 W BufferQueueProducer: [FrameDecoder](id:8c3000002c5,api:3,p:2243,c:2243) detachBuffer: slot 24 is not owned by the producer (state = FREE)
02-23 13:16:59.503  2243  5590 W BufferQueueProducer: [FrameDecoder](id:8c3000002c5,api:3,p:2243,c:2243) detachBuffer: slot 25 is not owned by the producer (state = FREE)
