02-23 12:57:19.617  2028  3594 D KernelStatsHelper: data over! check: true
02-23 12:57:19.621  2028  3615 D SystemNetworkObserver: wifi network 289 nc changed, primary=true
02-23 12:57:19.621  2028  3615 D SystemNetworkObserver: default network nc changed 289
02-23 12:57:19.622  3826  3826 I SystemUi--Statusbar: WifiViewModel-->wifiIcon icon:Wi-Fi three bars. isDefault:true alwaysShowIconIfEnabled:false
02-23 12:57:19.622  3826  3940 D WifiStatusTracker: mNetworkCallback onCapabilitiesChanged network:289 mPrimaryNetworkId:289
02-23 12:57:19.625 26670 26670 W JobService: onNetworkChanged() not implemented in androidx.work.impl.background.systemjob.SystemJobService. Must override in a subclass.
02-23 12:57:19.627 10211 10375 I CardConfig.RxNetworkMonitor: onNetworkStateChange, current:true, last:true
02-23 12:57:19.633  9050  9082 I BugleRcsEngine: Connected state: [1], networkType: [WIFI] [CONTEXT thread_id=752 ]
02-23 12:57:19.633  9050  9092 I BugleRcsEngine: handleMessage processing message:[NOTIFY_UPTIME_IGNORE_STATE_CHANGED] with [non-null]:RcsEngineImpl reference [CONTEXT log_prefix="RcsEngineImpl[DUAL_REG]:[84532c06-c402]>Handler" thread_id=759 ]
02-23 12:57:19.633  3826  3940 I SystemUi--Statusbar: NetworkController.WifiSignalController-->handleStatusUpdated state=3 enabled=true connected=true isDefaultNetwork=true rssi=-72 level=3 statusLabel=null isDirty=false
02-23 12:57:19.634  3826  3940 I SystemUi--Statusbar: NetworkController.WifiSignalController-->handleStatusUpdated state=3 enabled=true connected=true isDefaultNetwork=true rssi=-72 level=3 statusLabel=null isDirty=false
02-23 12:57:19.642  3826  3940 I SystemUi--Statusbar: NetworkController.WifiSignalController-->handleStatusUpdated state=3 enabled=true connected=true isDefaultNetwork=true rssi=-72 level=3 statusLabel=null isDirty=false
02-23 12:57:19.642  9129  9345 I NullBinder: NullBinder for android.net.action.RECOMMEND_NETWORKS triggering remote TransactionTooLargeException due to Service without Chimera impl, calling uid: 1000, calling pid: 0
02-23 12:57:19.643  9129  9345 W .gms.persistent: Large reply transaction of 2113536 bytes, interface descriptor , code 1
02-23 12:57:19.644 26670 26750 D WM-NetworkStateTracker: Network capabilities changed: [ Transports: WIFI Capabilities: NOT_METERED&INTERNET&NOT_RESTRICTED&TRUSTED&NOT_VPN&VALIDATED&NOT_ROAMING&FOREGROUND&NOT_CONGESTED&NOT_SUSPENDED&NOT_VCN_MANAGED&NOT_BANDWIDTH_CONSTRAINED LinkUpBandwidth>=7889Kbps LinkDnBandwidth>=22571Kbps TransportInfo: <SSID: <unknown ssid>, BSSID: 02:00:00:00:00:00, MAC: 02:00:00:00:00:00, IP: /192.168.0.100, Security type: 2, Supplicant state: COMPLETED, Wi-Fi standard: 11n, RSSI: -72, Link speed: 27Mbps, Tx Link speed: 27Mbps, Max Supported Tx Link speed: 150Mbps, Rx Link speed: 6Mbps, Max Supported Rx Link speed: 150Mbps, Frequency: 2457MHz, Net ID: -1, Metered hint: false, score: 60, isUsable: true, CarrierMerged: false, SubscriptionId: -1, IsPrimary: -1, Trusted: true, Restricted: false, Ephemeral: false, OEM paid: false, OEM private: false, OSU AP: false, FQDN: <none>, Provider friendly name: <none>, Requesting package name: <none><none>MLO Information: , Is TID-To-Link negotiation supported by the AP: false, AP MLD Address: <none>, AP MLO Link Id: <none>, AP MLO Affiliated links: <none>, Vendor Data: <none>> SignalStrength: -72 UnderlyingNetworks: Null]
02-23 12:57:19.646  9050  9092 I BugleRcsEngine: Rcs is enabled from user settings: true [CONTEXT log_prefix="ProvisioningEngineDataRetriever" thread_id=759 ]
02-23 12:57:19.647  9129  9345 I NullBinder: NullBinder for android.net.action.RECOMMEND_NETWORKS triggering remote TransactionTooLargeException due to Service without Chimera impl, calling uid: 1000, calling pid: 0
02-23 12:57:19.647  9129  9345 W .gms.persistent: Large reply transaction of 2113536 bytes, interface descriptor , code 1
02-23 12:57:19.652  9129  9345 I NullBinder: NullBinder for android.net.action.RECOMMEND_NETWORKS triggering remote TransactionTooLargeException due to Service without Chimera impl, calling uid: 1000, calling pid: 0
02-23 12:57:19.652  9129  9345 W .gms.persistent: Large reply transaction of 2113536 bytes, interface descriptor , code 1
02-23 12:57:19.656  9129  9345 I NullBinder: NullBinder for android.net.action.RECOMMEND_NETWORKS triggering remote TransactionTooLargeException due to Service without Chimera impl, calling uid: 1000, calling pid: 0
02-23 12:57:19.656  9129  9345 W .gms.persistent: Large reply transaction of 2113536 bytes, interface descriptor , code 1
02-23 12:57:19.786  1545  1663 D vendor.oplus.hardware.charger-V6-service: ret_value:126, read content:,345,346,4210,4210,76,500,2200,80,83,1,4,-1,4983,83,1,0,1,1,0,0,4425,0,3,0,3,0,0,0,337,0,1,1,0,0,61,61,61,0,0,0,0,0,0,0,0,0,0
02-23 12:57:19.786  1545  1663 D vendor.oplus.hardware.charger-V6-service: gmtime: 2026-02-23-12-57-19
02-23 12:57:19.787  1545  1663 D vendor.oplus.hardware.charger-V6-service: usb_online:1, ac_online:0, wireless_online:-2147483648
02-23 12:57:20.048  1474 26959 I vendor.qti.bluetooth@1.0-ibs_handler: ProcessIbsCmd: Received IBS_WAKE_IND: 0xFD
02-23 12:57:20.048  1474 26959 D vendor.qti.bluetooth@1.0-ibs_handler: SerialClockVote: vote for UART CLK ON
02-23 12:57:20.050  1474 26959 D vendor.qti.bluetooth@1.0-wake_lock: Acquire wakelock is acquired 
02-23 12:57:20.050  1474 26959 I vendor.qti.bluetooth@1.0-ibs_handler: ProcessIbsCmd: Writing IBS_WAKE_ACK
02-23 12:57:20.094  1474 26959 I vendor.qti.bluetooth@1.0-ibs_handler: ProcessIbsCmd: Received IBS_SLEEP_IND: 0xFE
02-23 12:57:20.094  1474 26959 D vendor.qti.bluetooth@1.0-ibs_handler: SerialClockVote: vote for UART CLK OFF
02-23 12:57:20.134  9129 25311 I NearbySharing: Network state changed: NetworkState(isRestricted=false, isOnline=true, isCongested=false, isMetered=false, isWifiConnected=true)
02-23 12:57:20.205  1545  1698 D BatteryChargeControl: bcc get no support from charging protocol
02-23 12:57:20.245  1474 26943 D vendor.qti.bluetooth@1.0-wake_lock: Release wakelock is released 
02-23 12:57:20.389  4306  4638 D CommonApp-289-10485: transport layer data is invalid
02-23 12:57:20.453  1545  1545 D vendor.oplus.hardware.charger-V6-service: get_ui_charge_icon_type 0 0 0 0 0
02-23 12:57:20.455  1545  1545 D vendor.oplus.hardware.charger-V6-service: oplus_chg_get_cpa_power 2500 charge_online 1 retention_topic 0
02-23 12:57:20.469  3826  3826 I SystemUi--Statusbar: BatteryControllerExt-->updateBatteryChangeIntent():broadcast=android.intent.action.BATTERY_CHANGED,level=83,scale=100
02-23 12:57:20.469  3826  3826 I SystemUi--Statusbar: BatteryRepository-->level: 83 -- isSavingMode: false
02-23 12:57:20.473  2028  2928 D OplusDisplayBrightnessBroadcastReceiver: onReceive action = android.intent.action.BATTERY_CHANGED , listeners = [com.android.server.display.OplusFeatureHDREnhanceBrightness$PhoneInfoReceiver@780cd78, com.android.server.display.OplusFeatureEdrEnhanceBrightness$PhoneInfoReceiver@3423c51]
02-23 12:57:20.474  4441  4441 D SubsysBroadcastManager: onReceive action:android.intent.action.BATTERY_CHANGED
02-23 12:57:20.476  4291  4291 D DeviceStatisticsService: onReceive: action= android.intent.action.BATTERY_CHANGED
02-23 12:57:20.480  7318  8179 I DeepThinkerSDK: [APP] ClientConnection: getDeepThinkerBridge start
02-23 12:57:20.480  7318  8179 I DeepThinkerSDK: [APP] ClientConnection: getDeepThinkerBridge end
02-23 12:57:20.480  7318  8179 I DeepThinkerSDK: [APP] UserDomainManager: businessId : 401 threshold : 0.6 learnPeriod:30
02-23 12:57:20.482  7318  8179 I DeepThinkerSDK: [APP] UserDomainManager: PerformanceOfLongCharging{probabilityOfLocation=0.0, probabilityOfApps=0.0, probabilityOfTime=0.0, probabilityOfTotal=0.0, duration=0}
02-23 12:57:20.484  7318  8185 E Battery : ChargeProtectionUtils: mCanlendarTmp.isEmpty()!
02-23 12:57:20.486  3013  3013 D CustomLogManagerService: onReceive android.intent.action.BATTERY_CHANGED
02-23 12:57:20.643  2028  4296 I OplusHansManager : uid=10276, pkg=com.whatsapp F enter(), M stay=10
02-23 12:57:20.656  2028  4296 I OplusHansManager : freeze uid: 10276 com.whatsapp pids: [26670] scene: LcdOn
02-23 12:57:20.658  2028  4307 I OplusHansManager : p_BC uid=10276 pkg=com.whatsapp
02-23 12:57:20.658  2028  4307 I OplusBinderProxy: proxyBinder uid: 10276 pkg: com.whatsapp proxy: true calling: OFreezer
02-23 12:57:20.658  9836  9836 D IHansComunication: HANS sendMessageToKernel: threadId = 490288954480, netLinkSetup = 1, type = PKG, targetUid = 10276, pkgCmd = ADD_ONE_UID
02-23 12:57:20.659  2028  4570 D OplusProxyWakeLock: check proxy worksource [ 10276] failed, reason:TAG_NULL ,tag: *job*
02-23 12:57:20.668 26670 26670 D WM-SystemJobService: onStopJob for WorkGenerationalId(workSpecId=342b481b-b905-4c14-8cd0-f9f5c60bc76a, generation=0)
02-23 12:57:20.672  2028  4570 I OplusHansManager : unfreeze uid: 10276 com.whatsapp pids: [26670] reason: Wakelock scene: LcdOn
02-23 12:57:20.673  2028  4304 I OplusHansManager : forceUnfreezeApp uid= 10276 unfreezeForKernel: W_AsyncBinder false
02-23 12:57:20.674  2028  4296 I OplusHansManager : uid=10276, pkg=com.whatsapp F exit(), F stay=0, reason=Wakelock
02-23 12:57:20.674  2028  4307 I OplusHansManager : up_BC uid=10276 pkg=com.whatsapp
02-23 12:57:20.675  2028  4307 I OplusBinderProxy: proxyBinder uid: 10276 pkg: com.whatsapp proxy: false calling: OFreezer
02-23 12:57:20.680  1579 26441 D AudioPolicyService: updateUidStates_l() current->uid=10485 current->pid=22025 allowCapture=1 UidState=2 apmStat=2
02-23 12:57:20.681 30055 30091 I eauf    : (REDACTED) appOpsListener %s %s
02-23 12:57:20.681 30055 30091 I eauf    : (REDACTED) Ignoring irrelevant audio permission changes for package %s
02-23 12:57:20.683 26670 26743 D WM-Processor: WorkerWrapper interrupted for 342b481b-b905-4c14-8cd0-f9f5c60bc76a
02-23 12:57:20.684 26670 26743 D WM-StopWorkRunnable: StopWorkRunnable for 342b481b-b905-4c14-8cd0-f9f5c60bc76a; Processor.stopWork = true
02-23 12:57:20.687 26670 26748 I WM-WorkerWrapper: Work [ id=342b481b-b905-4c14-8cd0-f9f5c60bc76a, tags={ com.whatsapp.xmpp.messaging.XmppLifecycleWorker } ] was cancelled
02-23 12:57:20.687 26670 26748 I WM-WorkerWrapper: X.GRc
02-23 12:57:20.687 26670 26748 I WM-WorkerWrapper: 	at X.Fr5.A01(:6)
02-23 12:57:20.687 26670 26748 I WM-WorkerWrapper: 	at X.GHl.run(:86)
02-23 12:57:20.687 26670 26748 I WM-WorkerWrapper: 	at X.GH7.run(:2)
02-23 12:57:20.687 26670 26748 I WM-WorkerWrapper: 	at java.util.concurrent.ThreadPoolExecutor.runWorker(ThreadPoolExecutor.java:1154)
02-23 12:57:20.687 26670 26748 I WM-WorkerWrapper: 	at java.util.concurrent.ThreadPoolExecutor$Worker.run(ThreadPoolExecutor.java:652)
02-23 12:57:20.687 26670 26748 I WM-WorkerWrapper: 	at java.lang.Thread.run(Thread.java:1564)
02-23 12:57:20.688  1579 26441 V audio_utils::mutex: mutex_impl: audio_mutex initialized: ret:0  order:6
02-23 12:57:20.689  1579  2399 D AudioPolicyService: updateUidStates_l() current->uid=10485 current->pid=22025 allowCapture=1 UidState=2 apmStat=2
02-23 12:57:20.689 26670 26748 D WM-WorkerWrapper: Status for 342b481b-b905-4c14-8cd0-f9f5c60bc76a is RUNNING; not doing any work and rescheduling for later execution
02-23 12:57:20.692 26670 26670 D WM-Processor: Fr5 342b481b-b905-4c14-8cd0-f9f5c60bc76a executed; reschedule = true
02-23 12:57:20.693 26670 26670 D WM-GreedyScheduler: Stopping tracking for WorkGenerationalId(workSpecId=342b481b-b905-4c14-8cd0-f9f5c60bc76a, generation=0)
02-23 12:57:20.697  1318 24921 E TetherController: property_get sys.radio.data.modem_share_flag return 0, 1!
02-23 12:57:20.697  1474 26959 I vendor.qti.bluetooth@1.0-ibs_handler: ProcessIbsCmd: Received IBS_WAKE_IND: 0xFD
02-23 12:57:20.697  1474 26959 D vendor.qti.bluetooth@1.0-ibs_handler: SerialClockVote: vote for UART CLK ON
02-23 12:57:20.699  1474 26959 D vendor.qti.bluetooth@1.0-wake_lock: Acquire wakelock is acquired 
02-23 12:57:20.699  1474 26959 I vendor.qti.bluetooth@1.0-ibs_handler: ProcessIbsCmd: Writing IBS_WAKE_ACK
02-23 12:57:20.700 26670 26748 D WM-GreedyScheduler: Cancelling work ID 342b481b-b905-4c14-8cd0-f9f5c60bc76a
02-23 12:57:20.700 26895 26931 W bluetooth: [hci_layer.cc:617] on_vs_event: Unhandled vendor specific event of type BQR_EVENT(0x58)
02-23 12:57:20.709 26670 26748 D WM-SystemJobScheduler: Scheduling work ID 342b481b-b905-4c14-8cd0-f9f5c60bc76aJob ID 368586
02-23 12:57:20.720 26670 26748 D WM-NetworkStateTracker: Unregistering network callback
02-23 12:57:20.740  1474 26959 I vendor.qti.bluetooth@1.0-ibs_handler: ProcessIbsCmd: Received IBS_SLEEP_IND: 0xFE
02-23 12:57:20.740  1474 26959 D vendor.qti.bluetooth@1.0-ibs_handler: SerialClockVote: vote for UART CLK OFF
02-23 12:57:20.838  9129 25311 I NearbyMediums: No BLE Fast/GATT advertisements found in the latest cycle.
02-23 12:57:20.839  9129 25311 I NearbyMediums: Current Tracked Scanning Clients are : {NearbyConnections.EnvironmentMonitor, NearbySharing}
02-23 12:57:20.890  1474 26943 D vendor.qti.bluetooth@1.0-wake_lock: Release wakelock is released 
02-23 12:57:21.208  1545  1698 D BatteryChargeControl: bcc get no support from charging protocol
02-23 12:57:21.351  1495 11693 I WifiHAL : event received NL80211_CMD_VENDOR, vendor_id = 0x1374, subcmd = 0xd
02-23 12:57:21.401  1474 26959 I vendor.qti.bluetooth@1.0-ibs_handler: ProcessIbsCmd: Received IBS_WAKE_IND: 0xFD
02-23 12:57:21.401  1474 26959 D vendor.qti.bluetooth@1.0-ibs_handler: SerialClockVote: vote for UART CLK ON
02-23 12:57:21.403  1474 26959 D vendor.qti.bluetooth@1.0-wake_lock: Acquire wakelock is acquired 
02-23 12:57:21.404  1474 26959 I vendor.qti.bluetooth@1.0-ibs_handler: ProcessIbsCmd: Writing IBS_WAKE_ACK
02-23 12:57:21.413  4306  4638 D CommonApp-289-10485: transport layer data is invalid
02-23 12:57:21.445  1474 26959 I vendor.qti.bluetooth@1.0-ibs_handler: ProcessIbsCmd: Received IBS_SLEEP_IND: 0xFE
02-23 12:57:21.445  1474 26959 D vendor.qti.bluetooth@1.0-ibs_handler: SerialClockVote: vote for UART CLK OFF
02-23 12:57:21.596  1474 26943 D vendor.qti.bluetooth@1.0-wake_lock: Release wakelock is released 
02-23 12:57:21.610  2028  3514 D WifiStaIfaceHidlImpl: getCachedScanData is not implemented by HIDL
02-23 12:57:21.636  4441  4441 D VendorWifiService: onEvent event:9,action:1
02-23 12:57:21.641 18823 18823 I wpa_supplicant: wlan0: command[CURRENT_RSSI -72], reply:SUCCESS
02-23 12:57:21.643  2028  3615 D OplusWifiPower_TriggerCenter: mComponentCallback: wifistat
02-23 12:57:21.644  3826  3940 D WifiStatusTracker: mNetworkCallback onCapabilitiesChanged network:289 mPrimaryNetworkId:289
02-23 12:57:21.646  4441  4620 D SubsysEventListenerManager: onCapabilitiesChanged
02-23 12:57:21.646  4441  4620 D DataStateTracker: getCurDataChannel, channel:1
02-23 12:57:21.650  3826  3940 D WifiStatusTracker: mNetworkCallback onCapabilitiesChanged network:289 mPrimaryNetworkId:289
02-23 12:57:21.650  3826  4011 D WifiPickerTracker: handleNetworkCapabilitiesChanged network:289
02-23 12:57:21.652  2028  3653 D OplusSlaNetworkManager: isPrimaryWifi:true network:289
02-23 12:57:21.655  3826  4011 I WifiPickerTracker: wifi connected status realConnectedWifiEntry not null: true
02-23 12:57:21.656  2028  3615 D SystemNetworkObserver: wifi network 289 nc changed, primary=true
02-23 12:57:21.656  2028  3615 D SystemNetworkObserver: default network nc changed 289
02-23 12:57:21.658  3826  3940 I SystemUi--Statusbar: NetworkController.WifiSignalController-->handleStatusUpdated state=3 enabled=true connected=true isDefaultNetwork=true rssi=-72 level=3 statusLabel=null isDirty=false
02-23 12:57:21.658  3826  3940 I SystemUi--Statusbar: NetworkController.WifiSignalController-->handleStatusUpdated state=3 enabled=true connected=true isDefaultNetwork=true rssi=-72 level=3 statusLabel=null isDirty=false
02-23 12:57:21.658  3826  3940 I SystemUi--Statusbar: NetworkController.WifiSignalController-->handleStatusUpdated state=3 enabled=true connected=true isDefaultNetwork=true rssi=-72 level=3 statusLabel=null isDirty=false
02-23 12:57:21.663  9129  9345 I NullBinder: NullBinder for android.net.action.RECOMMEND_NETWORKS triggering remote TransactionTooLargeException due to Service without Chimera impl, calling uid: 1000, calling pid: 0
02-23 12:57:21.664  9129  9345 W .gms.persistent: Large reply transaction of 2113536 bytes, interface descriptor , code 1
02-23 12:57:21.667 10211 10375 I CardConfig.RxNetworkMonitor: onNetworkStateChange, current:true, last:true
02-23 12:57:21.669  9050  9082 I BugleRcsEngine: Connected state: [1], networkType: [WIFI] [CONTEXT thread_id=752 ]
02-23 12:57:21.671  9050  9092 I BugleRcsEngine: handleMessage processing message:[NOTIFY_UPTIME_IGNORE_STATE_CHANGED] with [non-null]:RcsEngineImpl reference [CONTEXT log_prefix="RcsEngineImpl[DUAL_REG]:[84532c06-c402]>Handler" thread_id=759 ]
02-23 12:57:21.674  9129  9345 I NullBinder: NullBinder for android.net.action.RECOMMEND_NETWORKS triggering remote TransactionTooLargeException due to Service without Chimera impl, calling uid: 1000, calling pid: 0
02-23 12:57:21.675  9129  9345 W .gms.persistent: Large reply transaction of 2113536 bytes, interface descriptor , code 1
02-23 12:57:21.682  9050  9092 I BugleRcsEngine: Rcs is enabled from user settings: true [CONTEXT log_prefix="ProvisioningEngineDataRetriever" thread_id=759 ]
02-23 12:57:21.687  9129  9830 I NullBinder: NullBinder for android.net.action.RECOMMEND_NETWORKS triggering remote TransactionTooLargeException due to Service without Chimera impl, calling uid: 1000, calling pid: 0
02-23 12:57:21.688  9129  9830 W .gms.persistent: Large reply transaction of 2113536 bytes, interface descriptor , code 1
02-23 12:57:21.698  9129  9830 I NullBinder: NullBinder for android.net.action.RECOMMEND_NETWORKS triggering remote TransactionTooLargeException due to Service without Chimera impl, calling uid: 1000, calling pid: 0
02-23 12:57:21.698  9129  9830 W .gms.persistent: Large reply transaction of 2113536 bytes, interface descriptor , code 1
02-23 12:57:22.169  9129 25311 I NearbySharing: Network state changed: NetworkState(isRestricted=false, isOnline=true, isCongested=false, isMetered=false, isWifiConnected=true)
02-23 12:57:22.210  1545  1698 D BatteryChargeControl: bcc get no support from charging protocol
02-23 12:57:22.342  3826  3940 I SystemUi--Statusbar: OplusNetworkSpeedControllExImpl-->updateNetworkSpeed: isConnected:true,isSwitchOn:true
02-23 12:57:22.347  3826  3940 I SystemUi--Statusbar: OplusNetworkSpeedControllExImpl-->getTotalByte: totalRxBytes:22802008002,totalTxBytes:3612694549,loopbackTxBytes:2816615,loopbackRxBytes:2691695 ,totalBytes:26409194241
02-23 12:57:22.396  3826  3826 E OplusNotificationPullDownAnimationExImpl: updateShelfPosition, error! ambientState=com.android.systemui.statusbar.notification.stack.AmbientState@9cc2600, shelfViewState=com.android.systemui.statusbar.NotificationShelf$ShelfState@3805e39, lastViewState=null, stackLayout=com.android.systemui.statusbar.notification.stack.NotificationStackScrollLayout{373ac7e V.E...... ......ID 48,0-1032,2304 #7f0a0853 app:id/notification_stack_scroller alpha=1.0 viewInfo = }, shelfEx=com.oplus.systemui.statusbar.notification.row.OplusShelfExImpl@e4305df
