02-23 13:21:46.399  2028  3615 D SystemNetworkObserver: wifi network 289 nc changed, primary=true
02-23 13:21:46.400  2028  3615 D SystemNetworkObserver: default network nc changed 289
02-23 13:21:46.400  2028  3653 D OplusSlaNetworkManager: isPrimaryWifi:true network:289
02-23 13:21:46.402  3826  3940 D WifiStatusTracker: mNetworkCallback onCapabilitiesChanged network:289 mPrimaryNetworkId:289
02-23 13:21:46.402  3826  4011 I WifiPickerTracker: wifi connected status realConnectedWifiEntry not null: true
02-23 13:21:46.410 10211 10375 I CardConfig.RxNetworkMonitor: onNetworkStateChange, current:true, last:true
02-23 13:21:46.412  9050  9092 I BugleRcsEngine: handleMessage processing message:[NOTIFY_UPTIME_IGNORE_STATE_CHANGED] with [non-null]:RcsEngineImpl reference [CONTEXT log_prefix="RcsEngineImpl[DUAL_REG]:[84532c06-c402]>Handler" thread_id=759 ]
02-23 13:21:46.412  9050  9082 I BugleRcsEngine: Connected state: [1], networkType: [WIFI] [CONTEXT thread_id=752 ]
02-23 13:21:46.414  3826  3940 I SystemUi--Statusbar: NetworkController.WifiSignalController-->handleStatusUpdated state=3 enabled=true connected=true isDefaultNetwork=true rssi=-72 level=3 statusLabel=null isDirty=false
02-23 13:21:46.414  3826  3940 I SystemUi--Statusbar: NetworkController.WifiSignalController-->handleStatusUpdated state=3 enabled=true connected=true isDefaultNetwork=true rssi=-72 level=3 statusLabel=null isDirty=false
02-23 13:21:46.415  3826  3940 I SystemUi--Statusbar: NetworkController.WifiSignalController-->handleStatusUpdated state=3 enabled=true connected=true isDefaultNetwork=true rssi=-72 level=3 statusLabel=null isDirty=false
02-23 13:21:46.420  9129  9139 I NullBinder: NullBinder for android.net.action.RECOMMEND_NETWORKS triggering remote TransactionTooLargeException due to Service without Chimera impl, calling uid: 1000, calling pid: 0
02-23 13:21:46.420  9129  9139 W .gms.persistent: Large reply transaction of 2113536 bytes, interface descriptor , code 1
02-23 13:21:46.424  9050  9092 I BugleRcsEngine: Rcs is enabled from user settings: true [CONTEXT log_prefix="ProvisioningEngineDataRetriever" thread_id=759 ]
02-23 13:21:46.430  9129  9139 I NullBinder: NullBinder for android.net.action.RECOMMEND_NETWORKS triggering remote TransactionTooLargeException due to Service without Chimera impl, calling uid: 1000, calling pid: 0
02-23 13:21:46.430  9129  9139 W .gms.persistent: Large reply transaction of 2113536 bytes, interface descriptor , code 1
02-23 13:21:46.434  9129  9139 I NullBinder: NullBinder for android.net.action.RECOMMEND_NETWORKS triggering remote TransactionTooLargeException due to Service without Chimera impl, calling uid: 1000, calling pid: 0
02-23 13:21:46.434  9129  9139 W .gms.persistent: Large reply transaction of 2113536 bytes, interface descriptor , code 1
02-23 13:21:46.437  9129  9139 I NullBinder: NullBinder for android.net.action.RECOMMEND_NETWORKS triggering remote TransactionTooLargeException due to Service without Chimera impl, calling uid: 1000, calling pid: 0
02-23 13:21:46.438  9129  9139 W .gms.persistent: Large reply transaction of 2113536 bytes, interface descriptor , code 1
02-23 13:21:46.545 21366 21366 D BoundBrokerSvc: onUnbind: Intent { act=com.google.android.gms.inappreach.service.START dat=chimera-action:/... cmp=com.google.android.gms/.chimera.GmsApiService mCallingUid=10112 }
02-23 13:21:46.549  1579 31213 D AudioPolicyService: updateUidStates_l() current->uid=10485 current->pid=10607 allowCapture=1 UidState=2 apmStat=2
02-23 13:21:46.635  1545  1698 D BatteryChargeControl: bcc get no support from charging protocol
02-23 13:21:46.653  1474 26959 I vendor.qti.bluetooth@1.0-ibs_handler: ProcessIbsCmd: Received IBS_WAKE_IND: 0xFD
02-23 13:21:46.653  1474 26959 D vendor.qti.bluetooth@1.0-ibs_handler: SerialClockVote: vote for UART CLK ON
02-23 13:21:46.654  1474 26959 D vendor.qti.bluetooth@1.0-wake_lock: Acquire wakelock is acquired 
02-23 13:21:46.654  1474 26959 I vendor.qti.bluetooth@1.0-ibs_handler: ProcessIbsCmd: Writing IBS_WAKE_ACK
02-23 13:21:46.668  2028  3078 I AppsFilter: interaction: PackageSetting{84c63c8 com.android.microdroid.empty_payload/10372} -> PackageSetting{f9466ed com.oplus.dmp/10334} BLOCKED
02-23 13:21:46.668  2028  3078 I AppsFilter: interaction: PackageSetting{81ce8c7 com.jarvis/10485} -> PackageSetting{f9466ed com.oplus.dmp/10334} BLOCKED
02-23 13:21:46.668  2028  3078 I AppsFilter: interaction: PackageSetting{3c75386 com.oplus.locationproxy/10148} -> PackageSetting{f9466ed com.oplus.dmp/10334} BLOCKED
02-23 13:21:46.668  2028  3078 I AppsFilter: interaction: PackageSetting{6f59447 com.example.women_safety_app/10359} -> PackageSetting{f9466ed com.oplus.dmp/10334} BLOCKED
02-23 13:21:46.668  2028  3078 I AppsFilter: interaction: PackageSetting{fa7f474 com.android.certinstaller/10186} -> PackageSetting{f9466ed com.oplus.dmp/10334} BLOCKED
02-23 13:21:46.668  2028  3078 I AppsFilter: interaction: PackageSetting{cb69d9d com.oplus.location/10194} -> PackageSetting{f9466ed com.oplus.dmp/10334} BLOCKED
02-23 13:21:46.691  4239  4239 D CarrierSvcBindHelper: onPackageModified: com.oplus.dmp
02-23 13:21:46.693  4239  4239 D CarrierSvcBindHelper: No carrier app for: 0
02-23 13:21:46.694  4239  4239 D CarrierSvcBindHelper: No carrier app for: 1
02-23 13:21:46.701  4239  4878 D ImsResolver: maybeAddedImsService, packageName: com.oplus.dmp
02-23 13:21:46.701  1474 26959 I vendor.qti.bluetooth@1.0-ibs_handler: ProcessIbsCmd: Received IBS_SLEEP_IND: 0xFE
02-23 13:21:46.701  1474 26959 D vendor.qti.bluetooth@1.0-ibs_handler: SerialClockVote: vote for UART CLK OFF
02-23 13:21:46.703  2028  2757 W Searchables: No web search activity found
02-23 13:21:46.744  2028  3474 V AccessibilityManagerService: onUserStateChangedLocked for user 0 with forceUpdate: false mEnabledServices = [ComponentInfo{com.microsoft.appmanager/com.microsoft.mmx.screenmirroringsrc.accessibility.ScreenMirroringAccessibilityService}] mCrashedServices = []
02-23 13:21:46.745  2028  3474 W MagnificationConnectionManager: requestConnection duplicated request: connect=false, mConnectionState=DISCONNECTED
02-23 13:21:46.745  2028  2028 I OplusBinderProxy: pb uid: 10419 pid: 22368 desc: android.view.accessibility.IAccessibilityManagerClient/4
02-23 13:21:46.746  2028  2028 I OplusBinderProxy: pb uid: 10121 pid: 929 desc: android.view.accessibility.IAccessibilityManagerClient/4
02-23 13:21:46.748  2028  3873 I Osense-BaseDecisionMaker: notifySceneToAthenaPolicy: SCENE_RES_IO_PSI, bundle: Bundle[{ioLevel=3}]
02-23 13:21:46.748  2028  3873 I Osense-BaseDecisionMaker: OSense not supported scene! SCENE_RES_IO_PSI
02-23 13:21:46.756  4306  4638 D CommonApp-289-10485: transport layer data is invalid
02-23 13:21:46.851  1474 26943 D vendor.qti.bluetooth@1.0-wake_lock: Release wakelock is released 
02-23 13:21:46.908  9129 32457 I NearbySharing: Network state changed: NetworkState(isRestricted=false, isOnline=true, isCongested=false, isMetered=false, isWifiConnected=true)
02-23 13:21:47.144  1545  1545 D vendor.oplus.hardware.charger-V6-service: getChargerControl:sub_current=100
02-23 13:21:47.144  1545  1545 D vendor.oplus.hardware.charger-V6-service: sub_voltage=3800
02-23 13:21:47.144  1545  1545 D vendor.oplus.hardware.charger-V6-service: sub_soc=-1
02-23 13:21:47.144  1545  1545 D vendor.oplus.hardware.charger-V6-service: sub_temperature=250
02-23 13:21:47.144  1545  1545 D vendor.oplus.hardware.charger-V6-service: main_soc=82
02-23 13:21:47.176  3826  3945 W PluginActionManager: handleQueryPlugins, not in mPrivilegedPlugins, pkgName=com.oplus.dmp
02-23 13:21:47.176  3826  3945 W PluginActionManager: handleQueryPlugins, not in mPrivilegedPlugins, pkgName=com.oplus.dmp
02-23 13:21:47.176  3826  3945 W PluginActionManager: handleQueryPlugins, not in mPrivilegedPlugins, pkgName=com.oplus.dmp
02-23 13:21:47.176  3826  3945 W PluginActionManager: handleQueryPlugins, not in mPrivilegedPlugins, pkgName=com.oplus.dmp
02-23 13:21:47.176  3826  3945 W PluginActionManager: handleQueryPlugins, not in mPrivilegedPlugins, pkgName=com.oplus.dmp
02-23 13:21:47.176  3826  3945 W PluginActionManager: handleQueryPlugins, not in mPrivilegedPlugins, pkgName=com.oplus.dmp
02-23 13:21:47.176  3826  3945 W PluginActionManager: handleQueryPlugins, not in mPrivilegedPlugins, pkgName=com.oplus.dmp
02-23 13:21:47.176  3826  3945 W PluginActionManager: handleQueryPlugins, not in mPrivilegedPlugins, pkgName=com.oplus.dmp
02-23 13:21:47.176  3826  3945 W PluginActionManager: handleQueryPlugins, not in mPrivilegedPlugins, pkgName=com.oplus.dmp
02-23 13:21:47.176  3826  3945 W PluginActionManager: handleQueryPlugins, not in mPrivilegedPlugins, pkgName=com.oplus.dmp
02-23 13:21:47.176  3826  3945 W PluginActionManager: handleQueryPlugins, not in mPrivilegedPlugins, pkgName=com.oplus.dmp
02-23 13:21:47.176  3826  3945 W PluginActionManager: handleQueryPlugins, not in mPrivilegedPlugins, pkgName=com.oplus.dmp
02-23 13:21:47.176  3826  3945 W PluginActionManager: handleQueryPlugins, not in mPrivilegedPlugins, pkgName=com.oplus.dmp
02-23 13:21:47.176  3826  3945 W PluginActionManager: handleQueryPlugins, not in mPrivilegedPlugins, pkgName=com.oplus.dmp
02-23 13:21:47.179  4048  4048 I PluginManagerImpl: actionManager.reloadPackage, pkg: com.oplus.dmp
02-23 13:21:47.179  4048  4048 I PluginManagerImpl: actionManager.reloadPackage, pkg: com.oplus.dmp
02-23 13:21:47.179  4048  4048 I PluginManagerImpl: actionManager.reloadPackage, pkg: com.oplus.dmp
02-23 13:21:47.179  4048  4048 I PluginManagerImpl: actionManager.reloadPackage, pkg: com.oplus.dmp
02-23 13:21:47.180  3826  3826 D ControlsListingControllerImpl: ServiceConfig reloaded, count: 0
02-23 13:21:47.181  3826  3826 D OplusKeyGuardStylePluginManager: receive:android.intent.action.PACKAGE_CHANGED
02-23 13:21:47.182  7313 11294 I PTC.DATATRANS.g: The current enabled state for com.oplus.dmp : 0
02-23 13:21:47.183  7313 11294 W PTC.DATATRANS.g: Invalid PACKAGE_CHANGED event. Ignoring ...
02-23 13:21:47.184  4048 18312 E PackageUtils[u0]: checkPackageExist Exception: android.content.pm.PackageManager$NameNotFoundException: com.heytap.quicksearchbox
02-23 13:21:47.196 18790 21455 I ServiceLiveData: Detected PrintServices: [com.android.bips]
02-23 13:21:47.197 18790 16721 I ServiceLiveData: Not exempting com.google.android.gms - not an active InputMethod for u0
02-23 13:21:47.197 18790 16726 I ServiceLiveData: Not exempting com.android.dreams.basic - not an active DreamService for u0
02-23 13:21:47.197 18790 21456 I ServiceLiveData: Not exempting com.android.credentialmanager - not an active AutofillService for u0
02-23 13:21:47.198 18790 21454 I ServiceLiveData: Not exempting com.android.systemui.accessibility.accessibilitymenu - not an active AccessibilityService for u0
02-23 13:21:47.199 18790 21455 I ServiceLiveData: Not exempting com.google.android.gms - not an active DEVICE_ADMIN_SERVICE for u0
02-23 13:21:47.199 18790 21447 I ServiceLiveData: Not exempting com.ido.noise - not an active NotificationListenerService for u0
02-23 13:21:47.201 18790 21446 I ServiceLiveData: Not exempting com.openai.chatgpt - not an active VoiceInteractionService for u0
02-23 13:21:47.201 18790 16726 I ServiceLiveData: Not exempting com.google.android.apps.photos - not an active DreamService for u0
02-23 13:21:47.201 18790 16721 I ServiceLiveData: Not exempting com.oplus.securitykeyboard - not an active InputMethod for u0
02-23 13:21:47.201 18790 16721 I ServiceLiveData: Not exempting com.snapchat.android - not an active InputMethod for u0
02-23 13:21:47.202 18790 21454 I ServiceLiveData: Not exempting com.coloros.colordirectservice - not an active AccessibilityService for u0
02-23 13:21:47.202 18790 21455 I ServiceLiveData: Detected DEVICE_ADMIN_SERVICEs: []
02-23 13:21:47.202 18790 21447 I ServiceLiveData: Not exempting com.android.launcher - not an active NotificationListenerService for u0
02-23 13:21:47.202 18790 21447 I ServiceLiveData: Not exempting com.google.ambient.streaming - not an active NotificationListenerService for u0
02-23 13:21:47.202 18790 21444 I ServiceLiveData: Not exempting com.android.wallpaper.livepicker - not an active WallpaperService for u0
02-23 13:21:47.202 18790 21447 I ServiceLiveData: Not exempting com.google.android.as - not an active NotificationListenerService for u0
02-23 13:21:47.203 18790 21444 I ServiceLiveData: Not exempting com.android.wallpaper.livepicker - not an active WallpaperService for u0
02-23 13:21:47.203 18790 21456 I ServiceLiveData: Detected AutofillServices: [com.google.android.gms]
02-23 13:21:47.203 18790 21454 I ServiceLiveData: Not exempting com.google.android.accessibility.switchaccess - not an active AccessibilityService for u0
02-23 13:21:47.204 18790 16721 I ServiceLiveData: Detected InputMethods: [com.google.android.inputmethod.latin, com.google.android.tts]
02-23 13:21:47.204 18790 21455 I BroadcastReceiverLiveData: Not exempting com.google.android.gms - not an active DEVICE_ADMIN_ENABLED for u0
02-23 13:21:47.205 18790 21447 I ServiceLiveData: Not exempting com.google.android.gms - not an active NotificationListenerService for u0
02-23 13:21:47.205 18790 21455 I BroadcastReceiverLiveData: Not exempting com.microsoft.appmanager - not an active DEVICE_ADMIN_ENABLED for u0
02-23 13:21:47.205 18790 21447 I ServiceLiveData: Not exempting com.google.android.googlequicksearchbox - not an active NotificationListenerService for u0
02-23 13:21:47.205 18790 21446 I ServiceLiveData: Detected VoiceInteractionServices: [com.google.android.googlequicksearchbox]
02-23 13:21:47.206 18790 21454 I ServiceLiveData: Not exempting com.google.android.marvin.talkback - not an active AccessibilityService for u0
02-23 13:21:47.206 18790 21444 I ServiceLiveData: Not exempting com.android.wallpaper.livepicker - not an active WallpaperService for u0
02-23 13:21:47.206 18790 21444 I ServiceLiveData: Not exempting com.android.wallpaper.livepicker - not an active WallpaperService for u0
02-23 13:21:47.207 18790 21444 I ServiceLiveData: Not exempting com.android.wallpaper.livepicker - not an active WallpaperService for u0
02-23 13:21:47.207 18790 21447 I ServiceLiveData: Detected NotificationListenerServices: [com.google.android.contacts, com.google.android.projection.gearhead, com.microsoft.appmanager, com.oplus.games, com.truecaller]
02-23 13:21:47.209 18790 21454 I ServiceLiveData: Not exempting com.google.android.marvin.talkback - not an active AccessibilityService for u0
02-23 13:21:47.209 18790 21444 I ServiceLiveData: Not exempting com.heytap.colorfulengine - not an active WallpaperService for u0
02-23 13:21:47.209 18790 16726 I ServiceLiveData: Detected DreamServices: []
02-23 13:21:47.210 18790 21455 I BroadcastReceiverLiveData: Detected DEVICE_ADMIN_ENABLEDs: []
02-23 13:21:47.210 18790 21454 I ServiceLiveData: Not exempting com.jarvis - not an active AccessibilityService for u0
02-23 13:21:47.210 18790 21454 I ServiceLiveData: Detected AccessibilityServices: [com.microsoft.appmanager]
02-23 13:21:47.210  2028  3521 D InetDiagMessage: Destroyed 0 sockets, proto=IPPROTO_TCP, family=AF_INET, states=14
02-23 13:21:47.211 18790 21444 I ServiceLiveData: Not exempting com.heytap.colorfulengine - not an active WallpaperService for u0
02-23 13:21:47.212 18790 21444 I ServiceLiveData: Not exempting com.heytap.colorfulengine - not an active WallpaperService for u0
02-23 13:21:47.212 18790 21444 I ServiceLiveData: Not exempting com.heytap.colorfulengine - not an active WallpaperService for u0
02-23 13:21:47.213  2028  3521 D InetDiagMessage: Destroyed 0 sockets, proto=IPPROTO_TCP, family=AF_INET6, states=14
02-23 13:21:47.213  2028  3521 D InetDiagMessage: Destroyed live tcp sockets for uids={10316} in 5ms
02-23 13:21:47.213 18790 21444 I ServiceLiveData: Not exempting com.heytap.colorfulengine - not an active WallpaperService for u0
02-23 13:21:47.213 18790 21444 I ServiceLiveData: Not exempting com.heytap.colorfulengine - not an active WallpaperService for u0
02-23 13:21:47.213 18790 21444 I ServiceLiveData: Not exempting com.heytap.colorfulengine - not an active WallpaperService for u0
02-23 13:21:47.213 18790 21444 I ServiceLiveData: Not exempting com.heytap.colorfulengine - not an active WallpaperService for u0
02-23 13:21:47.213 18790 21444 I ServiceLiveData: Not exempting com.heytap.colorfulengine - not an active WallpaperService for u0
02-23 13:21:47.214 18790 21444 I ServiceLiveData: Not exempting com.heytap.colorfulengine - not an active WallpaperService for u0
02-23 13:21:47.214  2028  3521 D InetDiagMessage: Destroyed 0 sockets, proto=IPPROTO_TCP, family=AF_INET, states=14
02-23 13:21:47.215 18790 21444 I ServiceLiveData: Not exempting com.heytap.colorfulengine - not an active WallpaperService for u0
02-23 13:21:47.215  2028  3521 D InetDiagMessage: Destroyed 0 sockets, proto=IPPROTO_TCP, family=AF_INET6, states=14
02-23 13:21:47.216  2028  3521 D InetDiagMessage: Destroyed live tcp sockets for uids={20316} in 2ms
02-23 13:21:47.216 18790 21444 I ServiceLiveData: Not exempting com.heytap.colorfulengine - not an active WallpaperService for u0
02-23 13:21:47.216 18790 21444 I ServiceLiveData: Not exempting com.heytap.colorfulengine - not an active WallpaperService for u0
02-23 13:21:47.216 18790 21444 I ServiceLiveData: Not exempting com.oplus.aod - not an active WallpaperService for u0
02-23 13:21:47.217 18790 21444 I ServiceLiveData: Detected WallpaperServices: []
02-23 13:21:47.221  1538  1538 E PerformanceService: storage_feature: open /sys/devices/platform/soc/112b0000.ufshci//virtualtlcbuff fail
02-23 13:21:47.233  2028  2152 W JobScheduler: Job didn't exist in JobStore: #com.google.android.apps.nbu.files/38219
02-23 13:21:47.233  1579 31213 D AudioPolicyService: updateUidStates_l() current->uid=10485 current->pid=10607 allowCapture=1 UidState=2 apmStat=2
02-23 13:21:47.234  1579 31213 D AudioPolicyService: updateUidStates_l() current->uid=10485 current->pid=10607 allowCapture=1 UidState=2 apmStat=2
02-23 13:21:47.237  1579 21275 D AudioPolicyService: updateUidStates_l() current->uid=10485 current->pid=10607 allowCapture=1 UidState=2 apmStat=2
02-23 13:21:47.237  1318 17649 E TetherController: property_get sys.radio.data.modem_share_flag return 0, 1!
02-23 13:21:47.237  1579 31213 D AudioPolicyService: updateUidStates_l() current->uid=10485 current->pid=10607 allowCapture=1 UidState=2 apmStat=2
02-23 13:21:47.303  2028  4296 I OplusHansManager : uid=10316, pkg=com.linkedin.android M enter(), R stay=20
02-23 13:21:47.393  1474 26959 I vendor.qti.bluetooth@1.0-ibs_handler: ProcessIbsCmd: Received IBS_WAKE_IND: 0xFD
02-23 13:21:47.393  1474 26959 D vendor.qti.bluetooth@1.0-ibs_handler: SerialClockVote: vote for UART CLK ON
02-23 13:21:47.394  1474 26959 D vendor.qti.bluetooth@1.0-wake_lock: Acquire wakelock is acquired 
02-23 13:21:47.394  1474 26959 I vendor.qti.bluetooth@1.0-ibs_handler: ProcessIbsCmd: Writing IBS_WAKE_ACK
02-23 13:21:47.435  1474 26959 I vendor.qti.bluetooth@1.0-ibs_handler: ProcessIbsCmd: Received IBS_SLEEP_IND: 0xFE
02-23 13:21:47.435  1474 26959 D vendor.qti.bluetooth@1.0-ibs_handler: SerialClockVote: vote for UART CLK OFF
02-23 13:21:47.585  1474 26943 D vendor.qti.bluetooth@1.0-wake_lock: Release wakelock is released 
02-23 13:21:47.637  1545  1698 D BatteryChargeControl: bcc get no support from charging protocol
02-23 13:21:47.674  2028  4296 I OplusHansManager : uid=10209, pkg=com.snapchat.android M enter(), R stay=20
02-23 13:21:47.731  1495 11693 I WifiHAL : event received NL80211_CMD_VENDOR, vendor_id = 0x1374, subcmd = 0xd
02-23 13:21:47.780  4306  4638 D CommonApp-289-10485: transport layer data is invalid
02-23 13:21:47.784  2028  3873 I Osense-BaseDecisionMaker: notifySceneToAthenaPolicy: SCENE_RES_IO_PSI, bundle: Bundle[{ioLevel=3}]
02-23 13:21:47.784  2028  3873 I Osense-BaseDecisionMaker: OSense not supported scene! SCENE_RES_IO_PSI
02-23 13:21:48.133  1474 26959 I vendor.qti.bluetooth@1.0-ibs_handler: ProcessIbsCmd: Received IBS_WAKE_IND: 0xFD
02-23 13:21:48.133  1474 26959 D vendor.qti.bluetooth@1.0-ibs_handler: SerialClockVote: vote for UART CLK ON
02-23 13:21:48.134  1474 26959 D vendor.qti.bluetooth@1.0-wake_lock: Acquire wakelock is acquired 
02-23 13:21:48.135  1474 26959 I vendor.qti.bluetooth@1.0-ibs_handler: ProcessIbsCmd: Writing IBS_WAKE_ACK
02-23 13:21:48.175  1474 26959 I vendor.qti.bluetooth@1.0-ibs_handler: ProcessIbsCmd: Received IBS_SLEEP_IND: 0xFE
02-23 13:21:48.175  1474 26959 D vendor.qti.bluetooth@1.0-ibs_handler: SerialClockVote: vote for UART CLK OFF
02-23 13:21:48.221  1474 26959 I vendor.qti.bluetooth@1.0-ibs_handler: ProcessIbsCmd: Received IBS_WAKE_IND: 0xFD
02-23 13:21:48.221  1474 26959 D vendor.qti.bluetooth@1.0-ibs_handler: SerialClockVote: vote for UART CLK ON
02-23 13:21:48.221  1474 26959 I vendor.qti.bluetooth@1.0-ibs_handler: ProcessIbsCmd: Writing IBS_WAKE_ACK
02-23 13:21:48.261  1474 26959 I vendor.qti.bluetooth@1.0-ibs_handler: ProcessIbsCmd: Received IBS_SLEEP_IND: 0xFE
02-23 13:21:48.262  1474 26959 D vendor.qti.bluetooth@1.0-ibs_handler: SerialClockVote: vote for UART CLK OFF
02-23 13:21:48.369  1474 26959 I vendor.qti.bluetooth@1.0-ibs_handler: ProcessIbsCmd: Received IBS_WAKE_IND: 0xFD
02-23 13:21:48.369  1474 26959 D vendor.qti.bluetooth@1.0-ibs_handler: SerialClockVote: vote for UART CLK ON
02-23 13:21:48.369  1474 26959 I vendor.qti.bluetooth@1.0-ibs_handler: ProcessIbsCmd: Writing IBS_WAKE_ACK
02-23 13:21:48.370 26895 26931 W bluetooth: [hci_layer.cc:617] on_vs_event: Unhandled vendor specific event of type BQR_EVENT(0x58)
02-23 13:21:48.382  2028  3514 D WifiStaIfaceHidlImpl: getCachedScanData is not implemented by HIDL
02-23 13:21:48.393  4239 10224 D Phone-0 : isWifiCallingEnabled =true
02-23 13:21:48.399  2028  3615 D OplusWifiPower_TriggerCenter: mComponentCallback: wifistat
02-23 13:21:48.398  4441  4441 D VendorWifiService: onEvent event:9,action:1
02-23 13:21:48.409  1474 26959 I vendor.qti.bluetooth@1.0-ibs_handler: ProcessIbsCmd: Received IBS_SLEEP_IND: 0xFE
02-23 13:21:48.409  1474 26959 D vendor.qti.bluetooth@1.0-ibs_handler: SerialClockVote: vote for UART CLK OFF
02-23 13:21:48.422  2028  2152 W UriGrantsManagerService: No permission grants found for com.google.android.apps.photos
02-23 13:21:48.423  2028  2152 W UriGrantsManagerService: No permission grants found for com.google.android.apps.photos
02-23 13:21:48.560  1474 26943 D vendor.qti.bluetooth@1.0-wake_lock: Release wakelock is released 
02-23 13:21:48.638  1545  1698 D BatteryChargeControl: bcc get no support from charging protocol
02-23 13:21:48.719  4239  4239 E SmsApplication: com.google.android.apps.messaging lost android:read_cell_broadcasts:  (fixing)
02-23 13:21:48.719  2028  2152 W AppOpService: Ignored setUidMode call for runtime permission app op: uid = 10226, code = READ_CELL_BROADCASTS, mode = allow, callingUid = 1001, oldMode = allow
02-23 13:21:48.729  2028  4892 W AppOpService: Ignored setUidMode call for runtime permission app op: uid = 1001, code = READ_SMS, mode = allow, callingUid = 1001, oldMode = allow
02-23 13:21:48.730  2028  2152 W AppOpService: Ignored setUidMode call for runtime permission app op: uid = 1001, code = RECEIVE_SMS, mode = allow, callingUid = 1001, oldMode = allow
02-23 13:21:48.730  2028  2152 W AppOpService: Ignored setUidMode call for runtime permission app op: uid = 1001, code = RECEIVE_WAP_PUSH, mode = allow, callingUid = 1001, oldMode = allow
02-23 13:21:48.731  2028  2152 W AppOpService: Ignored setUidMode call for runtime permission app op: uid = 1001, code = SEND_SMS, mode = allow, callingUid = 1001, oldMode = allow
02-23 13:21:48.731  2028  2152 W AppOpService: Ignored setUidMode call for runtime permission app op: uid = 1001, code = READ_CELL_BROADCASTS, mode = allow, callingUid = 1001, oldMode = allow
02-23 13:21:48.766  1474 26959 I vendor.qti.bluetooth@1.0-ibs_handler: ProcessIbsCmd: Received IBS_WAKE_IND: 0xFD
02-23 13:21:48.766  1474 26959 D vendor.qti.bluetooth@1.0-ibs_handler: SerialClockVote: vote for UART CLK ON
02-23 13:21:48.768  1474 26959 D vendor.qti.bluetooth@1.0-wake_lock: Acquire wakelock is acquired 
02-23 13:21:48.768  1474 26959 I vendor.qti.bluetooth@1.0-ibs_handler: ProcessIbsCmd: Writing IBS_WAKE_ACK
02-23 13:21:48.804  4306  4638 D CommonApp-289-10485: transport layer data is invalid
02-23 13:21:48.809  1474 26959 I vendor.qti.bluetooth@1.0-ibs_handler: ProcessIbsCmd: Received IBS_SLEEP_IND: 0xFE
02-23 13:21:48.809  1474 26959 D vendor.qti.bluetooth@1.0-ibs_handler: SerialClockVote: vote for UART CLK OFF
02-23 13:21:48.824  2028  3873 I Osense-BaseDecisionMaker: notifySceneToAthenaPolicy: SCENE_RES_IO_PSI, bundle: Bundle[{ioLevel=3}]
02-23 13:21:48.824  2028  3873 I Osense-BaseDecisionMaker: OSense not supported scene! SCENE_RES_IO_PSI
02-23 13:21:48.851  1474 26959 I vendor.qti.bluetooth@1.0-ibs_handler: ProcessIbsCmd: Received IBS_WAKE_IND: 0xFD
02-23 13:21:48.851  1474 26959 D vendor.qti.bluetooth@1.0-ibs_handler: SerialClockVote: vote for UART CLK ON
02-23 13:21:48.851  1474 26959 I vendor.qti.bluetooth@1.0-ibs_handler: ProcessIbsCmd: Writing IBS_WAKE_ACK
02-23 13:21:48.858  4239  4574 D OplusRadioExIndication: onSignalStrengthChange: slotId = 0
02-23 13:21:48.858  4239  4574 D RILExtJ : [UNSL]< OPLUS: UNSOL_NR_SIGNAL_STRENGTH_IND {-32768, -32768} [PHONE0]
02-23 13:21:48.859  4239  4239 D OplusSST: oemLevel_0=2,oemLevel_1:0
02-23 13:21:48.859  4239  4592 D OplusSignalSmooth/0: onSignalStrengthResultExt,oldSignalStrength:SignalStrength:{mCdma=CellSignalStrengthCdma: cdmaDbm=2147483647 cdmaEcio=2147483647 evdoDbm=2147483647 evdoEcio=2147483647 evdoSnr=2147483647 level=0,mGsm=CellSignalStrengthGsm: rssi=2147483647 ber=2147483647 mTa=2147483647 mLevel=0,mWcdma=CellSignalStrengthWcdma: ss=2147483647 ber=2147483647 rscp=2147483647 ecno=2147483647 level=0,mTdscdma=CellSignalStrengthTdscdma: rssi=2147483647 ber=2147483647 rscp=2147483647 level=0,mLte=CellSignalStrengthLte: rssi=-83 rsrp=-120 rsrq=-20 rssnr=-4 cqiTableIndex=2147483647 cqi=2147483647 ta=2147483647 level=1 parametersUseForLevel=1,mNr=CellSignalStrengthNr:{ csiRsrp = 2147483647 csiRsrq = 2147483647 csiCqiTableIndex = 2147483647 csiCqiReport = [] ssRsrp = 2147483647 ssRsrq = 2147483647 ssSinr = 2147483647 level = 0 parametersUseForLevel = 1 timingAdvance = 2147483647 },primary=CellSignalStrengthLte}
02-23 13:21:48.859  4239  4592 D OplusSignalSmooth/0: mOrigSignalStrength:SignalStrength:{mCdma=CellSignalStrengthCdma: cdmaDbm=2147483647 cdmaEcio=2147483647 evdoDbm=2147483647 evdoEcio=2147483647 evdoSnr=2147483647 level=0,mGsm=CellSignalStrengthGsm: rssi=2147483647 ber=2147483647 mTa=2147483647 mLevel=0,mWcdma=CellSignalStrengthWcdma: ss=2147483647 ber=2147483647 rscp=2147483647 ecno=2147483647 level=0,mTdscdma=CellSignalStrengthTdscdma: rssi=2147483647 ber=2147483647 rscp=2147483647 level=0,mLte=CellSignalStrengthLte: rssi=-83 rsrp=-120 rsrq=-19 rssnr=-3 cqiTableIndex=2147483647 cqi=2147483647 ta=2147483647 level=1 parametersUseForLevel=1,mNr=CellSignalStrengthNr:{ csiRsrp = 2147483647 csiRsrq = 2147483647 csiCqiTableIndex = 2147483647 csiCqiReport = [] ssRsrp = 2147483647 ssRsrq = 2147483647 ssSinr = 2147483647 level = 0 parametersUseForLevel = 1 timingAdvance = 2147483647 },primary=CellSignalStrengthLte}
02-23 13:21:48.860  4239  4592 D OplusSignalSmooth/0: alphaFiltering mSignalStrength:SignalStrength:{mCdma=CellSignalStrengthCdma: cdmaDbm=2147483647 cdmaEcio=2147483647 evdoDbm=2147483647 evdoEcio=2147483647 evdoSnr=2147483647 level=0,mGsm=CellSignalStrengthGsm: rssi=2147483647 ber=2147483647 mTa=2147483647 mLevel=0,mWcdma=CellSignalStrengthWcdma: ss=2147483647 ber=2147483647 rscp=2147483647 ecno=2147483647 level=0,mTdscdma=CellSignalStrengthTdscdma: rssi=2147483647 ber=2147483647 rscp=2147483647 level=0,mLte=CellSignalStrengthLte: rssi=-83 rsrp=-120 rsrq=-20 rssnr=-4 cqiTableIndex=2147483647 cqi=2147483647 ta=2147483647 level=1 parametersUseForLevel=1,mNr=CellSignalStrengthNr:{ csiRsrp = 2147483647 csiRsrq = 2147483647 csiCqiTableIndex = 2147483647 csiCqiReport = [] ssRsrp = 2147483647 ssRsrq = 2147483647 ssSinr = 2147483647 level = 0 parametersUseForLevel = 1 timingAdvance = 2147483647 },primary=CellSignalStrengthLte}
02-23 13:21:48.860  4239  4592 D OplusSignalSmooth/0: alphaFiltering mPendingSignalStrength:SignalStrength:{mCdma=CellSignalStrengthCdma: cdmaDbm=2147483647 cdmaEcio=2147483647 evdoDbm=2147483647 evdoEcio=2147483647 evdoSnr=2147483647 level=0,mGsm=CellSignalStrengthGsm: rssi=2147483647 ber=2147483647 mTa=2147483647 mLevel=0,mWcdma=CellSignalStrengthWcdma: ss=2147483647 ber=2147483647 rscp=2147483647 ecno=2147483647 level=0,mTdscdma=CellSignalStrengthTdscdma: rssi=2147483647 ber=2147483647 rscp=2147483647 level=0,mLte=CellSignalStrengthLte: rssi=-83 rsrp=-120 rsrq=-19 rssnr=-3 cqiTableIndex=2147483647 cqi=2147483647 ta=2147483647 level=1 parametersUseForLevel=1,mNr=CellSignalStrengthNr:{ csiRsrp = 2147483647 csiRsrq = 2147483647 csiCqiTableIndex = 2147483647 csiCqiReport = [] ssRsrp = 2147483647 ssRsrq = 2147483647 ssSinr = 2147483647 level = 0 parametersUseForLevel = 1 timingAdvance = 2147483647 },primary=CellSignalStrengthLte}
02-23 13:21:48.860  4239  4592 D OplusSST: oemLevel_0=2,oemLevel_1:0
02-23 13:21:48.861  4239  4592 D OplusSignalSmooth/0: after nextSignalStrength:SignalStrength:{mCdma=CellSignalStrengthCdma: cdmaDbm=2147483647 cdmaEcio=2147483647 evdoDbm=2147483647 evdoEcio=2147483647 evdoSnr=2147483647 level=0,mGsm=CellSignalStrengthGsm: rssi=2147483647 ber=2147483647 mTa=2147483647 mLevel=0,mWcdma=CellSignalStrengthWcdma: ss=2147483647 ber=2147483647 rscp=2147483647 ecno=2147483647 level=0,mTdscdma=CellSignalStrengthTdscdma: rssi=2147483647 ber=2147483647 rscp=2147483647 level=0,mLte=CellSignalStrengthLte: rssi=2147483647 rsrp=-120 rsrq=2147483647 rssnr=2147483647 cqiTableIndex=2147483647 cqi=2147483647 ta=2147483647 level=0 parametersUseForLevel=1,mNr=CellSignalStrengthNr:{ csiRsrp = 2147483647 csiRsrq = 2147483647 csiCqiTableIndex = 2147483647 csiCqiReport = [] ssRsrp = 2147483647 ssRsrq = 2147483647 ssSinr = 2147483647 level = 0 parametersUseForLevel = 1 timingAdvance = 2147483647 },primary=CellSignalStrengthLte}
02-23 13:21:48.861  4239  4592 D OplusSignalSmooth/0: alphaFiltering step2.
02-23 13:21:48.861  4239  4592 D OplusSignalSmooth/0: updateOEMSmooth:signalstrength update now..
02-23 13:21:48.861  4239  4592 D OplusSignalSmooth/0: notifySignalStrength, mSignalStrength: SignalStrength:{mCdma=CellSignalStrengthCdma: cdmaDbm=2147483647 cdmaEcio=2147483647 evdoDbm=2147483647 evdoEcio=2147483647 evdoSnr=2147483647 level=0,mGsm=CellSignalStrengthGsm: rssi=2147483647 ber=2147483647 mTa=2147483647 mLevel=0,mWcdma=CellSignalStrengthWcdma: ss=2147483647 ber=2147483647 rscp=2147483647 ecno=2147483647 level=0,mTdscdma=CellSignalStrengthTdscdma: rssi=2147483647 ber=2147483647 rscp=2147483647 level=0,mLte=CellSignalStrengthLte: rssi=-83 rsrp=-120 rsrq=-19 rssnr=-3 cqiTableIndex=2147483647 cqi=2147483647 ta=2147483647 level=1 parametersUseForLevel=1,mNr=CellSignalStrengthNr:{ csiRsrp = 2147483647 csiRsrq = 2147483647 csiCqiTableIndex = 2147483647 csiCqiReport = [] ssRsrp = 2147483647 ssRsrq = 2147483647 ssSinr = 2147483647 level = 0 parametersUseForLevel = 1 timingAdvance = 2147483647 },primary=CellSignalStrengthLte}
02-23 13:21:48.865  4441  4441 D SubsysEventListenerManager-SubsysTelephonyCallback[0]: onSignalStrengthsChanged
02-23 13:21:48.869  9129 32460 I NearbyMediums: No BLE Fast/GATT advertisements found in the latest cycle.
02-23 13:21:48.870  9129 32460 I NearbyMediums: Current Tracked Scanning Clients are : {NearbyConnections.EnvironmentMonitor, NearbySharing}
02-23 13:21:48.872  4239  4239 D OplusTelephonyController: onSignalStrengthChanged: SignalStrength=SignalStrength:{mCdma=CellSignalStrengthCdma: cdmaDbm=2147483647 cdmaEcio=2147483647 evdoDbm=2147483647 evdoEcio=2147483647 evdoSnr=2147483647 level=0,mGsm=CellSignalStrengthGsm: rssi=2147483647 ber=2147483647 mTa=2147483647 mLevel=0,mWcdma=CellSignalStrengthWcdma: ss=2147483647 ber=2147483647 rscp=2147483647 ecno=2147483647 level=0,mTdscdma=CellSignalStrengthTdscdma: rssi=2147483647 ber=2147483647 rscp=2147483647 level=0,mLte=CellSignalStrengthLte: rssi=-83 rsrp=-120 rsrq=-19 rssnr=-3 cqiTableIndex=2147483647 cqi=2147483647 ta=2147483647 level=1 parametersUseForLevel=0,mNr=CellSignalStrengthNr:{ csiRsrp = 2147483647 csiRsrq = 2147483647 csiCqiTableIndex = 2147483647 csiCqiReport = [] ssRsrp = 2147483647 ssRsrq = 2147483647 ssSinr = 2147483647 level = 0 parametersUseForLevel = 0 timingAdvance = 2147483647 },primary=CellSignalStrengthLte}
02-23 13:21:48.873  2028  4892 I OplusBinderProxy: pb uid: 10419 pid: 22368 desc: com.android.internal.telephony.IPhoneStateListener/10
02-23 13:21:48.873  2028  4892 I OplusBinderProxy: pb uid: 10419 pid: 22368 desc: com.android.internal.telephony.IPhoneStateListener/10
02-23 13:21:48.876  3826  3940 I SystemUi--Statusbar: OplusNetworkSpeedControllExImpl-->updateNetworkSpeed: isConnected:true,isSwitchOn:true
02-23 13:21:48.877  3826  3940 I SystemUi--Statusbar: OplusNetworkSpeedControllExImpl-->getTotalByte: totalRxBytes:22813396176,totalTxBytes:3617813055,loopbackTxBytes:2818007,loopbackRxBytes:2693087 ,totalBytes:26425698137
02-23 13:21:48.881  3826  4010 I SystemUi--Statusbar: MobileConnectionRepositoryImpl-->subId:2 isSoftSimCard:false slotId:0
02-23 13:21:48.892  1474 26959 I vendor.qti.bluetooth@1.0-ibs_handler: ProcessIbsCmd: Received IBS_SLEEP_IND: 0xFE
02-23 13:21:48.892  1474 26959 D vendor.qti.bluetooth@1.0-ibs_handler: SerialClockVote: vote for UART CLK OFF
02-23 13:21:49.042  1474 26943 D vendor.qti.bluetooth@1.0-wake_lock: Release wakelock is released 
02-23 13:21:49.283  7191 26114 D gaia-GaiaConnectChecker: start connect check++
02-23 13:21:49.286  7191 25702 D gaia-GaiaConnectChecker: start connect check++
02-23 13:21:49.499  1474 26959 I vendor.qti.bluetooth@1.0-ibs_handler: ProcessIbsCmd: Received IBS_WAKE_IND: 0xFD
02-23 13:21:49.499  1474 26959 D vendor.qti.bluetooth@1.0-ibs_handler: SerialClockVote: vote for UART CLK ON
02-23 13:21:49.500  1474 26959 D vendor.qti.bluetooth@1.0-wake_lock: Acquire wakelock is acquired 
02-23 13:21:49.500  1474 26959 I vendor.qti.bluetooth@1.0-ibs_handler: ProcessIbsCmd: Writing IBS_WAKE_ACK
02-23 13:21:49.540  1474 26959 I vendor.qti.bluetooth@1.0-ibs_handler: ProcessIbsCmd: Received IBS_SLEEP_IND: 0xFE
02-23 13:21:49.541  1474 26959 D vendor.qti.bluetooth@1.0-ibs_handler: SerialClockVote: vote for UART CLK OFF
02-23 13:21:49.586  1474 26959 I vendor.qti.bluetooth@1.0-ibs_handler: ProcessIbsCmd: Received IBS_WAKE_IND: 0xFD
02-23 13:21:49.586  1474 26959 D vendor.qti.bluetooth@1.0-ibs_handler: SerialClockVote: vote for UART CLK ON
02-23 13:21:49.586  1474 26959 I vendor.qti.bluetooth@1.0-ibs_handler: ProcessIbsCmd: Writing IBS_WAKE_ACK
02-23 13:21:49.604  1545  1545 D vendor.oplus.hardware.charger-V6-service: get_ui_charge_icon_type 0 0 0 0 0
02-23 13:21:49.605  1545  1545 D vendor.oplus.hardware.charger-V6-service: oplus_chg_get_cpa_power 2500 charge_online 1 retention_topic 0
02-23 13:21:49.613  3826  3826 I SystemUi--Statusbar: BatteryControllerExt-->updateBatteryChangeIntent():broadcast=android.intent.action.BATTERY_CHANGED,level=85,scale=100
02-23 13:21:49.613  3826  3826 I SystemUi--Statusbar: BatteryRepository-->level: 85 -- isSavingMode: false
02-23 13:21:49.614  4441  4441 D SubsysBroadcastManager: onReceive action:android.intent.action.BATTERY_CHANGED
02-23 13:21:49.614  4239  4239 I LocalBus: [LocalBroadcastManager]onReceive: android.intent.action.BATTERY_CHANGED
02-23 13:21:49.616  4291  4291 D DeviceStatisticsService: onReceive: action= android.intent.action.BATTERY_CHANGED
02-23 13:21:49.617  2028  2928 D OplusDisplayBrightnessBroadcastReceiver: onReceive action = android.intent.action.BATTERY_CHANGED , listeners = [com.android.server.display.OplusFeatureHDREnhanceBrightness$PhoneInfoReceiver@780cd78, com.android.server.display.OplusFeatureEdrEnhanceBrightness$PhoneInfoReceiver@3423c51]
02-23 13:21:49.622  3013  3013 D CustomLogManagerService: onReceive android.intent.action.BATTERY_CHANGED
02-23 13:21:49.625  7318  8179 I DeepThinkerSDK: [APP] ClientConnection: getDeepThinkerBridge start
02-23 13:21:49.625  7318  8179 I DeepThinkerSDK: [APP] ClientConnection: getDeepThinkerBridge end
02-23 13:21:49.626  7318  8179 I DeepThinkerSDK: [APP] UserDomainManager: businessId : 401 threshold : 0.6 learnPeriod:30
02-23 13:21:49.627  1474 26959 I vendor.qti.bluetooth@1.0-ibs_handler: ProcessIbsCmd: Received IBS_SLEEP_IND: 0xFE
02-23 13:21:49.627  1474 26959 D vendor.qti.bluetooth@1.0-ibs_handler: SerialClockVote: vote for UART CLK OFF
02-23 13:21:49.629  7318  8185 E Battery : ChargeProtectionUtils: mCanlendarTmp.isEmpty()!
02-23 13:21:49.629  7318  8179 I DeepThinkerSDK: [APP] UserDomainManager: PerformanceOfLongCharging{probabilityOfLocation=0.0, probabilityOfApps=0.0, probabilityOfTime=0.0, probabilityOfTotal=0.0, duration=0}
02-23 13:21:49.640  1545  1698 D BatteryChargeControl: bcc get no support from charging protocol
02-23 13:21:49.644  1545  1545 D vendor.oplus.hardware.charger-V6-service: getChargerControl:sub_current=100
02-23 13:21:49.644  1545  1545 D vendor.oplus.hardware.charger-V6-service: sub_voltage=3800
02-23 13:21:49.644  1545  1545 D vendor.oplus.hardware.charger-V6-service: sub_soc=-1
02-23 13:21:49.644  1545  1545 D vendor.oplus.hardware.charger-V6-service: sub_temperature=250
02-23 13:21:49.644  1545  1545 D vendor.oplus.hardware.charger-V6-service: main_soc=82
02-23 13:21:49.735  1495 11693 I WifiHAL : event received NL80211_CMD_VENDOR, vendor_id = 0x1374, subcmd = 0xd
02-23 13:21:49.777  1474 26943 D vendor.qti.bluetooth@1.0-wake_lock: Release wakelock is released 
02-23 13:21:49.828  4306  4638 D CommonApp-289-10485: transport layer data is invalid
02-23 13:21:49.868  2028  3873 I Osense-BaseDecisionMaker: notifySceneToAthenaPolicy: SCENE_RES_IO_PSI, bundle: Bundle[{ioLevel=3}]
02-23 13:21:49.868  2028  3873 I Osense-BaseDecisionMaker: OSense not supported scene! SCENE_RES_IO_PSI
02-23 13:21:50.079  2028  4296 I OplusHansManager : uid=10279, pkg=org.telegram.messenger F enter(), M stay=10
02-23 13:21:50.082  2028  4296 I OplusHansManager : freeze uid: 10279 org.telegram.messenger pids: [10669] scene: LcdOn
02-23 13:21:50.083  9836  9847 D IHansComunication: HANS sendMessageToKernel: threadId = 490288954480, netLinkSetup = 1, type = PKG, targetUid = 10279, pkgCmd = ADD_ONE_UID
02-23 13:21:50.083  2028  4307 I OplusHansManager : p_BC uid=10279 pkg=org.telegram.messenger
02-23 13:21:50.084  2028  4307 I OplusBinderProxy: proxyBinder uid: 10279 pkg: org.telegram.messenger proxy: true calling: OFreezer
02-23 13:21:50.149  2028  4296 I OplusHansManager : uid=10277, pkg=com.myntra.android M enter(), R stay=20
02-23 13:21:50.329  1474 26959 I vendor.qti.bluetooth@1.0-ibs_handler: ProcessIbsCmd: Received IBS_WAKE_IND: 0xFD
02-23 13:21:50.330  1474 26959 D vendor.qti.bluetooth@1.0-ibs_handler: SerialClockVote: vote for UART CLK ON
02-23 13:21:50.331  1474 26959 D vendor.qti.bluetooth@1.0-wake_lock: Acquire wakelock is acquired 
02-23 13:21:50.331  1474 26959 I vendor.qti.bluetooth@1.0-ibs_handler: ProcessIbsCmd: Writing IBS_WAKE_ACK
02-23 13:21:50.371  1474 26959 I vendor.qti.bluetooth@1.0-ibs_handler: ProcessIbsCmd: Received IBS_SLEEP_IND: 0xFE
02-23 13:21:50.372  1474 26959 D vendor.qti.bluetooth@1.0-ibs_handler: SerialClockVote: vote for UART CLK OFF
02-23 13:21:50.395  2028  3514 D WifiStaIfaceHidlImpl: getCachedScanData is not implemented by HIDL
02-23 13:21:50.412  3826  3940 D WifiStatusTracker: mNetworkCallback onCapabilitiesChanged network:289 mPrimaryNetworkId:289
02-23 13:21:50.413  4441  4441 D VendorWifiService: onEvent event:9,action:1
02-23 13:21:50.414  4441  4620 D SubsysEventListenerManager: onCapabilitiesChanged
02-23 13:21:50.414  4441  4620 D DataStateTracker: getCurDataChannel, channel:1
02-23 13:21:50.415  3826  4011 D WifiPickerTracker: handleNetworkCapabilitiesChanged network:289
02-23 13:21:50.420  3826  4011 I WifiPickerTracker: wifi connected status realConnectedWifiEntry not null: true
02-23 13:21:50.420  3826  3940 D WifiStatusTracker: mNetworkCallback onCapabilitiesChanged network:289 mPrimaryNetworkId:289
02-23 13:21:50.421  2028  3653 D OplusSlaNetworkManager: isPrimaryWifi:true network:289
02-23 13:21:50.422  2028  3615 D SystemNetworkObserver: wifi network 289 nc changed, primary=true
02-23 13:21:50.422  2028  3615 D SystemNetworkObserver: default network nc changed 289
02-23 13:21:50.427  3826  3940 I SystemUi--Statusbar: NetworkController.WifiSignalController-->handleStatusUpdated state=3 enabled=true connected=true isDefaultNetwork=true rssi=-69 level=3 statusLabel=null isDirty=false
02-23 13:21:50.428  3826  3940 I SystemUi--Statusbar: NetworkController.WifiSignalController-->handleStatusUpdated state=3 enabled=true connected=true isDefaultNetwork=true rssi=-69 level=3 statusLabel=null isDirty=false
02-23 13:21:50.429  3826  3940 I SystemUi--Statusbar: NetworkController.WifiSignalController-->handleStatusUpdated state=3 enabled=true connected=true isDefaultNetwork=true rssi=-69 level=3 statusLabel=null isDirty=false
02-23 13:21:50.434 10211 10375 I CardConfig.RxNetworkMonitor: onNetworkStateChange, current:true, last:true
02-23 13:21:50.435  9129  9139 I NullBinder: NullBinder for android.net.action.RECOMMEND_NETWORKS triggering remote TransactionTooLargeException due to Service without Chimera impl, calling uid: 1000, calling pid: 0
02-23 13:21:50.435  9129  9139 W .gms.persistent: Large reply transaction of 2113536 bytes, interface descriptor , code 1
02-23 13:21:50.436  9050  9092 I BugleRcsEngine: handleMessage processing message:[NOTIFY_UPTIME_IGNORE_STATE_CHANGED] with [non-null]:RcsEngineImpl reference [CONTEXT log_prefix="RcsEngineImpl[DUAL_REG]:[84532c06-c402]>Handler" thread_id=759 ]
02-23 13:21:50.438  9050  9082 I BugleRcsEngine: Connected state: [1], networkType: [WIFI] [CONTEXT thread_id=752 ]
02-23 13:21:50.448  9129  9139 I NullBinder: NullBinder for android.net.action.RECOMMEND_NETWORKS triggering remote TransactionTooLargeException due to Service without Chimera impl, calling uid: 1000, calling pid: 0
02-23 13:21:50.448  9129  9139 W .gms.persistent: Large reply transaction of 2113536 bytes, interface descriptor , code 1
02-23 13:21:50.452  9050  9092 I BugleRcsEngine: Rcs is enabled from user settings: true [CONTEXT log_prefix="ProvisioningEngineDataRetriever" thread_id=759 ]
02-23 13:21:50.452  9129  9139 I NullBinder: NullBinder for android.net.action.RECOMMEND_NETWORKS triggering remote TransactionTooLargeException due to Service without Chimera impl, calling uid: 1000, calling pid: 0
02-23 13:21:50.452  9129  9139 W .gms.persistent: Large reply transaction of 2113536 bytes, interface descriptor , code 1
02-23 13:21:50.454  9129  9139 I NullBinder: NullBinder for android.net.action.RECOMMEND_NETWORKS triggering remote TransactionTooLargeException due to Service without Chimera impl, calling uid: 1000, calling pid: 0
02-23 13:21:50.454  9129  9139 W .gms.persistent: Large reply transaction of 2113536 bytes, interface descriptor , code 1
02-23 13:21:50.522  1474 26943 D vendor.qti.bluetooth@1.0-wake_lock: Release wakelock is released 
02-23 13:21:50.558  2028  4892 W UriGrantsManagerService: No permission grants found for com.google.android.apps.photos
02-23 13:21:50.559  2028  4892 W UriGrantsManagerService: No permission grants found for com.google.android.apps.photos
02-23 13:21:50.641  1545  1698 D BatteryChargeControl: bcc get no support from charging protocol
02-23 13:21:50.659  7051  1246 D ShellSubscriberWorkerThread: the first 8 bytes empty, and RestData length > 8 
02-23 13:21:50.661  2028  5001 W UriGrantsManagerService: No permission grants found for com.google.android.apps.photos
02-23 13:21:50.662  2028  5001 W UriGrantsManagerService: No permission grants found for com.google.android.apps.photos
02-23 13:21:50.777  9129  9129 D BoundBrokerSvc: onUnbind: Intent { act=com.google.android.gms.libs.gmscorelogger.service.START dat=chimera-action:/... cmp=com.google.android.gms/.chimera.PersistentDirectBootAwareApiService mCallingUid=10108 }
02-23 13:21:50.810  2028  5001 W UriGrantsManagerService: No permission grants found for com.google.android.apps.photos
02-23 13:21:50.811  2028  5001 W UriGrantsManagerService: No permission grants found for com.google.android.apps.photos
02-23 13:21:50.830  1545  1663 D vendor.oplus.hardware.charger-V6-service: ret_value:128, read content:,356,357,4236,4236,-102,500,2200,82,85,1,4,-1,4980,85,1,0,1,1,0,0,4425,0,3,0,3,0,0,0,332,0,1,1,0,0,61,61,61,0,0,0,0,0,0,0,0,0,0
02-23 13:21:50.830  1545  1663 D vendor.oplus.hardware.charger-V6-service: gmtime: 2026-02-23-13-21-50
02-23 13:21:50.831  1545  1663 D vendor.oplus.hardware.charger-V6-service: usb_online:1, ac_online:0, wireless_online:-2147483648
02-23 13:21:50.852  4306  4638 D CommonApp-289-10485: transport layer data is invalid
02-23 13:21:50.908  2028  3873 I Osense-BaseDecisionMaker: notifySceneToAthenaPolicy: SCENE_RES_IO_PSI, bundle: Bundle[{ioLevel=3}]
02-23 13:21:50.908  2028  3873 I Osense-BaseDecisionMaker: OSense not supported scene! SCENE_RES_IO_PSI
02-23 13:21:50.933  9129 32460 I NearbySharing: Network state changed: NetworkState(isRestricted=false, isOnline=true, isCongested=false, isMetered=false, isWifiConnected=true)
02-23 13:21:51.065  1474 26959 I vendor.qti.bluetooth@1.0-ibs_handler: ProcessIbsCmd: Received IBS_WAKE_IND: 0xFD
02-23 13:21:51.065  1474 26959 D vendor.qti.bluetooth@1.0-ibs_handler: SerialClockVote: vote for UART CLK ON
02-23 13:21:51.066  1474 26959 D vendor.qti.bluetooth@1.0-wake_lock: Acquire wakelock is acquired 
02-23 13:21:51.067  1474 26959 I vendor.qti.bluetooth@1.0-ibs_handler: ProcessIbsCmd: Writing IBS_WAKE_ACK
02-23 13:21:51.087  9836  9847 D IHansComunication: HANS sendMessageToKernel: threadId = 490288954480, netLinkSetup = 1, type = FROZEN_TRANS, targetUid = 10279, pkgCmd = PKG_CMD_MAX
02-23 13:21:51.090  2028  4304 I OplusHansManager : unfreeze uid: 10279 org.telegram.messenger pids: [10669] reason: TransBinder scene: LcdOn
02-23 13:21:51.091  2028  4296 I OplusHansManager : uid=10279, pkg=org.telegram.messenger F exit(), F stay=1, reason=TransBinder
02-23 13:21:51.092  2028  4307 I OplusHansManager : up_BC uid=10279 pkg=org.telegram.messenger
02-23 13:21:51.092  2028  4307 I OplusBinderProxy: proxyBinder uid: 10279 pkg: org.telegram.messenger proxy: false calling: OFreezer
02-23 13:21:51.103 11187 11305 D ProfileInstaller: Installing profile for com.oplus.dmp
02-23 13:21:51.107  1474 26959 I vendor.qti.bluetooth@1.0-ibs_handler: ProcessIbsCmd: Received IBS_SLEEP_IND: 0xFE
02-23 13:21:51.108  1474 26959 D vendor.qti.bluetooth@1.0-ibs_handler: SerialClockVote: vote for UART CLK OFF
02-23 13:21:51.135  2028  3554 W ContextImpl: Calling a method in the system process without a qualified user: android.app.ContextImpl.sendBroadcast:1261 com.android.server.job.controllers.OplusCpuController.notifyHighCpuEventForApp:387 com.android.server.job.controllers.OplusCpuController.handleCpuUpdate:333 com.android.server.job.controllers.OplusCpuController.-$$Nest$mhandleCpuUpdate:0 com.android.server.job.controllers.OplusCpuController$CpuTrackerHandler.handleMessage:257 
02-23 13:21:51.258  1474 26943 D vendor.qti.bluetooth@1.0-wake_lock: Release wakelock is released 
02-23 13:21:51.301  1579 31213 D AudioPolicyService: updateUidStates_l() current->uid=10485 current->pid=10607 allowCapture=1 UidState=2 apmStat=2
02-23 13:21:51.306  1579 31213 D AudioPolicyService: updateUidStates_l() current->uid=10485 current->pid=10607 allowCapture=1 UidState=2 apmStat=2
02-23 13:21:51.315  1318 17649 E TetherController: property_get sys.radio.data.modem_share_flag return 0, 1!
02-23 13:21:51.400  4306  4638 D CommonApp-289-10485: DefaultState EVENT_SCENARIOS_CHANGE
02-23 13:21:51.400  4306  4638 D CommonApp-289-10485: scene=COMMON pn=com.jarvis
02-23 13:21:51.599  4153 25296 D IpClient/wlan0: interfaceLinkStateChanged: ifindex 24 up
02-23 13:21:51.625  3013 28397 D CustomLogManagerService: WorkHandler msg.what :5
02-23 13:21:51.630  3013 28397 D CustomLogManagerService: curTemp:332 limit:390
02-23 13:21:51.631  3013 28397 D CustomLogManagerService: checkUploadStatus: isSceenOn=true activeNetType=1 isCharging=true isUploading:false temperatureLimit:false
02-23 13:21:51.631  3013 28397 D CustomLogManagerService: sys.log.customer=false
02-23 13:21:51.631  3013 28397 D CustomLogManagerService: isHaveCustomLogCollecting :false
02-23 13:21:51.643  1545  1698 D BatteryChargeControl: bcc get no support from charging protocol
02-23 13:21:51.721  4239 10224 D IOplusDataManager: getPreferDdsSwitchPhoneId -1
02-23 13:21:51.736  1495 11693 I WifiHAL : event received NL80211_CMD_VENDOR, vendor_id = 0x1374, subcmd = 0xd
02-23 13:21:51.737  4306  4659 D TelephonyImpl: isRequestingMms
02-23 13:21:51.738  4306  4659 D TelephonyImpl: getReleaseMmsNetworkTime
02-23 13:21:51.745  4306  4659 D OplusDdsSwitchStrategy: Md,OplusCheckFeature,RETURN_TO_CUR_ACTION_DDS
02-23 13:21:51.746  4239 10224 D IOplusDataManager: getPreferDdsSwitchPhoneId -1
02-23 13:21:51.798  1474 26959 I vendor.qti.bluetooth@1.0-ibs_handler: ProcessIbsCmd: Received IBS_WAKE_IND: 0xFD
02-23 13:21:51.798  1474 26959 D vendor.qti.bluetooth@1.0-ibs_handler: SerialClockVote: vote for UART CLK ON
02-23 13:21:51.799  1474 26959 D vendor.qti.bluetooth@1.0-wake_lock: Acquire wakelock is acquired 
02-23 13:21:51.799  1474 26959 I vendor.qti.bluetooth@1.0-ibs_handler: ProcessIbsCmd: Writing IBS_WAKE_ACK
02-23 13:21:51.840  1474 26959 I vendor.qti.bluetooth@1.0-ibs_handler: ProcessIbsCmd: Received IBS_SLEEP_IND: 0xFE
02-23 13:21:51.840  1474 26959 D vendor.qti.bluetooth@1.0-ibs_handler: SerialClockVote: vote for UART CLK OFF
02-23 13:21:51.876  4306  4638 D CommonApp-289-10485: transport layer data is invalid
