--------- beginning of system
02-23 12:59:59.161  2028  2679 D ShortcutService: Getting shortcuts for launcher= com.android.launcheruser=0 pkg=com.google.android.dialer
02-23 12:59:59.161  2028  2679 D ShortcutService: Getting shortcuts for launcher= com.google.android.asuser=0 pkg=com.google.android.dialer
02-23 12:59:59.161  2028  2679 D ShortcutService: Getting shortcuts for launcher= com.android.systemuiuser=0 pkg=com.google.android.apps.nbu.files
02-23 12:59:59.161  2028  2679 D ShortcutService: Getting shortcuts for launcher= com.android.launcheruser=0 pkg=com.google.android.apps.nbu.files
02-23 12:59:59.161  2028  2679 D ShortcutService: Getting shortcuts for launcher= com.google.android.asuser=0 pkg=com.google.android.apps.nbu.files
02-23 12:59:59.161  2028  2679 D ShortcutService: Getting shortcuts for launcher= com.android.systemuiuser=0 pkg=com.mxtech.videoplayer.ad
02-23 12:59:59.161  2028  2679 D ShortcutService: Getting shortcuts for launcher= com.android.launcheruser=0 pkg=com.mxtech.videoplayer.ad
02-23 12:59:59.162  2028  2679 D ShortcutService: Getting shortcuts for launcher= com.google.android.asuser=0 pkg=com.mxtech.videoplayer.ad
02-23 12:59:59.162  2028  2679 D ShortcutService: Getting shortcuts for launcher= com.android.systemuiuser=0 pkg=com.twitter.android
02-23 12:59:59.162  2028  2679 D ShortcutService: Getting shortcuts for launcher= com.android.launcheruser=0 pkg=com.twitter.android
02-23 12:59:59.162  2028  2679 D ShortcutService: Getting shortcuts for launcher= com.google.android.asuser=0 pkg=com.twitter.android
02-23 12:59:59.162  2028  2679 D ShortcutService: Getting shortcuts for launcher= com.android.systemuiuser=0 pkg=com.google.android.apps.docs
02-23 12:59:59.162  2028  2679 D ShortcutService: Getting shortcuts for launcher= com.android.launcheruser=0 pkg=com.google.android.apps.docs
02-23 12:59:59.162  2028  2679 D ShortcutService: Getting shortcuts for launcher= com.google.android.asuser=0 pkg=com.google.android.apps.docs
02-23 12:59:59.163  2028  2679 D ShortcutService: Getting shortcuts for launcher= com.android.systemuiuser=0 pkg=com.google.android.apps.maps
02-23 12:59:59.163  2028  2679 D ShortcutService: Getting shortcuts for launcher= com.android.launcheruser=0 pkg=com.google.android.apps.maps
02-23 12:59:59.163  2028  2679 D ShortcutService: Getting shortcuts for launcher= com.google.android.asuser=0 pkg=com.google.android.apps.maps
02-23 12:59:59.163  2028  2679 D ShortcutService: Getting shortcuts for launcher= com.android.systemuiuser=0 pkg=com.google.android.contacts
02-23 12:59:59.163  2028  3575 D ShortcutService: Saving package item com.android.launcher to /data/system_ce/0/shortcut_service/launchers/com.android.launcher0.xml
02-23 12:59:59.163  2028  2679 D ShortcutService: Getting shortcuts for launcher= com.android.launcheruser=0 pkg=com.google.android.contacts
02-23 12:59:59.309  2028  3575 D ShortcutService: Saving package item android to /data/system_ce/0/shortcut_service/launchers/android0.xml
02-23 12:59:59.309  2028  2679 D ShortcutService: Getting shortcuts for launcher= com.google.android.asuser=0 pkg=com.google.android.contacts
02-23 12:59:59.309  2028  2679 W Looper  : Slow dispatch took 145ms android.fg h=android.os.Handler c=com.android.server.pm.LauncherAppsService$LauncherAppsImpl$MyPackageMonitor$$ExternalSyntheticLambda0@5ca0ad0 m=0
02-23 12:59:59.309  2028  2679 D ShortcutService: Getting shortcuts for launcher= com.android.systemuiuser=0 pkg=com.android.chrome
02-23 12:59:59.309  2028  2679 D ShortcutService: Getting shortcuts for launcher= com.android.launcheruser=0 pkg=com.android.chrome
02-23 12:59:59.309  2028  2679 D ShortcutService: Getting shortcuts for launcher= com.google.android.asuser=0 pkg=com.android.chrome
02-23 12:59:59.310  2028  2679 D ShortcutService: Getting shortcuts for launcher= com.android.systemuiuser=0 pkg=com.oneplus.filemanager
02-23 12:59:59.310  2028  2679 D ShortcutService: Getting shortcuts for launcher= com.android.launcheruser=0 pkg=com.oneplus.filemanager
02-23 12:59:59.310  2028  2679 D ShortcutService: Getting shortcuts for launcher= com.google.android.asuser=0 pkg=com.oneplus.filemanager
02-23 12:59:59.310  2028  2679 D ShortcutService: Getting shortcuts for launcher= com.android.systemuiuser=0 pkg=com.google.android.gms
02-23 12:59:59.310  2028  2679 D ShortcutService: Getting shortcuts for launcher= com.android.launcheruser=0 pkg=com.google.android.gms
02-23 12:59:59.311  2028  2679 D ShortcutService: Getting shortcuts for launcher= com.google.android.asuser=0 pkg=com.google.android.gms
02-23 12:59:59.311  2028  2679 D ShortcutService: Getting shortcuts for launcher= com.android.systemuiuser=0 pkg=org.videolan.vlc
02-23 12:59:59.311  2028  2679 D ShortcutService: Getting shortcuts for launcher= com.android.launcheruser=0 pkg=org.videolan.vlc
02-23 12:59:59.312  2028  2679 D ShortcutService: Getting shortcuts for launcher= com.google.android.asuser=0 pkg=org.videolan.vlc
02-23 12:59:59.312  2028  2679 D ShortcutService: Getting shortcuts for launcher= com.android.systemuiuser=0 pkg=com.jio.myjio
02-23 12:59:59.312  2028  2679 D ShortcutService: Getting shortcuts for launcher= com.android.launcheruser=0 pkg=com.jio.myjio
02-23 12:59:59.312  2028  2679 D ShortcutService: Getting shortcuts for launcher= com.google.android.asuser=0 pkg=com.jio.myjio
02-23 12:59:59.312  2028  2679 D ShortcutService: Getting shortcuts for launcher= com.android.systemuiuser=0 pkg=com.google.android.apps.photos
02-23 12:59:59.312  2028  2679 D ShortcutService: Getting shortcuts for launcher= com.android.launcheruser=0 pkg=com.google.android.apps.photos
02-23 12:59:59.313  2028  2679 D ShortcutService: Getting shortcuts for launcher= com.google.android.asuser=0 pkg=com.google.android.apps.photos
02-23 12:59:59.313  2028  2679 D ShortcutService: Getting shortcuts for launcher= com.android.systemuiuser=0 pkg=com.google.android.calendar
02-23 12:59:59.313  2028  2679 D ShortcutService: Getting shortcuts for launcher= com.android.launcheruser=0 pkg=com.google.android.calendar
02-23 12:59:59.313  2028  2679 D ShortcutService: Getting shortcuts for launcher= com.google.android.asuser=0 pkg=com.google.android.calendar
02-23 12:59:59.313  2028  2679 D ShortcutService: Getting shortcuts for launcher= com.android.systemuiuser=0 pkg=com.spotify.music
02-23 12:59:59.314  2028  2679 D ShortcutService: Getting shortcuts for launcher= com.android.launcheruser=0 pkg=com.spotify.music
02-23 12:59:59.314  2028  2679 D ShortcutService: Getting shortcuts for launcher= com.google.android.asuser=0 pkg=com.spotify.music
02-23 12:59:59.314  2028  2679 D ShortcutService: Getting shortcuts for launcher= com.android.systemuiuser=0 pkg=com.application.zomato
02-23 12:59:59.314  2028  2679 D ShortcutService: Getting shortcuts for launcher= com.android.launcheruser=0 pkg=com.application.zomato
02-23 12:59:59.314  2028  2679 D ShortcutService: Getting shortcuts for launcher= com.google.android.asuser=0 pkg=com.application.zomato
02-23 12:59:59.314  2028  3575 D ShortcutService: Saving package item com.google.android.as to /data/system_ce/0/shortcut_service/launchers/com.google.android.as0.xml
02-23 12:59:59.314  2028  2679 D ShortcutService: Getting shortcuts for launcher= com.android.systemuiuser=0 pkg=com.facebook.katana
02-23 12:59:59.314  2028  2679 D ShortcutService: Getting shortcuts for launcher= com.android.launcheruser=0 pkg=com.facebook.katana
02-23 12:59:59.315  2028  2679 D ShortcutService: Getting shortcuts for launcher= com.google.android.asuser=0 pkg=com.facebook.katana
02-23 12:59:59.316  2028  3575 D ShortcutService: Saving package item com.android.intentresolver to /data/system_ce/0/shortcut_service/launchers/com.android.intentresolver0.xml
02-23 12:59:59.316  2028  2679 D ShortcutService: Getting shortcuts for launcher= com.android.systemuiuser=0 pkg=com.oplus.encryption
02-23 12:59:59.317  2028  2679 D ShortcutService: Getting shortcuts for launcher= com.android.launcheruser=0 pkg=com.oplus.encryption
02-23 12:59:59.317  2028  2679 D ShortcutService: Getting shortcuts for launcher= com.google.android.asuser=0 pkg=com.oplus.encryption
02-23 12:59:59.317  2028  2679 D ShortcutService: Getting shortcuts for launcher= com.android.systemuiuser=0 pkg=com.linkedin.android
02-23 12:59:59.317  2028  2679 D ShortcutService: Getting shortcuts for launcher= com.android.launcheruser=0 pkg=com.linkedin.android
02-23 12:59:59.317  2028  2679 D ShortcutService: Getting shortcuts for launcher= com.google.android.asuser=0 pkg=com.linkedin.android
02-23 12:59:59.318  2028  2679 D ShortcutService: Getting shortcuts for launcher= com.android.systemuiuser=0 pkg=com.android.settings
02-23 12:59:59.318  2028  2679 D ShortcutService: Getting shortcuts for launcher= com.android.launcheruser=0 pkg=com.android.settings
02-23 12:59:59.318  2028  3575 D ShortcutService: Saving package item com.android.systemui to /data/system_ce/0/shortcut_service/launchers/com.android.systemui0.xml
02-23 12:59:59.318  2028  2679 D ShortcutService: Getting shortcuts for launcher= com.google.android.asuser=0 pkg=com.android.settings
02-23 12:59:59.318  2028  2679 D ShortcutService: Getting shortcuts for launcher= com.android.systemuiuser=0 pkg=com.heytap.mcs
02-23 12:59:59.320  2028  3575 D ShortcutService: Saving package item net.oneplus.weather to /data/system_ce/0/shortcut_service/packages/net.oneplus.weather.xml
02-23 12:59:59.320  2028  2679 D ShortcutService: Getting shortcuts for launcher= com.android.launcheruser=0 pkg=com.heytap.mcs
02-23 12:59:59.320  2028  2679 D ShortcutService: Getting shortcuts for launcher= com.google.android.asuser=0 pkg=com.heytap.mcs
02-23 12:59:59.320  2028  2679 D ShortcutService: Getting shortcuts for launcher= com.android.systemuiuser=0 pkg=com.google.android.apps.nbu.paisa.user
02-23 12:59:59.320  2028  2679 D ShortcutService: Getting shortcuts for launcher= com.android.launcheruser=0 pkg=com.google.android.apps.nbu.paisa.user
02-23 12:59:59.320  2028  2679 D ShortcutService: Getting shortcuts for launcher= com.google.android.asuser=0 pkg=com.google.android.apps.nbu.paisa.user
02-23 12:59:59.321  2028  2679 D ShortcutService: Getting shortcuts for launcher= com.android.systemuiuser=0 pkg=com.heytap.browser
02-23 12:59:59.322  2028  2679 D ShortcutService: Getting shortcuts for launcher= com.android.launcheruser=0 pkg=com.heytap.browser
02-23 12:59:59.322  2028  2679 D ShortcutService: Getting shortcuts for launcher= com.google.android.asuser=0 pkg=com.heytap.browser
02-23 12:59:59.322  2028  2679 D ShortcutService: Getting shortcuts for launcher= com.android.systemuiuser=0 pkg=com.strava
02-23 12:59:59.322  2028  2679 D ShortcutService: Getting shortcuts for launcher= com.android.launcheruser=0 pkg=com.strava
02-23 12:59:59.322  2028  2679 D ShortcutService: Getting shortcuts for launcher= com.google.android.asuser=0 pkg=com.strava
02-23 12:59:59.322  2028  2679 D ShortcutService: Getting shortcuts for launcher= com.android.systemuiuser=0 pkg=com.myntra.android
02-23 12:59:59.322  2028  2679 D ShortcutService: Getting shortcuts for launcher= com.android.launcheruser=0 pkg=com.myntra.android
02-23 12:59:59.323  2028  2679 D ShortcutService: Getting shortcuts for launcher= com.google.android.asuser=0 pkg=com.myntra.android
02-23 12:59:59.323  2028  2679 D ShortcutService: Getting shortcuts for launcher= com.android.systemuiuser=0 pkg=com.audible.application
02-23 12:59:59.323  2028  2679 D ShortcutService: Getting shortcuts for launcher= com.android.launcheruser=0 pkg=com.audible.application
02-23 12:59:59.323  2028  2679 D ShortcutService: Getting shortcuts for launcher= com.google.android.asuser=0 pkg=com.audible.application
02-23 12:59:59.323  2028  2679 D ShortcutService: Getting shortcuts for launcher= com.android.systemuiuser=0 pkg=com.goibibo
02-23 12:59:59.324  2028  2679 D ShortcutService: Getting shortcuts for launcher= com.android.launcheruser=0 pkg=com.goibibo
02-23 12:59:59.324  2028  2679 D ShortcutService: Getting shortcuts for launcher= com.google.android.asuser=0 pkg=com.goibibo
02-23 12:59:59.324  2028  2679 D ShortcutService: Getting shortcuts for launcher= com.android.systemuiuser=0 pkg=com.nearme.instant.platform
02-23 12:59:59.324  2028  2679 D ShortcutService: Getting shortcuts for launcher= com.android.launcheruser=0 pkg=com.nearme.instant.platform
02-23 12:59:59.324  2028  2679 D ShortcutService: Getting shortcuts for launcher= com.google.android.asuser=0 pkg=com.nearme.instant.platform
02-23 12:59:59.324  2028  2679 D ShortcutService: Getting shortcuts for launcher= com.android.systemuiuser=0 pkg=com.oplus.camera
02-23 12:59:59.324  2028  2679 D ShortcutService: Getting shortcuts for launcher= com.android.launcheruser=0 pkg=com.oplus.camera
02-23 12:59:59.325  2028  2679 D ShortcutService: Getting shortcuts for launcher= com.google.android.asuser=0 pkg=com.oplus.camera
02-23 12:59:59.325  2028  2679 D ShortcutService: Getting shortcuts for launcher= com.android.systemuiuser=0 pkg=com.google.android.apps.youtube.music
02-23 12:59:59.325  2028  2679 D ShortcutService: Getting shortcuts for launcher= com.android.launcheruser=0 pkg=com.google.android.apps.youtube.music
02-23 12:59:59.325  2028  2679 D ShortcutService: Getting shortcuts for launcher= com.google.android.asuser=0 pkg=com.google.android.apps.youtube.music
02-23 12:59:59.325  2028  2679 D ShortcutService: Getting shortcuts for launcher= com.android.systemuiuser=0 pkg=com.coloros.childrenspace
02-23 12:59:59.325  2028  2679 D ShortcutService: Getting shortcuts for launcher= com.android.launcheruser=0 pkg=com.coloros.childrenspace
02-23 12:59:59.325  2028  2679 D ShortcutService: Getting shortcuts for launcher= com.google.android.asuser=0 pkg=com.coloros.childrenspace
02-23 12:59:59.326  2028  2679 D ShortcutService: Getting shortcuts for launcher= com.android.systemuiuser=0 pkg=com.snapchat.android
02-23 12:59:59.326  2028  2679 D ShortcutService: Getting shortcuts for launcher= com.android.launcheruser=0 pkg=com.snapchat.android
02-23 12:59:59.326  2028  2679 D ShortcutService: Getting shortcuts for launcher= com.google.android.asuser=0 pkg=com.snapchat.android
02-23 12:59:59.329  2028  3575 D ShortcutService: Saving package item com.jio.media.jiobeats to /data/system_ce/0/shortcut_service/packages/com.jio.media.jiobeats.xml
02-23 12:59:59.330  2028  3575 D ShortcutService: Saving package item com.google.android.youtube to /data/system_ce/0/shortcut_service/packages/com.google.android.youtube.xml
02-23 12:59:59.332  2028  3575 D ShortcutService: Saving package item com.internshala.app to /data/system_ce/0/shortcut_service/packages/com.internshala.app.xml
02-23 12:59:59.334  2028  3575 D ShortcutService: Saving package item com.microsoft.appmanager to /data/system_ce/0/shortcut_service/packages/com.microsoft.appmanager.xml
02-23 12:59:59.335  2028  3575 D ShortcutService: Saving package item com.truecaller to /data/system_ce/0/shortcut_service/packages/com.truecaller.xml
02-23 12:59:59.337  2028  3575 D ShortcutService: Saving package item com.google.android.googlequicksearchbox to /data/system_ce/0/shortcut_service/packages/com.google.android.googlequicksearchbox.xml
02-23 12:59:59.339  2028  3575 D ShortcutService: Saving package item com.google.android.apps.googleassistant to /data/system_ce/0/shortcut_service/packages/com.google.android.apps.googleassistant.xml
02-23 12:59:59.340  2028  3575 D ShortcutService: Saving package item org.telegram.messenger to /data/system_ce/0/shortcut_service/packages/org.telegram.messenger.xml
02-23 12:59:59.342  2028  3575 D ShortcutService: Saving package item com.oneplus.note to /data/system_ce/0/shortcut_service/packages/com.oneplus.note.xml
02-23 12:59:59.344  2028  3575 D ShortcutService: Saving package item com.google.android.apps.docs.editors.docs to /data/system_ce/0/shortcut_service/packages/com.google.android.apps.docs.editors.docs.xml
02-23 12:59:59.345  2028  3575 D ShortcutService: Saving package item com.nextbillion.groww to /data/system_ce/0/shortcut_service/packages/com.nextbillion.groww.xml
02-23 12:59:59.347  2028  3575 D ShortcutService: Saving package item com.phonepe.app to /data/system_ce/0/shortcut_service/packages/com.phonepe.app.xml
02-23 12:59:59.348  2028 28108 I UsageStatsService: Returning backup payload for u=0
02-23 12:59:59.348  2028 28108 I UsageStatsService: User[0] Flushing usage stats to disk
02-23 12:59:59.349  2028  3575 D ShortcutService: Saving package item com.heytap.cloud to /data/system_ce/0/shortcut_service/packages/com.heytap.cloud.xml
02-23 12:59:59.350  2028  3575 D ShortcutService: Saving package item com.shazam.android to /data/system_ce/0/shortcut_service/packages/com.shazam.android.xml
02-23 12:59:59.352  2028  3575 D ShortcutService: Saving package item com.coloros.translate to /data/system_ce/0/shortcut_service/packages/com.coloros.translate.xml
02-23 12:59:59.354  2028  3575 D ShortcutService: Saving package item com.whatsapp to /data/system_ce/0/shortcut_service/packages/com.whatsapp.xml
02-23 12:59:59.356  2028  3575 D ShortcutService: Saving package item com.google.android.apps.docs.editors.sheets to /data/system_ce/0/shortcut_service/packages/com.google.android.apps.docs.editors.sheets.xml
02-23 12:59:59.358  2028  3575 D ShortcutService: Saving package item com.google.android.apps.messaging to /data/system_ce/0/shortcut_service/packages/com.google.android.apps.messaging.xml
02-23 12:59:59.360  2028  3575 D ShortcutService: Saving package item com.oneplus.deskclock to /data/system_ce/0/shortcut_service/packages/com.oneplus.deskclock.xml
02-23 12:59:59.362  2028  3575 D ShortcutService: Saving package item com.openai.chatgpt to /data/system_ce/0/shortcut_service/packages/com.openai.chatgpt.xml
02-23 12:59:59.364  2028  3575 D ShortcutService: Saving package item com.oplus.themestore to /data/system_ce/0/shortcut_service/packages/com.oplus.themestore.xml
02-23 12:59:59.365  2028  3575 D ShortcutService: Saving package item com.free.vpn.super.hotspot.open to /data/system_ce/0/shortcut_service/packages/com.free.vpn.super.hotspot.open.xml
02-23 12:59:59.367  2028  3575 D ShortcutService: Saving package item com.duolingo to /data/system_ce/0/shortcut_service/packages/com.duolingo.xml
02-23 12:59:59.369  2028  3575 D ShortcutService: Saving package item com.Splitwise.SplitwiseMobile to /data/system_ce/0/shortcut_service/packages/com.Splitwise.SplitwiseMobile.xml
02-23 12:59:59.370  2028  3575 D ShortcutService: Saving package item com.android.vending to /data/system_ce/0/shortcut_service/packages/com.android.vending.xml
02-23 12:59:59.372  2028  3575 D ShortcutService: Saving package item com.flipkart.android to /data/system_ce/0/shortcut_service/packages/com.flipkart.android.xml
02-23 12:59:59.373  2028 28108 D IntervalStats: Unable to parse usage stats packages: [1692, 1695]
02-23 12:59:59.374  2028  3575 D ShortcutService: Saving package item com.oplus.phonemanager to /data/system_ce/0/shortcut_service/packages/com.oplus.phonemanager.xml
02-23 12:59:59.375  2028 28108 D IntervalStats: Unable to parse usage stats packages: [1545]
02-23 12:59:59.376  2028  3575 D ShortcutService: Saving package item in.upstox.app to /data/system_ce/0/shortcut_service/packages/in.upstox.app.xml
02-23 12:59:59.378  2028 28108 D IntervalStats: Unable to parse usage stats packages: [1239, 1533, 1545, 1555, 1556, 1562, 1564, 1565, 1566, 1567, 1568, 1569, 1570, 1571, 1572, 1573, 1574, 1575, 1576, 1577, 1578, 1579, 1580, 1581, 1582, 1583, 1584, 1585, 1586, 1587, 1588, 1589, 1590, 1591, 1592, 1593, 1594, 1595, 1596, 1597, 1598]
02-23 12:59:59.378  2028  3575 D ShortcutService: Saving package item com.oneplus.gallery to /data/system_ce/0/shortcut_service/packages/com.oneplus.gallery.xml
02-23 12:59:59.380  2028  3575 D ShortcutService: Saving package item in.org.npci.upiapp to /data/system_ce/0/shortcut_service/packages/in.org.npci.upiapp.xml
02-23 12:59:59.380  2028 28108 D IntervalStats: Unable to parse usage stats packages: [1239, 1533, 1545, 1604, 1607, 1611, 1613, 1618, 1619, 1620, 1621]
02-23 12:59:59.381  2028  3575 D ShortcutService: Saving package item com.instagram.android to /data/system_ce/0/shortcut_service/packages/com.instagram.android.xml
02-23 12:59:59.383  2028  3575 D ShortcutService: Saving package item com.pinterest to /data/system_ce/0/shortcut_service/packages/com.pinterest.xml
02-23 12:59:59.384  2028 28108 D IntervalStats: Unable to parse usage stats packages: [1239, 1533, 1545, 1638, 1640, 1650, 1664, 1665, 1666, 1667, 1668, 1669, 1670, 1671, 1672, 1673, 1674, 1675, 1677]
02-23 12:59:59.385  2028  3575 D ShortcutService: Saving package item com.google.android.gm to /data/system_ce/0/shortcut_service/packages/com.google.android.gm.xml
02-23 12:59:59.387  2028 28108 D IntervalStats: Unable to parse usage stats packages: [1545, 1638, 1640, 1650, 1677, 1691]
02-23 12:59:59.388  2028  3575 D ShortcutService: Saving package item com.zeptoconsumerapp to /data/system_ce/0/shortcut_service/packages/com.zeptoconsumerapp.xml
02-23 12:59:59.389  2028  3575 D ShortcutService: Saving package item com.google.android.dialer to /data/system_ce/0/shortcut_service/packages/com.google.android.dialer.xml
02-23 12:59:59.391  2028 28108 D IntervalStats: Unable to parse usage stats packages: [1533, 1545, 1604, 1607, 1611, 1613, 1622, 1627, 1629, 1630, 1631, 1632, 1636, 1638, 1639, 1640, 1641, 1643, 1644]
02-23 12:59:59.392  2028  3575 D ShortcutService: Saving package item com.google.android.apps.nbu.files to /data/system_ce/0/shortcut_service/packages/com.google.android.apps.nbu.files.xml
02-23 12:59:59.394  2028 28108 D IntervalStats: Unable to parse usage stats packages: [334, 338, 415, 426, 467, 850, 866, 872, 874, 875, 891, 899, 901, 904, 932, 936, 946, 1079, 1084, 1085, 1199, 1208, 1221, 1239, 1240, 1298, 1422, 1428, 1429, 1430, 1479, 1486, 1489, 1490, 1508, 1509, 1512, 1513, 1514, 1516, 1519, 1520, 1522, 1524, 1526, 1529, 1530, 1531, 1533, 1534, 1541, 1542, 1543, 1545, 1550, 1551, 1553, 1554, 1555, 1556, 1558, 1561, 1563, 1604, 1607, 1608, 1609, 1611, 1613, 1616, 1617, 1622, 1626, 1629, 1630, 1631, 1632, 1638, 1639, 1640, 1641, 1643, 1644, 1650, 1660, 1661, 1664, 1677, 1692]
02-23 12:59:59.394  2028  3575 D ShortcutService: Saving package item com.mxtech.videoplayer.ad to /data/system_ce/0/shortcut_service/packages/com.mxtech.videoplayer.ad.xml
02-23 12:59:59.396  2028  3575 D ShortcutService: Saving package item com.twitter.android to /data/system_ce/0/shortcut_service/packages/com.twitter.android.xml
02-23 12:59:59.398  2028  3575 D ShortcutService: Saving package item com.google.android.apps.docs to /data/system_ce/0/shortcut_service/packages/com.google.android.apps.docs.xml
02-23 12:59:59.399  2028 28108 D IntervalStats: Unable to parse usage stats packages: [24, 28, 29, 59, 67, 73, 81, 87, 88, 134, 150, 190, 201, 217, 250, 284, 303, 316, 317, 327, 334, 338, 376, 395, 398, 401, 410, 415, 426, 467, 475, 497, 529, 638, 826, 829, 831, 832, 838, 842, 844, 845, 846, 847, 848, 850, 853, 854, 856, 857, 858, 860, 866, 867, 870, 871, 872, 873, 874, 875, 876, 877, 878, 880, 882, 884, 885, 886, 887, 891, 894, 898, 899, 901, 902, 904, 906, 914, 918, 919, 920, 921, 922, 924, 926, 927, 928, 930, 931, 932, 934, 935, 936, 938, 939, 940, 941, 942, 945, 946, 947, 948, 949, 951, 953, 955, 961, 964, 970, 971, 973, 974, 976, 977, 979, 980, 981, 982, 994, 1001, 1007, 1018, 1071, 1075, 1076, 1079, 1080, 1081, 1083, 1084, 1085, 1086, 1087, 1088, 1089, 1091, 1120, 1121, 1122, 1123, 1124, 1125, 1126, 1127, 1128, 1129, 1130, 1131, 1132, 1133, 1134, 1135, 1136, 1137, 1138, 1139, 1140, 1141, 1142, 1143, 1144, 1145, 1146, 1147, 1148, 1149, 1150, 1151, 1152, 1154, 1156, 1172, 1173, 1174, 1175, 1176, 1177, 1178, 1180, 1181, 1182, 1183, 1184, 1185, 1192, 1193, 1194, 1199, 1201, 1204, 1206, 1208, 1209, 1210, 1213, 1215, 1216, 1217, 1218, 1219, 1221, 1222, 1223, 1226, 1227, 1232, 1237, 1238, 1239, 1240, 1241, 1242, 1244, 1245, 1246, 1248, 1250, 1254, 1258, 1262, 1269, 1271, 1272, 1273, 1274, 1408, 1409, 1422, 1428, 1429, 1430, 1432, 1437, 1445, 1479, 1482, 1483, 1484, 1486, 1487, 1488, 1489, 1490, 1491, 1492, 1493, 1495, 1496, 1497, 1498, 1499, 1506, 1507, 1508, 1509, 1510, 1512, 1513, 1514, 1516, 1520]
02-23 12:59:59.400  2028  3575 D ShortcutService: Saving package item com.google.android.apps.maps to /data/system_ce/0/shortcut_service/packages/com.google.android.apps.maps.xml
02-23 12:59:59.401  2028  3575 D ShortcutService: Saving package item com.google.android.contacts to /data/system_ce/0/shortcut_service/packages/com.google.android.contacts.xml
02-23 12:59:59.403  2028  3575 D ShortcutService: Saving package item com.android.chrome to /data/system_ce/0/shortcut_service/packages/com.android.chrome.xml
02-23 12:59:59.405  2028  3575 D ShortcutService: Saving package item com.oneplus.filemanager to /data/system_ce/0/shortcut_service/packages/com.oneplus.filemanager.xml
02-23 12:59:59.407  2028  3575 D ShortcutService: Saving package item com.google.android.gms to /data/system_ce/0/shortcut_service/packages/com.google.android.gms.xml
02-23 12:59:59.408  2028  3575 D ShortcutService: Saving package item org.videolan.vlc to /data/system_ce/0/shortcut_service/packages/org.videolan.vlc.xml
02-23 12:59:59.410  2028  3575 D ShortcutService: Saving package item com.jio.myjio to /data/system_ce/0/shortcut_service/packages/com.jio.myjio.xml
02-23 12:59:59.412  2028  3575 D ShortcutService: Saving package item com.google.android.apps.photos to /data/system_ce/0/shortcut_service/packages/com.google.android.apps.photos.xml
02-23 12:59:59.413  2028  3575 D ShortcutService: Saving package item com.google.android.calendar to /data/system_ce/0/shortcut_service/packages/com.google.android.calendar.xml
02-23 12:59:59.415  2028  3575 D ShortcutService: Saving package item com.spotify.music to /data/system_ce/0/shortcut_service/packages/com.spotify.music.xml
02-23 12:59:59.417  2028  3575 D ShortcutService: Saving package item com.application.zomato to /data/system_ce/0/shortcut_service/packages/com.application.zomato.xml
02-23 12:59:59.419  2028  3575 D ShortcutService: Saving package item com.facebook.katana to /data/system_ce/0/shortcut_service/packages/com.facebook.katana.xml
02-23 12:59:59.421  2028  3575 D ShortcutService: Saving package item com.oplus.encryption to /data/system_ce/0/shortcut_service/packages/com.oplus.encryption.xml
02-23 12:59:59.423  2028  3575 D ShortcutService: Saving package item com.linkedin.android to /data/system_ce/0/shortcut_service/packages/com.linkedin.android.xml
02-23 12:59:59.425  2028  3575 D ShortcutService: Saving package item com.android.settings to /data/system_ce/0/shortcut_service/packages/com.android.settings.xml
02-23 12:59:59.426  2028  3575 D ShortcutService: Saving package item com.heytap.mcs to /data/system_ce/0/shortcut_service/packages/com.heytap.mcs.xml
02-23 12:59:59.428  2028  3575 D ShortcutService: Saving package item com.google.android.apps.nbu.paisa.user to /data/system_ce/0/shortcut_service/packages/com.google.android.apps.nbu.paisa.user.xml
02-23 12:59:59.430  2028  3575 D ShortcutService: Saving package item com.heytap.browser to /data/system_ce/0/shortcut_service/packages/com.heytap.browser.xml
02-23 12:59:59.432  2028  3575 D ShortcutService: Saving package item com.strava to /data/system_ce/0/shortcut_service/packages/com.strava.xml
02-23 12:59:59.434  2028  3575 D ShortcutService: Saving package item com.myntra.android to /data/system_ce/0/shortcut_service/packages/com.myntra.android.xml
02-23 12:59:59.436  2028  3575 D ShortcutService: Saving package item com.audible.application to /data/system_ce/0/shortcut_service/packages/com.audible.application.xml
02-23 12:59:59.438  2028  3575 D ShortcutService: Saving package item com.goibibo to /data/system_ce/0/shortcut_service/packages/com.goibibo.xml
02-23 12:59:59.440  2028  3575 D ShortcutService: Saving package item com.nearme.instant.platform to /data/system_ce/0/shortcut_service/packages/com.nearme.instant.platform.xml
02-23 12:59:59.442  2028  3575 D ShortcutService: Saving package item com.oplus.camera to /data/system_ce/0/shortcut_service/packages/com.oplus.camera.xml
02-23 12:59:59.445  2028  3575 D ShortcutService: Saving package item com.google.android.apps.youtube.music to /data/system_ce/0/shortcut_service/packages/com.google.android.apps.youtube.music.xml
02-23 12:59:59.447  2028  3575 D ShortcutService: Saving package item com.coloros.childrenspace to /data/system_ce/0/shortcut_service/packages/com.coloros.childrenspace.xml
02-23 12:59:59.459  2028  3575 D ShortcutService: Saving package item com.snapchat.android to /data/system_ce/0/shortcut_service/packages/com.snapchat.android.xml
02-23 12:59:59.491  2028 28108 D IntervalStats: Unable to parse usage stats packages: [1692, 1695]
02-23 12:59:59.518  2028 28108 D IntervalStats: Unable to parse usage stats packages: [1239, 1533, 1545, 1555, 1556, 1562, 1564, 1565, 1566, 1567, 1568, 1569, 1570, 1571, 1572, 1573, 1574, 1575, 1576, 1577, 1578, 1579, 1580, 1581, 1582, 1583, 1584, 1585, 1586, 1587, 1588, 1589, 1590, 1591, 1592, 1593, 1594, 1595, 1596, 1597, 1598]
02-23 12:59:59.520  2028 28108 D IntervalStats: Unable to parse usage stats packages: [1239, 1533, 1545, 1604, 1607, 1611, 1613, 1618, 1619, 1620, 1621]
02-23 12:59:59.521  2028 28108 D IntervalStats: Unable to parse usage stats packages: [1533, 1545, 1604, 1607, 1611, 1613, 1622, 1627, 1629, 1630, 1631, 1632, 1636, 1638, 1639, 1640, 1641, 1643, 1644]
02-23 12:59:59.523  2028 28108 D IntervalStats: Unable to parse usage stats packages: [1239, 1533, 1545, 1638, 1640, 1650, 1664, 1665, 1666, 1667, 1668, 1669, 1670, 1671, 1672, 1673, 1674, 1675, 1677]
02-23 12:59:59.525  2028 28108 D IntervalStats: Unable to parse usage stats packages: [1545, 1638, 1640, 1650, 1677, 1691]
02-23 12:59:59.527  2028 28108 D IntervalStats: Unable to parse usage stats packages: [1545]
02-23 12:59:59.530  2028 28108 D IntervalStats: Unable to parse usage stats packages: [24, 28, 29, 59, 67, 73, 81, 87, 88, 134, 150, 190, 201, 217, 250, 284, 303, 316, 317, 327, 334, 338, 376, 395, 398, 401, 410, 415, 426, 467, 475, 497, 529, 638, 826, 829, 831, 832, 838, 842, 844, 845, 846, 847, 848, 850, 853, 854, 856, 857, 858, 860, 866, 867, 870, 871, 872, 873, 874, 875, 876, 877, 878, 880, 882, 884, 885, 886, 887, 891, 894, 898, 899, 901, 902, 904, 906, 914, 918, 919, 920, 921, 922, 924, 926, 927, 928, 930, 931, 932, 934, 935, 936, 938, 939, 940, 941, 942, 945, 946, 947, 948, 949, 951, 953, 955, 961, 964, 970, 971, 973, 974, 976, 977, 979, 980, 981, 982, 994, 1001, 1007, 1018, 1071, 1075, 1076, 1079, 1080, 1081, 1083, 1084, 1085, 1086, 1087, 1088, 1089, 1091, 1120, 1121, 1122, 1123, 1124, 1125, 1126, 1127, 1128, 1129, 1130, 1131, 1132, 1133, 1134, 1135, 1136, 1137, 1138, 1139, 1140, 1141, 1142, 1143, 1144, 1145, 1146, 1147, 1148, 1149, 1150, 1151, 1152, 1154, 1156, 1172, 1173, 1174, 1175, 1176, 1177, 1178, 1180, 1181, 1182, 1183, 1184, 1185, 1192, 1193, 1194, 1199, 1201, 1204, 1206, 1208, 1209, 1210, 1213, 1215, 1216, 1217, 1218, 1219, 1221, 1222, 1223, 1226, 1227, 1232, 1237, 1238, 1239, 1240, 1241, 1242, 1244, 1245, 1246, 1248, 1250, 1254, 1258, 1262, 1269, 1271, 1272, 1273, 1274, 1408, 1409, 1422, 1428, 1429, 1430, 1432, 1437, 1445, 1479, 1482, 1483, 1484, 1486, 1487, 1488, 1489, 1490, 1491, 1492, 1493, 1495, 1496, 1497, 1498, 1499, 1506, 1507, 1508, 1509, 1510, 1512, 1513, 1514, 1516, 1520]
02-23 12:59:59.532  2028 28108 D IntervalStats: Unable to parse usage stats packages: [334, 338, 415, 426, 467, 850, 866, 872, 874, 875, 891, 899, 901, 904, 932, 936, 946, 1079, 1084, 1085, 1199, 1208, 1221, 1239, 1240, 1298, 1422, 1428, 1429, 1430, 1479, 1486, 1489, 1490, 1508, 1509, 1512, 1513, 1514, 1516, 1519, 1520, 1522, 1524, 1526, 1529, 1530, 1531, 1533, 1534, 1541, 1542, 1543, 1545, 1550, 1551, 1553, 1554, 1555, 1556, 1558, 1561, 1563, 1604, 1607, 1608, 1609, 1611, 1613, 1616, 1617, 1622, 1626, 1629, 1630, 1631, 1632, 1638, 1639, 1640, 1641, 1643, 1644, 1650, 1660, 1661, 1664, 1677, 1692]
02-23 12:59:59.544  2028 28108 I BackupRestoreController: Getting widget state for user: 0
02-23 12:59:59.564  2028 28108 W ProcessStats: Tracking association SourceState{495f777 com.oplus.exsystemservice/1000 BFgs #1253540} whose proc state 4 is better than process ProcessState{24acfe4 system/1000 pkg=com.android.providers.settings (sub)} proc state 9 (129 skipped)
02-23 12:59:59.565  2028 28108 D KeyValueBackupTask: Starting key-value backup of com.google.android.gms
02-23 12:59:59.567  2028 28108 D BackupManagerService: [UserID:0] awaiting agent for ApplicationInfo{e38564b com.google.android.gms}
02-23 12:59:59.579  2028  3334 D CompatChangeReporter: Compat change id reported: 151861875; UID 10316; state: ENABLED
02-23 12:59:59.591  2028  2809 I ActivityManager: Start proc 29350:com.linkedin.android/u0a316 for service {com.linkedin.android/androidx.work.impl.background.systemjob.SystemJobService}
02-23 12:59:59.615  2028  7228 D BackupManagerService: [UserID:0] agentConnected pkg=com.google.android.gms agent=android.os.BinderProxy@b969e7a
02-23 12:59:59.616  2028 28108 I BackupManagerService: [UserID:0] got agent android.app.IBackupAgent$Stub$Proxy@fc6d62b
02-23 12:59:59.616  2028 28108 D KeyValueBackupTask: Invoking agent on com.google.android.gms
02-23 12:59:59.636  2028  7228 D ActivityTaskManagerServiceExtImpl: preBindApplication record is null
02-23 12:59:59.644  2028  3334 W JobServiceContext: Sending onNetworkChanged for a job that isn't started. JobStatus{fbf15d0 #u0a316/-2147482957 com.linkedin.android/androidx.work.impl.background.systemjob.SystemJobService u=0 s=10316 TIME=-9m38s251ms:none NET READY}
02-23 12:59:59.644  2028  3334 W JobServiceContext: Sending onNetworkChanged for a job that isn't started. JobStatus{306ac9c #u0a316/-2147482956 com.linkedin.android/androidx.work.impl.background.systemjob.SystemJobService u=0 s=10316 TIME=-9m13s331ms:none NET READY}
02-23 12:59:59.877 29350 29350 D ResourcesManagerExtImpl: applyConfigurationToAppResourcesLocked app.getDisplayId() return callback.displayId:-1
02-23 13:00:00.000  2028  3435 V AlarmManager: sending alarm Alarm{6d5ba78 type 3 origWhen 672699933 whenElapsed 672699933 android} uid 1000 whenElapsed 672699933 windowLength 0 maxWhenElapsed 672699933 repeatInterval 0 action null component null tag TIME_TICK flags 0x9 procName system_server
02-23 13:00:00.007  2028  3435 V AlarmManager: sending alarm Alarm{da91eb7 type 3 origWhen 672667838 whenElapsed 672673414 android} uid 1000 whenElapsed 672673414 windowLength 180000 maxWhenElapsed 672847838 repeatInterval 0 action null component null tag *job.prefetch* flags 0x8 procName system_server
02-23 13:00:00.007  2028  3435 V AlarmManager: sending alarm Alarm{e80624 type 3 origWhen 672674314 whenElapsed 672674314 android} uid 1000 whenElapsed 672674314 windowLength 390420 maxWhenElapsed 673064734 repeatInterval 0 action null component null tag *job.cleanup* flags 0x8 procName system_server
02-23 13:00:00.007  2028  3334 E JobScheduler.Prefetch: Alarm expired for <0>com.google.android.apps.docs at the wrong time
02-23 13:00:00.007  2028  3435 V AlarmManager: sending alarm Alarm{881c58d type 3 origWhen 672688186 whenElapsed 672688186 android} uid 1000 whenElapsed 672688186 windowLength 10878 maxWhenElapsed 672699064 repeatInterval 0 action null component null tag *job.delay* flags 0x0 procName system_server
02-23 13:00:00.008  2028  3435 V AlarmManager: sending alarm Alarm{1804342 type 0 origWhen 1771831800000 whenElapsed 672699933 com.android.settings} uid 1000 whenElapsed 672699933 windowLength 0 maxWhenElapsed 672699933 repeatInterval 0 action com.android.settings.battery.action.PERIODIC_JOB_UPDATE component ComponentInfo{com.android.settings/com.android.settings.fuelgauge.batteryusage.PeriodicJobReceiver} flags 0x9 procName com.android.settings
02-23 13:00:00.010  2028  3435 V AlarmManager: sending alarm Alarm{f26ef53 type 3 origWhen 672664219 whenElapsed 672673414 com.oplus.nhs} uid 1001 whenElapsed 672673414 windowLength 225000 maxWhenElapsed 672889219 repeatInterval 300000 action oplus.intent.action.INTERNAL_LOOP_UPDATE_ACTIVITYINFO_ALARM component ComponentInfo{com.oplus.nhs/com.oplus.nhs.pwr.ModemAci.ModemAciAlarmReceiver} flags 0x8 procName com.oplus.nhs
02-23 13:00:00.017  2028  3435 V AlarmManager: sending alarm Alarm{ea72daf type 1 origWhen 1771831800000 whenElapsed 672699933 com.oplus.battery} uid 1000 whenElapsed 672699933 windowLength 0 maxWhenElapsed 672699933 repeatInterval 0 action save_battery_stats_action component ComponentInfo{com.oplus.battery/com.oplus.powermanager.powercurve.SaveBatteryStatsReceiver} flags 0x9 procName com.oplus.battery
02-23 13:00:00.020  2028  2928 D OplusDisplayBrightnessBroadcastReceiver: onReceive action = android.intent.action.TIME_TICK , listeners = []
02-23 13:00:00.021  2028  3334 I OplusProxyWakeLock: prevent update worksource , it becomes empty, release wakelock: lock:65474384 PARTIAL_WAKE_LOCK                 '*alar' DISABLED (uid=1000 pid=2028 ws=WorkSource{1000})
02-23 13:00:00.033  2028  3334 D OplusProxyWakeLock: drop uidPid[10419,-1]  wakelock: lock:65474384 PARTIAL_WAKE_LOCK                 '*alar' (uid=1000 pid=2028 ws=WorkSource{10419 com.instagram.android}) from ProxyedWakeLock List.
02-23 13:00:00.404  2028  7231 D CompatChangeReporter: Compat change id reported: 319212206; UID 10316; state: ENABLED
02-23 13:00:00.443  2028  7231 D BiometricService: canAuthenticate: User=0, Caller=0, Authenticators=33023, opPackageName=com.linkedin.android
02-23 13:00:00.444  2028  7231 E OplusCustomizeRestrictionManagerService: isBiometricDisabled start
02-23 13:00:00.444  2028  7231 D BiometricService/PreAuthInfo: Package: com.linkedin.android Sensor ID: 0 Modality: 2 Status: 1
02-23 13:00:00.444  2028  7231 E OplusCustomizeRestrictionManagerService: isBiometricDisabled start
02-23 13:00:00.447  2028  7231 D BiometricService/PreAuthInfo: Package: com.linkedin.android Sensor ID: 4 Modality: 8 Status: 4
02-23 13:00:00.447  2028  7231 D BiometricService/PreAuthInfo: getCanAuthenticateInternal Modality: 3 AuthenticatorStatus: 1
02-23 13:00:00.447  2028  7231 D AuthService: canAuthenticate, userId: 0, callingUserId: 0, authenticators: 33023, result: 0
02-23 13:00:00.645  2028  7231 D ShortcutService: rescanPackageIfNeeded 0@com.linkedin.android, forceRescan=false , isNewApp=false
02-23 13:00:00.651  2028  7231 D ShortcutService: rescanPackageIfNeeded 0@com.linkedin.android, forceRescan=false , isNewApp=false
02-23 13:00:00.740 24305 29388 W PowerProfile: screen.on is deprecated! Use screen.on.display0 instead.
02-23 13:00:00.740 24305 29388 W PowerProfile: screen.full is deprecated! Use screen.full.display0 instead.
02-23 13:00:00.740 24305 29388 W ModemPowerProfile: getAverageBatteryDrainMaH called with unexpected key: 0x0, drain:SLEEP,RAT:DEFAULT
02-23 13:00:00.740 24305 29388 W ModemPowerProfile: getAverageBatteryDrainMaH called with unexpected key: 0x10000000, drain:IDLE,RAT:DEFAULT
02-23 13:00:00.740 24305 29388 W ModemPowerProfile: getAverageBatteryDrainMaH called with unexpected key: 0x20000000, drain:RX,RAT:DEFAULT
02-23 13:00:00.740 24305 29388 W ModemPowerProfile: getAverageBatteryDrainMaH called with unexpected key: 0x30000000, drain:TX,level:0,RAT:DEFAULT
02-23 13:00:00.740 24305 29388 W ModemPowerProfile: getAverageBatteryDrainMaH called with unexpected key: 0x31000000, drain:TX,level:1,RAT:DEFAULT
02-23 13:00:00.740 24305 29388 W ModemPowerProfile: getAverageBatteryDrainMaH called with unexpected key: 0x32000000, drain:TX,level:2,RAT:DEFAULT
02-23 13:00:00.740 24305 29388 W ModemPowerProfile: getAverageBatteryDrainMaH called with unexpected key: 0x33000000, drain:TX,level:3,RAT:DEFAULT
02-23 13:00:00.740 24305 29388 W ModemPowerProfile: getAverageBatteryDrainMaH called with unexpected key: 0x34000000, drain:TX,level:4,RAT:DEFAULT
02-23 13:00:00.768  2028  7231 D CompatChangeReporter: Compat change id reported: 311402873; UID 10316; state: ENABLED
02-23 13:00:00.768  2028  7231 D CompatChangeReporter: Compat change id reported: 323349338; UID 10316; state: ENABLED
02-23 13:00:00.810  2028  7228 I ActivityManager: Flag disabled. Ignoring finishAttachApplication from uid: 10316. pid: 29350
02-23 13:00:00.824  2028  7228 D VRR [OPlusExternalRefreshRateManager]: isPkgTfcEnable: pkgName = com.linkedin.android, enable = false
02-23 13:00:00.824  2028  7228 D VRR [OPlusExternalRefreshRateManager]: getTfcMinFramerate: pkgName = com.linkedin.android, min framerate = 0
02-23 13:00:00.840  2028  7231 D ShortcutService: rescanPackageIfNeeded 0@com.linkedin.android, forceRescan=false , isNewApp=false
02-23 13:00:00.845  2028  7231 D ShortcutService: rescanPackageIfNeeded 0@com.linkedin.android, forceRescan=false , isNewApp=false
02-23 13:00:00.849  2028  4119 D ShortcutService: rescanPackageIfNeeded 0@com.linkedin.android, forceRescan=false , isNewApp=false
02-23 13:00:00.852  2028  4119 D ShortcutService: rescanPackageIfNeeded 0@com.linkedin.android, forceRescan=false , isNewApp=false
02-23 13:00:00.877  2028  4119 D ShortcutService: rescanPackageIfNeeded 0@com.linkedin.android, forceRescan=false , isNewApp=false
02-23 13:00:00.894  2028  7231 D CompatChangeReporter: Compat change id reported: 311208629; UID 10316; state: ENABLED
02-23 13:00:01.003  2028  3575 D ShortcutService: Saving package item com.linkedin.android to /data/system_ce/0/shortcut_service/packages/com.linkedin.android.xml
02-23 13:00:01.003  2028  2679 D ShortcutService: Getting shortcuts for launcher= com.android.systemuiuser=0 pkg=com.linkedin.android
02-23 13:00:01.009  2028  2679 D ShortcutService: Getting shortcuts for launcher= com.android.launcheruser=0 pkg=com.linkedin.android
02-23 13:00:01.011  2028  2679 D ShortcutService: Getting shortcuts for launcher= com.google.android.asuser=0 pkg=com.linkedin.android
02-23 13:00:01.271  2028 28108 I BackupRestoreController: Getting widget state for user: 0
02-23 13:00:01.294  2028 28108 D KeyValueBackupTask: Starting key-value backup of com.android.providers.settings
02-23 13:00:01.300  2028 28108 D BackupManagerService: [UserID:0] awaiting agent for ApplicationInfo{eb26a27 com.android.providers.settings}
02-23 13:00:01.325  2028  2028 D BackupManagerService: [UserID:0] agentConnected pkg=com.android.providers.settings agent=android.app.backup.BackupAgent$BackupServiceBinder@b8fda40
02-23 13:00:01.325  2028 28108 I BackupManagerService: [UserID:0] got agent android.app.backup.BackupAgent$BackupServiceBinder@b8fda40
02-23 13:00:01.325  2028 28108 D KeyValueBackupTask: Invoking agent on com.android.providers.settings
02-23 13:00:01.368  2028 28108 D LockSettingsStorage: [readSyntheticPasswordState] userId = 0, name = pwd
02-23 13:00:01.494  2028 28108 I BackupRestoreController: Getting widget state for user: 0
02-23 13:00:01.617  2028 28108 D KeyValueBackupTask: Starting key-value backup of com.android.calllogbackup
02-23 13:00:01.622  2028 28108 D CompatChangeReporter: Compat change id reported: 151861875; UID 10059; state: ENABLED
02-23 13:00:01.625  2028 28108 D BackupManagerService: [UserID:0] awaiting agent for ApplicationInfo{305d6e9 com.android.calllogbackup}
02-23 13:00:01.636  2028  2809 I ActivityManager: Start proc 29470:com.android.calllogbackup/u0a59 for backup {com.android.calllogbackup/com.android.calllogbackup.CallLogBackupAgent}
02-23 13:00:01.665  2028  7228 D ActivityTaskManagerServiceExtImpl: preBindApplication record is null
02-23 13:00:01.781 29470 29470 D ResourcesManagerExtImpl: applyConfigurationToAppResourcesLocked app.getDisplayId() return callback.displayId:-1
02-23 13:00:01.786  2028  4119 I ActivityManager: Flag disabled. Ignoring finishAttachApplication from uid: 10059. pid: 29470
02-23 13:00:01.792  2028  7231 D BackupManagerService: [UserID:0] agentConnected pkg=com.android.calllogbackup agent=android.os.BinderProxy@cf55515
02-23 13:00:01.793  2028 28108 I BackupManagerService: [UserID:0] got agent android.app.IBackupAgent$Stub$Proxy@79fd02a
02-23 13:00:01.793  2028 28108 D KeyValueBackupTask: Invoking agent on com.android.calllogbackup
02-23 13:00:01.847  2028  7231 D CompatChangeReporter: Compat change id reported: 297989574; UID 10059; state: ENABLED
02-23 13:00:02.019  7051  7051 W ContextImpl: Calling a method in the system process without a qualified user: android.app.ContextImpl.bindService:2061 android.content.ContextWrapper.bindService:873 com.oplus.onetrace.connection.a.f:23 com.oplus.onetrace.connection.b.c:24 T.b.j:8 
02-23 13:00:02.046 20563 20563 W ContextImpl: Calling a method in the system process without a qualified user: android.app.ContextImpl.bindService:2061 android.content.ContextWrapper.bindService:873 com.oplus.dataprovider.utils.AthenaManager.p:19 com.oplus.dataprovider.utils.AthenaManager.u:24 com.oplus.dataprovider.utils.AthenaManager.s:1 
02-23 13:00:02.047  2028  3575 D ShortcutService: saveDirtyInfo
02-23 13:00:02.047  2028  4119 V ActivityManager: Has totaly same connectionRecord, just reuse it!
02-23 13:00:02.048 20563 20563 W ContextImpl: Calling a method in the system process without a qualified user: android.app.ContextImpl.bindService:2061 android.content.ContextWrapper.bindService:873 com.oplus.dataprovider.utils.AthenaManager.o:19 com.oplus.dataprovider.utils.AthenaManager.t:24 com.oplus.dataprovider.utils.AthenaManager.s:4 
02-23 13:00:02.049  2028  4119 V ActivityManager: Has totaly same connectionRecord, just reuse it!
02-23 13:00:02.137  2028  5004 E OplusAthenaAm: AthenaAmManagerInternal transact code hello:13,flags:0
02-23 13:00:02.231  2028 28108 I BackupRestoreController: Getting widget state for user: 0
02-23 13:00:02.262  2028  5004 I OplusAppSwitchManagerService: appswitch registerAppSwitchObserver pName = com@@oplus@@onetrace observer = com.oplus.app.IOplusAppSwitchObserver$Stub$Proxy@5b581fa config = OplusAppSwitchConfig = {  mConfigs = {} observerFingerPrint = 122545009}
02-23 13:00:02.264  2028  5004 I OplusAppSwitchStateDispatcher: registerAppSwitchObserver addDynamicListener OK, info = OplusAppSwitchRuleInfo = {  observer = com.oplus.app.IOplusAppSwitchObserver$Stub$Proxy@5b581fa observerFingerPrint = 122545009} rule size =1
02-23 13:00:02.272  2028 28108 D KeyValueBackupTask: Starting key-value backup of com.google.android.apps.nbu.files
02-23 13:00:02.275  2028 28108 D BackupManagerService: [UserID:0] awaiting agent for ApplicationInfo{bb5855a com.google.android.apps.nbu.files}
02-23 13:00:02.284 20563 20563 W ContextImpl: Calling a method in the system process without a qualified user: android.app.ContextImpl.bindService:2061 android.content.ContextWrapper.bindService:873 com.oplus.dataprovider.producer.AppJankDataMonitor.bindSender:23 com.oplus.dataprovider.producer.AppJankDataMonitor.c:1 com.oplus.dataprovider.producer.f.run:3 
02-23 13:00:02.301 20563 20580 W ContextImpl: Calling a method in the system process without a qualified user: android.app.ContextImpl.bindService:2061 android.content.ContextWrapper.bindService:873 com.oplus.dataprovider.server.ThermalControlStatsProvider.h:37 com.oplus.dataprovider.server.ThermalControlStatsProvider.m:35 com.oplus.dataprovider.app.Z.n:3 
02-23 13:00:02.303  2028  5004 W ActivityManager: Unable to start service Intent { act=com.oplus.battery.ThermalTraceService pkg=com.oplus.battery mCallingUid=1000 } U=0: not found
02-23 13:00:02.431  2028  5004 D BackupManagerService: [UserID:0] agentConnected pkg=com.google.android.apps.nbu.files agent=android.os.BinderProxy@4989f62
02-23 13:00:02.431  2028 28108 I BackupManagerService: [UserID:0] got agent android.app.IBackupAgent$Stub$Proxy@d57e8f3
02-23 13:00:02.431  2028 28108 D KeyValueBackupTask: Invoking agent on com.google.android.apps.nbu.files
02-23 13:00:02.524  2028 28108 I BackupRestoreController: Getting widget state for user: 0
02-23 13:00:02.525  2028 28108 V BackupManagerConstants: getBackupFinishedNotificationReceivers(...) returns 
02-23 13:00:02.531  2028 28108 D KeyValueBackupTask: Starting key-value backup of com.google.android.inputmethod.latin
02-23 13:00:02.533  2028 28108 D BackupManagerService: [UserID:0] awaiting agent for ApplicationInfo{19b005e com.google.android.inputmethod.latin}
02-23 13:00:02.572  2028  5004 D BackupManagerService: [UserID:0] agentConnected pkg=com.google.android.inputmethod.latin agent=android.os.BinderProxy@dab970d
02-23 13:00:02.573  2028 28108 I BackupManagerService: [UserID:0] got agent android.app.IBackupAgent$Stub$Proxy@b2376c2
02-23 13:00:02.573  2028 28108 D KeyValueBackupTask: Invoking agent on com.google.android.inputmethod.latin
02-23 13:00:03.701 25491 25491 I AppWidgetManager: updateAppWidgetIds, mPackageName: com.android.chrome, appWidgetIds: [8], views:android.widget.RemoteViews@2640e70
02-23 13:00:03.703  2028  3937 I AppWidgetServiceImpl: scheduleNotifyUpdateAppWidgetLocked, widget info is null
02-23 13:00:03.816  2028 28108 I BackupRestoreController: Getting widget state for user: 0
02-23 13:00:03.823 25491 25491 I AppWidgetManager: updateAppWidgetIds, mPackageName: com.android.chrome, appWidgetIds: [8], views:android.widget.RemoteViews@16e732a
02-23 13:00:03.824  2028  7231 I AppWidgetServiceImpl: scheduleNotifyUpdateAppWidgetLocked, widget info is null
02-23 13:00:03.841  2028 28108 D KeyValueBackupTask: Starting key-value backup of com.google.android.youtube
02-23 13:00:03.853  2028 28108 D BackupManagerService: [UserID:0] awaiting agent for ApplicationInfo{f092aa8 com.google.android.youtube}
02-23 13:00:03.861  2028  2809 I ActivityManager: Start proc 29537:com.google.android.youtube/u0a142 for backup {com.google.android.youtube/com.google.android.apps.youtube.app.application.backup.YouTubeBackupAgent}
02-23 13:00:03.897  2028  3937 D ActivityTaskManagerServiceExtImpl: preBindApplication record is null
