02-23 12:57:03.827 25540 25641 I DMP-IndexEventManager: addEvent:InternalIndexEvent{mEvent=null, mEventTime=null, mEventData=null, mEventDropReason=null, mResource=null, mWork=null, mWorkId=99679f37-83eb-4547-9a61-4ac658deff73, mWorkTime=1771831623, mCursorSize=null, mResult=0}
02-23 12:57:03.827 25540 25641 I DMP-IndexEventManager: addInternalEvent:result=0 workId=99679f37-83eb-4547-9a61-4ac658deff73 workTime=1771831623
02-23 12:57:03.833 25540 25641 I DMP-IndexEventManager: addInternalEvent update:1
02-23 12:57:03.833 25540 25641 I DMP-FrozenHelper: deleteKeepRequest, no more quest
02-23 12:57:03.834 25540 25638 I WM-WorkerWrapper: Worker result SUCCESS for Work [ id=99679f37-83eb-4547-9a61-4ac658deff73, tags={ com.oplus.oss.bussiness.file.work.FileOneTimeWorker, file_OneTimeWork } ]
02-23 12:57:03.836  2028  5007 W PackageManager: package com.oplus.dmp uid 10334 pid 25540 call SetEnabledSetting(com.oplus.dmp component = androidx.work.impl.background.systemalarm.RescheduleReceiver, 2, 0)
02-23 12:57:03.945  9129 26280 I NearbySharing: Network state changed: NetworkState(isRestricted=false, isOnline=true, isCongested=false, isMetered=false, isWifiConnected=true)
02-23 12:57:04.004  4306  4638 D CommonApp-289-10485: transport layer data is invalid
02-23 12:57:04.078  2028  2808 D ProcessCpuTrackerExtImpl: mContext is already set, return now! 
02-23 12:57:04.178  1545  1698 D BatteryChargeControl: bcc get no support from charging protocol
02-23 12:57:04.438  2028  4296 I OplusHansManager : uid=10279, pkg=org.telegram.messenger F enter(), M stay=3
02-23 12:57:04.441  2028  4296 I OplusHansManager : freeze uid: 10279 org.telegram.messenger pids: [25399] scene: LcdOn
02-23 12:57:04.443  2028  4307 I OplusHansManager : p_BC uid=10279 pkg=org.telegram.messenger
02-23 12:57:04.443  2028  4307 I OplusBinderProxy: proxyBinder uid: 10279 pkg: org.telegram.messenger proxy: true calling: OFreezer
02-23 12:57:04.443  9836  9836 D IHansComunication: HANS sendMessageToKernel: threadId = 490288954480, netLinkSetup = 1, type = PKG, targetUid = 10279, pkgCmd = ADD_ONE_UID
02-23 12:57:04.527  3013 28397 D CustomLogManagerService: WorkHandler msg.what :5
02-23 12:57:04.533  3013 28397 D CustomLogManagerService: curTemp:336 limit:390
02-23 12:57:04.534  3013 28397 D CustomLogManagerService: checkUploadStatus: isSceenOn=true activeNetType=1 isCharging=true isUploading:false temperatureLimit:false
02-23 12:57:04.534  3013 28397 D CustomLogManagerService: sys.log.customer=false
02-23 12:57:04.534  3013 28397 D CustomLogManagerService: isHaveCustomLogCollecting :false
02-23 12:57:04.544  2028  3873 I Osense-BaseDecisionMaker: notifySceneToAthenaPolicy: SCENE_RES_IO_PSI, bundle: Bundle[{ioLevel=3}]
02-23 12:57:04.544  2028  3873 I Osense-BaseDecisionMaker: OSense not supported scene! SCENE_RES_IO_PSI
02-23 12:57:04.596  1474 26959 I vendor.qti.bluetooth@1.0-ibs_handler: ProcessIbsCmd: Received IBS_WAKE_IND: 0xFD
02-23 12:57:04.596  1474 26959 D vendor.qti.bluetooth@1.0-ibs_handler: SerialClockVote: vote for UART CLK ON
02-23 12:57:04.598  1474 26959 D vendor.qti.bluetooth@1.0-wake_lock: Acquire wakelock is acquired 
02-23 12:57:04.598  1474 26959 I vendor.qti.bluetooth@1.0-ibs_handler: ProcessIbsCmd: Writing IBS_WAKE_ACK
02-23 12:57:04.638  1474 26959 I vendor.qti.bluetooth@1.0-ibs_handler: ProcessIbsCmd: Received IBS_SLEEP_IND: 0xFE
02-23 12:57:04.638  1474 26959 D vendor.qti.bluetooth@1.0-ibs_handler: SerialClockVote: vote for UART CLK OFF
02-23 12:57:04.652  2028  7226 W UriGrantsManagerService: No permission grants found for com.google.android.apps.photos
02-23 12:57:04.653  2028  7226 W UriGrantsManagerService: No permission grants found for com.google.android.apps.photos
02-23 12:57:04.701  2028  3078 I AppsFilter: interaction: PackageSetting{84c63c8 com.android.microdroid.empty_payload/10372} -> PackageSetting{b4ad8f5 com.oplus.dmp/10334} BLOCKED
02-23 12:57:04.701  2028  3078 I AppsFilter: interaction: PackageSetting{39d9c61 com.jarvis/10485} -> PackageSetting{b4ad8f5 com.oplus.dmp/10334} BLOCKED
02-23 12:57:04.701  2028  3078 I AppsFilter: interaction: PackageSetting{3c75386 com.oplus.locationproxy/10148} -> PackageSetting{b4ad8f5 com.oplus.dmp/10334} BLOCKED
02-23 12:57:04.701  2028  3078 I AppsFilter: interaction: PackageSetting{6f59447 com.example.women_safety_app/10359} -> PackageSetting{b4ad8f5 com.oplus.dmp/10334} BLOCKED
02-23 12:57:04.701  2028  3078 I AppsFilter: interaction: PackageSetting{fa7f474 com.android.certinstaller/10186} -> PackageSetting{b4ad8f5 com.oplus.dmp/10334} BLOCKED
02-23 12:57:04.701  2028  3078 I AppsFilter: interaction: PackageSetting{cb69d9d com.oplus.location/10194} -> PackageSetting{b4ad8f5 com.oplus.dmp/10334} BLOCKED
02-23 12:57:04.719  4239  4239 D CarrierSvcBindHelper: onPackageModified: com.oplus.dmp
02-23 12:57:04.721  4239  4239 D CarrierSvcBindHelper: No carrier app for: 0
02-23 12:57:04.724  4239  4239 D CarrierSvcBindHelper: No carrier app for: 1
02-23 12:57:04.727  4239  4878 D ImsResolver: maybeAddedImsService, packageName: com.oplus.dmp
02-23 12:57:04.738  2028  2757 W Searchables: No web search activity found
02-23 12:57:04.741  2028  3474 V AccessibilityManagerService: onUserStateChangedLocked for user 0 with forceUpdate: false mEnabledServices = [ComponentInfo{com.microsoft.appmanager/com.microsoft.mmx.screenmirroringsrc.accessibility.ScreenMirroringAccessibilityService}] mCrashedServices = []
02-23 12:57:04.742  2028  3474 W MagnificationConnectionManager: requestConnection duplicated request: connect=false, mConnectionState=DISCONNECTED
02-23 12:57:04.746  2028  2028 I OplusBinderProxy: pb uid: 10419 pid: 22368 desc: android.view.accessibility.IAccessibilityManagerClient/4
02-23 12:57:04.750  2028  2028 I OplusBinderProxy: pb uid: 10316 pid: 25085 desc: android.view.accessibility.IAccessibilityManagerClient/4
02-23 12:57:04.751  2028  2028 I OplusBinderProxy: pb uid: 10288 pid: 5507 desc: android.view.accessibility.IAccessibilityManagerClient/4
02-23 12:57:04.781  1545  1663 D vendor.oplus.hardware.charger-V6-service: ret_value:127, read content:,344,340,4212,4212,-44,500,2200,80,83,1,4,-1,4987,83,1,0,1,1,0,0,4425,0,3,0,3,0,0,0,336,0,1,1,0,0,61,61,61,0,0,0,0,0,0,0,0,0,0
02-23 12:57:04.782  1545  1663 D vendor.oplus.hardware.charger-V6-service: gmtime: 2026-02-23-12-57-04
02-23 12:57:04.783  1545  1663 D vendor.oplus.hardware.charger-V6-service: usb_online:1, ac_online:0, wireless_online:-2147483648
02-23 12:57:04.789  1474 26943 D vendor.qti.bluetooth@1.0-wake_lock: Release wakelock is released 
02-23 12:57:05.022  7313 19198 I PTC.DISC.AndroidMultiLanServer: Watcher sysNif=[wlan0], userNif=[wlan0 state=(LISTEN JOIN(5199ED|31089)), ], clientNif=[wlan0 state=(LISTEN), ], tcpServer state=LISTEN, ipv4=**8.0.100
02-23 12:57:05.028  4306  4638 D CommonApp-289-10485: transport layer data is invalid
02-23 12:57:05.129  4306  4638 D CommonApp-289-10485: DefaultState EVENT_SCENARIOS_CHANGE
02-23 12:57:05.129  4306  4638 D CommonApp-289-10485: scene=COMMON pn=com.jarvis
02-23 12:57:05.179  1545  1698 D BatteryChargeControl: bcc get no support from charging protocol
02-23 12:57:05.211  3826  3945 W PluginActionManager: handleQueryPlugins, not in mPrivilegedPlugins, pkgName=com.oplus.dmp
02-23 12:57:05.211  3826  3945 W PluginActionManager: handleQueryPlugins, not in mPrivilegedPlugins, pkgName=com.oplus.dmp
02-23 12:57:05.211  3826  3945 W PluginActionManager: handleQueryPlugins, not in mPrivilegedPlugins, pkgName=com.oplus.dmp
02-23 12:57:05.211  3826  3945 W PluginActionManager: handleQueryPlugins, not in mPrivilegedPlugins, pkgName=com.oplus.dmp
02-23 12:57:05.211  3826  3945 W PluginActionManager: handleQueryPlugins, not in mPrivilegedPlugins, pkgName=com.oplus.dmp
02-23 12:57:05.211  3826  3945 W PluginActionManager: handleQueryPlugins, not in mPrivilegedPlugins, pkgName=com.oplus.dmp
02-23 12:57:05.211  3826  3945 W PluginActionManager: handleQueryPlugins, not in mPrivilegedPlugins, pkgName=com.oplus.dmp
02-23 12:57:05.211  3826  3945 W PluginActionManager: handleQueryPlugins, not in mPrivilegedPlugins, pkgName=com.oplus.dmp
02-23 12:57:05.211  3826  3945 W PluginActionManager: handleQueryPlugins, not in mPrivilegedPlugins, pkgName=com.oplus.dmp
02-23 12:57:05.211  3826  3945 W PluginActionManager: handleQueryPlugins, not in mPrivilegedPlugins, pkgName=com.oplus.dmp
02-23 12:57:05.211  3826  3945 W PluginActionManager: handleQueryPlugins, not in mPrivilegedPlugins, pkgName=com.oplus.dmp
02-23 12:57:05.211  3826  3945 W PluginActionManager: handleQueryPlugins, not in mPrivilegedPlugins, pkgName=com.oplus.dmp
02-23 12:57:05.211  3826  3945 W PluginActionManager: handleQueryPlugins, not in mPrivilegedPlugins, pkgName=com.oplus.dmp
02-23 12:57:05.216  4048  4048 I PluginManagerImpl: actionManager.reloadPackage, pkg: com.oplus.dmp
02-23 12:57:05.216  4048  4048 I PluginManagerImpl: actionManager.reloadPackage, pkg: com.oplus.dmp
02-23 12:57:05.216  4048  4048 I PluginManagerImpl: actionManager.reloadPackage, pkg: com.oplus.dmp
02-23 12:57:05.216  4048  4048 I PluginManagerImpl: actionManager.reloadPackage, pkg: com.oplus.dmp
02-23 12:57:05.217  3826  3826 D ControlsListingControllerImpl: ServiceConfig reloaded, count: 0
02-23 12:57:05.217  3826  3826 D OplusKeyGuardStylePluginManager: receive:android.intent.action.PACKAGE_CHANGED
02-23 12:57:05.218  7313 26872 I PTC.DATATRANS.g: The current enabled state for com.oplus.dmp : 0
02-23 12:57:05.218  7313 26872 W PTC.DATATRANS.g: Invalid PACKAGE_CHANGED event. Ignoring ...
02-23 12:57:05.233 18790 21455 I ServiceLiveData: Not exempting com.google.android.gms - not an active InputMethod for u0
02-23 12:57:05.235 18790 16721 I ServiceLiveData: Detected PrintServices: [com.android.bips]
02-23 12:57:05.236 18790 21446 I ServiceLiveData: Not exempting com.android.dreams.basic - not an active DreamService for u0
02-23 12:57:05.237 18790 21455 I ServiceLiveData: Not exempting com.oplus.securitykeyboard - not an active InputMethod for u0
02-23 12:57:05.237 18790 21455 I ServiceLiveData: Not exempting com.snapchat.android - not an active InputMethod for u0
02-23 12:57:05.237 18790 21455 I ServiceLiveData: Detected InputMethods: [com.google.android.inputmethod.latin, com.google.android.tts]
02-23 12:57:05.238 18790 21444 I ServiceLiveData: Not exempting com.openai.chatgpt - not an active VoiceInteractionService for u0
02-23 12:57:05.238 18790 21444 I ServiceLiveData: Detected VoiceInteractionServices: [com.google.android.googlequicksearchbox]
02-23 12:57:05.238 18790 21456 I ServiceLiveData: Not exempting com.android.systemui.accessibility.accessibilitymenu - not an active AccessibilityService for u0
02-23 12:57:05.239 18790 16721 I ServiceLiveData: Not exempting com.google.android.gms - not an active DEVICE_ADMIN_SERVICE for u0
02-23 12:57:05.239 18790 16721 I ServiceLiveData: Detected DEVICE_ADMIN_SERVICEs: []
02-23 12:57:05.240 18790 21456 I ServiceLiveData: Not exempting com.coloros.colordirectservice - not an active AccessibilityService for u0
02-23 12:57:05.240 18790 21456 I ServiceLiveData: Not exempting com.google.android.accessibility.switchaccess - not an active AccessibilityService for u0
02-23 12:57:05.241 18790 21446 I ServiceLiveData: Not exempting com.google.android.apps.photos - not an active DreamService for u0
02-23 12:57:05.241  4048 18312 E PackageUtils[u0]: checkPackageExist Exception: android.content.pm.PackageManager$NameNotFoundException: com.heytap.quicksearchbox
02-23 12:57:05.241 18790 21444 I BroadcastReceiverLiveData: Not exempting com.google.android.gms - not an active DEVICE_ADMIN_ENABLED for u0
02-23 12:57:05.241 18790 21446 I ServiceLiveData: Detected DreamServices: []
02-23 12:57:05.242 18790 21447 I ServiceLiveData: Not exempting com.ido.noise - not an active NotificationListenerService for u0
02-23 12:57:05.242 18790 21444 I BroadcastReceiverLiveData: Not exempting com.microsoft.appmanager - not an active DEVICE_ADMIN_ENABLED for u0
02-23 12:57:05.243 18790 21444 I BroadcastReceiverLiveData: Detected DEVICE_ADMIN_ENABLEDs: []
02-23 12:57:05.243 18790 16726 I ServiceLiveData: Not exempting com.android.credentialmanager - not an active AutofillService for u0
02-23 12:57:05.244 18790 21456 I ServiceLiveData: Not exempting com.google.android.marvin.talkback - not an active AccessibilityService for u0
02-23 12:57:05.244 18790 21456 I ServiceLiveData: Not exempting com.google.android.marvin.talkback - not an active AccessibilityService for u0
02-23 12:57:05.244 18790 21454 I ServiceLiveData: Not exempting com.android.wallpaper.livepicker - not an active WallpaperService for u0
02-23 12:57:05.244 18790 16726 I ServiceLiveData: Detected AutofillServices: [com.google.android.gms]
02-23 12:57:05.245 18790 21454 I ServiceLiveData: Not exempting com.android.wallpaper.livepicker - not an active WallpaperService for u0
02-23 12:57:05.245 18790 21454 I ServiceLiveData: Not exempting com.android.wallpaper.livepicker - not an active WallpaperService for u0
02-23 12:57:05.246 18790 21454 I ServiceLiveData: Not exempting com.android.wallpaper.livepicker - not an active WallpaperService for u0
02-23 12:57:05.246 18790 21456 I ServiceLiveData: Not exempting com.jarvis - not an active AccessibilityService for u0
02-23 12:57:05.246 18790 21447 I ServiceLiveData: Not exempting com.android.launcher - not an active NotificationListenerService for u0
02-23 12:57:05.246 18790 21447 I ServiceLiveData: Not exempting com.google.ambient.streaming - not an active NotificationListenerService for u0
02-23 12:57:05.247 18790 21456 I ServiceLiveData: Detected AccessibilityServices: [com.microsoft.appmanager]
02-23 12:57:05.247 18790 21447 I ServiceLiveData: Not exempting com.google.android.as - not an active NotificationListenerService for u0
02-23 12:57:05.247 18790 21447 I ServiceLiveData: Not exempting com.google.android.gms - not an active NotificationListenerService for u0
02-23 12:57:05.248 18790 21447 I ServiceLiveData: Not exempting com.google.android.googlequicksearchbox - not an active NotificationListenerService for u0
02-23 12:57:05.248 18790 21447 I ServiceLiveData: Detected NotificationListenerServices: [com.google.android.contacts, com.google.android.projection.gearhead, com.microsoft.appmanager, com.oplus.games, com.truecaller]
02-23 12:57:05.252 18790 21454 I ServiceLiveData: Not exempting com.android.wallpaper.livepicker - not an active WallpaperService for u0
02-23 12:57:05.252 18790 21454 I ServiceLiveData: Not exempting com.heytap.colorfulengine - not an active WallpaperService for u0
02-23 12:57:05.253 18790 21454 I ServiceLiveData: Not exempting com.heytap.colorfulengine - not an active WallpaperService for u0
02-23 12:57:05.253 18790 21454 I ServiceLiveData: Not exempting com.heytap.colorfulengine - not an active WallpaperService for u0
02-23 12:57:05.253 18790 21454 I ServiceLiveData: Not exempting com.heytap.colorfulengine - not an active WallpaperService for u0
02-23 12:57:05.254 18790 21454 I ServiceLiveData: Not exempting com.heytap.colorfulengine - not an active WallpaperService for u0
02-23 12:57:05.254 18790 21454 I ServiceLiveData: Not exempting com.heytap.colorfulengine - not an active WallpaperService for u0
02-23 12:57:05.254 18790 21454 I ServiceLiveData: Not exempting com.heytap.colorfulengine - not an active WallpaperService for u0
02-23 12:57:05.254 18790 21454 I ServiceLiveData: Not exempting com.heytap.colorfulengine - not an active WallpaperService for u0
02-23 12:57:05.255 18790 21454 I ServiceLiveData: Not exempting com.heytap.colorfulengine - not an active WallpaperService for u0
02-23 12:57:05.256 18790 21454 I ServiceLiveData: Not exempting com.heytap.colorfulengine - not an active WallpaperService for u0
02-23 12:57:05.256 18790 21454 I ServiceLiveData: Not exempting com.heytap.colorfulengine - not an active WallpaperService for u0
02-23 12:57:05.257 18790 21454 I ServiceLiveData: Not exempting com.heytap.colorfulengine - not an active WallpaperService for u0
02-23 12:57:05.257 18790 21454 I ServiceLiveData: Not exempting com.heytap.colorfulengine - not an active WallpaperService for u0
02-23 12:57:05.257 18790 21454 I ServiceLiveData: Not exempting com.oplus.aod - not an active WallpaperService for u0
02-23 12:57:05.257 18790 21454 I ServiceLiveData: Detected WallpaperServices: []
02-23 12:57:05.325  1495 11693 I WifiHAL : event received NL80211_CMD_VENDOR, vendor_id = 0x1374, subcmd = 0xd
02-23 12:57:05.434  2028  3514 D WifiStaIfaceHidlImpl: getCachedScanData is not implemented by HIDL
02-23 12:57:05.444  9836  9836 D IHansComunication: HANS sendMessageToKernel: threadId = 490288954480, netLinkSetup = 1, type = FROZEN_TRANS, targetUid = 10279, pkgCmd = PKG_CMD_MAX
02-23 12:57:05.445  2028  3653 D OplusGameFirstManager: oldAverRssi=-79,rssi=-80,newAverRssi=-78
02-23 12:57:05.447  4321  4321 I QImsService: OplusWifiApmStateMgr : onReceive,wifiSignal: -80
02-23 12:57:05.447  4285  5726 D QCNEJ/WlanStaInfoRelay: Received action: android.net.wifi.RSSI_CHANGED
02-23 12:57:05.449  2028  3615 D OplusWifiPower_TriggerCenter: mComponentCallback: wifistat
02-23 12:57:05.452  4441  4441 D VendorWifiService: onEvent event:9,action:1
02-23 12:57:05.454  3826  3940 D WifiStatusTracker: mNetworkCallback onCapabilitiesChanged network:289 mPrimaryNetworkId:289
02-23 12:57:05.454 26670 26670 W JobService: onNetworkChanged() not implemented in androidx.work.impl.background.systemjob.SystemJobService. Must override in a subclass.
02-23 12:57:05.456  3826  4011 D WifiPickerTracker: handleNetworkCapabilitiesChanged network:289
02-23 12:57:05.457  4441  4620 D SubsysEventListenerManager: onCapabilitiesChanged
02-23 12:57:05.457  4441  4620 D DataStateTracker: getCurDataChannel, channel:1
02-23 12:57:05.458  3826  3940 D WifiStatusTracker: mNetworkCallback onCapabilitiesChanged network:289 mPrimaryNetworkId:289
02-23 12:57:05.458  2028  3653 D OplusSlaNetworkManager: isPrimaryWifi:true network:289
02-23 12:57:05.458  2028  3615 D SystemNetworkObserver: wifi network 289 nc changed, primary=true
02-23 12:57:05.459  2028  3615 D SystemNetworkObserver: default network nc changed 289
02-23 12:57:05.461  3826  3940 I SystemUi--Statusbar: NetworkController.WifiSignalController-->handleStatusUpdated state=3 enabled=true connected=true isDefaultNetwork=true rssi=-80 level=2 statusLabel=null isDirty=false
02-23 12:57:05.462  3826  3940 I SystemUi--Statusbar: NetworkController.WifiSignalController-->handleStatusUpdated state=3 enabled=true connected=true isDefaultNetwork=true rssi=-80 level=2 statusLabel=null isDirty=false
02-23 12:57:05.462  3826  3940 I SystemUi--Statusbar: NetworkController.WifiSignalController-->handleStatusUpdated state=3 enabled=true connected=true isDefaultNetwork=true rssi=-80 level=2 statusLabel=null isDirty=false
02-23 12:57:05.463  3826  4011 I WifiPickerTracker: wifi connected status realConnectedWifiEntry not null: true
02-23 12:57:05.466  3826  3826 I SystemUi--Statusbar: WifiViewModel-->wifiIcon icon:Wi-Fi two bars. isDefault:true alwaysShowIconIfEnabled:false
02-23 12:57:05.474 10211 10375 I CardConfig.RxNetworkMonitor: onNetworkStateChange, current:true, last:true
02-23 12:57:05.474  9129  9343 I NullBinder: NullBinder for android.net.action.RECOMMEND_NETWORKS triggering remote TransactionTooLargeException due to Service without Chimera impl, calling uid: 1000, calling pid: 0
02-23 12:57:05.474  9129  9343 W .gms.persistent: Large reply transaction of 2113536 bytes, interface descriptor , code 1
02-23 12:57:05.480  9050  9082 I BugleRcsEngine: Connected state: [1], networkType: [WIFI] [CONTEXT thread_id=752 ]
02-23 12:57:05.481  9129  9343 I NullBinder: NullBinder for android.net.action.RECOMMEND_NETWORKS triggering remote TransactionTooLargeException due to Service without Chimera impl, calling uid: 1000, calling pid: 0
02-23 12:57:05.481  9129  9343 W .gms.persistent: Large reply transaction of 2113536 bytes, interface descriptor , code 1
02-23 12:57:05.481  9050  9092 I BugleRcsEngine: handleMessage processing message:[NOTIFY_UPTIME_IGNORE_STATE_CHANGED] with [non-null]:RcsEngineImpl reference [CONTEXT log_prefix="RcsEngineImpl[DUAL_REG]:[84532c06-c402]>Handler" thread_id=759 ]
02-23 12:57:05.484  9129  9343 I NullBinder: NullBinder for android.net.action.RECOMMEND_NETWORKS triggering remote TransactionTooLargeException due to Service without Chimera impl, calling uid: 1000, calling pid: 0
02-23 12:57:05.484  9129  9343 W .gms.persistent: Large reply transaction of 2113536 bytes, interface descriptor , code 1
02-23 12:57:05.486 26670 26750 D WM-NetworkStateTracker: Network capabilities changed: [ Transports: WIFI Capabilities: NOT_METERED&INTERNET&NOT_RESTRICTED&TRUSTED&NOT_VPN&VALIDATED&NOT_ROAMING&FOREGROUND&NOT_CONGESTED&NOT_SUSPENDED&NOT_VCN_MANAGED&NOT_BANDWIDTH_CONSTRAINED LinkUpBandwidth>=5584Kbps LinkDnBandwidth>=22414Kbps TransportInfo: <SSID: <unknown ssid>, BSSID: 02:00:00:00:00:00, MAC: 02:00:00:00:00:00, IP: /192.168.0.100, Security type: 2, Supplicant state: COMPLETED, Wi-Fi standard: 11n, RSSI: -80, Link speed: 6Mbps, Tx Link speed: 6Mbps, Max Supported Tx Link speed: 150Mbps, Rx Link speed: 6Mbps, Max Supported Rx Link speed: 150Mbps, Frequency: 2457MHz, Net ID: -1, Metered hint: false, score: 60, isUsable: true, CarrierMerged: false, SubscriptionId: -1, IsPrimary: -1, Trusted: true, Restricted: false, Ephemeral: false, OEM paid: false, OEM private: false, OSU AP: false, FQDN: <none>, Provider friendly name: <none>, Requesting package name: <none><none>MLO Information: , Is TID-To-Link negotiation supported by the AP: false, AP MLD Address: <none>, AP MLO Link Id: <none>, AP MLO Affiliated links: <none>, Vendor Data: <none>> SignalStrength: -80 UnderlyingNetworks: Null]
02-23 12:57:05.487  9129  9343 I NullBinder: NullBinder for android.net.action.RECOMMEND_NETWORKS triggering remote TransactionTooLargeException due to Service without Chimera impl, calling uid: 1000, calling pid: 0
02-23 12:57:05.487  9129  9343 W .gms.persistent: Large reply transaction of 2113536 bytes, interface descriptor , code 1
02-23 12:57:05.492  9050  9092 I BugleRcsEngine: Rcs is enabled from user settings: true [CONTEXT log_prefix="ProvisioningEngineDataRetriever" thread_id=759 ]
02-23 12:57:05.588  2028  3873 I Osense-BaseDecisionMaker: notifySceneToAthenaPolicy: SCENE_RES_IO_PSI, bundle: Bundle[{ioLevel=3}]
02-23 12:57:05.588  2028  3873 I Osense-BaseDecisionMaker: OSense not supported scene! SCENE_RES_IO_PSI
02-23 12:57:05.638  1474 26959 I vendor.qti.bluetooth@1.0-ibs_handler: ProcessIbsCmd: Received IBS_WAKE_IND: 0xFD
02-23 12:57:05.638  1474 26959 D vendor.qti.bluetooth@1.0-ibs_handler: SerialClockVote: vote for UART CLK ON
02-23 12:57:05.640  1474 26959 D vendor.qti.bluetooth@1.0-wake_lock: Acquire wakelock is acquired 
02-23 12:57:05.640  1474 26959 I vendor.qti.bluetooth@1.0-ibs_handler: ProcessIbsCmd: Writing IBS_WAKE_ACK
02-23 12:57:05.681  1474 26959 I vendor.qti.bluetooth@1.0-ibs_handler: ProcessIbsCmd: Received IBS_SLEEP_IND: 0xFE
02-23 12:57:05.681  1474 26959 D vendor.qti.bluetooth@1.0-ibs_handler: SerialClockVote: vote for UART CLK OFF
02-23 12:57:05.726  1474 26959 I vendor.qti.bluetooth@1.0-ibs_handler: ProcessIbsCmd: Received IBS_WAKE_IND: 0xFD
02-23 12:57:05.726  1474 26959 D vendor.qti.bluetooth@1.0-ibs_handler: SerialClockVote: vote for UART CLK ON
02-23 12:57:05.726  1474 26959 I vendor.qti.bluetooth@1.0-ibs_handler: ProcessIbsCmd: Writing IBS_WAKE_ACK
02-23 12:57:05.766  1474 26959 I vendor.qti.bluetooth@1.0-ibs_handler: ProcessIbsCmd: Received IBS_SLEEP_IND: 0xFE
02-23 12:57:05.766  1474 26959 D vendor.qti.bluetooth@1.0-ibs_handler: SerialClockVote: vote for UART CLK OFF
02-23 12:57:05.917  1474 26943 D vendor.qti.bluetooth@1.0-wake_lock: Release wakelock is released 
02-23 12:57:05.970  9129 26280 I NearbySharing: Network state changed: NetworkState(isRestricted=false, isOnline=true, isCongested=false, isMetered=false, isWifiConnected=true)
02-23 12:57:06.052  4306  4638 D CommonApp-289-10485: transport layer data is invalid
02-23 12:57:06.181  1545  1698 D BatteryChargeControl: bcc get no support from charging protocol
02-23 12:57:06.324  3826  3940 I SystemUi--Statusbar: OplusNetworkSpeedControllExImpl-->updateNetworkSpeed: isConnected:true,isSwitchOn:true
02-23 12:57:06.327  3826  3940 I SystemUi--Statusbar: OplusNetworkSpeedControllExImpl-->getTotalByte: totalRxBytes:22801978549,totalTxBytes:3612662283,loopbackTxBytes:2816615,loopbackRxBytes:2691695 ,totalBytes:26409132522
02-23 12:57:06.355  3826  3826 E OplusNotificationPullDownAnimationExImpl: updateShelfPosition, error! ambientState=com.android.systemui.statusbar.notification.stack.AmbientState@9cc2600, shelfViewState=com.android.systemui.statusbar.NotificationShelf$ShelfState@3805e39, lastViewState=null, stackLayout=com.android.systemui.statusbar.notification.stack.NotificationStackScrollLayout{373ac7e V.E...... ......ID 48,0-1032,2304 #7f0a0853 app:id/notification_stack_scroller alpha=1.0 viewInfo = }, shelfEx=com.oplus.systemui.statusbar.notification.row.OplusShelfExImpl@e4305df
02-23 12:57:06.374 26670 26670 W JobService: onNetworkChanged() not implemented in androidx.work.impl.background.systemjob.SystemJobService. Must override in a subclass.
02-23 12:57:06.397  2028  7205 W UriGrantsManagerService: No permission grants found for com.google.android.apps.photos
02-23 12:57:06.398  2028  7205 W UriGrantsManagerService: No permission grants found for com.google.android.apps.photos
02-23 12:57:06.477  2028  7226 W UriGrantsManagerService: No permission grants found for com.google.android.apps.photos
02-23 12:57:06.478  2028  7205 W UriGrantsManagerService: No permission grants found for com.google.android.apps.photos
02-23 12:57:06.571  2028  7205 W UriGrantsManagerService: No permission grants found for com.google.android.apps.photos
02-23 12:57:06.572  2028  7205 W UriGrantsManagerService: No permission grants found for com.google.android.apps.photos
02-23 12:57:06.629  2028  3873 I Osense-BaseDecisionMaker: notifySceneToAthenaPolicy: SCENE_RES_IO_PSI, bundle: Bundle[{ioLevel=3}]
02-23 12:57:06.629  2028  3873 I Osense-BaseDecisionMaker: OSense not supported scene! SCENE_RES_IO_PSI
02-23 12:57:06.745  4239  4239 E SmsApplication: com.google.android.apps.messaging lost android:read_cell_broadcasts:  (fixing)
02-23 12:57:06.745  2028  7205 W AppOpService: Ignored setUidMode call for runtime permission app op: uid = 10226, code = READ_CELL_BROADCASTS, mode = allow, callingUid = 1001, oldMode = allow
02-23 12:57:06.753  2028  5008 W AppOpService: Ignored setUidMode call for runtime permission app op: uid = 1001, code = READ_SMS, mode = allow, callingUid = 1001, oldMode = allow
02-23 12:57:06.753  2028  7226 W AppOpService: Ignored setUidMode call for runtime permission app op: uid = 1001, code = RECEIVE_SMS, mode = allow, callingUid = 1001, oldMode = allow
02-23 12:57:06.754  2028  7226 W AppOpService: Ignored setUidMode call for runtime permission app op: uid = 1001, code = RECEIVE_WAP_PUSH, mode = allow, callingUid = 1001, oldMode = allow
02-23 12:57:06.754  2028  5008 W AppOpService: Ignored setUidMode call for runtime permission app op: uid = 1001, code = SEND_SMS, mode = allow, callingUid = 1001, oldMode = allow
02-23 12:57:06.754  2028  7226 W AppOpService: Ignored setUidMode call for runtime permission app op: uid = 1001, code = READ_CELL_BROADCASTS, mode = allow, callingUid = 1001, oldMode = allow
02-23 12:57:06.912  1474 26959 I vendor.qti.bluetooth@1.0-ibs_handler: ProcessIbsCmd: Received IBS_WAKE_IND: 0xFD
02-23 12:57:06.912  1474 26959 D vendor.qti.bluetooth@1.0-ibs_handler: SerialClockVote: vote for UART CLK ON
02-23 12:57:06.913  1474 26959 D vendor.qti.bluetooth@1.0-wake_lock: Acquire wakelock is acquired 
02-23 12:57:06.913  1474 26959 I vendor.qti.bluetooth@1.0-ibs_handler: ProcessIbsCmd: Writing IBS_WAKE_ACK
02-23 12:57:06.954  1474 26959 I vendor.qti.bluetooth@1.0-ibs_handler: ProcessIbsCmd: Received IBS_SLEEP_IND: 0xFE
02-23 12:57:06.954  1474 26959 D vendor.qti.bluetooth@1.0-ibs_handler: SerialClockVote: vote for UART CLK OFF
02-23 12:57:07.076  4306  4638 D CommonApp-289-10485: transport layer data is invalid
02-23 12:57:07.104  1474 26943 D vendor.qti.bluetooth@1.0-wake_lock: Release wakelock is released 
02-23 12:57:07.185  1545  1698 D BatteryChargeControl: bcc get no support from charging protocol
02-23 12:57:07.325  1495 11693 I WifiHAL : event received NL80211_CMD_VENDOR, vendor_id = 0x1374, subcmd = 0xd
02-23 12:57:07.450  2028  3514 D WifiStaIfaceHidlImpl: getCachedScanData is not implemented by HIDL
02-23 12:57:07.457  3826  3940 D WifiStatusTracker: mNetworkCallback onCapabilitiesChanged network:289 mPrimaryNetworkId:289
02-23 12:57:07.460 26670 26670 W JobService: onNetworkChanged() not implemented in androidx.work.impl.background.systemjob.SystemJobService. Must override in a subclass.
02-23 12:57:07.464  3826  4011 D WifiPickerTracker: handleNetworkCapabilitiesChanged network:289
02-23 12:57:07.459  4441  4620 D SubsysEventListenerManager: onCapabilitiesChanged
02-23 12:57:07.465  4441  4620 D DataStateTracker: getCurDataChannel, channel:1
02-23 12:57:07.466  2028  3653 D OplusSlaNetworkManager: isPrimaryWifi:true network:289
02-23 12:57:07.466  4441  4441 D VendorWifiService: onEvent event:9,action:1
02-23 12:57:07.471  3826  3940 D WifiStatusTracker: mNetworkCallback onCapabilitiesChanged network:289 mPrimaryNetworkId:289
02-23 12:57:07.472 10211 10375 I CardConfig.RxNetworkMonitor: onNetworkStateChange, current:true, last:true
02-23 12:57:07.472  2028  3615 D SystemNetworkObserver: wifi network 289 nc changed, primary=true
02-23 12:57:07.472  2028  3615 D SystemNetworkObserver: default network nc changed 289
02-23 12:57:07.474  3826  4011 I WifiPickerTracker: wifi connected status realConnectedWifiEntry not null: true
02-23 12:57:07.475  9050  9092 I BugleRcsEngine: handleMessage processing message:[NOTIFY_UPTIME_IGNORE_STATE_CHANGED] with [non-null]:RcsEngineImpl reference [CONTEXT log_prefix="RcsEngineImpl[DUAL_REG]:[84532c06-c402]>Handler" thread_id=759 ]
02-23 12:57:07.476  9050  9082 I BugleRcsEngine: Connected state: [1], networkType: [WIFI] [CONTEXT thread_id=752 ]
02-23 12:57:07.479  9129  9830 I NullBinder: NullBinder for android.net.action.RECOMMEND_NETWORKS triggering remote TransactionTooLargeException due to Service without Chimera impl, calling uid: 1000, calling pid: 0
02-23 12:57:07.479  9129  9830 W .gms.persistent: Large reply transaction of 2113536 bytes, interface descriptor , code 1
02-23 12:57:07.480  3826  3940 I SystemUi--Statusbar: NetworkController.WifiSignalController-->handleStatusUpdated state=3 enabled=true connected=true isDefaultNetwork=true rssi=-80 level=2 statusLabel=null isDirty=false
02-23 12:57:07.480  3826  3940 I SystemUi--Statusbar: NetworkController.WifiSignalController-->handleStatusUpdated state=3 enabled=true connected=true isDefaultNetwork=true rssi=-80 level=2 statusLabel=null isDirty=false
02-23 12:57:07.480  3826  3940 I SystemUi--Statusbar: NetworkController.WifiSignalController-->handleStatusUpdated state=3 enabled=true connected=true isDefaultNetwork=true rssi=-80 level=2 statusLabel=null isDirty=false
02-23 12:57:07.483 26670 26750 D WM-NetworkStateTracker: Network capabilities changed: [ Transports: WIFI Capabilities: NOT_METERED&INTERNET&NOT_RESTRICTED&TRUSTED&NOT_VPN&VALIDATED&NOT_ROAMING&FOREGROUND&NOT_CONGESTED&NOT_SUSPENDED&NOT_VCN_MANAGED&NOT_BANDWIDTH_CONSTRAINED LinkUpBandwidth>=5584Kbps LinkDnBandwidth>=22414Kbps TransportInfo: <SSID: <unknown ssid>, BSSID: 02:00:00:00:00:00, MAC: 02:00:00:00:00:00, IP: /192.168.0.100, Security type: 2, Supplicant state: COMPLETED, Wi-Fi standard: 11n, RSSI: -80, Link speed: 13Mbps, Tx Link speed: 13Mbps, Max Supported Tx Link speed: 150Mbps, Rx Link speed: 6Mbps, Max Supported Rx Link speed: 150Mbps, Frequency: 2457MHz, Net ID: -1, Metered hint: false, score: 60, isUsable: true, CarrierMerged: false, SubscriptionId: -1, IsPrimary: -1, Trusted: true, Restricted: false, Ephemeral: false, OEM paid: false, OEM private: false, OSU AP: false, FQDN: <none>, Provider friendly name: <none>, Requesting package name: <none><none>MLO Information: , Is TID-To-Link negotiation supported by the AP: false, AP MLD Address: <none>, AP MLO Link Id: <none>, AP MLO Affiliated links: <none>, Vendor Data: <none>> SignalStrength: -80 UnderlyingNetworks: Null]
02-23 12:57:07.485  9050  9092 I BugleRcsEngine: Rcs is enabled from user settings: true [CONTEXT log_prefix="ProvisioningEngineDataRetriever" thread_id=759 ]
02-23 12:57:07.491  9129  9830 I NullBinder: NullBinder for android.net.action.RECOMMEND_NETWORKS triggering remote TransactionTooLargeException due to Service without Chimera impl, calling uid: 1000, calling pid: 0
02-23 12:57:07.491  9129  9830 W .gms.persistent: Large reply transaction of 2113536 bytes, interface descriptor , code 1
02-23 12:57:07.500  9129  9830 I NullBinder: NullBinder for android.net.action.RECOMMEND_NETWORKS triggering remote TransactionTooLargeException due to Service without Chimera impl, calling uid: 1000, calling pid: 0
02-23 12:57:07.500  9129  9830 W .gms.persistent: Large reply transaction of 2113536 bytes, interface descriptor , code 1
02-23 12:57:07.502  9129  9830 I NullBinder: NullBinder for android.net.action.RECOMMEND_NETWORKS triggering remote TransactionTooLargeException due to Service without Chimera impl, calling uid: 1000, calling pid: 0
02-23 12:57:07.502  9129  9830 W .gms.persistent: Large reply transaction of 2113536 bytes, interface descriptor , code 1
02-23 12:57:07.668  2028  3873 I Osense-BaseDecisionMaker: notifySceneToAthenaPolicy: SCENE_RES_IO_PSI, bundle: Bundle[{ioLevel=3}]
02-23 12:57:07.668  2028  3873 I Osense-BaseDecisionMaker: OSense not supported scene! SCENE_RES_IO_PSI
02-23 12:57:07.894  7051  1246 D ShellSubscriberWorkerThread: the first 8 bytes empty, and RestData length > 8 
02-23 12:57:07.969  9129 26280 I NearbySharing: Network state changed: NetworkState(isRestricted=false, isOnline=true, isCongested=false, isMetered=false, isWifiConnected=true)
02-23 12:57:08.100  4306  4638 D CommonApp-289-10485: transport layer data is invalid
02-23 12:57:08.163  1474 26959 I vendor.qti.bluetooth@1.0-ibs_handler: ProcessIbsCmd: Received IBS_WAKE_IND: 0xFD
02-23 12:57:08.163  1474 26959 D vendor.qti.bluetooth@1.0-ibs_handler: SerialClockVote: vote for UART CLK ON
02-23 12:57:08.164  1474 26959 D vendor.qti.bluetooth@1.0-wake_lock: Acquire wakelock is acquired 
02-23 12:57:08.164  1474 26959 I vendor.qti.bluetooth@1.0-ibs_handler: ProcessIbsCmd: Writing IBS_WAKE_ACK
02-23 12:57:08.186  1545  1698 D BatteryChargeControl: bcc get no support from charging protocol
02-23 12:57:08.205  1474 26959 I vendor.qti.bluetooth@1.0-ibs_handler: ProcessIbsCmd: Received IBS_SLEEP_IND: 0xFE
02-23 12:57:08.205  1474 26959 D vendor.qti.bluetooth@1.0-ibs_handler: SerialClockVote: vote for UART CLK OFF
02-23 12:57:08.273  7051 12379 E MIDASApplication: MIDASPullAtomManager: onPullAtom 150122
02-23 12:57:08.298  2028  3296 W Settings: Setting notification_bubbles has moved from android.provider.Settings.Global to android.provider.Settings.Secure, returning read-only value.
02-23 12:57:08.298  2028  3296 W Settings: Setting apply_ramping_ringer has moved from android.provider.Settings.Global to android.provider.Settings.System, returning read-only value.
02-23 12:57:08.303  2028  3296 W SettingsStatsUtil: Can not parse value to float: +network
02-23 12:57:08.307  2028  3296 W SettingsStatsUtil: Can not parse value to float: +network
02-23 12:57:08.355  1474 26943 D vendor.qti.bluetooth@1.0-wake_lock: Release wakelock is released 
02-23 12:57:08.645  1545  1545 D vendor.oplus.hardware.charger-V6-service: get_ui_charge_icon_type 0 0 0 0 0
02-23 12:57:08.646  1545  1545 D vendor.oplus.hardware.charger-V6-service: oplus_chg_get_cpa_power 2500 charge_online 1 retention_topic 0
02-23 12:57:08.654  3826  3826 I SystemUi--Statusbar: BatteryControllerExt-->updateBatteryChangeIntent():broadcast=android.intent.action.BATTERY_CHANGED,level=83,scale=100
02-23 12:57:08.655  3826  3826 I SystemUi--Statusbar: BatteryRepository-->level: 83 -- isSavingMode: false
02-23 12:57:08.656  2028  2928 D OplusDisplayBrightnessBroadcastReceiver: onReceive action = android.intent.action.BATTERY_CHANGED , listeners = [com.android.server.display.OplusFeatureHDREnhanceBrightness$PhoneInfoReceiver@780cd78, com.android.server.display.OplusFeatureEdrEnhanceBrightness$PhoneInfoReceiver@3423c51]
02-23 12:57:08.656  4441  4441 D SubsysBroadcastManager: onReceive action:android.intent.action.BATTERY_CHANGED
02-23 12:57:08.659  4291  4291 D DeviceStatisticsService: onReceive: action= android.intent.action.BATTERY_CHANGED
02-23 12:57:08.665  7318  8179 I DeepThinkerSDK: [APP] ClientConnection: getDeepThinkerBridge start
02-23 12:57:08.666  3013  3013 D CustomLogManagerService: onReceive android.intent.action.BATTERY_CHANGED
02-23 12:57:08.666  7318  8179 I DeepThinkerSDK: [APP] ClientConnection: getDeepThinkerBridge end
02-23 12:57:08.666  7318  8179 I DeepThinkerSDK: [APP] UserDomainManager: businessId : 401 threshold : 0.6 learnPeriod:30
02-23 12:57:08.668  7318  8179 I DeepThinkerSDK: [APP] UserDomainManager: PerformanceOfLongCharging{probabilityOfLocation=0.0, probabilityOfApps=0.0, probabilityOfTime=0.0, probabilityOfTotal=0.0, duration=0}
02-23 12:57:08.669  7318  8185 E Battery : ChargeProtectionUtils: mCanlendarTmp.isEmpty()!
02-23 12:57:08.696  1474 26959 I vendor.qti.bluetooth@1.0-ibs_handler: ProcessIbsCmd: Received IBS_WAKE_IND: 0xFD
02-23 12:57:08.696  1474 26959 D vendor.qti.bluetooth@1.0-ibs_handler: SerialClockVote: vote for UART CLK ON
02-23 12:57:08.697  1474 26959 D vendor.qti.bluetooth@1.0-wake_lock: Acquire wakelock is acquired 
02-23 12:57:08.697  1474 26959 I vendor.qti.bluetooth@1.0-ibs_handler: ProcessIbsCmd: Writing IBS_WAKE_ACK
02-23 12:57:08.698 26895 26931 W bluetooth: [hci_layer.cc:617] on_vs_event: Unhandled vendor specific event of type BQR_EVENT(0x58)
02-23 12:57:08.737  1474 26959 I vendor.qti.bluetooth@1.0-ibs_handler: ProcessIbsCmd: Received IBS_SLEEP_IND: 0xFE
02-23 12:57:08.737  1474 26959 D vendor.qti.bluetooth@1.0-ibs_handler: SerialClockVote: vote for UART CLK OFF
02-23 12:57:08.887  1474 26943 D vendor.qti.bluetooth@1.0-wake_lock: Release wakelock is released 
02-23 12:57:09.124  4306  4638 D CommonApp-289-10485: transport layer data is invalid
02-23 12:57:09.187  1545  1698 D BatteryChargeControl: bcc get no support from charging protocol
02-23 12:57:09.214  1474 26959 I vendor.qti.bluetooth@1.0-ibs_handler: ProcessIbsCmd: Received IBS_WAKE_IND: 0xFD
02-23 12:57:09.214  1474 26959 D vendor.qti.bluetooth@1.0-ibs_handler: SerialClockVote: vote for UART CLK ON
02-23 12:57:09.215  1474 26959 D vendor.qti.bluetooth@1.0-wake_lock: Acquire wakelock is acquired 
02-23 12:57:09.215  1474 26959 I vendor.qti.bluetooth@1.0-ibs_handler: ProcessIbsCmd: Writing IBS_WAKE_ACK
02-23 12:57:09.238  7191 26114 D gaia-GaiaConnectChecker: start connect check++
02-23 12:57:09.239  7191 25702 D gaia-GaiaConnectChecker: start connect check++
02-23 12:57:09.256  1474 26959 I vendor.qti.bluetooth@1.0-ibs_handler: ProcessIbsCmd: Received IBS_SLEEP_IND: 0xFE
02-23 12:57:09.256  1474 26959 D vendor.qti.bluetooth@1.0-ibs_handler: SerialClockVote: vote for UART CLK OFF
02-23 12:57:09.325  2028  5008 D StorageStatsService: getFreeBytes: 21697687552
02-23 12:57:09.328  1495 11693 I WifiHAL : event received NL80211_CMD_VENDOR, vendor_id = 0x1374, subcmd = 0xd
02-23 12:57:09.406  1474 26943 D vendor.qti.bluetooth@1.0-wake_lock: Release wakelock is released 
02-23 12:57:09.461  2028  3514 D WifiStaIfaceHidlImpl: getCachedScanData is not implemented by HIDL
02-23 12:57:09.467  2028  3653 D OplusGameFirstManager: oldAverRssi=-78,rssi=-83,newAverRssi=-81
02-23 12:57:09.469  4321  4321 I QImsService: OplusWifiApmStateMgr : onReceive,wifiSignal: -83
02-23 12:57:09.470  4285  5726 D QCNEJ/WlanStaInfoRelay: Received action: android.net.wifi.RSSI_CHANGED
02-23 12:57:09.474  3826  3940 D WifiStatusTracker: mNetworkCallback onCapabilitiesChanged network:289 mPrimaryNetworkId:289
02-23 12:57:09.475 26670 26670 W JobService: onNetworkChanged() not implemented in androidx.work.impl.background.systemjob.SystemJobService. Must override in a subclass.
02-23 12:57:09.477  5228  5436 I midasd  : OplusObrainService::notifyEventIntArray eventId:13 iParams.size:5
02-23 12:57:09.480  3826  3940 D WifiStatusTracker: mNetworkCallback onCapabilitiesChanged network:289 mPrimaryNetworkId:289
02-23 12:57:09.480  4441  4620 D SubsysEventListenerManager: onCapabilitiesChanged
02-23 12:57:09.480  4441  4620 D DataStateTracker: getCurDataChannel, channel:1
02-23 12:57:09.483  3826  4011 D WifiPickerTracker: handleNetworkCapabilitiesChanged network:289
02-23 12:57:09.483  3826  3940 I SystemUi--Statusbar: NetworkController.WifiSignalController-->handleStatusUpdated state=3 enabled=true connected=true isDefaultNetwork=true rssi=-83 level=1 statusLabel=null isDirty=false
02-23 12:57:09.484  3826  3940 I SystemUi--Statusbar: NetworkController.WifiSignalController-->handleStatusUpdated state=3 enabled=true connected=true isDefaultNetwork=true rssi=-83 level=1 statusLabel=null isDirty=false
02-23 12:57:09.484  3826  3940 I SystemUi--Statusbar: NetworkController.WifiSignalController-->handleStatusUpdated state=3 enabled=true connected=true isDefaultNetwork=true rssi=-83 level=1 statusLabel=null isDirty=false
02-23 12:57:09.484  7051 12379 I OplusObrain: OplusObrainClientInvoke.nativeGetTrafficTypeInfoForNetworkType networkType 1
02-23 12:57:09.485  2028  3296 D KernelStatsHelper: getKernelStats start!
02-23 12:57:09.488  3826  4011 I WifiPickerTracker: wifi connected status realConnectedWifiEntry not null: true
02-23 12:57:09.485  2028  3615 D OplusWifiPower_TriggerCenter: mComponentCallback: wifistat
02-23 12:57:09.489  4441  4441 D VendorWifiService: onEvent event:9,action:1
02-23 12:57:09.490  3826  3826 I SystemUi--Statusbar: WifiViewModel-->wifiIcon icon:Wi-Fi one bar. isDefault:true alwaysShowIconIfEnabled:false
02-23 12:57:09.490  2028  3653 D OplusSlaNetworkManager: isPrimaryWifi:true network:289
02-23 12:57:09.490  2028  3594 D OplusNetlinkSocket: handleNetlinkRecvKernelMessage:nlmsghdr:StructNlMsgHdr{ nlmsg_len{3004}, nlmsg_type{33()}, nlmsg_flags{0()}, nlmsg_seq{0}, nlmsg_pid{132910602} }
02-23 12:57:09.490  2028  3594 D KernelStatsHelper: get magic :[-1, -1, -1, 77, 65, 71, 73, 67]
02-23 12:57:09.490  2028  3594 D KernelStatsHelper: magic matched count:408 data_len:21216
02-23 12:57:09.490  2028  3594 D OplusNetlinkSocket: handleNetlinkRecvKernelMessage:nlmsghdr:StructNlMsgHdr{ nlmsg_len{2988}, nlmsg_type{33()}, nlmsg_flags{0()}, nlmsg_seq{0}, nlmsg_pid{132910602} }
02-23 12:57:09.490  2028  3594 D OplusNetlinkSocket: handleNetlinkRecvKernelMessage:nlmsghdr:StructNlMsgHdr{ nlmsg_len{2988}, nlmsg_type{33()}, nlmsg_flags{0()}, nlmsg_seq{0}, nlmsg_pid{132910602} }
02-23 12:57:09.491  2028  3594 D OplusNetlinkSocket: handleNetlinkRecvKernelMessage:nlmsghdr:StructNlMsgHdr{ nlmsg_len{2988}, nlmsg_type{33()}, nlmsg_flags{0()}, nlmsg_seq{0}, nlmsg_pid{132910602} }
02-23 12:57:09.491  2028  3594 D OplusNetlinkSocket: handleNetlinkRecvKernelMessage:nlmsghdr:StructNlMsgHdr{ nlmsg_len{2988}, nlmsg_type{33()}, nlmsg_flags{0()}, nlmsg_seq{0}, nlmsg_pid{132910602} }
02-23 12:57:09.491  2028  3594 D OplusNetlinkSocket: handleNetlinkRecvKernelMessage:nlmsghdr:StructNlMsgHdr{ nlmsg_len{2988}, nlmsg_type{33()}, nlmsg_flags{0()}, nlmsg_seq{0}, nlmsg_pid{132910602} }
02-23 12:57:09.491  2028  3594 D OplusNetlinkSocket: handleNetlinkRecvKernelMessage:nlmsghdr:StructNlMsgHdr{ nlmsg_len{2988}, nlmsg_type{33()}, nlmsg_flags{0()}, nlmsg_seq{0}, nlmsg_pid{132910602} }
02-23 12:57:09.491  2028  3594 D OplusNetlinkSocket: handleNetlinkRecvKernelMessage:nlmsghdr:StructNlMsgHdr{ nlmsg_len{492}, nlmsg_type{33()}, nlmsg_flags{0()}, nlmsg_seq{0}, nlmsg_pid{132910602} }
02-23 12:57:09.491  2028  3594 D KernelStatsHelper: data over! check: true
02-23 12:57:09.495  9129  9830 I NullBinder: NullBinder for android.net.action.RECOMMEND_NETWORKS triggering remote TransactionTooLargeException due to Service without Chimera impl, calling uid: 1000, calling pid: 0
02-23 12:57:09.495  9129  9830 W .gms.persistent: Large reply transaction of 2113536 bytes, interface descriptor , code 1
02-23 12:57:09.498  9050  9092 I BugleRcsEngine: handleMessage processing message:[NOTIFY_UPTIME_IGNORE_STATE_CHANGED] with [non-null]:RcsEngineImpl reference [CONTEXT log_prefix="RcsEngineImpl[DUAL_REG]:[84532c06-c402]>Handler" thread_id=759 ]
02-23 12:57:09.498  9050  9082 I BugleRcsEngine: Connected state: [1], networkType: [WIFI] [CONTEXT thread_id=752 ]
02-23 12:57:09.501 10211 10375 I CardConfig.RxNetworkMonitor: onNetworkStateChange, current:true, last:true
02-23 12:57:09.502  2028  3615 D SystemNetworkObserver: wifi network 289 nc changed, primary=true
02-23 12:57:09.502  2028  3615 D SystemNetworkObserver: default network nc changed 289
02-23 12:57:09.507 26670 26750 D WM-NetworkStateTracker: Network capabilities changed: [ Transports: WIFI Capabilities: NOT_METERED&INTERNET&NOT_RESTRICTED&TRUSTED&NOT_VPN&VALIDATED&NOT_ROAMING&FOREGROUND&NOT_CONGESTED&NOT_SUSPENDED&NOT_VCN_MANAGED&NOT_BANDWIDTH_CONSTRAINED LinkUpBandwidth>=5161Kbps LinkDnBandwidth>=5430Kbps TransportInfo: <SSID: <unknown ssid>, BSSID: 02:00:00:00:00:00, MAC: 02:00:00:00:00:00, IP: /192.168.0.100, Security type: 2, Supplicant state: COMPLETED, Wi-Fi standard: 11n, RSSI: -83, Link speed: 13Mbps, Tx Link speed: 13Mbps, Max Supported Tx Link speed: 150Mbps, Rx Link speed: 2Mbps, Max Supported Rx Link speed: 150Mbps, Frequency: 2457MHz, Net ID: -1, Metered hint: false, score: 60, isUsable: true, CarrierMerged: false, SubscriptionId: -1, IsPrimary: -1, Trusted: true, Restricted: false, Ephemeral: false, OEM paid: false, OEM private: false, OSU AP: false, FQDN: <none>, Provider friendly name: <none>, Requesting package name: <none><none>MLO Information: , Is TID-To-Link negotiation supported by the AP: false, AP MLD Address: <none>, AP MLO Link Id: <none>, AP MLO Affiliated links: <none>, Vendor Data: <none>> SignalStrength: -83 UnderlyingNetworks: Null]
02-23 12:57:09.507  9129 19964 I NullBinder: NullBinder for android.net.action.RECOMMEND_NETWORKS triggering remote TransactionTooLargeException due to Service without Chimera impl, calling uid: 1000, calling pid: 0
02-23 12:57:09.507  9129 19964 W .gms.persistent: Large reply transaction of 2113536 bytes, interface descriptor , code 1
02-23 12:57:09.509  9129 19964 I NullBinder: NullBinder for android.net.action.RECOMMEND_NETWORKS triggering remote TransactionTooLargeException due to Service without Chimera impl, calling uid: 1000, calling pid: 0
02-23 12:57:09.509  9129 19964 W .gms.persistent: Large reply transaction of 2113536 bytes, interface descriptor , code 1
02-23 12:57:09.510  9050  9092 I BugleRcsEngine: Rcs is enabled from user settings: true [CONTEXT log_prefix="ProvisioningEngineDataRetriever" thread_id=759 ]
02-23 12:57:09.512  9129 19964 I NullBinder: NullBinder for android.net.action.RECOMMEND_NETWORKS triggering remote TransactionTooLargeException due to Service without Chimera impl, calling uid: 1000, calling pid: 0
02-23 12:57:09.512  9129 19964 W .gms.persistent: Large reply transaction of 2113536 bytes, interface descriptor , code 1
02-23 12:57:09.630  1579 26441 D AudioPolicyService: updateUidStates_l() current->uid=10485 current->pid=22025 allowCapture=1 UidState=2 apmStat=2
02-23 12:57:09.633  1318 24921 E TetherController: property_get sys.radio.data.modem_share_flag return 0, 1!
02-23 12:57:09.784  1545  1663 D vendor.oplus.hardware.charger-V6-service: ret_value:127, read content:,344,344,4204,4204,153,500,2200,80,83,1,4,-1,4983,83,1,0,1,1,0,0,4425,0,3,0,3,0,0,0,337,0,1,1,0,0,61,61,61,0,0,0,0,0,0,0,0,0,0
02-23 12:57:09.784  1545  1663 D vendor.oplus.hardware.charger-V6-service: gmtime: 2026-02-23-12-57-09
02-23 12:57:09.785  1545  1663 D vendor.oplus.hardware.charger-V6-service: usb_online:1, ac_online:0, wireless_online:-2147483648
02-23 12:57:09.995  9129 26280 I NearbySharing: Network state changed: NetworkState(isRestricted=false, isOnline=true, isCongested=false, isMetered=false, isWifiConnected=true)
02-23 12:57:10.060  2028  3873 I Osense-BaseDecisionMaker: notifySceneToAthenaPolicy: SCENE_RES_IO_PSI, bundle: Bundle[{ioLevel=3}]
02-23 12:57:10.060  2028  3873 I Osense-BaseDecisionMaker: OSense not supported scene! SCENE_RES_IO_PSI
02-23 12:57:10.148  4306  4638 D CommonApp-289-10485: transport layer data is invalid
02-23 12:57:10.188  1545  1698 D BatteryChargeControl: bcc get no support from charging protocol
02-23 12:57:10.329  3826  3940 I SystemUi--Statusbar: OplusNetworkSpeedControllExImpl-->updateNetworkSpeed: isConnected:true,isSwitchOn:true
02-23 12:57:10.331  3826  3940 I SystemUi--Statusbar: OplusNetworkSpeedControllExImpl-->getTotalByte: totalRxBytes:22801986512,totalTxBytes:3612675155,loopbackTxBytes:2816615,loopbackRxBytes:2691695 ,totalBytes:26409153357
02-23 12:57:10.360  3826  3826 E OplusNotificationPullDownAnimationExImpl: updateShelfPosition, error! ambientState=com.android.systemui.statusbar.notification.stack.AmbientState@9cc2600, shelfViewState=com.android.systemui.statusbar.NotificationShelf$ShelfState@3805e39, lastViewState=null, stackLayout=com.android.systemui.statusbar.notification.stack.NotificationStackScrollLayout{373ac7e V.E...... ......ID 48,0-1032,2304 #7f0a0853 app:id/notification_stack_scroller alpha=1.0 viewInfo = }, shelfEx=com.oplus.systemui.statusbar.notification.row.OplusShelfExImpl@e4305df
02-23 12:57:10.566  1474 26959 I vendor.qti.bluetooth@1.0-ibs_handler: ProcessIbsCmd: Received IBS_WAKE_IND: 0xFD
02-23 12:57:10.566  1474 26959 D vendor.qti.bluetooth@1.0-ibs_handler: SerialClockVote: vote for UART CLK ON
02-23 12:57:10.567  1474 26959 D vendor.qti.bluetooth@1.0-wake_lock: Acquire wakelock is acquired 
