02-23 13:16:57.652  3826  3826 D MediaRouter: onRestoreRoute() : route=RouteInfo{ name=Phone, description=null, status=null, category=RouteCategory{ name=System types=ROUTE_TYPE_LIVE_AUDIO ROUTE_TYPE_LIVE_VIDEO  groupable=false }, supportedTypes=ROUTE_TYPE_LIVE_AUDIO ROUTE_TYPE_LIVE_VIDEO , presentationDisplay=null }
02-23 13:16:57.653  3826  3826 V MediaRouter: Selecting route: RouteInfo{ name=Phone, description=null, status=null, category=RouteCategory{ name=System types=ROUTE_TYPE_LIVE_AUDIO ROUTE_TYPE_LIVE_VIDEO  groupable=false }, supportedTypes=ROUTE_TYPE_LIVE_AUDIO ROUTE_TYPE_LIVE_VIDEO , presentationDisplay=null }
02-23 13:16:57.653  3826  3826 I SystemUi--Keyguard: KgIndicationRotatingCtrl-->mview is gone return
02-23 13:16:57.654  3826  3826 I DateMessageView: setExtraMessage refreshAnim=true,showAnim=true,extraKey=Charging %s,extraMessage=Charging 85%,parent=com.oplus.keyguard.clock.base.ui.view.SingleClockView{c744a06 V.E...... ......ID 30,30-966,354 alpha=1.0 viewInfo = }
02-23 13:16:57.654  3826  3826 I DateMessageView: setExtraMessage forceAnim(screenOn charging) extraMessage= Charging 85%
02-23 13:16:57.658  3826  4234 I SystemUi--Keyguard: ClockSwitchHelper-->isSameTimezone supportNewDualClock=true
02-23 13:16:57.658  3826  4234 D DualClockUtils: getTimeZoneText: includeName: false
02-23 13:16:57.658  3826  4234 D DualClockUtils: getTimeZoneText: gmtString: GMT+05:30
02-23 13:16:57.659  1502  1502 E ANDR-PERF-MPCTL: Active req limit reached, No optimizations performed
02-23 13:16:57.659  1545  1545 D vendor.oplus.hardware.charger-V6-service: get_ui_charge_icon_type 0 0 0 0 0
02-23 13:16:57.660  1490  1490 I sensors-hal: activate:213, android.sensor.tilt_detector/222 en=0
02-23 13:16:57.660  1592  1867 D VFX_OvalEffect:  makeShader::tyep 9 vfxAnimProcess 0.390 StatusBar#104
02-23 13:16:57.660  1592  1867 D VFX_OvalEffect:  makeShader::tyep 9 vfxAnimProcess 0.390 NotificationShade#123885
02-23 13:16:57.660  1592  1867 D VFX_OvalEffect:  makeShader::tyep 9 vfxAnimProcess 0.390 OplusPrivacyIconTopRight#123902
02-23 13:16:57.662  1545  1545 D vendor.oplus.hardware.charger-V6-service: oplus_chg_get_cpa_power 2500 charge_online 1 retention_topic 0
02-23 13:16:57.662  1490 27561 E sensors-hal: ssc_conn_event_cb:663, event[0] msg_id=768, ts=12935494328126 sensor_type = stk33c02 Proximity Sensor Wakeup
02-23 13:16:57.663  3826  4148 W SystemUi--Aod: SmoothTransitionController-->config not support enter aod by display panel feature!
02-23 13:16:57.664  3182  3186 E Diag_Lib: [IMS_AP]"ims-rtp-daemon ims_rtp_qmi_handler_thread_func waiting on select thread>"
02-23 13:16:57.665  1592  1592 D OplusLayerSnapshotBuilder: setVFXAnimation, snapshot Type[0x9], Progress[0.456453], Center[0.000000x0.000000], StartRadius[0.000000], EndRadius[0.000000]
02-23 13:16:57.665  7096 17757 I MSP-LOG-SDK-MspSdk: Sdk has initialized! version:2.0.1.14
02-23 13:16:57.666  2028  7228 D WindowManagerServiceExtImpl: extractConfigInfoAndRealFlags rotation=0, screenDp=360, residentWS:0, win=Window{80d4fd5 u0 NotificationShade}
02-23 13:16:57.666  2028  7228 V WindowManager: Relayout Window{80d4fd5 u0 NotificationShade}: viewVisibility=0, oldvis=0, req=1080x2400, vsysui=, x=0, y=0
02-23 13:16:57.667  2541  2880 I [FP_HAL][FpCa]: ca time:47817577 cmd_len:168 extra_len:61440
02-23 13:16:57.667  2541  2880 I [talog] : [I][FP_TA][fp_module][fp_ta_route_cmd]ta module:1 cmd:2044 ca time:47817577 cmd_len:168 extra_len:61440 buffer_len:61608
02-23 13:16:57.667  2541  2880 I [talog] : [I][FP_TA][fp_module][fp_ta_route_cmd]find module:1<sensor>
02-23 13:16:57.667  2541  2880 I [talog] : [I][FP_TA][module_sensor][ta_sensor_handle_message]FP_CMD_SENSOR_BROKEN_CHECK
02-23 13:16:57.667  2541  2880 I [talog] : [I][FP_TA][module_sensor][ta_do_fp_broken_check]ta_do_fp_broken_check
02-23 13:16:57.667  2541  2880 I [talog] : [FP_VND]  [ANC_TA][VendorInterface][I]: fp enter : fp_ta_send_cmd
02-23 13:16:57.667  2541  2880 I [talog] : [FP_VND] [ANC_TA][VendorCapBrokenOcpCheck][I]: fp enter : AncOcpCommandHandler
02-23 13:16:57.667  2541  2880 I [talog] : [FP_VND] [ANC_TA][VendorCapBrokenOcpCheck][I]: fp enter : CheckSensorOCPBySoftware
02-23 13:16:57.667  2541  2880 I [talog] : [FP_VND] [ANC_TA][VendorCapBrokenOcpCheck][I]: success to check id and ocp register, retry count:0
02-23 13:16:57.667  2541  2880 I [talog] : [FP_VND] [ANC_TA][VendorCapBrokenOcpCheck][I]: AncOcpCommandHandler, cmd_id:404, ret:0
02-23 13:16:57.667  2541  2880 I [talog] : [FP_VND]  [ANC_TA][VendorInterface][I]: fp_ta_send_cmd, cmd_id:404, ret:0
02-23 13:16:57.667  2541  2880 I [FP_HAL][FpCa]: outputTaLog take time 0 ms
02-23 13:16:57.667  2541  2880 I [FP_HAL][FpCa]: sendCommand take time 90 ms
02-23 13:16:57.667  2541  2880 I [FP_HAL][CapacitiveCore]: doBrokenCheckAndHandle, broken_check mRetryTimesBroken = 0/3 0, result = 0 0, delay = 0
02-23 13:16:57.667  2541  2880 I [FP_HAL][CapacitiveCore]: [doBrokenCheckAndHandle] broken_check successfully ##################, mRetryTimesBroken = 0 0
02-23 13:16:57.667  2541  2880 I [FP_HAL][CapacitiveCore]: setSensorMode, set 1 mode
02-23 13:16:57.667  2541  2880 I [FP_HAL][FpCa]: ca module:1, cmd:2042 ca time:47817667 cmd_len:160 extra_len:61440 buffer_len:61600
02-23 13:16:57.667  2541  2880 E [FP_HAL][QseeCa]: [sendCommand]  ION_QSECOM_HEAP_ID = 7
02-23 13:16:57.668  1502  1502 E ANDR-PERF-MPCTL: Active req limit reached, No optimizations performed
02-23 13:16:57.668  7096 17757 E MSP-LOG-SDK-RateLimitManager: not_allow_invoke because of time_window_not_allow queue = [1771831784857], config = RateLimitConfig{maxCalls=1, timeWindowSeconds=21600, callIntervalSeconds=0}, ipcInvokeTimeQueueMapKey = com.heytap.nearx.tangramconfig.kit.client.ICloudCtrlServiceModule?@?Push-Overseas?@?1?@?com.heytap.mcs, has already call 1 times in 21600 seconds before
02-23 13:16:57.668  1592  1867 D VFX_OvalEffect:  makeShader::tyep 9 vfxAnimProcess 0.456 StatusBar#104
02-23 13:16:57.668  1592  1867 D VFX_OvalEffect:  makeShader::tyep 9 vfxAnimProcess 0.456 NotificationShade#123885
02-23 13:16:57.668  1592  1867 D VFX_OvalEffect:  makeShader::tyep 9 vfxAnimProcess 0.456 OplusPrivacyIconTopRight#123902
02-23 13:16:57.668  7096 17757 E MSP-LOG-SDK-: MspSdkException{code=3014,message=com.heytap.mspsdk.ratelimit.MspRateLimitExceededException: ipc rate limit exceeded in time window}
02-23 13:16:57.668  7096 17757 E MSP-LOG-SDK-: 	at com.heytap.mspsdk.ratelimit.d.a(SourceFile:5)
02-23 13:16:57.668  7096 17757 E MSP-LOG-SDK-: 	at com.heytap.mspsdk.interceptor.c.proceed(SourceFile:5)
02-23 13:16:57.668  7096 17757 E MSP-LOG-SDK-: 	at com.heytap.mspsdk.proxy.c.a(SourceFile:7)
02-23 13:16:57.668  7096 17757 E MSP-LOG-SDK-: 	at com.heytap.mspsdk.interceptor.c.proceed(SourceFile:5)
02-23 13:16:57.668  7096 17757 E MSP-LOG-SDK-: 	at com.heytap.mspsdk.proxy.g.invoke(SourceFile:22)
02-23 13:16:57.668  7096 17757 E MSP-LOG-SDK-: 	at java.lang.reflect.Proxy.invoke(Proxy.java:1006)
02-23 13:16:57.668  7096 17757 E MSP-LOG-SDK-: 	at $Proxy5.getDynamicCondition(Unknown Source)
02-23 13:16:57.668  7096 17757 E MSP-LOG-SDK-: 	at com.heytap.nearx.tangramconfig.kit.client.KitProxy.getDynamicCondition$lambda$0(SourceFile:3)
02-23 13:16:57.668  7096 17757 E MSP-LOG-SDK-: 	at com.heytap.nearx.tangramconfig.kit.client.KitProxy.b(Unknown Source:0)
02-23 13:16:57.668  7096 17757 E MSP-LOG-SDK-: 	at com.heytap.nearx.tangramconfig.kit.client.b.run(Unknown Source:8)
02-23 13:16:57.668  7096 17757 E MSP-LOG-SDK-: 	at java.util.concurrent.ThreadPoolExecutor.runWorker(ThreadPoolExecutor.java:1154)
02-23 13:16:57.668  7096 17757 E MSP-LOG-SDK-: 	at java.util.concurrent.ThreadPoolExecutor$Worker.run(ThreadPoolExecutor.java:652)
02-23 13:16:57.668  7096 17757 E MSP-LOG-SDK-: 	at java.lang.Thread.run(Thread.java:1564)
02-23 13:16:57.669  1484 22493 I QCOM-OEMCrypto: ---------------Widevine OEMCrypto configuration-----------------
02-23 13:16:57.670  1484 22493 I QCOM-OEMCrypto: TA-HLOS interface                      :   SMCInvoke
02-23 13:16:57.670  1484 22493 I QCOM-OEMCrypto: Crypto Engine SMMU Virtual Address     :   Yes
02-23 13:16:57.670  1484 22493 I QCOM-OEMCrypto: Measure elapsed time                   :   No
02-23 13:16:57.670  1484 22493 I QCOM-OEMCrypto: Inplace decryption for clear buffer    :   Yes
02-23 13:16:57.670  1484 22493 I QCOM-OEMCrypto: Frame Assembly                         :   Yes
02-23 13:16:57.670  1484 22493 I QCOM-OEMCrypto: Scratch buffer size                    :   4194304
02-23 13:16:57.670  1484 22493 I QCOM-OEMCrypto: Decrypt hash tests                     :   No
02-23 13:16:57.670  1484 22493 I QCOM-OEMCrypto: Secure buffer tests                    :   No
02-23 13:16:57.670  1484 22493 I QCOM-OEMCrypto: Idle mode enabled for external display :   No
02-23 13:16:57.670  1484 22493 I QCOM-OEMCrypto: ----------------------------------------------------------------
02-23 13:16:57.673  1592  1592 D OplusLayerSnapshotBuilder: setVFXAnimation, snapshot Type[0x9], Progress[0.495311], Center[0.000000x0.000000], StartRadius[0.000000], EndRadius[0.000000]
02-23 13:16:57.675  2243 21452 D FrameDecoder: FrameDecoder created
02-23 13:16:57.675  2243 21452 D BufferQueueConsumer: [FrameDecoder](id:8c3000002c3,api:0,p:-1,c:2243) connect: controlledByApp=false
02-23 13:16:57.675  2243 21452 W libc    : Access denied finding property "vendor.display.enable_optimal_refresh_rate"
02-23 13:16:57.675  2243 21452 I FrameDecoder: using surface mode
02-23 13:16:57.676  1592  1867 D VFX_OvalEffect:  makeShader::tyep 9 vfxAnimProcess 0.495 StatusBar#104
02-23 13:16:57.676  1502  1502 E ANDR-PERF-MPCTL: Active req limit reached, No optimizations performed
02-23 13:16:57.676  1592  1867 D VFX_OvalEffect:  makeShader::tyep 9 vfxAnimProcess 0.495 NotificationShade#123885
02-23 13:16:57.676  1592  1867 D VFX_OvalEffect:  makeShader::tyep 9 vfxAnimProcess 0.495 OplusPrivacyIconTopRight#123902
02-23 13:16:57.677  1570  1570 I aidl_vibrator: Vibrator off
02-23 13:16:57.677  3826  3702 I KeyguardStyleClockPlugin: WeatherEffectController-->updateNetworkAndLocationState: isNetAble = true;  isLocationAble = true
02-23 13:16:57.677  3826  3702 I KeyguardStyleClockPlugin: WeatherEffectController-->checkWeatherRemind isInitial = true timeOverGap = false networkAndLocationEnable = true
02-23 13:16:57.679  2243 21452 D MediaCodec: CreateByComponentName: name c2.qti.avc.decoder
02-23 13:16:57.679  2243 21452 W libc    : Access denied finding property "vendor.debug.stagefright.mediacodec.trace"
02-23 13:16:57.681  2243 21452 W libc    : Access denied finding property "vendor.debug.stagefright.BufferCount"
02-23 13:16:57.681  2243 21452 W libc    : Access denied finding property "vendor.debug.stagefright.BufferCount"
02-23 13:16:57.681  1490  1490 I sensors-hal: activate:232, android.sensor.tilt_detector/222 en=0 completed
02-23 13:16:57.681   686   698 D DrmLibTime: got the req here! ret=0
02-23 13:16:57.681   686   698 D DrmLibTime: command id, time_cmd_id = 770
02-23 13:16:57.681   686   698 D DrmLibTime: time_getutcsec starts!
02-23 13:16:57.681   686   698 D DrmLibTime: QSEE Time Listener: time_getutcsec
02-23 13:16:57.681   686   698 D DrmLibTime: QSEE Time Listener: get_utc_seconds
02-23 13:16:57.681   686   698 D DrmLibTime: QSEE Time Listener: time_get_modem_time
02-23 13:16:57.681   686   698 D DrmLibTime: QSEE Time Listener: Checking if ATS_MODEM is set or not.
02-23 13:16:57.683  2252  2276 D AtlasService: Update top activity name: mUpdateActivityTime=673716409 currentTime=673717616 isSetEvent=0
02-23 13:16:57.684   686   698 D QC-time-services: Lib:time_genoff_operation: pargs->base = 13
02-23 13:16:57.684   686   698 D QC-time-services: Lib:time_genoff_operation: pargs->operation = 2
02-23 13:16:57.684   686   698 D QC-time-services: Lib:time_genoff_operation: pargs->ts_val = 0
02-23 13:16:57.684  2243  5363 D OplusNuPlayer: videoSlowSync, onStart, isVideoSlowSync = 0
02-23 13:16:57.684  2243  5363 D AtlasEventUploadUtils: setEvent event:atlas_event_audio_filename
02-23 13:16:57.685   686   698 D QC-time-services: Lib:time_genoff_operation: Send to server  passed!!
02-23 13:16:57.685  1275  1289 D QC-time-services: Daemon: Connection accepted:time_genoff
02-23 13:16:57.686  5360  7029 D OplusAtlas.OplusAtlasEventDispatch: setEvent:atlas_event_video_update_top_activity info:
02-23 13:16:57.686  2243 21452 W libc    : Access denied finding property "vendor.oplus.media.vpp.stutter"
02-23 13:16:57.686  5360  7029 D OplusAtlas.OplusAtlasEventDispatch: setEvent:atlas_event_audio_filename info:/data/system_de/0/ringtones/notification_sound_cache
02-23 13:16:57.686  2243 21452 D OplusFeedbackInfo: OVFR is supported in video side
02-23 13:16:57.686  5360  7032 D OplusAtlasVideo: callback success event:atlas_event_video_update_top_activity eventInfo:
02-23 13:16:57.687  2243 21452 W libc    : Access denied finding property "vendor.debug.stagefright.BufferCount"
02-23 13:16:57.687  1275  5478 D QC-time-services: Daemon:Received base = 13, unit = 1, operation = 2,value = 0
02-23 13:16:57.687  1275  5478 D QC-time-services: Daemon:genoff_opr: Base = 13, val = 0, operation = 2
02-23 13:16:57.687  1275  5478 D QC-time-services: offset is: 1 for base: 13
02-23 13:16:57.687  2243 21452 W libc    : Access denied finding property "vendor.debug.stagefright.BufferCount"
02-23 13:16:57.687   686   698 E QC-time-services: Receive Passed == base = 13, unit = 1, operation = 2, result = 0
02-23 13:16:57.687   686   698 D DrmLibTime: QSEE Time Listener: ATS_MODEM is set. Try to retrieve it.
02-23 13:16:57.687  2243 21452 D MediaCodec: [0xe2f42400] init: CCodec 0xe4cbe880, CCodecBufferChannel 0xe4111e10
02-23 13:16:57.687  2243  5475 D MediaCodec: [0xe2f42400] setState: 1
02-23 13:16:57.688  1275  1289 E QC-time-services: Daemon: Time-services: Waiting to acceptconnection
02-23 13:16:57.688  1275  1289 D QC-time-services: Daemon: Connection accepted:time_genoff
02-23 13:16:57.688  2243  5480 D CCodec  : allocate(c2.qti.avc.decoder)
02-23 13:16:57.689  1275  5481 D QC-time-services: Daemon:Received base = 13, unit = 1, operation = 1,value = 0
02-23 13:16:57.689  1275  5481 D QC-time-services: Daemon:genoff_opr: Base = 13, val = 0, operation = 1
02-23 13:16:57.689  1275  5481 D QC-time-services: Daemon: genoff get for 13
02-23 13:16:57.689  1275  5481 D QC-time-services: Daemon:Value read from QTimer mseconds = 673723691
02-23 13:16:57.689  1275  5481 D QC-time-services: Daemon:Value read from RTC mseconds on boot = 24907183000
02-23 13:16:57.689  1275  5481 D QC-time-services: Daemon:Value read from QTimer mseconds = 673723691
02-23 13:16:57.689  1275  5481 D QC-time-services: Daemon:Value read from generic offset = 1746251991379
02-23 13:16:57.690  1275  5481 D QC-time-services: Daemon:Delta read on boot mseconds = 24907101836
02-23 13:16:57.690  1275  5481 D QC-time-services: Daemon:Final Time = 1771832816906
02-23 13:16:57.690  1275  1289 E QC-time-services: Daemon: Time-services: Waiting to acceptconnection
02-23 13:16:57.690  2243  5363 D OplusNuPlayer: [instantiateDecoder:L553] codeID A:15005 V:0 tryffmpeg A:0 V:0 
02-23 13:16:57.690   686   698 D DrmLibTime: QSEE Time Listener: Time GenOff - seconds: 1771832816
02-23 13:16:57.690   686   698 D DrmLibTime: time_getutcsec returns 0, sec = 1771832816; nsec = 0
02-23 13:16:57.690   686   698 D DrmLibTime: time_getutcsec finished! 
02-23 13:16:57.690   686   698 D DrmLibTime: iotcl_continue_command finished! and return 0 
02-23 13:16:57.690   686   698 D DrmLibTime: before calling ioctl to read the next time_cmd
02-23 13:16:57.690  3826  3826 I KeyguardStyleClockPlugin: WeatherEffectController-->sendWeatherData mCurrentData = WeatherData(weatherId=38, weatherDescription='Fog', dayTemperature=32, NightTemperature=20, resId=-66583745, cityId=2)
02-23 13:16:57.691  3826  3826 I KeyguardBottomAreaViewBinder: viewModel launching... viewModel.configKey:bottom_end::camera action: com.android.systemui.keyguard.shared.quickaffordance.ExtendAction$Invalid@2a388b2
02-23 13:16:57.692  1502  1502 E ANDR-PERF-MPCTL: Active req limit reached, No optimizations performed
02-23 13:16:57.692  1592  1867 D VFX_OvalEffect:  makeShader::tyep 9 vfxAnimProcess 0.495 StatusBar#104
02-23 13:16:57.693  1592  1867 D VFX_OvalEffect:  makeShader::tyep 9 vfxAnimProcess 0.495 NotificationShade#123885
02-23 13:16:57.693  1592  1867 D VFX_OvalEffect:  makeShader::tyep 9 vfxAnimProcess 0.495 OplusPrivacyIconTopRight#123902
02-23 13:16:57.693  2243  5480 I CCodec  : setting up 'default' as default (vendor) store
02-23 13:16:57.694  1509  1887 E vendor.qti.media.c2@1.0-service: Missing dependency coding.temporal-layering
02-23 13:16:57.695  1509  1887 I vendor.qti.media.c2@1.0-service: missing struct descriptor #Param::CoreIndex(-Vc010) for field window of struct #Param::CoreIndex(FV1c00d)
02-23 13:16:57.696  1509  1887 I vendor.qti.media.c2@1.0-service: missing struct descriptor #Param::CoreIndex(-Vc01a) for field misr_info_top_field of struct #Param::CoreIndex(-Vc01b)
02-23 13:16:57.696  1509  1887 I vendor.qti.media.c2@1.0-service: missing struct descriptor #Param::CoreIndex(-Vc01a) for field misr_info_bottom_field of struct #Param::CoreIndex(-Vc01b)
02-23 13:16:57.696  1509  1887 I vendor.qti.media.c2@1.0-service: missing struct descriptor #Param::CoreIndex(--002) for field mastering of struct #Param::CoreIndex(--180a)
02-23 13:16:57.695  5466  5466 E Parcel  : Attempt to read from protected data in Parcel 0x7fce79a570
02-23 13:16:57.696  5466  5466 E Parcel  : Attempt to read from protected data in Parcel 0x7fce79a570
02-23 13:16:57.696  5466  5466 E Parcel  : Attempt to read from protected data in Parcel 0x7fce79a570
02-23 13:16:57.696  5466  5466 E Parcel  : Attempt to read from protected data in Parcel 0x7fce79a570
02-23 13:16:57.696  5466  5466 E Parcel  : Attempt to read from protected data in Parcel 0x7fce79a570
02-23 13:16:57.697  1509  1887 I QC2Comp : Create: Allocated component[3894] for name c2.qti.avc.decoder : [32 bit]
02-23 13:16:57.697  1509  1887 I QC2CompStore: Created component(c2.qti.avc.decoder) id(3894)
02-23 13:16:57.698  1509  1887 D Codec2-DumpInput: [DumpInput:L379][c2.qti.avc.decoder_381] this:0xebfa93cc
02-23 13:16:57.698  1509  1887 D Codec2-DumpInput: checkDumpCondition 512, decodercheck 1, nonsecurecheck 1, regioncheck 0, platformcheck 0, isCodecSupported 1 
02-23 13:16:57.698  1592  1592 D OplusLayerSnapshotBuilder: setVFXAnimation, snapshot Type[0x9], Progress[0.613980], Center[0.000000x0.000000], StartRadius[0.000000], EndRadius[0.000000]
02-23 13:16:57.700  1502  1502 E ANDR-PERF-MPCTL: Active req limit reached, No optimizations performed
02-23 13:16:57.701  1592  1867 D VFX_OvalEffect:  makeShader::tyep 9 vfxAnimProcess 0.614 StatusBar#104
02-23 13:16:57.701  1592  1867 D VFX_OvalEffect:  makeShader::tyep 9 vfxAnimProcess 0.614 NotificationShade#123885
02-23 13:16:57.701  1592  1867 D VFX_OvalEffect:  makeShader::tyep 9 vfxAnimProcess 0.614 OplusPrivacyIconTopRight#123902
02-23 13:16:57.702   644   644 E lowmemorykiller: device memory 489931 free 76955 file 414678
02-23 13:16:57.671  2028  2680 D OplusVFXScreenEffectFeature: notifySFCompatWindowStateChange entered false
02-23 13:16:57.704  2028  5005 D SensorService: SensorDev::activateLocked()line=637 cost 61 ms
02-23 13:16:57.704  2028  5005 D SensorServiceExtImpl: setLastEventStateForDisable reset the mRecentEvent handle = 222
02-23 13:16:57.704  2028  5005 D SensorServiceExtImpl: disable reset the lastEvent handle = 222 in disable
02-23 13:16:57.704  2028  5005 D SensorService: SensorService::disable() line=2573,cost 143 ms,wait 80 ms
02-23 13:16:57.704  2028  5005 D SensorService: 6 active sensors
02-23 13:16:57.704  2028  5005 D SensorService: ~SensorEventConnection(0xb4000076d2587780)
02-23 13:16:57.706  1592  1592 D OplusLayerSnapshotBuilder: setVFXAnimation, snapshot Type[0x9], Progress[0.646497], Center[0.000000x0.000000], StartRadius[0.000000], EndRadius[0.000000]
02-23 13:16:57.706  2243  5480 I CCodec  : Created component [c2.qti.avc.decoder]
02-23 13:16:57.707  2243  5480 D CCodecBufferChannel: [0xe4111e10] setComponent: mName c2.qti.avc.decoder#819, mPipelineWatcher 0xe4112000
02-23 13:16:57.708  3826  3826 D CentralSurfaces: updateIsKeyguard wakeAndUnlocking: false, shouldBeKeyguard: true,isKeyguardShowDelayed:false,isGoingToSleep:false,getScreenState:2,isLaunchTransitionFadingAway:false
02-23 13:16:57.708  3826  3826 I SystemUi--Statusbar: CollapsedSbFragment-->New visibilities calculated internally. StatusBarVisibilityModel(showClock: false showNotificationIcons:false showOngoingActivityChip:false showSystemInfo:false ) 
02-23 13:16:57.708  3826  3826 I SystemUi--Statusbar: CollapsedStatusBarFragmentExImpl-->animate: false, unlockAnimationRunning: false, fadingAway: false, keyguard: true
02-23 13:16:57.708  3826  3826 I SystemUi--Statusbar: CollapsedStatusBarFragmentExImpl-->StatusBarVisibilityModelEx: StatusBarVisibilityModelEx(showClock: false showPromptView:false showOngoingCallChip:false showNotificationContainer:false showOperatorName:false showSeedlingContainer:false ), animate: false
02-23 13:16:57.708  1509 13688 E QC2Interface: Failed to query parameters
02-23 13:16:57.709  3826  3826 I SystemUi--Statusbar: CollapsedSbFragment-->New visibilities calculated internally. StatusBarVisibilityModel(showClock: false showNotificationIcons:false showOngoingActivityChip:false showSystemInfo:false ) 
02-23 13:16:57.709  3826  3826 I SystemUi--Statusbar: CollapsedStatusBarFragmentExImpl-->animate: false, unlockAnimationRunning: false, fadingAway: false, keyguard: true
02-23 13:16:57.709  3826  3826 I SystemUi--Statusbar: CollapsedStatusBarFragmentExImpl-->StatusBarVisibilityModelEx: StatusBarVisibilityModelEx(showClock: false showPromptView:false showOngoingCallChip:false showNotificationContainer:false showOperatorName:false showSeedlingContainer:false ), animate: false
02-23 13:16:57.709  1502  1502 E ANDR-PERF-MPCTL: Active req limit reached, No optimizations performed
02-23 13:16:57.709  1592  1867 D VFX_OvalEffect:  makeShader::tyep 9 vfxAnimProcess 0.646 StatusBar#104
02-23 13:16:57.709  3826  3826 I SystemUi--QuickSettings: OplusQSRootViewController-->setTouchAndAnimationDisabled false
02-23 13:16:57.709  1592  1867 D VFX_OvalEffect:  makeShader::tyep 9 vfxAnimProcess 0.646 NotificationShade#123885
02-23 13:16:57.709  1592  1867 D VFX_OvalEffect:  makeShader::tyep 9 vfxAnimProcess 0.646 OplusPrivacyIconTopRight#123902
02-23 13:16:57.710  1499  5467 I SDM     : RCParserIntfImpl::PrepareRcMaskImage: RC mask max empty y span starts at y = 200 and ends at y = 2199.
02-23 13:16:57.710  1592  1883 D [PREVIEW]: SF obtain preview_adapter: 0
02-23 13:16:57.710  1592  1883 D [PREVIEW]: TabletPreviewAdapter::parallel world 0
02-23 13:16:57.711  2028  2680 D FSS_FoldScreenBlackCoverController: displayChangeToOn, dc:Display{#0 state=ON size=1080x2400 ROTATION_0}
02-23 13:16:57.712  2028  2680 D WindowManager: NFW_setClientVisible:WallpaperWindowToken{dcde4c2 token=android.os.Binder@facd675 showWhenLocked=true} clientVisible:true
02-23 13:16:57.708  2243  5480 D CCodecConfig: read media type: video/avc
02-23 13:16:57.714  1592  1592 D OplusLayerSnapshotBuilder: setVFXAnimation, snapshot Type[0x9], Progress[0.675839], Center[0.000000x0.000000], StartRadius[0.000000], EndRadius[0.000000]
02-23 13:16:57.716  1318 17649 E TetherController: property_get sys.radio.data.modem_share_flag return 0, 1!
02-23 13:16:57.717  1502  1502 E ANDR-PERF-MPCTL: Active req limit reached, No optimizations performed
02-23 13:16:57.718  1592  1867 D VFX_OvalEffect:  makeShader::tyep 9 vfxAnimProcess 0.676 StatusBar#104
02-23 13:16:57.718  1592  1867 D VFX_OvalEffect:  makeShader::tyep 9 vfxAnimProcess 0.676 NotificationShade#123885
02-23 13:16:57.718  1592  1867 D VFX_OvalEffect:  makeShader::tyep 9 vfxAnimProcess 0.676 OplusPrivacyIconTopRight#123902
02-23 13:16:57.721 22819 22819 D ClockTag_AlarmClockFragment: mIntentReceiver Action: android.intent.action.TIME_TICK
02-23 13:16:57.721  2243  5480 D ReflectedParamUpdater: extent() != 1 for single value type: output.buffers.pool-ids.values
02-23 13:16:57.723  1592  1592 D OplusLayerSnapshotBuilder: setVFXAnimation, snapshot Type[0x9], Progress[0.706225], Center[0.000000x0.000000], StartRadius[0.000000], EndRadius[0.000000]
02-23 13:16:57.723 22819 22819 D ClockTag_WorldClockBaseFragment: Receive Action: android.intent.action.TIME_TICK
02-23 13:16:57.726  1502  1502 E ANDR-PERF-MPCTL: Active req limit reached, No optimizations performed
02-23 13:16:57.727  1592  1867 D VFX_OvalEffect:  makeShader::tyep 9 vfxAnimProcess 0.706 StatusBar#104
02-23 13:16:57.727  1592  1867 D VFX_OvalEffect:  makeShader::tyep 9 vfxAnimProcess 0.706 NotificationShade#123885
02-23 13:16:57.727  1592  1867 D VFX_OvalEffect:  makeShader::tyep 9 vfxAnimProcess 0.706 OplusPrivacyIconTopRight#123902
02-23 13:16:57.731 22819 22819 D ClockTag_Formatter: get12ModeFormat: 5
02-23 13:16:57.733  1502  1502 E ANDR-PERF-MPCTL: Active req limit reached, No optimizations performed
02-23 13:16:57.733  1592  1867 D VFX_OvalEffect:  makeShader::tyep 9 vfxAnimProcess 0.706 StatusBar#104
02-23 13:16:57.734  1592  1867 D VFX_OvalEffect:  makeShader::tyep 9 vfxAnimProcess 0.706 NotificationShade#123885
02-23 13:16:57.734  1592  1867 D VFX_OvalEffect:  makeShader::tyep 9 vfxAnimProcess 0.706 OplusPrivacyIconTopRight#123902
02-23 13:16:57.736  1499  5467 I SDM     : RCParserIntfImpl::GenerateRCMask: RC mask generation in thread 5467... Done and kStatusReady
02-23 13:16:57.737  3826  3826 I SystemUi--Statusbar: BatteryControllerExt-->updateBatteryChangeIntent():broadcast=android.intent.action.BATTERY_CHANGED,level=85,scale=100
02-23 13:16:57.737  3826  3826 I SystemUi--Statusbar: BatteryRepository-->level: 85 -- isSavingMode: false
02-23 13:16:57.737 22819 22819 D ClockTag_Formatter: get12ModeFormat: 5
02-23 13:16:57.738  3826  3826 I KeyguardTransitionRepository: FINISHED transition: TransitionStep(from=DOZING, to=LOCKSCREEN, value=1.0, transitionState=FINISHED, ownerName=FromDozingTransitionInteractor)
02-23 13:16:57.738  3013  3013 D CustomLogManagerService: onReceive android.intent.action.BATTERY_CHANGED
02-23 13:16:57.739  2243  5480 D ReflectedParamUpdater: extent() != 1 for single value type: vendor.qti-ext-dec-info-misr.misr_info_top_field.misr_dpb_luma
02-23 13:16:57.739  2243  5480 D ReflectedParamUpdater: extent() != 1 for single value type: vendor.qti-ext-dec-info-misr.misr_info_top_field.misr_dpb_chroma
02-23 13:16:57.739  2243  5480 D ReflectedParamUpdater: extent() != 1 for single value type: vendor.qti-ext-dec-info-misr.misr_info_top_field.misr_opb_luma
02-23 13:16:57.739  2243  5480 D ReflectedParamUpdater: extent() != 1 for single value type: vendor.qti-ext-dec-info-misr.misr_info_top_field.misr_opb_chroma
02-23 13:16:57.739  2243  5480 D ReflectedParamUpdater: extent() != 1 for single value type: vendor.qti-ext-dec-info-misr.misr_info_bottom_field.misr_dpb_luma
02-23 13:16:57.739  2243  5480 D ReflectedParamUpdater: extent() != 1 for single value type: vendor.qti-ext-dec-info-misr.misr_info_bottom_field.misr_dpb_chroma
02-23 13:16:57.739  2243  5480 D ReflectedParamUpdater: extent() != 1 for single value type: vendor.qti-ext-dec-info-misr.misr_info_bottom_field.misr_opb_luma
02-23 13:16:57.739  2243  5480 D ReflectedParamUpdater: extent() != 1 for single value type: vendor.qti-ext-dec-info-misr.misr_info_bottom_field.misr_opb_chroma
02-23 13:16:57.740  4291  4291 D DeviceStatisticsService: onReceive: action= android.intent.action.BATTERY_CHANGED
02-23 13:16:57.741  2243  5480 D ReflectedParamUpdater: ignored struct field vendor.qti-ext-dec-panscan.window
02-23 13:16:57.741 22819 22819 D ClockTag_Formatter: get12ModeFormat: 5
02-23 13:16:57.743  2243  5480 D CCodecConfig: ignoring local param raw.size (0xd2001800) as it is already supported
02-23 13:16:57.743  2243  5480 D CCodecConfig: ignoring local param default.color (0x5200180b) as it is already supported
02-23 13:16:57.743  2243  5480 D CCodecConfig: ignoring local param raw.hdr-static-info (0xd200180a) as it is already supported
02-23 13:16:57.744  3013  3013 D BatteryStatusMonitor: onReceive android.intent.action.BATTERY_CHANGED
02-23 13:16:57.744  3013  3013 D BatteryStatusMonitor: BatteryStatus :2  last:2
02-23 13:16:57.744  3013  3013 D BatteryStatusMonitor: WirelessReserve :0  last:0
02-23 13:16:57.744  3013  3013 D BatteryStatusMonitor: OtgOnline :0  last:0
02-23 13:16:57.744 22819 22819 D ClockTag_Formatter: get12ModeFormat: 5
02-23 13:16:57.746  1509 13688 E QC2Interface: Failed to query parameters
02-23 13:16:57.746  2243  5480 I CCodecConfig: query failed after returning 17 values (BAD_INDEX)
02-23 13:16:57.746  4291  4291 D DeviceInfoHidlClient: isRadioOn()=true
02-23 13:16:57.746  4291  4291 I DeviceInfoHidlClient: isPowerInfoNeverSent=false batteryLevel=85 batteryLevelIndex=3 chargingMode=2 totalCapacity=4025800 powerSaveMode=false
02-23 13:16:57.747  4441  4441 D SubsysBroadcastManager: onReceive action:android.intent.action.BATTERY_CHANGED
02-23 13:16:57.748  2243  5480 W ColorUtils: expected specified color aspects (0:0:255:255)
02-23 13:16:57.748  1502  1502 E ANDR-PERF-MPCTL: Active req limit reached, No optimizations performed
02-23 13:16:57.749  1592  1867 D VFX_OvalEffect:  makeShader::tyep 9 vfxAnimProcess 0.706 StatusBar#104
02-23 13:16:57.749  1592  1867 D VFX_OvalEffect:  makeShader::tyep 9 vfxAnimProcess 0.706 NotificationShade#123885
02-23 13:16:57.749  1592  1867 D VFX_OvalEffect:  makeShader::tyep 9 vfxAnimProcess 0.706 OplusPrivacyIconTopRight#123902
02-23 13:16:57.751  7318  8179 I DeepThinkerSDK: [APP] ClientConnection: getDeepThinkerBridge start
02-23 13:16:57.751  7318  8179 I DeepThinkerSDK: [APP] ClientConnection: getDeepThinkerBridge end
02-23 13:16:57.751  7318  8179 I DeepThinkerSDK: [APP] UserDomainManager: businessId : 401 threshold : 0.6 learnPeriod:30
02-23 13:16:57.753  2243  5475 D MediaCodec: [0xe2f42400] setState: 2
02-23 13:16:57.754  1502  1502 E ANDR-PERF-MPCTL: Active req limit reached, No optimizations performed
02-23 13:16:57.754  1592  1867 D VFX_OvalEffect:  makeShader::tyep 9 vfxAnimProcess 0.706 StatusBar#104
02-23 13:16:57.754 22819 22870 D ClockTag_ClockWidget.TimeInfoBuilder: getTimeInfo  hour = 1 -- minutes =16     -- ampm =pm  date:Mon, 23 Feb,fullTime:1:16,weekDay:Monday,monthDay:23 February
02-23 13:16:57.754  1592  1867 D VFX_OvalEffect:  makeShader::tyep 9 vfxAnimProcess 0.706 NotificationShade#123885
02-23 13:16:57.755  1592  1867 D VFX_OvalEffect:  makeShader::tyep 9 vfxAnimProcess 0.706 OplusPrivacyIconTopRight#123902
02-23 13:16:57.755  2243 21452 I MediaCodec: [0xe2f42400] [c2.qti.avc.decoder] configure, format : AMessage(what = 0x00000000) = {
02-23 13:16:57.755  2243 21452 I MediaCodec:   string mime = "video/avc"
02-23 13:16:57.755  2243 21452 I MediaCodec:   int64_t thumbnail-time = 0
02-23 13:16:57.755  2243 21452 I MediaCodec:   int64_t durationUs = 9536677
02-23 13:16:57.755  2243 21452 I MediaCodec:   int32_t frame-count = 189
02-23 13:16:57.755  2243 21452 I MediaCodec:   int32_t track-id = 2
02-23 13:16:57.755  2243 21452 I MediaCodec:   string language = "```"
02-23 13:16:57.755  2243 21452 I MediaCodec:   int32_t width = 1080
02-23 13:16:57.755  2243 21452 I MediaCodec:   int32_t height = 1920
02-23 13:16:57.755  2243 21452 I MediaCodec:   int32_t display-width = 1080
02-23 13:16:57.755  2243 21452 I MediaCodec:   int32_t display-height = 1920
02-23 13:16:57.755  2243 21452 I MediaCodec:   int32_t rotation-degrees = 270
02-23 13:16:57.755  2243 21452 I MediaCodec:   int32_t color-range = 2
02-23 13:16:57.755  2243 21452 I MediaCodec:   int32_t max-input-size = 370564
02-23 13:16:57.755  2243 21452 I MediaCodec:   int32_t frame-rate = 20
02-23 13:16:57.755  2243 21452 I MediaCodec:   int32_t profile = 8
02-23 13:16:57.755  2243 21452 I MediaCodec:   int32_t level = 2048
02-23 13:16:57.755  2243 21452 I MediaCodec:   Buffer csd-0 = {
02-23 13:16:57.755  2243 21452 I MediaCodec:     00000000:  00 00 00 01 67 64 00 28  ac b4 02 20 1e 3c bc a4  ....gd.(... .<..
02-23 13:16:57.755  2243 21452 I MediaCodec:     00000010:  14 18 14 1b 42 84 d4                              ....B..
02-23 13:16:57.755  2243 21452 I MediaCodec:   }
02-23 13:16:57.755  2243 21452 I MediaCodec:   Buffer csd-1 = {
02-23 13:16:57.755  2243 21452 I MediaCodec:     00000000:  00 00 00 01 68 ee 06 e2  c0                       ....h....
02-23 13:16:57.755  2243 21452 I MediaCodec:   }
02-23 13:16:57.755  2243 21452 I MediaCodec:   int32_t color-format = 2130708361
02-23 13:16:57.755  2243 21452 I MediaCodec:   int32_t android._num-input-buffers = 1
02-23 13:16:57.755  2243 21452 I MediaCodec:   int32_t android._num-output-buffers = 1
02-23 13:16:57.755  2243 21452 I MediaCodec:   int32_t thumbnail-mode = 1
02-23 13:16:57.755  2243 21452 I MediaCodec:   int32_t vendor.qti-ext-dec-thumbnail-mode.value = 1
02-23 13:16:57.755  2243 21452 I MediaCodec:   int32_t importance
02-23 13:16:57.756  2243  5475 D MediaCodec: [0xe2f42400] [c2.qti.avc.decoder] connectToSurface: surface 0xe55cf800, mSurface 0x0
02-23 13:16:57.756  2243  5475 D SurfaceUtils: connecting to surface 0xe55cf808, reason connectToSurface
02-23 13:16:57.756  2243  5475 D BufferQueueProducer: [FrameDecoder](id:8c3000002c3,api:3,p:2243,c:2243) connect: api=3 producerControlledByApp=false
02-23 13:16:57.756  2243  5475 D SurfaceUtils: disconnecting from surface 0xe55cf808, reason connectToSurface(reconnect)
02-23 13:16:57.756  2243  5475 D BufferQueueProducer: [FrameDecoder](id:8c3000002c3,api:3,p:2243,c:2243) disconnect: api 3
02-23 13:16:57.756  2243  5475 D SurfaceUtils: connecting to surface 0xe55cf800, reason connectToSurface(reconnect-with-listener)
02-23 13:16:57.756  2243  5475 D BufferQueueProducer: [FrameDecoder](id:8c3000002c3,api:3,p:2243,c:2243) connect: api=3 producerControlledByApp=false
02-23 13:16:57.748  1499  5487 I SDM     : RCParserIntfImpl::GenerateRCMask: RC mask generation in thread 5487...
02-23 13:16:57.756  7318  8179 I DeepThinkerSDK: [APP] UserDomainManager: PerformanceOfLongCharging{probabilityOfLocation=0.0, probabilityOfApps=0.0, probabilityOfTime=0.0, probabilityOfTotal=0.0, duration=0}
02-23 13:16:57.757  2243  5475 D MediaCodec: [0xe2f42400] setState: 3
02-23 13:16:57.758  2243  5475 I OplusCCodec: configEncoderFilter enter, mIsEncoder: 0
02-23 13:16:57.758  2243  5475 I OplusCCodec: consumeName is FrameDecoder
02-23 13:16:57.758  2243  5475 W AString : ctor got NULL, using empty string instead
02-23 13:16:57.758  7318  8185 E Battery : ChargeProtectionUtils: mCanlendarTmp.isEmpty()!
02-23 13:16:57.759  2243  5475 D AtlasEventUploadUtils: setEvent event:atlas_event_video_monitor_network_switch
02-23 13:16:57.760  5360  7029 D OplusAtlas.OplusAtlasEventDispatch: setEvent:atlas_event_video_monitor_network_switch info:START,2243,Key,3838514688,Component,c2.qti.avc.decoder,Width,1080,Height,1920,IsMediaPlayer,1
02-23 13:16:57.760  1470  3538 D audio_hw_primary: adev_get_parameters: enter: is_hw_dec_session_available
02-23 13:16:57.761  2541  3005 E [FP_HAL][FingerprintMessage]: [interruptProcessFpEvent], module:3, event:1
02-23 13:16:57.761  2541  3005 I [FP_HAL][FingerprintMessage]: [handleNetlinkMessage] handle msg->event: 1
02-23 13:16:57.761  2541  3005 I [FP_HAL][FingerprintMessage]: [handleIrqEvent] mIrqTrigger = 0
02-23 13:16:57.761  2541  3005 I [FP_HAL][FingerprintMessage]: [handleIrqEvent] irq_value = 1
02-23 13:16:57.761  2541  3005 E [FP_HAL][FingerprintMessage]: [handleNetlinkMessage] event accepted,last status:5 current event: 1
02-23 13:16:57.761  2541  3005 I [FP_HAL][CapacitiveManager]: [sendMessageToWorkThread]enter action.type = 2001
02-23 13:16:57.761  2541  3005 I [FP_HAL][CapacitiveManager]: [handleNetlinkMessage] msg = 2001
02-23 13:16:57.761  2541  3005 I [FP_HAL][FingerprintCommon]: [postIrq]start post irq, irq_event = 0
02-23 13:16:57.761  2541  3005 I [FP_HAL][FingerprintCommon]: [postIrq]sem value = 1
02-23 13:16:57.761  2541  3005 I [FP_HAL][CapacitiveManager]: [sendMessageToWorkThread]exit err = 0
02-23 13:16:57.762  2541  3005 E [FP_HAL][FingerprintMessage]: start wait event
02-23 13:16:57.763  1502  1502 E ANDR-PERF-MPCTL: Active req limit reached, No optimizations performed
02-23 13:16:57.763  1592  1867 D VFX_OvalEffect:  makeShader::tyep 9 vfxAnimProcess 0.706 StatusBar#104
02-23 13:16:57.763  1592  1867 D VFX_OvalEffect:  makeShader::tyep 9 vfxAnimProcess 0.706 NotificationShade#123885
02-23 13:16:57.763  1592  1867 D VFX_OvalEffect:  makeShader::tyep 9 vfxAnimProcess 0.706 OplusPrivacyIconTopRight#123902
02-23 13:16:57.764  1470  3538 D soundtrigger: audio_extn_sound_trigger_get_parameters input string<is_hw_dec_session_available=>
02-23 13:16:57.764  1470  3538 D audio_hw_extn: audio_extn_get_parameters: returns 
02-23 13:16:57.764  1470  3538 D audio_hw_primary: adev_get_parameters: exit: returns - 
02-23 13:16:57.766  1470  3539 E BinauralRecordAudioHw: adev_binaural_get_parameters: enter in nullptr
02-23 13:16:57.771  1502  1502 E ANDR-PERF-MPCTL: Active req limit reached, No optimizations performed
02-23 13:16:57.771  1592  1867 D VFX_OvalEffect:  makeShader::tyep 9 vfxAnimProcess 0.706 StatusBar#104
02-23 13:16:57.771  1592  1867 D VFX_OvalEffect:  makeShader::tyep 9 vfxAnimProcess 0.706 NotificationShade#123885
02-23 13:16:57.771  1592  1867 D VFX_OvalEffect:  makeShader::tyep 9 vfxAnimProcess 0.706 OplusPrivacyIconTopRight#123902
02-23 13:16:57.773  2541  2880 I [FP_HAL][FpCa]: ca time:47817667 cmd_len:160 extra_len:61440
02-23 13:16:57.773  2541  2880 I [talog] : [I][FP_TA][fp_module][fp_ta_route_cmd]ta module:1 cmd:2042 ca time:47817667 cmd_len:160 extra_len:61440 buffer_len:61600
02-23 13:16:57.773  2541  2880 I [talog] : [I][FP_TA][fp_module][fp_ta_route_cmd]find module:1<sensor>
02-23 13:16:57.773  2541  2880 I [talog] : [I][FP_TA][module_sensor][ta_sensor_handle_message]FP_CMD_SENSOR_SET_SENSOR_MODE
02-23 13:16:57.773  2541  2880 I [talog] : [I][FP_TA][module_sensor][ta_do_fp_set_sensor_mode]ta_do_fp_set_sensor_mode
02-23 13:16:57.773  2541  2880 I [talog] : [FP_VND]  [ANC_TA][VendorInterfaceCap][I]: fp enter : fp_set_sensor_mode
02-23 13:16:57.773  2541  2880 I [FP_HAL][FpCa]: outputTaLog take time 0 ms
02-23 13:16:57.773  2541  2880 I [FP_HAL][FpCa]: sendCommand take time 105 ms
02-23 13:16:57.773  2541  2880 I [FP_HAL][FingerprintCommon]: [waitIrq]start Wait irq
02-23 13:16:57.775  2243  5480 D CCodec  : [c2.qti.avc.decoder] buffers are bound to CCodec for this session
02-23 13:16:57.777  2243  5480 D ReflectedParamUpdater: vendor.oplus.vpp.white.list.value found, but param #1107330561 isn't present to update
02-23 13:16:57.777  1509 13688 E StandardCaps: max size must equal to/greater than output size
02-23 13:16:57.779  1592  1867 D VFX_OvalEffect:  makeShader::tyep 9 vfxAnimProcess 0.706 StatusBar#104
02-23 13:16:57.779  1502  1502 E ANDR-PERF-MPCTL: Active req limit reached, No optimizations performed
02-23 13:16:57.779  1592  1867 D VFX_OvalEffect:  makeShader::tyep 9 vfxAnimProcess 0.706 NotificationShade#123885
02-23 13:16:57.779  1592  1867 D VFX_OvalEffect:  makeShader::tyep 9 vfxAnimProcess 0.706 OplusPrivacyIconTopRight#123902
02-23 13:16:57.782  7453  7482 I MMKV    : <MMKV_IO.cpp:456::writeActualSize> [mmkv.default] increase sequence to 367183, crc 2897767642, actualSize 594
02-23 13:16:57.787  1502  1502 E ANDR-PERF-MPCTL: Active req limit reached, No optimizations performed
02-23 13:16:57.787  1592  1867 D VFX_OvalEffect:  makeShader::tyep 9 vfxAnimProcess 0.706 StatusBar#104
02-23 13:16:57.787  1592  1867 D VFX_OvalEffect:  makeShader::tyep 9 vfxAnimProcess 0.706 NotificationShade#123885
02-23 13:16:57.788  1592  1867 D VFX_OvalEffect:  makeShader::tyep 9 vfxAnimProcess 0.706 OplusPrivacyIconTopRight#123902
02-23 13:16:57.788  1509 13688 E QC2Interface: Failed to query parameters
02-23 13:16:57.789  2243  5480 W Codec2Client: query -- param skipped: index = 1107298332.
02-23 13:16:57.789  2243  5480 D CCodec  : client requested max input size 370564, which is smaller than what component recommended (3133440); overriding with component recommendation.
02-23 13:16:57.789  2243  5480 W CCodec  : This behavior is subject to change. It is recommended that app developers double check whether the requested max input size is in reasonable range.
02-23 13:16:57.789  2243  5480 D CCodec  : encoding statistics level = 0
02-23 13:16:57.789  2243  5480 D CCodec  : setup formats input: AMessage(what = 0x00000000) = {
02-23 13:16:57.789  2243  5480 D CCodec  :   int32_t feature-secure-playback = 0
02-23 13:16:57.789  2243  5480 D CCodec  :   int32_t frame-rate = 20
02-23 13:16:57.789  2243  5480 D CCodec  :   int32_t height = 1920
02-23 13:16:57.789  2243  5480 D CCodec  :   int32_t max-input-size = 3133440
02-23 13:16:57.789  2243  5480 D CCodec  :   string mime = "video/avc"
02-23 13:16:57.789  2243  5480 D CCodec  :   int32_t priority = 0
02-23 13:16:57.789  2243  5480 D CCodec  :   int32_t profile = 8
02-23 13:16:57.789  2243  5480 D CCodec  :   int32_t width = 1080
02-23 13:16:57.789  2243  5480 D CCodec  :   Rect crop(0, 0, 1079, 1919)
02-23 13:16:57.789  2243  5480 D CCodec  :   int32_t level = 2048
02-23 13:16:57.789  2243  5480 D CCodec  :   int32_t vendor.qti-ext-dec-thumbnail-mode.value = 1
02-23 13:16:57.789  2243  5480 D CCodec  : }
02-23 13:16:57.789  2243  5480 D CCodec  : setup formats output: AMessage(what = 0x00000000) = {
02-23 13:16:57.789  2243  5480 D CCodec  :   int32_t android._color-format = 0
02-23 13:16:57.789  2243  5480 D CCodec  :   int32_t android._video-scaling = 1
02-23 13:16:57.789  2243  5480 D CCodec  :   int32_t android._dataspace = 260
02-23 13:16:57.789  2243  5480 D CCodec  :   int32_t color-standard = 130817
02-23 13:16:57.789  2243  5480 D CCodec  :   int32_t color-range = 2
02-23 13:16:57.789  2243  5480 D CCodec  :   int32_t color-transfer = 65791
02-23 13:16:57.789  2243  5480 D CCodec  :   int32_t sar-height = 1
02-23 13:16:57.789  2243  5480 D CCodec  :   int32_t rotation-degrees = 270
02-23 13:16:57.789  2243  5480 D CCodec  :   Buffer hdr-static-info = {
02-23 13:16:57.789  2243  5480 D CCodec  :     00000000:  00 00 00 00 00 00 00 00  00 00 00 00 00 00 00 00  ................
02-23 13:16:57.789  2243  5480 D CCodec  :     00000010:  00 00 00 00 00 00 00 00  00                       .........
02-23 13:16:57.789  2243  5480 D CCodec  :   }
02-23 13:16:57.789  2243  5480 D CCodec  :   int32_t sar-width = 1
02-23 13:16:57.789  2243  5480 D CCodec  :   Rect crop(0, 0, 1079, 1919)
02-23 13:16:57.789  2243  5480 D CCodec  :   int32_t width = 1080
02-23 13:16:57.789  2243  5480 D CCodec  :   int32_t feature-secure-playback = 0
02-23 13:16:57.789  2243  5480 D CCodec  :   int32_t frame-rate = 20
02-23 13:16:57.789  2243  5480 D CCodec  :   int32_t height = 1920
02-23 13:16:57.789  2243  5480 D CCodec  :   int32_t max-height = 1079
02-23 13:16:57.789  2243  5480 D CCodec  :   int32_t max-width = 1920
02-23 13:16:57.789  2243  5480 D CCodec  :   string mime = "video/raw"
02-23 13:16:57.789  2243  5480 D CCodec  :   int32_t priority = 0
02-23 13:16:57.789  2243  5480 D CCodec  :   int32_t color-format = 2130708361
02-23 13:16:57.789  2243  5480 D CCodec  : }
02-23 13:16:57.789  1509 13688 E QC2Interface: Failed to query parameters
02-23 13:16:57.790  2243  5480 I CCodecConfig: query failed after returning 18 values (BAD_INDEX)
02-23 13:16:57.791  2243  5475 D MediaCodec: [0xe2f42400] setState: 4
02-23 13:16:57.791  2243  5475 D MediaCodec: [0xe2f42400] setState: 5
02-23 13:16:57.792  5360  7032 D OplusAtlasVideo: Update top activity name: .MainActivity
02-23 13:16:57.792  5360  7032 D OplusAtlasVideo: callback success event:atlas_event_video_monitor_network_switch eventInfo:START,2243,Key,3838514688,Component,c2.qti.avc.decoder,Width,1080,Height,1920,IsMediaPlayer,1
02-23 13:16:57.794  1509  5485 I QC2Registry: Build pipelined codec for session
02-23 13:16:57.794  1509  5485 I QC2Registry: Getting stages for pipelined codec
02-23 13:16:57.794  1509  5485 I QC2Registry: Pipelining not enabled
02-23 13:16:57.794  1509  5485 I QC2Registry: Doesn't support pipelining. Create standalone codec
02-23 13:16:57.795  1509  5485 I QC2V4l2Driver: [avcD_3894] Device /dev/video32 opened with fd: 7
02-23 13:16:57.795  1502  1502 E ANDR-PERF-MPCTL: Active req limit reached, No optimizations performed
02-23 13:16:57.783  2028  2680 W Looper  : Slow dispatch took 142ms android.ui h=android.os.Handler c=android.hardware.display.DisplayManagerGlobal$DisplayListenerDelegate$$ExternalSyntheticLambda0@b5aa89c m=0
02-23 13:16:57.796  2028  2680 W Looper  : Slow delivery took 240ms android.ui h=android.os.Handler c=android.hardware.display.DisplayManagerGlobal$DisplayListenerDelegate$$ExternalSyntheticLambda0@9a182a5 m=0
02-23 13:16:57.796  1592  1867 D VFX_OvalEffect:  makeShader::tyep 9 vfxAnimProcess 0.706 StatusBar#104
02-23 13:16:57.796  1592  1867 D VFX_OvalEffect:  makeShader::tyep 9 vfxAnimProcess 0.706 NotificationShade#123885
02-23 13:16:57.796  1592  1867 D VFX_OvalEffect:  makeShader::tyep 9 vfxAnimProcess 0.706 OplusPrivacyIconTopRight#123902
02-23 13:16:57.796  1499  5487 I SDM     : RCParserIntfImpl::PrepareRcMaskImage: RC mask max empty y span starts at y = 200 and ends at y = 2199.
02-23 13:16:57.797  1579  8135 D AudioPolicyService: updateUidStates_l() current->uid=10485 current->pid=31094 allowCapture=1 UidState=4 apmStat=1
02-23 13:16:57.797  2028  2028 E JobScheduler.JobStatus: Unsupported constraint (1024) --stop reason mapping
02-23 13:16:57.797  1579  8135 D AudioPolicyService: updateUidStates_l() current->uid=10485 current->pid=31094 allowCapture=1 UidState=4 apmStat=1
02-23 13:16:57.800  1509  5485 E QC2V4l2Caps: unsupported c2 format: VENUS_NV12_UBWC for v4l2 format 0x38323151
02-23 13:16:57.800  1509  5485 E QC2V4l2Caps: unsupported c2 format: VENUS_TP10 for v4l2 format 0x41323151
02-23 13:16:57.800  1509  5485 E QC2Interface: Failed to query parameters
02-23 13:16:57.801  1509  5485 I QC2Comp : [avcD_3894] c2d rotation is not configured
02-23 13:16:57.801  1509  5485 E QC2Interface: Failed to query parameters
02-23 13:16:57.801  1509  5485 I QC2Comp : [avcD_3894] FastCV mirror is not configured
02-23 13:16:57.802  1509  5485 W QC2V4l2Codec: [avcD_3894] unknown/unsupported param default.color index = 0x5200180B
02-23 13:16:57.802  1592  1592 D OplusLayerSnapshotBuilder: setVFXAnimation, snapshot Type[0x9], Progress[0.867496], Center[0.000000x0.000000], StartRadius[0.000000], EndRadius[0.000000]
02-23 13:16:57.802  1509  5485 W QC2V4l2Codec: [avcD_3894] unknown/unsupported param input.buffers.max-size index = 0xC200081E
02-23 13:16:57.802  1509  5485 E QC2V4l2Codec: [avcD_3894]  ? is not a supported pixel format!
02-23 13:16:57.803   644   644 E lowmemorykiller: device memory 489230 free 74321 file 416673
02-23 13:16:57.803  1509  5485 I QC2Buf  : use shared ref tracker
02-23 13:16:57.803  1592  1592 I DispPerfService: updateLayerMask 8
02-23 13:16:57.803  1509  5485 I QC2Buf  : Reconfig: clearing from 0 bufs. Peak mem=0 MB
02-23 13:16:57.803  1509  5485 I QC2Buf  : Reconfig: clearing from 0 bufs. Peak mem=0 MB
02-23 13:16:57.805  1502  1502 E ANDR-PERF-MPCTL: Active req limit reached, No optimizations performed
02-23 13:16:57.805  1592  1867 D VFX_OvalEffect:  makeShader::tyep 9 vfxAnimProcess 0.867 Wallpaper BBQ wrapper#99
02-23 13:16:57.805  1592  1867 D VFX_OvalEffect:  makeShader::tyep 9 vfxAnimProcess 0.867 StatusBar#104
02-23 13:16:57.805  1592  1867 D VFX_OvalEffect:  makeShader::tyep 9 vfxAnimProcess 0.867 NotificationShade#123885
02-23 13:16:57.805  1592  1867 D VFX_OvalEffect:  makeShader::tyep 9 vfxAnimProcess 0.867 OplusPrivacyIconTopRight#123902
02-23 13:16:57.809  1509 13688 E QC2Interface: Failed to query parameters
02-23 13:16:57.810  2243  5480 W Codec2Client: query -- param skipped: index = 1342179345.
02-23 13:16:57.810  2243  5480 W Codec2Client: query -- param skipped: index = 2415921170.
02-23 13:16:57.810  2243  5480 W Codec2Client: query -- param skipped: index = 1610614798.
02-23 13:16:57.813  1502  1502 E ANDR-PERF-MPCTL: Active req limit reached, No optimizations performed
02-23 13:16:57.813  1592  1867 D VFX_OvalEffect:  makeShader::tyep 9 vfxAnimProcess 0.867 Wallpaper BBQ wrapper#99
02-23 13:16:57.814  1592  1867 D VFX_OvalEffect:  makeShader::tyep 9 vfxAnimProcess 0.867 StatusBar#104
02-23 13:16:57.814  2243  5482 E MULTIMEDIAConfig: [getInt32:L93] Not find config, Returning default
02-23 13:16:57.814  2243  5482 D MediaCodec: CreateByType: mime audio/vorbis, encoder 0, pid 3826
02-23 13:16:57.814  1592  1867 D VFX_OvalEffect:  makeShader::tyep 9 vfxAnimProcess 0.867 NotificationShade#123885
02-23 13:16:57.814  1592  1867 D VFX_OvalEffect:  makeShader::tyep 9 vfxAnimProcess 0.867 OplusPrivacyIconTopRight#123902
02-23 13:16:57.814  2243  5482 W libc    : Access denied finding property "vendor.debug.stagefright.mediacodec.trace"
02-23 13:16:57.815  2243  5482 W libc    : Access denied finding property "vendor.debug.stagefright.BufferCount"
02-23 13:16:57.815  2243  5482 W libc    : Access denied finding property "vendor.debug.stagefright.BufferCount"
02-23 13:16:57.815  9129  9129 D BoundBrokerSvc: onRebind: Intent { act=com.google.android.gms.findmydevice.spot.service.locationreport.START dat=chimera-action:/... cmp=com.google.android.gms/.chimera.PersistentApiService mCallingUid=10108 }
02-23 13:16:57.816  2243  5482 W libc    : Access denied finding property "vendor.oplus.media.vpp.stutter"
02-23 13:16:57.816  9129 32457 I NearbyDiscovery: (REDACTED) [trigger-id=PlcoBF31AE0E, feature-id=Sass] FastPair: AudioEventListener find active playback with other usage %d
02-23 13:16:57.818  1592  1592 D OplusLayerSnapshotBuilder: setVFXAnimation, snapshot Type[0x9], Progress[0.889062], Center[0.000000x0.000000], StartRadius[0.000000], EndRadius[0.000000]
